[2026-05-06 21:01:57,011] INFO [Controller id=0] Processing automatic preferred replica leader election (kafka.controller.KafkaController)
[2026-05-06 21:01:57,021] TRACE [Controller id=0] Checking need to trigger auto leader balancing (kafka.controller.KafkaController)
[2026-05-06 21:01:57,029] DEBUG [Controller id=0] Topics not in preferred replica for broker 0 HashMap() (kafka.controller.KafkaController)
[2026-05-06 21:01:57,029] TRACE [Controller id=0] Leader imbalance ratio for broker 0 is 0.0 (kafka.controller.KafkaController)
[2026-05-06 21:06:57,027] INFO [Controller id=0] Processing automatic preferred replica leader election (kafka.controller.KafkaController)
[2026-05-06 21:06:57,030] TRACE [Controller id=0] Checking need to trigger auto leader balancing (kafka.controller.KafkaController)
[2026-05-06 21:06:57,041] DEBUG [Controller id=0] Topics not in preferred replica for broker 0 HashMap() (kafka.controller.KafkaController)
[2026-05-06 21:06:57,041] TRACE [Controller id=0] Leader imbalance ratio for broker 0 is 0.0 (kafka.controller.KafkaController)
[2026-05-06 21:11:57,064] INFO [Controller id=0] Processing automatic preferred replica leader election (kafka.controller.KafkaController)
[2026-05-06 21:11:57,068] TRACE [Controller id=0] Checking need to trigger auto leader balancing (kafka.controller.KafkaController)
[2026-05-06 21:11:57,072] DEBUG [Controller id=0] Topics not in preferred replica for broker 0 HashMap() (kafka.controller.KafkaController)
[2026-05-06 21:11:57,072] TRACE [Controller id=0] Leader imbalance ratio for broker 0 is 0.0 (kafka.controller.KafkaController)
[2026-05-06 21:16:57,073] INFO [Controller id=0] Processing automatic preferred replica leader election (kafka.controller.KafkaController)
[2026-05-06 21:16:57,075] TRACE [Controller id=0] Checking need to trigger auto leader balancing (kafka.controller.KafkaController)
[2026-05-06 21:16:57,079] DEBUG [Controller id=0] Topics not in preferred replica for broker 0 HashMap() (kafka.controller.KafkaController)
[2026-05-06 21:16:57,080] TRACE [Controller id=0] Leader imbalance ratio for broker 0 is 0.0 (kafka.controller.KafkaController)
[2026-05-06 21:21:57,082] INFO [Controller id=0] Processing automatic preferred replica leader election (kafka.controller.KafkaController)
[2026-05-06 21:21:57,087] TRACE [Controller id=0] Checking need to trigger auto leader balancing (kafka.controller.KafkaController)
[2026-05-06 21:21:57,097] DEBUG [Controller id=0] Topics not in preferred replica for broker 0 HashMap() (kafka.controller.KafkaController)
[2026-05-06 21:21:57,098] TRACE [Controller id=0] Leader imbalance ratio for broker 0 is 0.0 (kafka.controller.KafkaController)
[2026-05-06 21:26:57,111] INFO [Controller id=0] Processing automatic preferred replica leader election (kafka.controller.KafkaController)
[2026-05-06 21:26:57,112] TRACE [Controller id=0] Checking need to trigger auto leader balancing (kafka.controller.KafkaController)
[2026-05-06 21:26:57,117] DEBUG [Controller id=0] Topics not in preferred replica for broker 0 HashMap() (kafka.controller.KafkaController)
[2026-05-06 21:26:57,118] TRACE [Controller id=0] Leader imbalance ratio for broker 0 is 0.0 (kafka.controller.KafkaController)
[2026-05-06 21:31:57,119] INFO [Controller id=0] Processing automatic preferred replica leader election (kafka.controller.KafkaController)
[2026-05-06 21:31:57,125] TRACE [Controller id=0] Checking need to trigger auto leader balancing (kafka.controller.KafkaController)
[2026-05-06 21:31:57,130] DEBUG [Controller id=0] Topics not in preferred replica for broker 0 HashMap() (kafka.controller.KafkaController)
[2026-05-06 21:31:57,130] TRACE [Controller id=0] Leader imbalance ratio for broker 0 is 0.0 (kafka.controller.KafkaController)
[2026-05-06 21:36:57,136] INFO [Controller id=0] Processing automatic preferred replica leader election (kafka.controller.KafkaController)
[2026-05-06 21:36:57,138] TRACE [Controller id=0] Checking need to trigger auto leader balancing (kafka.controller.KafkaController)
[2026-05-06 21:36:57,148] DEBUG [Controller id=0] Topics not in preferred replica for broker 0 HashMap() (kafka.controller.KafkaController)
[2026-05-06 21:36:57,149] TRACE [Controller id=0] Leader imbalance ratio for broker 0 is 0.0 (kafka.controller.KafkaController)
[2026-05-06 21:41:57,154] INFO [Controller id=0] Processing automatic preferred replica leader election (kafka.controller.KafkaController)
[2026-05-06 21:41:57,160] TRACE [Controller id=0] Checking need to trigger auto leader balancing (kafka.controller.KafkaController)
[2026-05-06 21:41:57,170] DEBUG [Controller id=0] Topics not in preferred replica for broker 0 HashMap() (kafka.controller.KafkaController)
[2026-05-06 21:41:57,171] TRACE [Controller id=0] Leader imbalance ratio for broker 0 is 0.0 (kafka.controller.KafkaController)
[2026-05-06 21:43:07,588] INFO [Controller id=0] Shutting down broker 0 (kafka.controller.KafkaController)
[2026-05-06 21:43:07,591] DEBUG [Controller id=0] All shutting down brokers: 0 (kafka.controller.KafkaController)
[2026-05-06 21:43:07,593] DEBUG [Controller id=0] Live brokers:  (kafka.controller.KafkaController)
[2026-05-06 21:43:07,608] TRACE [Controller id=0] All leaders = transaction-notification-0 -> (Leader:0,ISR:0,LeaderRecoveryState:RECOVERED,LeaderEpoch:0,ZkVersion:0,ControllerEpoch:1),valid-transactions-0 -> (Leader:0,ISR:0,LeaderRecoveryState:RECOVERED,LeaderEpoch:0,ZkVersion:0,ControllerEpoch:1),notification-0 -> (Leader:0,ISR:0,LeaderRecoveryState:RECOVERED,LeaderEpoch:0,ZkVersion:0,ControllerEpoch:1),rollback-transactions-0 -> (Leader:0,ISR:0,LeaderRecoveryState:RECOVERED,LeaderEpoch:0,ZkVersion:0,ControllerEpoch:1),fraud-alerts-0 -> (Leader:0,ISR:0,LeaderRecoveryState:RECOVERED,LeaderEpoch:0,ZkVersion:0,ControllerEpoch:1) (kafka.controller.KafkaController)
[2026-05-06 21:43:07,890] INFO [ControllerEventThread controllerId=0] Shutting down (kafka.controller.ControllerEventManager$ControllerEventThread)
[2026-05-06 21:43:07,890] INFO [ControllerEventThread controllerId=0] Stopped (kafka.controller.ControllerEventManager$ControllerEventThread)
[2026-05-06 21:43:07,890] INFO [ControllerEventThread controllerId=0] Shutdown completed (kafka.controller.ControllerEventManager$ControllerEventThread)
[2026-05-06 21:43:07,891] DEBUG [Controller id=0] Resigning (kafka.controller.KafkaController)
[2026-05-06 21:43:07,892] DEBUG [Controller id=0] Unregister BrokerModifications handler for Set(0) (kafka.controller.KafkaController)
[2026-05-06 21:43:07,893] INFO [PartitionStateMachine controllerId=0] Stopped partition state machine (kafka.controller.ZkPartitionStateMachine)
[2026-05-06 21:43:07,894] INFO [ReplicaStateMachine controllerId=0] Stopped replica state machine (kafka.controller.ZkReplicaStateMachine)
[2026-05-06 21:43:07,895] INFO [RequestSendThread controllerId=0] Shutting down (kafka.controller.RequestSendThread)
[2026-05-06 21:43:07,896] INFO [RequestSendThread controllerId=0] Stopped (kafka.controller.RequestSendThread)
[2026-05-06 21:43:07,896] INFO [RequestSendThread controllerId=0] Shutdown completed (kafka.controller.RequestSendThread)
[2026-05-06 21:43:07,898] INFO [Controller id=0] Resigned (kafka.controller.KafkaController)
