[2025-05-07T20:48:03.255+0530][gc] Using G1
[2025-05-07T20:48:03.257+0530][gc,init] Version: 17.0.10+7-LTS (release)
[2025-05-07T20:48:03.257+0530][gc,init] CPUs: 8 total, 8 available
[2025-05-07T20:48:03.257+0530][gc,init] Memory: 8192M
[2025-05-07T20:48:03.257+0530][gc,init] Large Page Support: Disabled
[2025-05-07T20:48:03.257+0530][gc,init] NUMA Support: Disabled
[2025-05-07T20:48:03.257+0530][gc,init] Compressed Oops: Enabled (Zero based)
[2025-05-07T20:48:03.257+0530][gc,init] Heap Region Size: 1M
[2025-05-07T20:48:03.257+0530][gc,init] Heap Min Capacity: 1G
[2025-05-07T20:48:03.257+0530][gc,init] Heap Initial Capacity: 1G
[2025-05-07T20:48:03.257+0530][gc,init] Heap Max Capacity: 1G
[2025-05-07T20:48:03.257+0530][gc,init] Pre-touch: Disabled
[2025-05-07T20:48:03.257+0530][gc,init] Parallel Workers: 8
[2025-05-07T20:48:03.257+0530][gc,init] Concurrent Workers: 2
[2025-05-07T20:48:03.257+0530][gc,init] Concurrent Refinement Workers: 8
[2025-05-07T20:48:03.257+0530][gc,init] Periodic GC: Disabled
[2025-05-07T20:48:03.262+0530][gc,metaspace] CDS archive(s) mapped at: [0x000000e800000000-0x000000e800bc0000-0x000000e800bc0000), size 12320768, SharedBaseAddress: 0x000000e800000000, ArchiveRelocationMode: 1.
[2025-05-07T20:48:03.262+0530][gc,metaspace] Compressed class space mapped at: 0x000000e801000000-0x000000e841000000, reserved size: 1073741824
[2025-05-07T20:48:03.262+0530][gc,metaspace] Narrow klass base: 0x000000e800000000, Narrow klass shift: 0, Narrow klass range: 0x100000000
[2025-05-07T20:48:09.110+0530][gc,start    ] GC(0) Pause Young (Normal) (G1 Evacuation Pause)
[2025-05-07T20:48:09.111+0530][gc,task     ] GC(0) Using 8 workers of 8 for evacuation
[2025-05-07T20:48:09.114+0530][gc,phases   ] GC(0)   Pre Evacuate Collection Set: 0.1ms
[2025-05-07T20:48:09.114+0530][gc,phases   ] GC(0)   Merge Heap Roots: 0.0ms
[2025-05-07T20:48:09.114+0530][gc,phases   ] GC(0)   Evacuate Collection Set: 2.4ms
[2025-05-07T20:48:09.114+0530][gc,phases   ] GC(0)   Post Evacuate Collection Set: 0.3ms
[2025-05-07T20:48:09.114+0530][gc,phases   ] GC(0)   Other: 0.3ms
[2025-05-07T20:48:09.114+0530][gc,heap     ] GC(0) Eden regions: 51->0(44)
[2025-05-07T20:48:09.114+0530][gc,heap     ] GC(0) Survivor regions: 0->7(7)
[2025-05-07T20:48:09.114+0530][gc,heap     ] GC(0) Old regions: 0->1
[2025-05-07T20:48:09.114+0530][gc,heap     ] GC(0) Archive regions: 2->2
[2025-05-07T20:48:09.114+0530][gc,heap     ] GC(0) Humongous regions: 0->0
[2025-05-07T20:48:09.114+0530][gc,metaspace] GC(0) Metaspace: 17810K(17920K)->17810K(17920K) NonClass: 15681K(15744K)->15681K(15744K) Class: 2128K(2176K)->2128K(2176K)
[2025-05-07T20:48:09.114+0530][gc          ] GC(0) Pause Young (Normal) (G1 Evacuation Pause) 51M->8M(1024M) 3.279ms
[2025-05-07T20:48:09.114+0530][gc,cpu      ] GC(0) User=0.01s Sys=0.00s Real=0.00s
[2025-05-07T20:48:09.312+0530][gc,start    ] GC(1) Pause Young (Concurrent Start) (Metadata GC Threshold)
[2025-05-07T20:48:09.312+0530][gc,task     ] GC(1) Using 8 workers of 8 for evacuation
[2025-05-07T20:48:09.316+0530][gc,phases   ] GC(1)   Pre Evacuate Collection Set: 0.2ms
[2025-05-07T20:48:09.316+0530][gc,phases   ] GC(1)   Merge Heap Roots: 0.0ms
[2025-05-07T20:48:09.316+0530][gc,phases   ] GC(1)   Evacuate Collection Set: 2.9ms
[2025-05-07T20:48:09.316+0530][gc,phases   ] GC(1)   Post Evacuate Collection Set: 0.3ms
[2025-05-07T20:48:09.316+0530][gc,phases   ] GC(1)   Other: 0.1ms
[2025-05-07T20:48:09.316+0530][gc,heap     ] GC(1) Eden regions: 15->0(48)
[2025-05-07T20:48:09.316+0530][gc,heap     ] GC(1) Survivor regions: 7->3(7)
[2025-05-07T20:48:09.316+0530][gc,heap     ] GC(1) Old regions: 1->8
[2025-05-07T20:48:09.316+0530][gc,heap     ] GC(1) Archive regions: 2->2
[2025-05-07T20:48:09.316+0530][gc,heap     ] GC(1) Humongous regions: 129->129
[2025-05-07T20:48:09.316+0530][gc,metaspace] GC(1) Metaspace: 21325K(21504K)->21325K(21504K) NonClass: 18741K(18816K)->18741K(18816K) Class: 2583K(2688K)->2583K(2688K)
[2025-05-07T20:48:09.316+0530][gc          ] GC(1) Pause Young (Concurrent Start) (Metadata GC Threshold) 152M->140M(1024M) 3.692ms
[2025-05-07T20:48:09.316+0530][gc,cpu      ] GC(1) User=0.01s Sys=0.00s Real=0.00s
[2025-05-07T20:48:09.316+0530][gc          ] GC(2) Concurrent Mark Cycle
[2025-05-07T20:48:09.316+0530][gc,marking  ] GC(2) Concurrent Clear Claimed Marks
[2025-05-07T20:48:09.316+0530][gc,marking  ] GC(2) Concurrent Clear Claimed Marks 0.017ms
[2025-05-07T20:48:09.316+0530][gc,marking  ] GC(2) Concurrent Scan Root Regions
[2025-05-07T20:48:09.319+0530][gc,marking  ] GC(2) Concurrent Scan Root Regions 2.984ms
[2025-05-07T20:48:09.319+0530][gc,marking  ] GC(2) Concurrent Mark
[2025-05-07T20:48:09.319+0530][gc,marking  ] GC(2) Concurrent Mark From Roots
[2025-05-07T20:48:09.319+0530][gc,task     ] GC(2) Using 2 workers of 2 for marking
[2025-05-07T20:48:09.321+0530][gc,marking  ] GC(2) Concurrent Mark From Roots 1.811ms
[2025-05-07T20:48:09.321+0530][gc,marking  ] GC(2) Concurrent Preclean
[2025-05-07T20:48:09.321+0530][gc,marking  ] GC(2) Concurrent Preclean 0.045ms
[2025-05-07T20:48:09.321+0530][gc,start    ] GC(2) Pause Remark
[2025-05-07T20:48:09.323+0530][gc          ] GC(2) Pause Remark 141M->141M(1024M) 1.446ms
[2025-05-07T20:48:09.323+0530][gc,cpu      ] GC(2) User=0.00s Sys=0.00s Real=0.00s
[2025-05-07T20:48:09.323+0530][gc,marking  ] GC(2) Concurrent Mark 3.888ms
[2025-05-07T20:48:09.323+0530][gc,marking  ] GC(2) Concurrent Rebuild Remembered Sets
[2025-05-07T20:48:09.323+0530][gc,marking  ] GC(2) Concurrent Rebuild Remembered Sets 0.006ms
[2025-05-07T20:48:09.323+0530][gc,start    ] GC(2) Pause Cleanup
[2025-05-07T20:48:09.323+0530][gc          ] GC(2) Pause Cleanup 141M->141M(1024M) 0.009ms
[2025-05-07T20:48:09.323+0530][gc,cpu      ] GC(2) User=0.00s Sys=0.00s Real=0.00s
[2025-05-07T20:48:09.323+0530][gc,marking  ] GC(2) Concurrent Cleanup for Next Mark
[2025-05-07T20:48:09.326+0530][gc,marking  ] GC(2) Concurrent Cleanup for Next Mark 2.582ms
[2025-05-07T20:48:09.326+0530][gc          ] GC(2) Concurrent Mark Cycle 10.140ms
[2025-05-07T20:48:09.716+0530][gc,start    ] GC(3) Pause Young (Normal) (G1 Evacuation Pause)
[2025-05-07T20:48:09.716+0530][gc,task     ] GC(3) Using 8 workers of 8 for evacuation
[2025-05-07T20:48:09.719+0530][gc,phases   ] GC(3)   Pre Evacuate Collection Set: 0.1ms
[2025-05-07T20:48:09.719+0530][gc,phases   ] GC(3)   Merge Heap Roots: 0.0ms
[2025-05-07T20:48:09.719+0530][gc,phases   ] GC(3)   Evacuate Collection Set: 2.3ms
[2025-05-07T20:48:09.719+0530][gc,phases   ] GC(3)   Post Evacuate Collection Set: 0.2ms
[2025-05-07T20:48:09.719+0530][gc,phases   ] GC(3)   Other: 0.1ms
[2025-05-07T20:48:09.719+0530][gc,heap     ] GC(3) Eden regions: 48->0(44)
[2025-05-07T20:48:09.719+0530][gc,heap     ] GC(3) Survivor regions: 3->7(7)
[2025-05-07T20:48:09.719+0530][gc,heap     ] GC(3) Old regions: 8->8
[2025-05-07T20:48:09.719+0530][gc,heap     ] GC(3) Archive regions: 2->2
[2025-05-07T20:48:09.719+0530][gc,heap     ] GC(3) Humongous regions: 129->129
[2025-05-07T20:48:09.719+0530][gc,metaspace] GC(3) Metaspace: 32360K(32640K)->32360K(32640K) NonClass: 28774K(28928K)->28774K(28928K) Class: 3586K(3712K)->3586K(3712K)
[2025-05-07T20:48:09.719+0530][gc          ] GC(3) Pause Young (Normal) (G1 Evacuation Pause) 188M->144M(1024M) 2.854ms
[2025-05-07T20:48:09.719+0530][gc,cpu      ] GC(3) User=0.02s Sys=0.00s Real=0.00s
[2025-05-07T20:50:40.346+0530][gc,start    ] GC(4) Pause Young (Concurrent Start) (Metadata GC Threshold)
[2025-05-07T20:50:40.355+0530][gc,task     ] GC(4) Using 8 workers of 8 for evacuation
[2025-05-07T20:50:40.403+0530][gc,mmu      ] GC(4) MMU target violated: 21.0ms (20.0ms/21.0ms)
[2025-05-07T20:50:40.403+0530][gc,phases   ] GC(4)   Pre Evacuate Collection Set: 16.6ms
[2025-05-07T20:50:40.403+0530][gc,phases   ] GC(4)   Merge Heap Roots: 0.8ms
[2025-05-07T20:50:40.403+0530][gc,phases   ] GC(4)   Evacuate Collection Set: 11.5ms
[2025-05-07T20:50:40.403+0530][gc,phases   ] GC(4)   Post Evacuate Collection Set: 1.6ms
[2025-05-07T20:50:40.403+0530][gc,phases   ] GC(4)   Other: 41.5ms
[2025-05-07T20:50:40.403+0530][gc,heap     ] GC(4) Eden regions: 21->0(49)
[2025-05-07T20:50:40.403+0530][gc,heap     ] GC(4) Survivor regions: 7->2(7)
[2025-05-07T20:50:40.403+0530][gc,heap     ] GC(4) Old regions: 8->14
[2025-05-07T20:50:40.403+0530][gc,heap     ] GC(4) Archive regions: 2->2
[2025-05-07T20:50:40.403+0530][gc,heap     ] GC(4) Humongous regions: 129->129
[2025-05-07T20:50:40.403+0530][gc,metaspace] GC(4) Metaspace: 36036K(36288K)->36036K(36288K) NonClass: 31885K(32000K)->31885K(32000K) Class: 4151K(4288K)->4151K(4288K)
[2025-05-07T20:50:40.403+0530][gc          ] GC(4) Pause Young (Concurrent Start) (Metadata GC Threshold) 164M->144M(1024M) 71.164ms
[2025-05-07T20:50:40.403+0530][gc,cpu      ] GC(4) User=0.03s Sys=0.02s Real=0.07s
[2025-05-07T20:50:40.403+0530][gc          ] GC(5) Concurrent Mark Cycle
[2025-05-07T20:50:40.403+0530][gc,marking  ] GC(5) Concurrent Clear Claimed Marks
[2025-05-07T20:50:40.403+0530][gc,marking  ] GC(5) Concurrent Clear Claimed Marks 0.020ms
[2025-05-07T20:50:40.403+0530][gc,marking  ] GC(5) Concurrent Scan Root Regions
[2025-05-07T20:50:40.407+0530][gc,marking  ] GC(5) Concurrent Scan Root Regions 3.477ms
[2025-05-07T20:50:40.407+0530][gc,marking  ] GC(5) Concurrent Mark
[2025-05-07T20:50:40.407+0530][gc,marking  ] GC(5) Concurrent Mark From Roots
[2025-05-07T20:50:40.407+0530][gc,task     ] GC(5) Using 2 workers of 2 for marking
[2025-05-07T20:50:40.415+0530][gc,marking  ] GC(5) Concurrent Mark From Roots 8.885ms
[2025-05-07T20:50:40.416+0530][gc,marking  ] GC(5) Concurrent Preclean
[2025-05-07T20:50:40.416+0530][gc,marking  ] GC(5) Concurrent Preclean 0.189ms
[2025-05-07T20:50:40.416+0530][gc,start    ] GC(5) Pause Remark
[2025-05-07T20:50:40.420+0530][gc          ] GC(5) Pause Remark 145M->145M(1024M) 3.497ms
[2025-05-07T20:50:40.420+0530][gc,cpu      ] GC(5) User=0.01s Sys=0.00s Real=0.01s
[2025-05-07T20:50:40.421+0530][gc,marking  ] GC(5) Concurrent Mark 13.935ms
[2025-05-07T20:50:40.421+0530][gc,marking  ] GC(5) Concurrent Rebuild Remembered Sets
[2025-05-07T20:50:40.427+0530][gc,marking  ] GC(5) Concurrent Rebuild Remembered Sets 6.156ms
[2025-05-07T20:50:40.427+0530][gc,start    ] GC(5) Pause Cleanup
[2025-05-07T20:50:40.427+0530][gc          ] GC(5) Pause Cleanup 145M->145M(1024M) 0.102ms
[2025-05-07T20:50:40.427+0530][gc,cpu      ] GC(5) User=0.00s Sys=0.00s Real=0.00s
[2025-05-07T20:50:40.427+0530][gc,marking  ] GC(5) Concurrent Cleanup for Next Mark
[2025-05-07T20:50:40.429+0530][gc,marking  ] GC(5) Concurrent Cleanup for Next Mark 1.879ms
[2025-05-07T20:50:40.429+0530][gc          ] GC(5) Concurrent Mark Cycle 25.801ms
[2025-05-07T20:50:40.606+0530][gc,heap,exit] Heap
[2025-05-07T20:50:40.606+0530][gc,heap,exit]  garbage-first heap   total 1048576K, used 157185K [0x00000007c0000000, 0x0000000800000000)
[2025-05-07T20:50:40.606+0530][gc,heap,exit]   region size 1024K, 11 young (11264K), 2 survivors (2048K)
[2025-05-07T20:50:40.606+0530][gc,heap,exit]  Metaspace       used 36744K, committed 37056K, reserved 1114112K
[2025-05-07T20:50:40.606+0530][gc,heap,exit]   class space    used 4268K, committed 4416K, reserved 1048576K
