[2026-03-19T00:09:07.137+0530][gc] Using G1
[2026-03-19T00:09:07.139+0530][gc,init] Version: 17.0.10+7-LTS (release)
[2026-03-19T00:09:07.139+0530][gc,init] CPUs: 8 total, 8 available
[2026-03-19T00:09:07.139+0530][gc,init] Memory: 8192M
[2026-03-19T00:09:07.139+0530][gc,init] Large Page Support: Disabled
[2026-03-19T00:09:07.139+0530][gc,init] NUMA Support: Disabled
[2026-03-19T00:09:07.139+0530][gc,init] Compressed Oops: Enabled (Zero based)
[2026-03-19T00:09:07.139+0530][gc,init] Heap Region Size: 1M
[2026-03-19T00:09:07.139+0530][gc,init] Heap Min Capacity: 1G
[2026-03-19T00:09:07.139+0530][gc,init] Heap Initial Capacity: 1G
[2026-03-19T00:09:07.139+0530][gc,init] Heap Max Capacity: 1G
[2026-03-19T00:09:07.139+0530][gc,init] Pre-touch: Disabled
[2026-03-19T00:09:07.139+0530][gc,init] Parallel Workers: 8
[2026-03-19T00:09:07.139+0530][gc,init] Concurrent Workers: 2
[2026-03-19T00:09:07.139+0530][gc,init] Concurrent Refinement Workers: 8
[2026-03-19T00:09:07.139+0530][gc,init] Periodic GC: Disabled
[2026-03-19T00:09:07.144+0530][gc,metaspace] CDS archive(s) mapped at: [0x000000e000000000-0x000000e000bc0000-0x000000e000bc0000), size 12320768, SharedBaseAddress: 0x000000e000000000, ArchiveRelocationMode: 1.
[2026-03-19T00:09:07.144+0530][gc,metaspace] Compressed class space mapped at: 0x000000e001000000-0x000000e041000000, reserved size: 1073741824
[2026-03-19T00:09:07.144+0530][gc,metaspace] Narrow klass base: 0x000000e000000000, Narrow klass shift: 0, Narrow klass range: 0x100000000
[2026-03-19T00:09:13.048+0530][gc,start    ] GC(0) Pause Young (Normal) (G1 Evacuation Pause)
[2026-03-19T00:09:13.048+0530][gc,task     ] GC(0) Using 8 workers of 8 for evacuation
[2026-03-19T00:09:13.052+0530][gc,phases   ] GC(0)   Pre Evacuate Collection Set: 0.2ms
[2026-03-19T00:09:13.052+0530][gc,phases   ] GC(0)   Merge Heap Roots: 0.1ms
[2026-03-19T00:09:13.052+0530][gc,phases   ] GC(0)   Evacuate Collection Set: 3.3ms
[2026-03-19T00:09:13.052+0530][gc,phases   ] GC(0)   Post Evacuate Collection Set: 0.2ms
[2026-03-19T00:09:13.052+0530][gc,phases   ] GC(0)   Other: 0.3ms
[2026-03-19T00:09:13.052+0530][gc,heap     ] GC(0) Eden regions: 51->0(44)
[2026-03-19T00:09:13.052+0530][gc,heap     ] GC(0) Survivor regions: 0->7(7)
[2026-03-19T00:09:13.052+0530][gc,heap     ] GC(0) Old regions: 0->1
[2026-03-19T00:09:13.052+0530][gc,heap     ] GC(0) Archive regions: 2->2
[2026-03-19T00:09:13.052+0530][gc,heap     ] GC(0) Humongous regions: 0->0
[2026-03-19T00:09:13.052+0530][gc,metaspace] GC(0) Metaspace: 17809K(17920K)->17809K(17920K) NonClass: 15680K(15744K)->15680K(15744K) Class: 2128K(2176K)->2128K(2176K)
[2026-03-19T00:09:13.052+0530][gc          ] GC(0) Pause Young (Normal) (G1 Evacuation Pause) 51M->8M(1024M) 4.249ms
[2026-03-19T00:09:13.052+0530][gc,cpu      ] GC(0) User=0.02s Sys=0.00s Real=0.01s
[2026-03-19T00:09:13.260+0530][gc,start    ] GC(1) Pause Young (Concurrent Start) (Metadata GC Threshold)
[2026-03-19T00:09:13.260+0530][gc,task     ] GC(1) Using 8 workers of 8 for evacuation
[2026-03-19T00:09:13.263+0530][gc,phases   ] GC(1)   Pre Evacuate Collection Set: 0.1ms
[2026-03-19T00:09:13.263+0530][gc,phases   ] GC(1)   Merge Heap Roots: 0.1ms
[2026-03-19T00:09:13.263+0530][gc,phases   ] GC(1)   Evacuate Collection Set: 3.2ms
[2026-03-19T00:09:13.264+0530][gc,phases   ] GC(1)   Post Evacuate Collection Set: 0.3ms
[2026-03-19T00:09:13.264+0530][gc,phases   ] GC(1)   Other: 0.1ms
[2026-03-19T00:09:13.264+0530][gc,heap     ] GC(1) Eden regions: 16->0(49)
[2026-03-19T00:09:13.264+0530][gc,heap     ] GC(1) Survivor regions: 7->2(7)
[2026-03-19T00:09:13.264+0530][gc,heap     ] GC(1) Old regions: 1->8
[2026-03-19T00:09:13.264+0530][gc,heap     ] GC(1) Archive regions: 2->2
[2026-03-19T00:09:13.264+0530][gc,heap     ] GC(1) Humongous regions: 129->129
[2026-03-19T00:09:13.264+0530][gc,metaspace] GC(1) Metaspace: 21326K(21504K)->21326K(21504K) NonClass: 18742K(18816K)->18742K(18816K) Class: 2583K(2688K)->2583K(2688K)
[2026-03-19T00:09:13.264+0530][gc          ] GC(1) Pause Young (Concurrent Start) (Metadata GC Threshold) 152M->139M(1024M) 3.922ms
[2026-03-19T00:09:13.264+0530][gc,cpu      ] GC(1) User=0.02s Sys=0.00s Real=0.00s
[2026-03-19T00:09:13.264+0530][gc          ] GC(2) Concurrent Mark Cycle
[2026-03-19T00:09:13.264+0530][gc,marking  ] GC(2) Concurrent Clear Claimed Marks
[2026-03-19T00:09:13.264+0530][gc,marking  ] GC(2) Concurrent Clear Claimed Marks 0.014ms
[2026-03-19T00:09:13.264+0530][gc,marking  ] GC(2) Concurrent Scan Root Regions
[2026-03-19T00:09:13.267+0530][gc,marking  ] GC(2) Concurrent Scan Root Regions 3.022ms
[2026-03-19T00:09:13.267+0530][gc,marking  ] GC(2) Concurrent Mark
[2026-03-19T00:09:13.267+0530][gc,marking  ] GC(2) Concurrent Mark From Roots
[2026-03-19T00:09:13.267+0530][gc,task     ] GC(2) Using 2 workers of 2 for marking
[2026-03-19T00:09:13.268+0530][gc,marking  ] GC(2) Concurrent Mark From Roots 1.426ms
[2026-03-19T00:09:13.268+0530][gc,marking  ] GC(2) Concurrent Preclean
[2026-03-19T00:09:13.268+0530][gc,marking  ] GC(2) Concurrent Preclean 0.020ms
[2026-03-19T00:09:13.269+0530][gc,start    ] GC(2) Pause Remark
[2026-03-19T00:09:13.270+0530][gc          ] GC(2) Pause Remark 140M->140M(1024M) 1.412ms
[2026-03-19T00:09:13.270+0530][gc,cpu      ] GC(2) User=0.01s Sys=0.00s Real=0.01s
[2026-03-19T00:09:13.270+0530][gc,marking  ] GC(2) Concurrent Mark 3.336ms
[2026-03-19T00:09:13.270+0530][gc,marking  ] GC(2) Concurrent Rebuild Remembered Sets
[2026-03-19T00:09:13.273+0530][gc,marking  ] GC(2) Concurrent Rebuild Remembered Sets 2.802ms
[2026-03-19T00:09:13.273+0530][gc,start    ] GC(2) Pause Cleanup
[2026-03-19T00:09:13.273+0530][gc          ] GC(2) Pause Cleanup 140M->140M(1024M) 0.103ms
[2026-03-19T00:09:13.273+0530][gc,cpu      ] GC(2) User=0.00s Sys=0.00s Real=0.00s
[2026-03-19T00:09:13.273+0530][gc,marking  ] GC(2) Concurrent Cleanup for Next Mark
[2026-03-19T00:09:13.275+0530][gc,marking  ] GC(2) Concurrent Cleanup for Next Mark 2.270ms
[2026-03-19T00:09:13.275+0530][gc          ] GC(2) Concurrent Mark Cycle 11.834ms
[2026-03-19T00:09:13.666+0530][gc,start    ] GC(3) Pause Young (Normal) (G1 Evacuation Pause)
[2026-03-19T00:09:13.666+0530][gc,task     ] GC(3) Using 8 workers of 8 for evacuation
[2026-03-19T00:09:13.669+0530][gc,phases   ] GC(3)   Pre Evacuate Collection Set: 0.1ms
[2026-03-19T00:09:13.669+0530][gc,phases   ] GC(3)   Merge Heap Roots: 0.0ms
[2026-03-19T00:09:13.669+0530][gc,phases   ] GC(3)   Evacuate Collection Set: 2.2ms
[2026-03-19T00:09:13.669+0530][gc,phases   ] GC(3)   Post Evacuate Collection Set: 0.2ms
[2026-03-19T00:09:13.669+0530][gc,phases   ] GC(3)   Other: 0.1ms
[2026-03-19T00:09:13.669+0530][gc,heap     ] GC(3) Eden regions: 49->0(44)
[2026-03-19T00:09:13.669+0530][gc,heap     ] GC(3) Survivor regions: 2->7(7)
[2026-03-19T00:09:13.669+0530][gc,heap     ] GC(3) Old regions: 8->8
[2026-03-19T00:09:13.669+0530][gc,heap     ] GC(3) Archive regions: 2->2
[2026-03-19T00:09:13.669+0530][gc,heap     ] GC(3) Humongous regions: 129->129
[2026-03-19T00:09:13.669+0530][gc,metaspace] GC(3) Metaspace: 32540K(32768K)->32540K(32768K) NonClass: 28915K(29056K)->28915K(29056K) Class: 3624K(3712K)->3624K(3712K)
[2026-03-19T00:09:13.669+0530][gc          ] GC(3) Pause Young (Normal) (G1 Evacuation Pause) 188M->143M(1024M) 2.777ms
[2026-03-19T00:09:13.669+0530][gc,cpu      ] GC(3) User=0.02s Sys=0.00s Real=0.00s
[2026-03-19T00:09:14.010+0530][gc,start    ] GC(4) Pause Young (Concurrent Start) (Metadata GC Threshold)
[2026-03-19T00:09:14.011+0530][gc,task     ] GC(4) Using 8 workers of 8 for evacuation
[2026-03-19T00:09:14.016+0530][gc,phases   ] GC(4)   Pre Evacuate Collection Set: 0.2ms
[2026-03-19T00:09:14.016+0530][gc,phases   ] GC(4)   Merge Heap Roots: 0.1ms
[2026-03-19T00:09:14.016+0530][gc,phases   ] GC(4)   Evacuate Collection Set: 4.8ms
[2026-03-19T00:09:14.016+0530][gc,phases   ] GC(4)   Post Evacuate Collection Set: 0.3ms
[2026-03-19T00:09:14.016+0530][gc,phases   ] GC(4)   Other: 0.3ms
[2026-03-19T00:09:14.016+0530][gc,heap     ] GC(4) Eden regions: 16->0(49)
[2026-03-19T00:09:14.016+0530][gc,heap     ] GC(4) Survivor regions: 7->2(7)
[2026-03-19T00:09:14.016+0530][gc,heap     ] GC(4) Old regions: 8->14
[2026-03-19T00:09:14.016+0530][gc,heap     ] GC(4) Archive regions: 2->2
[2026-03-19T00:09:14.016+0530][gc,heap     ] GC(4) Humongous regions: 129->129
[2026-03-19T00:09:14.016+0530][gc,metaspace] GC(4) Metaspace: 35786K(36096K)->35786K(36096K) NonClass: 31625K(31808K)->31625K(31808K) Class: 4161K(4288K)->4161K(4288K)
[2026-03-19T00:09:14.016+0530][gc          ] GC(4) Pause Young (Concurrent Start) (Metadata GC Threshold) 159M->145M(1024M) 5.857ms
[2026-03-19T00:09:14.016+0530][gc,cpu      ] GC(4) User=0.02s Sys=0.00s Real=0.00s
[2026-03-19T00:09:14.016+0530][gc          ] GC(5) Concurrent Mark Cycle
[2026-03-19T00:09:14.016+0530][gc,marking  ] GC(5) Concurrent Clear Claimed Marks
[2026-03-19T00:09:14.016+0530][gc,marking  ] GC(5) Concurrent Clear Claimed Marks 0.024ms
[2026-03-19T00:09:14.016+0530][gc,marking  ] GC(5) Concurrent Scan Root Regions
[2026-03-19T00:09:14.020+0530][gc,marking  ] GC(5) Concurrent Scan Root Regions 3.852ms
[2026-03-19T00:09:14.020+0530][gc,marking  ] GC(5) Concurrent Mark
[2026-03-19T00:09:14.020+0530][gc,marking  ] GC(5) Concurrent Mark From Roots
[2026-03-19T00:09:14.020+0530][gc,task     ] GC(5) Using 2 workers of 2 for marking
[2026-03-19T00:09:14.025+0530][gc,marking  ] GC(5) Concurrent Mark From Roots 5.099ms
[2026-03-19T00:09:14.025+0530][gc,marking  ] GC(5) Concurrent Preclean
[2026-03-19T00:09:14.026+0530][gc,marking  ] GC(5) Concurrent Preclean 0.045ms
[2026-03-19T00:09:14.026+0530][gc,start    ] GC(5) Pause Remark
[2026-03-19T00:09:14.027+0530][gc          ] GC(5) Pause Remark 145M->145M(1024M) 1.537ms
[2026-03-19T00:09:14.030+0530][gc,cpu      ] GC(5) User=0.00s Sys=0.00s Real=0.01s
[2026-03-19T00:09:14.030+0530][gc,marking  ] GC(5) Concurrent Mark 9.664ms
[2026-03-19T00:09:14.030+0530][gc,marking  ] GC(5) Concurrent Rebuild Remembered Sets
[2026-03-19T00:09:14.035+0530][gc,marking  ] GC(5) Concurrent Rebuild Remembered Sets 4.637ms
[2026-03-19T00:09:14.035+0530][gc,start    ] GC(5) Pause Cleanup
[2026-03-19T00:09:14.038+0530][gc          ] GC(5) Pause Cleanup 146M->146M(1024M) 3.146ms
[2026-03-19T00:09:14.038+0530][gc,cpu      ] GC(5) User=0.00s Sys=0.00s Real=0.00s
[2026-03-19T00:09:14.038+0530][gc,marking  ] GC(5) Concurrent Cleanup for Next Mark
[2026-03-19T00:09:14.039+0530][gc,marking  ] GC(5) Concurrent Cleanup for Next Mark 1.431ms
[2026-03-19T00:09:14.039+0530][gc          ] GC(5) Concurrent Mark Cycle 23.050ms
[2026-03-19T00:09:58.325+0530][gc,start    ] GC(6) Pause Young (Normal) (G1 Evacuation Pause)
[2026-03-19T00:09:58.325+0530][gc,task     ] GC(6) Using 8 workers of 8 for evacuation
[2026-03-19T00:09:58.351+0530][gc,mmu      ] GC(6) MMU target violated: 21.0ms (20.0ms/21.0ms)
[2026-03-19T00:09:58.351+0530][gc,phases   ] GC(6)   Pre Evacuate Collection Set: 0.4ms
[2026-03-19T00:09:58.351+0530][gc,phases   ] GC(6)   Merge Heap Roots: 0.1ms
[2026-03-19T00:09:58.351+0530][gc,phases   ] GC(6)   Evacuate Collection Set: 23.7ms
[2026-03-19T00:09:58.351+0530][gc,phases   ] GC(6)   Post Evacuate Collection Set: 0.9ms
[2026-03-19T00:09:58.351+0530][gc,phases   ] GC(6)   Other: 1.0ms
[2026-03-19T00:09:58.351+0530][gc,heap     ] GC(6) Eden regions: 49->0(46)
[2026-03-19T00:09:58.351+0530][gc,heap     ] GC(6) Survivor regions: 2->5(7)
[2026-03-19T00:09:58.351+0530][gc,heap     ] GC(6) Old regions: 14->14
[2026-03-19T00:09:58.351+0530][gc,heap     ] GC(6) Archive regions: 2->2
[2026-03-19T00:09:58.351+0530][gc,heap     ] GC(6) Humongous regions: 129->129
[2026-03-19T00:09:58.351+0530][gc,metaspace] GC(6) Metaspace: 41501K(42048K)->41501K(42048K) NonClass: 36529K(36864K)->36529K(36864K) Class: 4971K(5184K)->4971K(5184K)
[2026-03-19T00:09:58.351+0530][gc          ] GC(6) Pause Young (Normal) (G1 Evacuation Pause) 194M->148M(1024M) 26.124ms
[2026-03-19T00:09:58.351+0530][gc,cpu      ] GC(6) User=0.03s Sys=0.04s Real=0.03s
[2026-03-19T00:11:56.220+0530][gc,start    ] GC(7) Pause Young (Normal) (G1 Evacuation Pause)
[2026-03-19T00:11:56.221+0530][gc,task     ] GC(7) Using 8 workers of 8 for evacuation
[2026-03-19T00:11:56.241+0530][gc,phases   ] GC(7)   Pre Evacuate Collection Set: 0.4ms
[2026-03-19T00:11:56.241+0530][gc,phases   ] GC(7)   Merge Heap Roots: 0.1ms
[2026-03-19T00:11:56.241+0530][gc,phases   ] GC(7)   Evacuate Collection Set: 18.3ms
[2026-03-19T00:11:56.241+0530][gc,phases   ] GC(7)   Post Evacuate Collection Set: 0.9ms
[2026-03-19T00:11:56.241+0530][gc,phases   ] GC(7)   Other: 1.0ms
[2026-03-19T00:11:56.241+0530][gc,heap     ] GC(7) Eden regions: 46->0(48)
[2026-03-19T00:11:56.241+0530][gc,heap     ] GC(7) Survivor regions: 5->3(7)
[2026-03-19T00:11:56.241+0530][gc,heap     ] GC(7) Old regions: 14->18
[2026-03-19T00:11:56.241+0530][gc,heap     ] GC(7) Archive regions: 2->2
[2026-03-19T00:11:56.241+0530][gc,heap     ] GC(7) Humongous regions: 129->129
[2026-03-19T00:11:56.241+0530][gc,metaspace] GC(7) Metaspace: 41727K(42304K)->41727K(42304K) NonClass: 36753K(37120K)->36753K(37120K) Class: 4974K(5184K)->4974K(5184K)
[2026-03-19T00:11:56.241+0530][gc          ] GC(7) Pause Young (Normal) (G1 Evacuation Pause) 194M->149M(1024M) 20.966ms
[2026-03-19T00:11:56.241+0530][gc,cpu      ] GC(7) User=0.03s Sys=0.03s Real=0.02s
[2026-03-19T00:14:08.098+0530][gc,start    ] GC(8) Pause Young (Normal) (G1 Evacuation Pause)
[2026-03-19T00:14:08.098+0530][gc,task     ] GC(8) Using 8 workers of 8 for evacuation
[2026-03-19T00:14:08.113+0530][gc,phases   ] GC(8)   Pre Evacuate Collection Set: 3.4ms
[2026-03-19T00:14:08.113+0530][gc,phases   ] GC(8)   Merge Heap Roots: 0.3ms
[2026-03-19T00:14:08.113+0530][gc,phases   ] GC(8)   Evacuate Collection Set: 9.9ms
[2026-03-19T00:14:08.113+0530][gc,phases   ] GC(8)   Post Evacuate Collection Set: 0.6ms
[2026-03-19T00:14:08.113+0530][gc,phases   ] GC(8)   Other: 1.0ms
[2026-03-19T00:14:08.113+0530][gc,heap     ] GC(8) Eden regions: 48->0(46)
[2026-03-19T00:14:08.113+0530][gc,heap     ] GC(8) Survivor regions: 3->5(7)
[2026-03-19T00:14:08.113+0530][gc,heap     ] GC(8) Old regions: 18->18
[2026-03-19T00:14:08.113+0530][gc,heap     ] GC(8) Archive regions: 2->2
[2026-03-19T00:14:08.113+0530][gc,heap     ] GC(8) Humongous regions: 129->129
[2026-03-19T00:14:08.113+0530][gc,metaspace] GC(8) Metaspace: 41766K(42304K)->41766K(42304K) NonClass: 36792K(37120K)->36792K(37120K) Class: 4974K(5184K)->4974K(5184K)
[2026-03-19T00:14:08.113+0530][gc          ] GC(8) Pause Young (Normal) (G1 Evacuation Pause) 197M->151M(1024M) 15.486ms
[2026-03-19T00:14:08.113+0530][gc,cpu      ] GC(8) User=0.02s Sys=0.01s Real=0.02s
[2026-03-19T00:16:15.921+0530][gc,start    ] GC(9) Pause Young (Normal) (G1 Evacuation Pause)
[2026-03-19T00:16:15.922+0530][gc,task     ] GC(9) Using 8 workers of 8 for evacuation
[2026-03-19T00:16:15.933+0530][gc,phases   ] GC(9)   Pre Evacuate Collection Set: 0.7ms
[2026-03-19T00:16:15.933+0530][gc,phases   ] GC(9)   Merge Heap Roots: 0.2ms
[2026-03-19T00:16:15.933+0530][gc,phases   ] GC(9)   Evacuate Collection Set: 10.2ms
[2026-03-19T00:16:15.933+0530][gc,phases   ] GC(9)   Post Evacuate Collection Set: 0.5ms
[2026-03-19T00:16:15.933+0530][gc,phases   ] GC(9)   Other: 0.8ms
[2026-03-19T00:16:15.933+0530][gc,heap     ] GC(9) Eden regions: 46->0(46)
[2026-03-19T00:16:15.933+0530][gc,heap     ] GC(9) Survivor regions: 5->5(7)
[2026-03-19T00:16:15.933+0530][gc,heap     ] GC(9) Old regions: 18->19
[2026-03-19T00:16:15.934+0530][gc,heap     ] GC(9) Archive regions: 2->2
[2026-03-19T00:16:15.934+0530][gc,heap     ] GC(9) Humongous regions: 129->129
[2026-03-19T00:16:15.934+0530][gc,metaspace] GC(9) Metaspace: 41784K(42304K)->41784K(42304K) NonClass: 36809K(37120K)->36809K(37120K) Class: 4974K(5184K)->4974K(5184K)
[2026-03-19T00:16:15.934+0530][gc          ] GC(9) Pause Young (Normal) (G1 Evacuation Pause) 197M->153M(1024M) 12.530ms
[2026-03-19T00:16:15.934+0530][gc,cpu      ] GC(9) User=0.03s Sys=0.01s Real=0.01s
[2026-03-19T00:18:27.054+0530][gc,start    ] GC(10) Pause Young (Normal) (G1 Evacuation Pause)
[2026-03-19T00:18:27.055+0530][gc,task     ] GC(10) Using 8 workers of 8 for evacuation
[2026-03-19T00:18:27.073+0530][gc,phases   ] GC(10)   Pre Evacuate Collection Set: 0.4ms
[2026-03-19T00:18:27.073+0530][gc,phases   ] GC(10)   Merge Heap Roots: 0.3ms
[2026-03-19T00:18:27.073+0530][gc,phases   ] GC(10)   Evacuate Collection Set: 16.6ms
[2026-03-19T00:18:27.073+0530][gc,phases   ] GC(10)   Post Evacuate Collection Set: 0.4ms
[2026-03-19T00:18:27.073+0530][gc,phases   ] GC(10)   Other: 0.7ms
[2026-03-19T00:18:27.073+0530][gc,heap     ] GC(10) Eden regions: 46->0(45)
[2026-03-19T00:18:27.073+0530][gc,heap     ] GC(10) Survivor regions: 5->6(7)
[2026-03-19T00:18:27.073+0530][gc,heap     ] GC(10) Old regions: 19->21
[2026-03-19T00:18:27.073+0530][gc,heap     ] GC(10) Archive regions: 2->2
[2026-03-19T00:18:27.073+0530][gc,heap     ] GC(10) Humongous regions: 129->129
[2026-03-19T00:18:27.073+0530][gc,metaspace] GC(10) Metaspace: 41803K(42304K)->41803K(42304K) NonClass: 36828K(37120K)->36828K(37120K) Class: 4974K(5184K)->4974K(5184K)
[2026-03-19T00:18:27.073+0530][gc          ] GC(10) Pause Young (Normal) (G1 Evacuation Pause) 199M->155M(1024M) 18.661ms
[2026-03-19T00:18:27.073+0530][gc,cpu      ] GC(10) User=0.03s Sys=0.02s Real=0.02s
[2026-03-19T00:20:33.599+0530][gc,start    ] GC(11) Pause Young (Normal) (G1 Evacuation Pause)
[2026-03-19T00:20:33.600+0530][gc,task     ] GC(11) Using 8 workers of 8 for evacuation
[2026-03-19T00:20:33.615+0530][gc,phases   ] GC(11)   Pre Evacuate Collection Set: 0.8ms
[2026-03-19T00:20:33.615+0530][gc,phases   ] GC(11)   Merge Heap Roots: 0.3ms
[2026-03-19T00:20:33.615+0530][gc,phases   ] GC(11)   Evacuate Collection Set: 13.7ms
[2026-03-19T00:20:33.615+0530][gc,phases   ] GC(11)   Post Evacuate Collection Set: 0.4ms
[2026-03-19T00:20:33.615+0530][gc,phases   ] GC(11)   Other: 0.9ms
[2026-03-19T00:20:33.615+0530][gc,heap     ] GC(11) Eden regions: 45->0(45)
[2026-03-19T00:20:33.615+0530][gc,heap     ] GC(11) Survivor regions: 6->6(7)
[2026-03-19T00:20:33.615+0530][gc,heap     ] GC(11) Old regions: 21->23
[2026-03-19T00:20:33.615+0530][gc,heap     ] GC(11) Archive regions: 2->2
[2026-03-19T00:20:33.615+0530][gc,heap     ] GC(11) Humongous regions: 129->129
[2026-03-19T00:20:33.615+0530][gc,metaspace] GC(11) Metaspace: 41906K(42496K)->41906K(42496K) NonClass: 36914K(37248K)->36914K(37248K) Class: 4992K(5248K)->4992K(5248K)
[2026-03-19T00:20:33.615+0530][gc          ] GC(11) Pause Young (Normal) (G1 Evacuation Pause) 200M->157M(1024M) 16.200ms
[2026-03-19T00:20:33.615+0530][gc,cpu      ] GC(11) User=0.04s Sys=0.02s Real=0.02s
[2026-03-19T00:22:43.756+0530][gc,start    ] GC(12) Pause Young (Normal) (G1 Evacuation Pause)
[2026-03-19T00:22:43.756+0530][gc,task     ] GC(12) Using 8 workers of 8 for evacuation
[2026-03-19T00:22:43.777+0530][gc,mmu      ] GC(12) MMU target violated: 20.5ms (20.0ms/21.0ms)
[2026-03-19T00:22:43.777+0530][gc,phases   ] GC(12)   Pre Evacuate Collection Set: 0.5ms
[2026-03-19T00:22:43.777+0530][gc,phases   ] GC(12)   Merge Heap Roots: 0.3ms
[2026-03-19T00:22:43.777+0530][gc,phases   ] GC(12)   Evacuate Collection Set: 19.2ms
[2026-03-19T00:22:43.777+0530][gc,phases   ] GC(12)   Post Evacuate Collection Set: 0.6ms
[2026-03-19T00:22:43.777+0530][gc,phases   ] GC(12)   Other: 0.7ms
[2026-03-19T00:22:43.777+0530][gc,heap     ] GC(12) Eden regions: 45->0(45)
[2026-03-19T00:22:43.777+0530][gc,heap     ] GC(12) Survivor regions: 6->6(7)
[2026-03-19T00:22:43.777+0530][gc,heap     ] GC(12) Old regions: 23->25
[2026-03-19T00:22:43.777+0530][gc,heap     ] GC(12) Archive regions: 2->2
[2026-03-19T00:22:43.778+0530][gc,heap     ] GC(12) Humongous regions: 129->129
[2026-03-19T00:22:43.778+0530][gc,metaspace] GC(12) Metaspace: 41914K(42496K)->41914K(42496K) NonClass: 36922K(37248K)->36922K(37248K) Class: 4992K(5248K)->4992K(5248K)
[2026-03-19T00:22:43.778+0530][gc          ] GC(12) Pause Young (Normal) (G1 Evacuation Pause) 202M->159M(1024M) 21.426ms
[2026-03-19T00:22:43.778+0530][gc,cpu      ] GC(12) User=0.03s Sys=0.03s Real=0.02s
[2026-03-19T00:24:53.462+0530][gc,start    ] GC(13) Pause Young (Normal) (G1 Evacuation Pause)
[2026-03-19T00:24:53.463+0530][gc,task     ] GC(13) Using 8 workers of 8 for evacuation
[2026-03-19T00:24:53.494+0530][gc,mmu      ] GC(13) MMU target violated: 21.0ms (20.0ms/21.0ms)
[2026-03-19T00:24:53.494+0530][gc,phases   ] GC(13)   Pre Evacuate Collection Set: 5.2ms
[2026-03-19T00:24:53.494+0530][gc,phases   ] GC(13)   Merge Heap Roots: 1.1ms
[2026-03-19T00:24:53.494+0530][gc,phases   ] GC(13)   Evacuate Collection Set: 23.1ms
[2026-03-19T00:24:53.494+0530][gc,phases   ] GC(13)   Post Evacuate Collection Set: 1.1ms
[2026-03-19T00:24:53.495+0530][gc,phases   ] GC(13)   Other: 3.7ms
[2026-03-19T00:24:53.495+0530][gc,heap     ] GC(13) Eden regions: 45->0(45)
[2026-03-19T00:24:53.495+0530][gc,heap     ] GC(13) Survivor regions: 6->6(7)
[2026-03-19T00:24:53.495+0530][gc,heap     ] GC(13) Old regions: 25->27
[2026-03-19T00:24:53.495+0530][gc,heap     ] GC(13) Archive regions: 2->2
[2026-03-19T00:24:53.495+0530][gc,heap     ] GC(13) Humongous regions: 129->129
[2026-03-19T00:24:53.495+0530][gc,metaspace] GC(13) Metaspace: 41921K(42496K)->41921K(42496K) NonClass: 36929K(37248K)->36929K(37248K) Class: 4992K(5248K)->4992K(5248K)
[2026-03-19T00:24:53.495+0530][gc          ] GC(13) Pause Young (Normal) (G1 Evacuation Pause) 204M->161M(1024M) 33.290ms
[2026-03-19T00:24:53.495+0530][gc,cpu      ] GC(13) User=0.03s Sys=0.05s Real=0.03s
[2026-03-19T00:27:03.493+0530][gc,start    ] GC(14) Pause Young (Normal) (G1 Evacuation Pause)
[2026-03-19T00:27:03.494+0530][gc,task     ] GC(14) Using 8 workers of 8 for evacuation
[2026-03-19T00:27:03.512+0530][gc,phases   ] GC(14)   Pre Evacuate Collection Set: 1.0ms
[2026-03-19T00:27:03.512+0530][gc,phases   ] GC(14)   Merge Heap Roots: 1.1ms
[2026-03-19T00:27:03.512+0530][gc,phases   ] GC(14)   Evacuate Collection Set: 15.0ms
[2026-03-19T00:27:03.512+0530][gc,phases   ] GC(14)   Post Evacuate Collection Set: 0.6ms
[2026-03-19T00:27:03.512+0530][gc,phases   ] GC(14)   Other: 2.4ms
[2026-03-19T00:27:03.512+0530][gc,heap     ] GC(14) Eden regions: 45->0(45)
[2026-03-19T00:27:03.512+0530][gc,heap     ] GC(14) Survivor regions: 6->6(7)
[2026-03-19T00:27:03.512+0530][gc,heap     ] GC(14) Old regions: 27->29
[2026-03-19T00:27:03.512+0530][gc,heap     ] GC(14) Archive regions: 2->2
[2026-03-19T00:27:03.512+0530][gc,heap     ] GC(14) Humongous regions: 129->129
[2026-03-19T00:27:03.512+0530][gc,metaspace] GC(14) Metaspace: 41924K(42560K)->41924K(42560K) NonClass: 36932K(37312K)->36932K(37312K) Class: 4992K(5248K)->4992K(5248K)
[2026-03-19T00:27:03.512+0530][gc          ] GC(14) Pause Young (Normal) (G1 Evacuation Pause) 206M->163M(1024M) 20.286ms
[2026-03-19T00:27:03.513+0530][gc,cpu      ] GC(14) User=0.04s Sys=0.03s Real=0.02s
[2026-03-19T00:29:13.469+0530][gc,start    ] GC(15) Pause Young (Normal) (G1 Evacuation Pause)
[2026-03-19T00:29:13.469+0530][gc,task     ] GC(15) Using 8 workers of 8 for evacuation
[2026-03-19T00:29:13.496+0530][gc,mmu      ] GC(15) MMU target violated: 21.0ms (20.0ms/21.0ms)
[2026-03-19T00:29:13.496+0530][gc,phases   ] GC(15)   Pre Evacuate Collection Set: 1.6ms
[2026-03-19T00:29:13.496+0530][gc,phases   ] GC(15)   Merge Heap Roots: 0.9ms
[2026-03-19T00:29:13.496+0530][gc,phases   ] GC(15)   Evacuate Collection Set: 21.1ms
[2026-03-19T00:29:13.496+0530][gc,phases   ] GC(15)   Post Evacuate Collection Set: 2.2ms
[2026-03-19T00:29:13.496+0530][gc,phases   ] GC(15)   Other: 3.3ms
[2026-03-19T00:29:13.496+0530][gc,heap     ] GC(15) Eden regions: 45->0(45)
[2026-03-19T00:29:13.496+0530][gc,heap     ] GC(15) Survivor regions: 6->6(7)
[2026-03-19T00:29:13.496+0530][gc,heap     ] GC(15) Old regions: 29->31
[2026-03-19T00:29:13.496+0530][gc,heap     ] GC(15) Archive regions: 2->2
[2026-03-19T00:29:13.496+0530][gc,heap     ] GC(15) Humongous regions: 129->129
[2026-03-19T00:29:13.496+0530][gc,metaspace] GC(15) Metaspace: 41943K(42560K)->41943K(42560K) NonClass: 36950K(37312K)->36950K(37312K) Class: 4992K(5248K)->4992K(5248K)
[2026-03-19T00:29:13.497+0530][gc          ] GC(15) Pause Young (Normal) (G1 Evacuation Pause) 208M->165M(1024M) 28.521ms
[2026-03-19T00:29:13.497+0530][gc,cpu      ] GC(15) User=0.04s Sys=0.04s Real=0.03s
[2026-03-19T00:31:22.885+0530][gc,start    ] GC(16) Pause Young (Normal) (G1 Evacuation Pause)
[2026-03-19T00:31:22.886+0530][gc,task     ] GC(16) Using 8 workers of 8 for evacuation
[2026-03-19T00:31:22.901+0530][gc,phases   ] GC(16)   Pre Evacuate Collection Set: 0.7ms
[2026-03-19T00:31:22.901+0530][gc,phases   ] GC(16)   Merge Heap Roots: 0.4ms
[2026-03-19T00:31:22.901+0530][gc,phases   ] GC(16)   Evacuate Collection Set: 13.1ms
[2026-03-19T00:31:22.901+0530][gc,phases   ] GC(16)   Post Evacuate Collection Set: 0.4ms
[2026-03-19T00:31:22.901+0530][gc,phases   ] GC(16)   Other: 2.1ms
[2026-03-19T00:31:22.901+0530][gc,heap     ] GC(16) Eden regions: 45->0(45)
[2026-03-19T00:31:22.901+0530][gc,heap     ] GC(16) Survivor regions: 6->6(7)
[2026-03-19T00:31:22.901+0530][gc,heap     ] GC(16) Old regions: 31->32
[2026-03-19T00:31:22.901+0530][gc,heap     ] GC(16) Archive regions: 2->2
[2026-03-19T00:31:22.901+0530][gc,heap     ] GC(16) Humongous regions: 129->129
[2026-03-19T00:31:22.901+0530][gc,metaspace] GC(16) Metaspace: 41965K(42560K)->41965K(42560K) NonClass: 36973K(37312K)->36973K(37312K) Class: 4992K(5248K)->4992K(5248K)
[2026-03-19T00:31:22.901+0530][gc          ] GC(16) Pause Young (Normal) (G1 Evacuation Pause) 210M->167M(1024M) 16.776ms
[2026-03-19T00:31:22.901+0530][gc,cpu      ] GC(16) User=0.04s Sys=0.02s Real=0.02s
[2026-03-19T00:33:32.175+0530][gc,start    ] GC(17) Pause Young (Normal) (G1 Evacuation Pause)
[2026-03-19T00:33:32.176+0530][gc,task     ] GC(17) Using 8 workers of 8 for evacuation
[2026-03-19T00:33:32.199+0530][gc,mmu      ] GC(17) MMU target violated: 21.0ms (20.0ms/21.0ms)
[2026-03-19T00:33:32.199+0530][gc,phases   ] GC(17)   Pre Evacuate Collection Set: 1.2ms
[2026-03-19T00:33:32.199+0530][gc,phases   ] GC(17)   Merge Heap Roots: 0.3ms
[2026-03-19T00:33:32.199+0530][gc,phases   ] GC(17)   Evacuate Collection Set: 20.0ms
[2026-03-19T00:33:32.199+0530][gc,phases   ] GC(17)   Post Evacuate Collection Set: 1.1ms
[2026-03-19T00:33:32.199+0530][gc,phases   ] GC(17)   Other: 2.1ms
[2026-03-19T00:33:32.200+0530][gc,heap     ] GC(17) Eden regions: 45->0(45)
[2026-03-19T00:33:32.200+0530][gc,heap     ] GC(17) Survivor regions: 6->6(7)
[2026-03-19T00:33:32.200+0530][gc,heap     ] GC(17) Old regions: 32->34
[2026-03-19T00:33:32.200+0530][gc,heap     ] GC(17) Archive regions: 2->2
[2026-03-19T00:33:32.200+0530][gc,heap     ] GC(17) Humongous regions: 129->129
[2026-03-19T00:33:32.200+0530][gc,metaspace] GC(17) Metaspace: 41969K(42560K)->41969K(42560K) NonClass: 36977K(37312K)->36977K(37312K) Class: 4992K(5248K)->4992K(5248K)
[2026-03-19T00:33:32.200+0530][gc          ] GC(17) Pause Young (Normal) (G1 Evacuation Pause) 212M->169M(1024M) 25.275ms
[2026-03-19T00:33:32.200+0530][gc,cpu      ] GC(17) User=0.04s Sys=0.04s Real=0.03s
[2026-03-19T00:35:41.952+0530][gc,start    ] GC(18) Pause Young (Normal) (G1 Evacuation Pause)
[2026-03-19T00:35:41.953+0530][gc,task     ] GC(18) Using 8 workers of 8 for evacuation
[2026-03-19T00:35:41.977+0530][gc,mmu      ] GC(18) MMU target violated: 21.0ms (20.0ms/21.0ms)
[2026-03-19T00:35:41.978+0530][gc,phases   ] GC(18)   Pre Evacuate Collection Set: 0.6ms
[2026-03-19T00:35:41.978+0530][gc,phases   ] GC(18)   Merge Heap Roots: 0.2ms
[2026-03-19T00:35:41.978+0530][gc,phases   ] GC(18)   Evacuate Collection Set: 22.9ms
[2026-03-19T00:35:41.978+0530][gc,phases   ] GC(18)   Post Evacuate Collection Set: 0.7ms
[2026-03-19T00:35:41.978+0530][gc,phases   ] GC(18)   Other: 2.1ms
[2026-03-19T00:35:41.978+0530][gc,heap     ] GC(18) Eden regions: 45->0(45)
[2026-03-19T00:35:41.978+0530][gc,heap     ] GC(18) Survivor regions: 6->6(7)
[2026-03-19T00:35:41.978+0530][gc,heap     ] GC(18) Old regions: 34->36
[2026-03-19T00:35:41.978+0530][gc,heap     ] GC(18) Archive regions: 2->2
[2026-03-19T00:35:41.978+0530][gc,heap     ] GC(18) Humongous regions: 129->129
[2026-03-19T00:35:41.978+0530][gc,metaspace] GC(18) Metaspace: 41985K(42560K)->41985K(42560K) NonClass: 36993K(37312K)->36993K(37312K) Class: 4992K(5248K)->4992K(5248K)
[2026-03-19T00:35:41.978+0530][gc          ] GC(18) Pause Young (Normal) (G1 Evacuation Pause) 214M->171M(1024M) 26.527ms
[2026-03-19T00:35:41.978+0530][gc,cpu      ] GC(18) User=0.04s Sys=0.03s Real=0.02s
[2026-03-19T00:37:51.143+0530][gc,start    ] GC(19) Pause Young (Normal) (G1 Evacuation Pause)
[2026-03-19T00:37:51.144+0530][gc,task     ] GC(19) Using 8 workers of 8 for evacuation
[2026-03-19T00:37:51.161+0530][gc,phases   ] GC(19)   Pre Evacuate Collection Set: 0.7ms
[2026-03-19T00:37:51.162+0530][gc,phases   ] GC(19)   Merge Heap Roots: 0.3ms
[2026-03-19T00:37:51.162+0530][gc,phases   ] GC(19)   Evacuate Collection Set: 15.5ms
[2026-03-19T00:37:51.162+0530][gc,phases   ] GC(19)   Post Evacuate Collection Set: 0.5ms
[2026-03-19T00:37:51.162+0530][gc,phases   ] GC(19)   Other: 2.5ms
[2026-03-19T00:37:51.162+0530][gc,heap     ] GC(19) Eden regions: 45->0(55)
[2026-03-19T00:37:51.162+0530][gc,heap     ] GC(19) Survivor regions: 6->5(7)
[2026-03-19T00:37:51.162+0530][gc,heap     ] GC(19) Old regions: 36->40
[2026-03-19T00:37:51.162+0530][gc,heap     ] GC(19) Archive regions: 2->2
[2026-03-19T00:37:51.162+0530][gc,heap     ] GC(19) Humongous regions: 129->129
[2026-03-19T00:37:51.162+0530][gc,metaspace] GC(19) Metaspace: 41997K(42560K)->41997K(42560K) NonClass: 37005K(37312K)->37005K(37312K) Class: 4992K(5248K)->4992K(5248K)
[2026-03-19T00:37:51.162+0530][gc          ] GC(19) Pause Young (Normal) (G1 Evacuation Pause) 216M->173M(1024M) 19.700ms
[2026-03-19T00:37:51.162+0530][gc,cpu      ] GC(19) User=0.04s Sys=0.02s Real=0.02s
[2026-03-19T00:40:29.339+0530][gc,start    ] GC(20) Pause Young (Normal) (G1 Evacuation Pause)
[2026-03-19T00:40:29.340+0530][gc,task     ] GC(20) Using 8 workers of 8 for evacuation
[2026-03-19T00:40:29.361+0530][gc,phases   ] GC(20)   Pre Evacuate Collection Set: 2.2ms
[2026-03-19T00:40:29.361+0530][gc,phases   ] GC(20)   Merge Heap Roots: 0.6ms
[2026-03-19T00:40:29.361+0530][gc,phases   ] GC(20)   Evacuate Collection Set: 17.2ms
[2026-03-19T00:40:29.361+0530][gc,phases   ] GC(20)   Post Evacuate Collection Set: 0.9ms
[2026-03-19T00:40:29.361+0530][gc,phases   ] GC(20)   Other: 3.7ms
[2026-03-19T00:40:29.361+0530][gc,heap     ] GC(20) Eden regions: 55->0(44)
[2026-03-19T00:40:29.361+0530][gc,heap     ] GC(20) Survivor regions: 5->7(8)
[2026-03-19T00:40:29.361+0530][gc,heap     ] GC(20) Old regions: 40->40
[2026-03-19T00:40:29.361+0530][gc,heap     ] GC(20) Archive regions: 2->2
[2026-03-19T00:40:29.361+0530][gc,heap     ] GC(20) Humongous regions: 129->129
[2026-03-19T00:40:29.361+0530][gc,metaspace] GC(20) Metaspace: 42022K(42624K)->42022K(42624K) NonClass: 37030K(37376K)->37030K(37376K) Class: 4992K(5248K)->4992K(5248K)
[2026-03-19T00:40:29.362+0530][gc          ] GC(20) Pause Young (Normal) (G1 Evacuation Pause) 228M->176M(1024M) 23.477ms
[2026-03-19T00:40:29.362+0530][gc,cpu      ] GC(20) User=0.04s Sys=0.03s Real=0.03s
[2026-03-19T00:42:34.436+0530][gc,start    ] GC(21) Pause Young (Normal) (G1 Evacuation Pause)
[2026-03-19T00:42:34.437+0530][gc,task     ] GC(21) Using 8 workers of 8 for evacuation
[2026-03-19T00:42:34.456+0530][gc,phases   ] GC(21)   Pre Evacuate Collection Set: 0.9ms
[2026-03-19T00:42:34.456+0530][gc,phases   ] GC(21)   Merge Heap Roots: 0.4ms
[2026-03-19T00:42:34.456+0530][gc,phases   ] GC(21)   Evacuate Collection Set: 16.7ms
[2026-03-19T00:42:34.456+0530][gc,phases   ] GC(21)   Post Evacuate Collection Set: 0.6ms
[2026-03-19T00:42:34.456+0530][gc,phases   ] GC(21)   Other: 1.6ms
[2026-03-19T00:42:34.456+0530][gc,heap     ] GC(21) Eden regions: 44->0(60)
[2026-03-19T00:42:34.456+0530][gc,heap     ] GC(21) Survivor regions: 7->5(7)
[2026-03-19T00:42:34.456+0530][gc,heap     ] GC(21) Old regions: 40->44
[2026-03-19T00:42:34.456+0530][gc,heap     ] GC(21) Archive regions: 2->2
[2026-03-19T00:42:34.456+0530][gc,heap     ] GC(21) Humongous regions: 129->129
[2026-03-19T00:42:34.456+0530][gc,metaspace] GC(21) Metaspace: 42028K(42624K)->42028K(42624K) NonClass: 37036K(37376K)->37036K(37376K) Class: 4992K(5248K)->4992K(5248K)
[2026-03-19T00:42:34.456+0530][gc          ] GC(21) Pause Young (Normal) (G1 Evacuation Pause) 220M->178M(1024M) 20.311ms
[2026-03-19T00:42:34.456+0530][gc,cpu      ] GC(21) User=0.05s Sys=0.02s Real=0.02s
[2026-03-19T00:45:26.521+0530][gc,start    ] GC(22) Pause Young (Normal) (G1 Evacuation Pause)
[2026-03-19T00:45:26.522+0530][gc,task     ] GC(22) Using 8 workers of 8 for evacuation
[2026-03-19T00:45:26.530+0530][gc,phases   ] GC(22)   Pre Evacuate Collection Set: 0.4ms
[2026-03-19T00:45:26.530+0530][gc,phases   ] GC(22)   Merge Heap Roots: 0.2ms
[2026-03-19T00:45:26.530+0530][gc,phases   ] GC(22)   Evacuate Collection Set: 7.3ms
[2026-03-19T00:45:26.530+0530][gc,phases   ] GC(22)   Post Evacuate Collection Set: 0.4ms
[2026-03-19T00:45:26.530+0530][gc,phases   ] GC(22)   Other: 2.0ms
[2026-03-19T00:45:26.530+0530][gc,heap     ] GC(22) Eden regions: 60->0(69)
[2026-03-19T00:45:26.530+0530][gc,heap     ] GC(22) Survivor regions: 5->6(9)
[2026-03-19T00:45:26.530+0530][gc,heap     ] GC(22) Old regions: 44->44
[2026-03-19T00:45:26.530+0530][gc,heap     ] GC(22) Archive regions: 2->2
[2026-03-19T00:45:26.530+0530][gc,heap     ] GC(22) Humongous regions: 129->129
[2026-03-19T00:45:26.530+0530][gc,metaspace] GC(22) Metaspace: 42048K(42624K)->42048K(42624K) NonClass: 37055K(37376K)->37055K(37376K) Class: 4992K(5248K)->4992K(5248K)
[2026-03-19T00:45:26.531+0530][gc          ] GC(22) Pause Young (Normal) (G1 Evacuation Pause) 238M->178M(1024M) 10.355ms
[2026-03-19T00:45:26.531+0530][gc,cpu      ] GC(22) User=0.03s Sys=0.01s Real=0.01s
[2026-03-19T00:48:44.761+0530][gc,start    ] GC(23) Pause Young (Normal) (G1 Evacuation Pause)
[2026-03-19T00:48:44.761+0530][gc,task     ] GC(23) Using 8 workers of 8 for evacuation
[2026-03-19T00:48:44.785+0530][gc,mmu      ] GC(23) MMU target violated: 21.0ms (20.0ms/21.0ms)
[2026-03-19T00:48:44.785+0530][gc,phases   ] GC(23)   Pre Evacuate Collection Set: 0.8ms
[2026-03-19T00:48:44.785+0530][gc,phases   ] GC(23)   Merge Heap Roots: 0.3ms
[2026-03-19T00:48:44.785+0530][gc,phases   ] GC(23)   Evacuate Collection Set: 21.5ms
[2026-03-19T00:48:44.785+0530][gc,phases   ] GC(23)   Post Evacuate Collection Set: 0.8ms
[2026-03-19T00:48:44.785+0530][gc,phases   ] GC(23)   Other: 1.5ms
[2026-03-19T00:48:44.785+0530][gc,heap     ] GC(23) Eden regions: 69->0(46)
[2026-03-19T00:48:44.785+0530][gc,heap     ] GC(23) Survivor regions: 6->10(10)
[2026-03-19T00:48:44.785+0530][gc,heap     ] GC(23) Old regions: 44->44
[2026-03-19T00:48:44.785+0530][gc,heap     ] GC(23) Archive regions: 2->2
[2026-03-19T00:48:44.785+0530][gc,heap     ] GC(23) Humongous regions: 129->129
[2026-03-19T00:48:44.785+0530][gc,metaspace] GC(23) Metaspace: 42051K(42624K)->42051K(42624K) NonClass: 37059K(37376K)->37059K(37376K) Class: 4992K(5248K)->4992K(5248K)
[2026-03-19T00:48:44.785+0530][gc          ] GC(23) Pause Young (Normal) (G1 Evacuation Pause) 247M->182M(1024M) 24.986ms
[2026-03-19T00:48:44.785+0530][gc,cpu      ] GC(23) User=0.04s Sys=0.02s Real=0.02s
[2026-03-19T00:50:57.812+0530][gc,start    ] GC(24) Pause Young (Normal) (G1 Evacuation Pause)
[2026-03-19T00:50:57.812+0530][gc,task     ] GC(24) Using 8 workers of 8 for evacuation
[2026-03-19T00:50:57.845+0530][gc,mmu      ] GC(24) MMU target violated: 21.0ms (20.0ms/21.0ms)
[2026-03-19T00:50:57.845+0530][gc,phases   ] GC(24)   Pre Evacuate Collection Set: 1.1ms
[2026-03-19T00:50:57.845+0530][gc,phases   ] GC(24)   Merge Heap Roots: 0.5ms
[2026-03-19T00:50:57.845+0530][gc,phases   ] GC(24)   Evacuate Collection Set: 30.1ms
[2026-03-19T00:50:57.845+0530][gc,phases   ] GC(24)   Post Evacuate Collection Set: 0.7ms
[2026-03-19T00:50:57.845+0530][gc,phases   ] GC(24)   Other: 3.0ms
[2026-03-19T00:50:57.845+0530][gc,heap     ] GC(24) Eden regions: 46->0(47)
[2026-03-19T00:50:57.845+0530][gc,heap     ] GC(24) Survivor regions: 10->6(7)
[2026-03-19T00:50:57.845+0530][gc,heap     ] GC(24) Old regions: 44->51
[2026-03-19T00:50:57.845+0530][gc,heap     ] GC(24) Archive regions: 2->2
[2026-03-19T00:50:57.845+0530][gc,heap     ] GC(24) Humongous regions: 129->129
[2026-03-19T00:50:57.845+0530][gc,metaspace] GC(24) Metaspace: 42083K(42688K)->42083K(42688K) NonClass: 37091K(37440K)->37091K(37440K) Class: 4992K(5248K)->4992K(5248K)
[2026-03-19T00:50:57.845+0530][gc          ] GC(24) Pause Young (Normal) (G1 Evacuation Pause) 228M->185M(1024M) 35.301ms
[2026-03-19T00:50:57.845+0530][gc,cpu      ] GC(24) User=0.04s Sys=0.07s Real=0.03s
[2026-03-19T00:53:13.130+0530][gc,start    ] GC(25) Pause Young (Normal) (G1 Evacuation Pause)
[2026-03-19T00:53:13.130+0530][gc,task     ] GC(25) Using 8 workers of 8 for evacuation
[2026-03-19T00:53:13.154+0530][gc,mmu      ] GC(25) MMU target violated: 21.0ms (20.0ms/21.0ms)
[2026-03-19T00:53:13.154+0530][gc,phases   ] GC(25)   Pre Evacuate Collection Set: 0.8ms
[2026-03-19T00:53:13.154+0530][gc,phases   ] GC(25)   Merge Heap Roots: 0.3ms
[2026-03-19T00:53:13.154+0530][gc,phases   ] GC(25)   Evacuate Collection Set: 22.1ms
[2026-03-19T00:53:13.154+0530][gc,phases   ] GC(25)   Post Evacuate Collection Set: 0.7ms
[2026-03-19T00:53:13.154+0530][gc,phases   ] GC(25)   Other: 0.8ms
[2026-03-19T00:53:13.154+0530][gc,heap     ] GC(25) Eden regions: 47->0(45)
[2026-03-19T00:53:13.154+0530][gc,heap     ] GC(25) Survivor regions: 6->6(7)
[2026-03-19T00:53:13.154+0530][gc,heap     ] GC(25) Old regions: 51->53
[2026-03-19T00:53:13.154+0530][gc,heap     ] GC(25) Archive regions: 2->2
[2026-03-19T00:53:13.154+0530][gc,heap     ] GC(25) Humongous regions: 129->129
[2026-03-19T00:53:13.154+0530][gc,metaspace] GC(25) Metaspace: 42109K(42752K)->42109K(42752K) NonClass: 37116K(37504K)->37116K(37504K) Class: 4992K(5248K)->4992K(5248K)
[2026-03-19T00:53:13.155+0530][gc          ] GC(25) Pause Young (Normal) (G1 Evacuation Pause) 232M->187M(1024M) 24.859ms
[2026-03-19T00:53:13.155+0530][gc,cpu      ] GC(25) User=0.04s Sys=0.03s Real=0.02s
[2026-03-19T00:55:21.744+0530][gc,start    ] GC(26) Pause Young (Normal) (G1 Evacuation Pause)
[2026-03-19T00:55:21.745+0530][gc,task     ] GC(26) Using 8 workers of 8 for evacuation
[2026-03-19T00:55:21.762+0530][gc,phases   ] GC(26)   Pre Evacuate Collection Set: 0.8ms
[2026-03-19T00:55:21.762+0530][gc,phases   ] GC(26)   Merge Heap Roots: 0.4ms
[2026-03-19T00:55:21.762+0530][gc,phases   ] GC(26)   Evacuate Collection Set: 15.1ms
[2026-03-19T00:55:21.762+0530][gc,phases   ] GC(26)   Post Evacuate Collection Set: 0.6ms
[2026-03-19T00:55:21.762+0530][gc,phases   ] GC(26)   Other: 1.4ms
[2026-03-19T00:55:21.762+0530][gc,heap     ] GC(26) Eden regions: 45->0(54)
[2026-03-19T00:55:21.762+0530][gc,heap     ] GC(26) Survivor regions: 6->6(7)
[2026-03-19T00:55:21.762+0530][gc,heap     ] GC(26) Old regions: 53->55
[2026-03-19T00:55:21.762+0530][gc,heap     ] GC(26) Archive regions: 2->2
[2026-03-19T00:55:21.762+0530][gc,heap     ] GC(26) Humongous regions: 129->129
[2026-03-19T00:55:21.762+0530][gc,metaspace] GC(26) Metaspace: 42120K(42752K)->42120K(42752K) NonClass: 37128K(37504K)->37128K(37504K) Class: 4992K(5248K)->4992K(5248K)
[2026-03-19T00:55:21.762+0530][gc          ] GC(26) Pause Young (Normal) (G1 Evacuation Pause) 232M->189M(1024M) 18.496ms
[2026-03-19T00:55:21.762+0530][gc,cpu      ] GC(26) User=0.04s Sys=0.03s Real=0.02s
[2026-03-19T00:57:57.966+0530][gc,start    ] GC(27) Pause Young (Normal) (G1 Evacuation Pause)
[2026-03-19T00:57:57.968+0530][gc,task     ] GC(27) Using 8 workers of 8 for evacuation
[2026-03-19T00:57:58.008+0530][gc,mmu      ] GC(27) MMU target violated: 21.0ms (20.0ms/21.0ms)
[2026-03-19T00:57:58.008+0530][gc,phases   ] GC(27)   Pre Evacuate Collection Set: 3.1ms
[2026-03-19T00:57:58.008+0530][gc,phases   ] GC(27)   Merge Heap Roots: 1.0ms
[2026-03-19T00:57:58.008+0530][gc,phases   ] GC(27)   Evacuate Collection Set: 30.6ms
[2026-03-19T00:57:58.008+0530][gc,phases   ] GC(27)   Post Evacuate Collection Set: 4.3ms
[2026-03-19T00:57:58.009+0530][gc,phases   ] GC(27)   Other: 5.5ms
[2026-03-19T00:57:58.009+0530][gc,heap     ] GC(27) Eden regions: 54->0(48)
[2026-03-19T00:57:58.009+0530][gc,heap     ] GC(27) Survivor regions: 6->3(8)
[2026-03-19T00:57:58.009+0530][gc,heap     ] GC(27) Old regions: 55->57
[2026-03-19T00:57:58.009+0530][gc,heap     ] GC(27) Archive regions: 2->2
[2026-03-19T00:57:58.009+0530][gc,heap     ] GC(27) Humongous regions: 129->129
[2026-03-19T00:57:58.009+0530][gc,metaspace] GC(27) Metaspace: 42128K(42752K)->42128K(42752K) NonClass: 37136K(37504K)->37136K(37504K) Class: 4992K(5248K)->4992K(5248K)
[2026-03-19T00:57:58.010+0530][gc          ] GC(27) Pause Young (Normal) (G1 Evacuation Pause) 243M->189M(1024M) 44.966ms
[2026-03-19T00:57:58.010+0530][gc,cpu      ] GC(27) User=0.03s Sys=0.06s Real=0.05s
[2026-03-19T01:00:15.285+0530][gc,start    ] GC(28) Pause Young (Normal) (G1 Evacuation Pause)
[2026-03-19T01:00:15.293+0530][gc,task     ] GC(28) Using 8 workers of 8 for evacuation
[2026-03-19T01:00:15.339+0530][gc,mmu      ] GC(28) MMU target violated: 21.0ms (20.0ms/21.0ms)
[2026-03-19T01:00:15.339+0530][gc,phases   ] GC(28)   Pre Evacuate Collection Set: 4.3ms
[2026-03-19T01:00:15.339+0530][gc,phases   ] GC(28)   Merge Heap Roots: 3.2ms
[2026-03-19T01:00:15.339+0530][gc,phases   ] GC(28)   Evacuate Collection Set: 31.6ms
[2026-03-19T01:00:15.339+0530][gc,phases   ] GC(28)   Post Evacuate Collection Set: 6.7ms
[2026-03-19T01:00:15.339+0530][gc,phases   ] GC(28)   Other: 14.4ms
[2026-03-19T01:00:15.339+0530][gc,heap     ] GC(28) Eden regions: 48->0(45)
[2026-03-19T01:00:15.339+0530][gc,heap     ] GC(28) Survivor regions: 3->6(7)
[2026-03-19T01:00:15.339+0530][gc,heap     ] GC(28) Old regions: 57->57
[2026-03-19T01:00:15.339+0530][gc,heap     ] GC(28) Archive regions: 2->2
[2026-03-19T01:00:15.339+0530][gc,heap     ] GC(28) Humongous regions: 129->129
[2026-03-19T01:00:15.339+0530][gc,metaspace] GC(28) Metaspace: 42142K(42752K)->42142K(42752K) NonClass: 37150K(37504K)->37150K(37504K) Class: 4992K(5248K)->4992K(5248K)
[2026-03-19T01:00:15.339+0530][gc          ] GC(28) Pause Young (Normal) (G1 Evacuation Pause) 237M->191M(1024M) 60.175ms
[2026-03-19T01:00:15.339+0530][gc,cpu      ] GC(28) User=0.03s Sys=0.03s Real=0.06s
[2026-03-19T01:02:25.794+0530][gc,start    ] GC(29) Pause Young (Normal) (G1 Evacuation Pause)
[2026-03-19T01:02:25.795+0530][gc,task     ] GC(29) Using 8 workers of 8 for evacuation
[2026-03-19T01:02:25.816+0530][gc,mmu      ] GC(29) MMU target violated: 20.6ms (20.0ms/21.0ms)
[2026-03-19T01:02:25.816+0530][gc,phases   ] GC(29)   Pre Evacuate Collection Set: 0.9ms
[2026-03-19T01:02:25.816+0530][gc,phases   ] GC(29)   Merge Heap Roots: 0.4ms
[2026-03-19T01:02:25.816+0530][gc,phases   ] GC(29)   Evacuate Collection Set: 17.5ms
[2026-03-19T01:02:25.816+0530][gc,phases   ] GC(29)   Post Evacuate Collection Set: 1.5ms
[2026-03-19T01:02:25.817+0530][gc,phases   ] GC(29)   Other: 2.1ms
[2026-03-19T01:02:25.817+0530][gc,heap     ] GC(29) Eden regions: 45->0(46)
[2026-03-19T01:02:25.817+0530][gc,heap     ] GC(29) Survivor regions: 6->5(7)
[2026-03-19T01:02:25.817+0530][gc,heap     ] GC(29) Old regions: 57->59
[2026-03-19T01:02:25.817+0530][gc,heap     ] GC(29) Archive regions: 2->2
[2026-03-19T01:02:25.817+0530][gc,heap     ] GC(29) Humongous regions: 129->129
[2026-03-19T01:02:25.817+0530][gc,metaspace] GC(29) Metaspace: 42142K(42752K)->42142K(42752K) NonClass: 37150K(37504K)->37150K(37504K) Class: 4992K(5248K)->4992K(5248K)
[2026-03-19T01:02:25.817+0530][gc          ] GC(29) Pause Young (Normal) (G1 Evacuation Pause) 236M->193M(1024M) 22.561ms
[2026-03-19T01:02:25.817+0530][gc,cpu      ] GC(29) User=0.02s Sys=0.02s Real=0.02s
[2026-03-19T01:04:38.663+0530][gc,start    ] GC(30) Pause Young (Normal) (G1 Evacuation Pause)
[2026-03-19T01:04:38.664+0530][gc,task     ] GC(30) Using 8 workers of 8 for evacuation
[2026-03-19T01:04:38.689+0530][gc,mmu      ] GC(30) MMU target violated: 21.0ms (20.0ms/21.0ms)
[2026-03-19T01:04:38.689+0530][gc,phases   ] GC(30)   Pre Evacuate Collection Set: 1.0ms
[2026-03-19T01:04:38.689+0530][gc,phases   ] GC(30)   Merge Heap Roots: 0.6ms
[2026-03-19T01:04:38.689+0530][gc,phases   ] GC(30)   Evacuate Collection Set: 21.6ms
[2026-03-19T01:04:38.689+0530][gc,phases   ] GC(30)   Post Evacuate Collection Set: 1.0ms
[2026-03-19T01:04:38.689+0530][gc,phases   ] GC(30)   Other: 2.8ms
[2026-03-19T01:04:38.689+0530][gc,heap     ] GC(30) Eden regions: 46->0(45)
[2026-03-19T01:04:38.689+0530][gc,heap     ] GC(30) Survivor regions: 5->6(7)
[2026-03-19T01:04:38.689+0530][gc,heap     ] GC(30) Old regions: 59->61
[2026-03-19T01:04:38.689+0530][gc,heap     ] GC(30) Archive regions: 2->2
[2026-03-19T01:04:38.689+0530][gc,heap     ] GC(30) Humongous regions: 129->129
[2026-03-19T01:04:38.689+0530][gc,metaspace] GC(30) Metaspace: 42147K(42752K)->42147K(42752K) NonClass: 37155K(37504K)->37155K(37504K) Class: 4992K(5248K)->4992K(5248K)
[2026-03-19T01:04:38.690+0530][gc          ] GC(30) Pause Young (Normal) (G1 Evacuation Pause) 239M->195M(1024M) 26.672ms
[2026-03-19T01:04:38.690+0530][gc,cpu      ] GC(30) User=0.04s Sys=0.03s Real=0.03s
[2026-03-19T01:06:48.646+0530][gc,start    ] GC(31) Pause Young (Normal) (G1 Evacuation Pause)
[2026-03-19T01:06:48.646+0530][gc,task     ] GC(31) Using 8 workers of 8 for evacuation
[2026-03-19T01:06:48.671+0530][gc,mmu      ] GC(31) MMU target violated: 21.0ms (20.0ms/21.0ms)
[2026-03-19T01:06:48.671+0530][gc,phases   ] GC(31)   Pre Evacuate Collection Set: 1.9ms
[2026-03-19T01:06:48.671+0530][gc,phases   ] GC(31)   Merge Heap Roots: 0.8ms
[2026-03-19T01:06:48.671+0530][gc,phases   ] GC(31)   Evacuate Collection Set: 19.0ms
[2026-03-19T01:06:48.671+0530][gc,phases   ] GC(31)   Post Evacuate Collection Set: 1.8ms
[2026-03-19T01:06:48.671+0530][gc,phases   ] GC(31)   Other: 3.5ms
[2026-03-19T01:06:48.671+0530][gc,heap     ] GC(31) Eden regions: 45->0(45)
[2026-03-19T01:06:48.671+0530][gc,heap     ] GC(31) Survivor regions: 6->6(7)
[2026-03-19T01:06:48.671+0530][gc,heap     ] GC(31) Old regions: 61->63
[2026-03-19T01:06:48.671+0530][gc,heap     ] GC(31) Archive regions: 2->2
[2026-03-19T01:06:48.671+0530][gc,heap     ] GC(31) Humongous regions: 129->129
[2026-03-19T01:06:48.671+0530][gc,metaspace] GC(31) Metaspace: 42147K(42752K)->42147K(42752K) NonClass: 37155K(37504K)->37155K(37504K) Class: 4992K(5248K)->4992K(5248K)
[2026-03-19T01:06:48.671+0530][gc          ] GC(31) Pause Young (Normal) (G1 Evacuation Pause) 240M->197M(1024M) 26.161ms
[2026-03-19T01:06:48.671+0530][gc,cpu      ] GC(31) User=0.03s Sys=0.02s Real=0.03s
[2026-03-19T01:08:58.348+0530][gc,start    ] GC(32) Pause Young (Normal) (G1 Evacuation Pause)
[2026-03-19T01:08:58.349+0530][gc,task     ] GC(32) Using 8 workers of 8 for evacuation
[2026-03-19T01:08:58.362+0530][gc,phases   ] GC(32)   Pre Evacuate Collection Set: 0.4ms
[2026-03-19T01:08:58.363+0530][gc,phases   ] GC(32)   Merge Heap Roots: 0.2ms
[2026-03-19T01:08:58.363+0530][gc,phases   ] GC(32)   Evacuate Collection Set: 12.5ms
[2026-03-19T01:08:58.363+0530][gc,phases   ] GC(32)   Post Evacuate Collection Set: 0.5ms
[2026-03-19T01:08:58.363+0530][gc,phases   ] GC(32)   Other: 1.9ms
[2026-03-19T01:08:58.363+0530][gc,heap     ] GC(32) Eden regions: 45->0(45)
[2026-03-19T01:08:58.363+0530][gc,heap     ] GC(32) Survivor regions: 6->6(7)
[2026-03-19T01:08:58.363+0530][gc,heap     ] GC(32) Old regions: 63->65
[2026-03-19T01:08:58.363+0530][gc,heap     ] GC(32) Archive regions: 2->2
[2026-03-19T01:08:58.363+0530][gc,heap     ] GC(32) Humongous regions: 129->129
[2026-03-19T01:08:58.363+0530][gc,metaspace] GC(32) Metaspace: 42147K(42752K)->42147K(42752K) NonClass: 37155K(37504K)->37155K(37504K) Class: 4992K(5248K)->4992K(5248K)
[2026-03-19T01:08:58.363+0530][gc          ] GC(32) Pause Young (Normal) (G1 Evacuation Pause) 242M->199M(1024M) 15.928ms
[2026-03-19T01:08:58.363+0530][gc,cpu      ] GC(32) User=0.03s Sys=0.01s Real=0.02s
[2026-03-19T01:10:59.087+0530][gc,start    ] GC(33) Pause Young (Normal) (G1 Evacuation Pause)
[2026-03-19T01:10:59.088+0530][gc,task     ] GC(33) Using 8 workers of 8 for evacuation
[2026-03-19T01:10:59.116+0530][gc,mmu      ] GC(33) MMU target violated: 21.0ms (20.0ms/21.0ms)
[2026-03-19T01:10:59.116+0530][gc,phases   ] GC(33)   Pre Evacuate Collection Set: 1.0ms
[2026-03-19T01:10:59.116+0530][gc,phases   ] GC(33)   Merge Heap Roots: 0.3ms
[2026-03-19T01:10:59.116+0530][gc,phases   ] GC(33)   Evacuate Collection Set: 25.6ms
[2026-03-19T01:10:59.116+0530][gc,phases   ] GC(33)   Post Evacuate Collection Set: 0.5ms
[2026-03-19T01:10:59.116+0530][gc,phases   ] GC(33)   Other: 2.7ms
[2026-03-19T01:10:59.116+0530][gc,heap     ] GC(33) Eden regions: 45->0(44)
[2026-03-19T01:10:59.116+0530][gc,heap     ] GC(33) Survivor regions: 6->7(7)
[2026-03-19T01:10:59.116+0530][gc,heap     ] GC(33) Old regions: 65->67
[2026-03-19T01:10:59.116+0530][gc,heap     ] GC(33) Archive regions: 2->2
[2026-03-19T01:10:59.116+0530][gc,heap     ] GC(33) Humongous regions: 129->129
[2026-03-19T01:10:59.116+0530][gc,metaspace] GC(33) Metaspace: 42162K(42752K)->42162K(42752K) NonClass: 37167K(37504K)->37167K(37504K) Class: 4995K(5248K)->4995K(5248K)
[2026-03-19T01:10:59.117+0530][gc          ] GC(33) Pause Young (Normal) (G1 Evacuation Pause) 244M->202M(1024M) 30.215ms
[2026-03-19T01:10:59.117+0530][gc,cpu      ] GC(33) User=0.04s Sys=0.03s Real=0.03s
[2026-03-19T01:13:05.613+0530][gc,start    ] GC(34) Pause Young (Normal) (G1 Evacuation Pause)
[2026-03-19T01:13:05.613+0530][gc,task     ] GC(34) Using 8 workers of 8 for evacuation
[2026-03-19T01:13:05.633+0530][gc,phases   ] GC(34)   Pre Evacuate Collection Set: 0.5ms
[2026-03-19T01:13:05.633+0530][gc,phases   ] GC(34)   Merge Heap Roots: 0.2ms
[2026-03-19T01:13:05.633+0530][gc,phases   ] GC(34)   Evacuate Collection Set: 17.8ms
[2026-03-19T01:13:05.633+0530][gc,phases   ] GC(34)   Post Evacuate Collection Set: 1.3ms
[2026-03-19T01:13:05.633+0530][gc,phases   ] GC(34)   Other: 1.8ms
[2026-03-19T01:13:05.633+0530][gc,heap     ] GC(34) Eden regions: 44->0(62)
[2026-03-19T01:13:05.633+0530][gc,heap     ] GC(34) Survivor regions: 7->3(7)
[2026-03-19T01:13:05.633+0530][gc,heap     ] GC(34) Old regions: 67->70
[2026-03-19T01:13:05.633+0530][gc,heap     ] GC(34) Archive regions: 2->2
[2026-03-19T01:13:05.633+0530][gc,heap     ] GC(34) Humongous regions: 129->129
[2026-03-19T01:13:05.633+0530][gc,metaspace] GC(34) Metaspace: 42185K(42752K)->42185K(42752K) NonClass: 37189K(37504K)->37189K(37504K) Class: 4995K(5248K)->4995K(5248K)
[2026-03-19T01:13:05.633+0530][gc          ] GC(34) Pause Young (Normal) (G1 Evacuation Pause) 246M->202M(1024M) 21.699ms
[2026-03-19T01:13:05.633+0530][gc,cpu      ] GC(34) User=0.03s Sys=0.03s Real=0.02s
[2026-03-19T01:16:04.101+0530][gc,start    ] GC(35) Pause Young (Normal) (G1 Evacuation Pause)
[2026-03-19T01:16:04.102+0530][gc,task     ] GC(35) Using 8 workers of 8 for evacuation
[2026-03-19T01:16:04.125+0530][gc,mmu      ] GC(35) MMU target violated: 21.0ms (20.0ms/21.0ms)
[2026-03-19T01:16:04.125+0530][gc,phases   ] GC(35)   Pre Evacuate Collection Set: 1.4ms
[2026-03-19T01:16:04.125+0530][gc,phases   ] GC(35)   Merge Heap Roots: 0.5ms
[2026-03-19T01:16:04.125+0530][gc,phases   ] GC(35)   Evacuate Collection Set: 19.7ms
[2026-03-19T01:16:04.125+0530][gc,phases   ] GC(35)   Post Evacuate Collection Set: 1.2ms
[2026-03-19T01:16:04.126+0530][gc,phases   ] GC(35)   Other: 2.6ms
[2026-03-19T01:16:04.126+0530][gc,heap     ] GC(35) Eden regions: 62->0(44)
[2026-03-19T01:16:04.126+0530][gc,heap     ] GC(35) Survivor regions: 3->7(9)
[2026-03-19T01:16:04.126+0530][gc,heap     ] GC(35) Old regions: 70->70
[2026-03-19T01:16:04.126+0530][gc,heap     ] GC(35) Archive regions: 2->2
[2026-03-19T01:16:04.126+0530][gc,heap     ] GC(35) Humongous regions: 129->129
[2026-03-19T01:16:04.126+0530][gc,metaspace] GC(35) Metaspace: 42191K(42816K)->42191K(42816K) NonClass: 37195K(37568K)->37195K(37568K) Class: 4995K(5248K)->4995K(5248K)
[2026-03-19T01:16:04.126+0530][gc          ] GC(35) Pause Young (Normal) (G1 Evacuation Pause) 264M->206M(1024M) 24.849ms
[2026-03-19T01:16:04.126+0530][gc,cpu      ] GC(35) User=0.02s Sys=0.04s Real=0.02s
[2026-03-19T01:18:11.862+0530][gc,start    ] GC(36) Pause Young (Normal) (G1 Evacuation Pause)
[2026-03-19T01:18:11.862+0530][gc,task     ] GC(36) Using 8 workers of 8 for evacuation
[2026-03-19T01:18:11.896+0530][gc,mmu      ] GC(36) MMU target violated: 21.0ms (20.0ms/21.0ms)
[2026-03-19T01:18:11.896+0530][gc,phases   ] GC(36)   Pre Evacuate Collection Set: 0.7ms
[2026-03-19T01:18:11.896+0530][gc,phases   ] GC(36)   Merge Heap Roots: 0.2ms
[2026-03-19T01:18:11.896+0530][gc,phases   ] GC(36)   Evacuate Collection Set: 31.4ms
[2026-03-19T01:18:11.896+0530][gc,phases   ] GC(36)   Post Evacuate Collection Set: 1.0ms
[2026-03-19T01:18:11.896+0530][gc,phases   ] GC(36)   Other: 0.9ms
[2026-03-19T01:18:11.896+0530][gc,heap     ] GC(36) Eden regions: 44->0(46)
[2026-03-19T01:18:11.896+0530][gc,heap     ] GC(36) Survivor regions: 7->5(7)
[2026-03-19T01:18:11.896+0530][gc,heap     ] GC(36) Old regions: 70->74
[2026-03-19T01:18:11.896+0530][gc,heap     ] GC(36) Archive regions: 2->2
[2026-03-19T01:18:11.896+0530][gc,heap     ] GC(36) Humongous regions: 129->129
[2026-03-19T01:18:11.896+0530][gc,metaspace] GC(36) Metaspace: 42195K(42816K)->42195K(42816K) NonClass: 37199K(37568K)->37199K(37568K) Class: 4995K(5248K)->4995K(5248K)
[2026-03-19T01:18:11.896+0530][gc          ] GC(36) Pause Young (Normal) (G1 Evacuation Pause) 250M->208M(1024M) 34.533ms
[2026-03-19T01:18:11.896+0530][gc,cpu      ] GC(36) User=0.04s Sys=0.06s Real=0.03s
[2026-03-19T01:20:24.863+0530][gc,start    ] GC(37) Pause Young (Normal) (G1 Evacuation Pause)
[2026-03-19T01:20:24.863+0530][gc,task     ] GC(37) Using 8 workers of 8 for evacuation
[2026-03-19T01:20:24.900+0530][gc,mmu      ] GC(37) MMU target violated: 21.0ms (20.0ms/21.0ms)
[2026-03-19T01:20:24.900+0530][gc,phases   ] GC(37)   Pre Evacuate Collection Set: 1.5ms
[2026-03-19T01:20:24.900+0530][gc,phases   ] GC(37)   Merge Heap Roots: 1.8ms
[2026-03-19T01:20:24.900+0530][gc,phases   ] GC(37)   Evacuate Collection Set: 29.2ms
[2026-03-19T01:20:24.900+0530][gc,phases   ] GC(37)   Post Evacuate Collection Set: 3.3ms
[2026-03-19T01:20:24.900+0530][gc,phases   ] GC(37)   Other: 2.7ms
[2026-03-19T01:20:24.900+0530][gc,heap     ] GC(37) Eden regions: 46->0(46)
[2026-03-19T01:20:24.900+0530][gc,heap     ] GC(37) Survivor regions: 5->5(7)
[2026-03-19T01:20:24.900+0530][gc,heap     ] GC(37) Old regions: 74->76
[2026-03-19T01:20:24.900+0530][gc,heap     ] GC(37) Archive regions: 2->2
[2026-03-19T01:20:24.900+0530][gc,heap     ] GC(37) Humongous regions: 129->129
[2026-03-19T01:20:24.900+0530][gc,metaspace] GC(37) Metaspace: 42196K(42816K)->42196K(42816K) NonClass: 37200K(37568K)->37200K(37568K) Class: 4995K(5248K)->4995K(5248K)
[2026-03-19T01:20:24.900+0530][gc          ] GC(37) Pause Young (Normal) (G1 Evacuation Pause) 254M->210M(1024M) 38.090ms
[2026-03-19T01:20:24.900+0530][gc,cpu      ] GC(37) User=0.04s Sys=0.05s Real=0.04s
[2026-03-19T01:22:37.913+0530][gc,start    ] GC(38) Pause Young (Normal) (G1 Evacuation Pause)
[2026-03-19T01:22:37.913+0530][gc,task     ] GC(38) Using 8 workers of 8 for evacuation
[2026-03-19T01:22:37.959+0530][gc,mmu      ] GC(38) MMU target violated: 21.0ms (20.0ms/21.0ms)
[2026-03-19T01:22:37.959+0530][gc,phases   ] GC(38)   Pre Evacuate Collection Set: 1.6ms
[2026-03-19T01:22:37.959+0530][gc,phases   ] GC(38)   Merge Heap Roots: 1.2ms
[2026-03-19T01:22:37.959+0530][gc,phases   ] GC(38)   Evacuate Collection Set: 38.7ms
[2026-03-19T01:22:37.959+0530][gc,phases   ] GC(38)   Post Evacuate Collection Set: 3.1ms
[2026-03-19T01:22:37.959+0530][gc,phases   ] GC(38)   Other: 3.6ms
[2026-03-19T01:22:37.959+0530][gc,heap     ] GC(38) Eden regions: 46->0(45)
[2026-03-19T01:22:37.959+0530][gc,heap     ] GC(38) Survivor regions: 5->6(7)
[2026-03-19T01:22:37.959+0530][gc,heap     ] GC(38) Old regions: 76->78
[2026-03-19T01:22:37.959+0530][gc,heap     ] GC(38) Archive regions: 2->2
[2026-03-19T01:22:37.959+0530][gc,heap     ] GC(38) Humongous regions: 129->129
[2026-03-19T01:22:37.959+0530][gc,metaspace] GC(38) Metaspace: 42202K(42816K)->42202K(42816K) NonClass: 37206K(37568K)->37206K(37568K) Class: 4995K(5248K)->4995K(5248K)
[2026-03-19T01:22:37.960+0530][gc          ] GC(38) Pause Young (Normal) (G1 Evacuation Pause) 256M->212M(1024M) 47.688ms
[2026-03-19T01:22:37.960+0530][gc,cpu      ] GC(38) User=0.04s Sys=0.06s Real=0.05s
[2026-03-19T01:24:48.008+0530][gc,start    ] GC(39) Pause Young (Normal) (G1 Evacuation Pause)
[2026-03-19T01:24:48.009+0530][gc,task     ] GC(39) Using 8 workers of 8 for evacuation
[2026-03-19T01:24:48.035+0530][gc,mmu      ] GC(39) MMU target violated: 21.0ms (20.0ms/21.0ms)
[2026-03-19T01:24:48.035+0530][gc,phases   ] GC(39)   Pre Evacuate Collection Set: 2.6ms
[2026-03-19T01:24:48.035+0530][gc,phases   ] GC(39)   Merge Heap Roots: 0.7ms
[2026-03-19T01:24:48.035+0530][gc,phases   ] GC(39)   Evacuate Collection Set: 21.5ms
[2026-03-19T01:24:48.035+0530][gc,phases   ] GC(39)   Post Evacuate Collection Set: 0.5ms
[2026-03-19T01:24:48.035+0530][gc,phases   ] GC(39)   Other: 2.2ms
[2026-03-19T01:24:48.035+0530][gc,heap     ] GC(39) Eden regions: 45->0(45)
[2026-03-19T01:24:48.035+0530][gc,heap     ] GC(39) Survivor regions: 6->6(7)
[2026-03-19T01:24:48.035+0530][gc,heap     ] GC(39) Old regions: 78->80
[2026-03-19T01:24:48.035+0530][gc,heap     ] GC(39) Archive regions: 2->2
[2026-03-19T01:24:48.035+0530][gc,heap     ] GC(39) Humongous regions: 129->129
[2026-03-19T01:24:48.035+0530][gc,metaspace] GC(39) Metaspace: 42204K(42816K)->42204K(42816K) NonClass: 37209K(37568K)->37209K(37568K) Class: 4995K(5248K)->4995K(5248K)
[2026-03-19T01:24:48.035+0530][gc          ] GC(39) Pause Young (Normal) (G1 Evacuation Pause) 257M->214M(1024M) 26.683ms
[2026-03-19T01:24:48.035+0530][gc,cpu      ] GC(39) User=0.04s Sys=0.04s Real=0.03s
[2026-03-19T01:26:59.084+0530][gc,start    ] GC(40) Pause Young (Normal) (G1 Evacuation Pause)
[2026-03-19T01:26:59.084+0530][gc,task     ] GC(40) Using 8 workers of 8 for evacuation
[2026-03-19T01:26:59.152+0530][gc,mmu      ] GC(40) MMU target violated: 21.0ms (20.0ms/21.0ms)
[2026-03-19T01:26:59.152+0530][gc,phases   ] GC(40)   Pre Evacuate Collection Set: 5.7ms
[2026-03-19T01:26:59.152+0530][gc,phases   ] GC(40)   Merge Heap Roots: 3.8ms
[2026-03-19T01:26:59.152+0530][gc,phases   ] GC(40)   Evacuate Collection Set: 53.2ms
[2026-03-19T01:26:59.152+0530][gc,phases   ] GC(40)   Post Evacuate Collection Set: 4.4ms
[2026-03-19T01:26:59.152+0530][gc,phases   ] GC(40)   Other: 2.7ms
[2026-03-19T01:26:59.152+0530][gc,heap     ] GC(40) Eden regions: 45->0(45)
[2026-03-19T01:26:59.152+0530][gc,heap     ] GC(40) Survivor regions: 6->6(7)
[2026-03-19T01:26:59.153+0530][gc,heap     ] GC(40) Old regions: 80->82
[2026-03-19T01:26:59.153+0530][gc,heap     ] GC(40) Archive regions: 2->2
[2026-03-19T01:26:59.153+0530][gc,heap     ] GC(40) Humongous regions: 129->129
[2026-03-19T01:26:59.153+0530][gc,metaspace] GC(40) Metaspace: 42207K(42816K)->42207K(42816K) NonClass: 37211K(37568K)->37211K(37568K) Class: 4995K(5248K)->4995K(5248K)
[2026-03-19T01:26:59.153+0530][gc          ] GC(40) Pause Young (Normal) (G1 Evacuation Pause) 259M->216M(1024M) 69.486ms
[2026-03-19T01:26:59.153+0530][gc,cpu      ] GC(40) User=0.03s Sys=0.12s Real=0.07s
[2026-03-19T01:29:09.356+0530][gc,start    ] GC(41) Pause Young (Normal) (G1 Evacuation Pause)
[2026-03-19T01:29:09.356+0530][gc,task     ] GC(41) Using 8 workers of 8 for evacuation
[2026-03-19T01:29:09.377+0530][gc,mmu      ] GC(41) MMU target violated: 20.6ms (20.0ms/21.0ms)
[2026-03-19T01:29:09.377+0530][gc,phases   ] GC(41)   Pre Evacuate Collection Set: 0.7ms
[2026-03-19T01:29:09.378+0530][gc,phases   ] GC(41)   Merge Heap Roots: 0.3ms
[2026-03-19T01:29:09.378+0530][gc,phases   ] GC(41)   Evacuate Collection Set: 18.6ms
[2026-03-19T01:29:09.378+0530][gc,phases   ] GC(41)   Post Evacuate Collection Set: 1.1ms
[2026-03-19T01:29:09.378+0530][gc,phases   ] GC(41)   Other: 1.7ms
[2026-03-19T01:29:09.378+0530][gc,heap     ] GC(41) Eden regions: 45->0(45)
[2026-03-19T01:29:09.378+0530][gc,heap     ] GC(41) Survivor regions: 6->6(7)
[2026-03-19T01:29:09.378+0530][gc,heap     ] GC(41) Old regions: 82->84
[2026-03-19T01:29:09.378+0530][gc,heap     ] GC(41) Archive regions: 2->2
[2026-03-19T01:29:09.378+0530][gc,heap     ] GC(41) Humongous regions: 129->129
[2026-03-19T01:29:09.378+0530][gc,metaspace] GC(41) Metaspace: 42216K(42816K)->42216K(42816K) NonClass: 37220K(37568K)->37220K(37568K) Class: 4995K(5248K)->4995K(5248K)
[2026-03-19T01:29:09.378+0530][gc          ] GC(41) Pause Young (Normal) (G1 Evacuation Pause) 261M->218M(1024M) 22.356ms
[2026-03-19T01:29:09.378+0530][gc,cpu      ] GC(41) User=0.04s Sys=0.04s Real=0.02s
[2026-03-19T01:31:19.169+0530][gc,start    ] GC(42) Pause Young (Normal) (G1 Evacuation Pause)
[2026-03-19T01:31:19.170+0530][gc,task     ] GC(42) Using 8 workers of 8 for evacuation
[2026-03-19T01:31:19.187+0530][gc,phases   ] GC(42)   Pre Evacuate Collection Set: 0.9ms
[2026-03-19T01:31:19.187+0530][gc,phases   ] GC(42)   Merge Heap Roots: 0.4ms
[2026-03-19T01:31:19.187+0530][gc,phases   ] GC(42)   Evacuate Collection Set: 15.0ms
[2026-03-19T01:31:19.187+0530][gc,phases   ] GC(42)   Post Evacuate Collection Set: 0.7ms
[2026-03-19T01:31:19.187+0530][gc,phases   ] GC(42)   Other: 2.0ms
[2026-03-19T01:31:19.187+0530][gc,heap     ] GC(42) Eden regions: 45->0(46)
[2026-03-19T01:31:19.187+0530][gc,heap     ] GC(42) Survivor regions: 6->5(7)
[2026-03-19T01:31:19.187+0530][gc,heap     ] GC(42) Old regions: 84->86
[2026-03-19T01:31:19.187+0530][gc,heap     ] GC(42) Archive regions: 2->2
[2026-03-19T01:31:19.187+0530][gc,heap     ] GC(42) Humongous regions: 129->129
[2026-03-19T01:31:19.187+0530][gc,metaspace] GC(42) Metaspace: 42222K(42816K)->42222K(42816K) NonClass: 37226K(37568K)->37226K(37568K) Class: 4995K(5248K)->4995K(5248K)
[2026-03-19T01:31:19.188+0530][gc          ] GC(42) Pause Young (Normal) (G1 Evacuation Pause) 263M->220M(1024M) 19.035ms
[2026-03-19T01:31:19.188+0530][gc,cpu      ] GC(42) User=0.02s Sys=0.03s Real=0.02s
[2026-03-19T01:33:30.978+0530][gc,start    ] GC(43) Pause Young (Normal) (G1 Evacuation Pause)
[2026-03-19T01:33:30.979+0530][gc,task     ] GC(43) Using 8 workers of 8 for evacuation
[2026-03-19T01:33:30.991+0530][gc,phases   ] GC(43)   Pre Evacuate Collection Set: 0.6ms
[2026-03-19T01:33:30.991+0530][gc,phases   ] GC(43)   Merge Heap Roots: 0.4ms
[2026-03-19T01:33:30.991+0530][gc,phases   ] GC(43)   Evacuate Collection Set: 9.8ms
[2026-03-19T01:33:30.991+0530][gc,phases   ] GC(43)   Post Evacuate Collection Set: 1.0ms
[2026-03-19T01:33:30.992+0530][gc,phases   ] GC(43)   Other: 2.3ms
[2026-03-19T01:33:30.992+0530][gc,heap     ] GC(43) Eden regions: 46->0(48)
[2026-03-19T01:33:30.992+0530][gc,heap     ] GC(43) Survivor regions: 5->3(7)
[2026-03-19T01:33:30.992+0530][gc,heap     ] GC(43) Old regions: 86->88
[2026-03-19T01:33:30.992+0530][gc,heap     ] GC(43) Archive regions: 2->2
[2026-03-19T01:33:30.992+0530][gc,heap     ] GC(43) Humongous regions: 129->129
[2026-03-19T01:33:30.992+0530][gc,metaspace] GC(43) Metaspace: 42223K(42816K)->42223K(42816K) NonClass: 37227K(37568K)->37227K(37568K) Class: 4995K(5248K)->4995K(5248K)
[2026-03-19T01:33:30.992+0530][gc          ] GC(43) Pause Young (Normal) (G1 Evacuation Pause) 266M->219M(1024M) 14.703ms
[2026-03-19T01:33:30.992+0530][gc,cpu      ] GC(43) User=0.03s Sys=0.02s Real=0.02s
[2026-03-19T01:35:49.405+0530][gc,start    ] GC(44) Pause Young (Normal) (G1 Evacuation Pause)
[2026-03-19T01:35:49.406+0530][gc,task     ] GC(44) Using 8 workers of 8 for evacuation
[2026-03-19T01:35:49.417+0530][gc,phases   ] GC(44)   Pre Evacuate Collection Set: 0.5ms
[2026-03-19T01:35:49.418+0530][gc,phases   ] GC(44)   Merge Heap Roots: 0.2ms
[2026-03-19T01:35:49.418+0530][gc,phases   ] GC(44)   Evacuate Collection Set: 9.5ms
[2026-03-19T01:35:49.418+0530][gc,phases   ] GC(44)   Post Evacuate Collection Set: 0.8ms
[2026-03-19T01:35:49.418+0530][gc,phases   ] GC(44)   Other: 1.3ms
[2026-03-19T01:35:49.418+0530][gc,heap     ] GC(44) Eden regions: 48->0(46)
[2026-03-19T01:35:49.418+0530][gc,heap     ] GC(44) Survivor regions: 3->5(7)
[2026-03-19T01:35:49.418+0530][gc,heap     ] GC(44) Old regions: 88->88
[2026-03-19T01:35:49.418+0530][gc,heap     ] GC(44) Archive regions: 2->2
[2026-03-19T01:35:49.418+0530][gc,heap     ] GC(44) Humongous regions: 129->129
[2026-03-19T01:35:49.418+0530][gc,metaspace] GC(44) Metaspace: 42229K(42816K)->42229K(42816K) NonClass: 37233K(37568K)->37233K(37568K) Class: 4995K(5248K)->4995K(5248K)
[2026-03-19T01:35:49.418+0530][gc          ] GC(44) Pause Young (Normal) (G1 Evacuation Pause) 267M->221M(1024M) 12.628ms
[2026-03-19T01:35:49.418+0530][gc,cpu      ] GC(44) User=0.02s Sys=0.02s Real=0.01s
[2026-03-19T01:38:02.678+0530][gc,start    ] GC(45) Pause Young (Normal) (G1 Evacuation Pause)
[2026-03-19T01:38:02.679+0530][gc,task     ] GC(45) Using 8 workers of 8 for evacuation
[2026-03-19T01:38:02.702+0530][gc,mmu      ] GC(45) MMU target violated: 21.0ms (20.0ms/21.0ms)
[2026-03-19T01:38:02.702+0530][gc,phases   ] GC(45)   Pre Evacuate Collection Set: 0.6ms
[2026-03-19T01:38:02.702+0530][gc,phases   ] GC(45)   Merge Heap Roots: 0.2ms
[2026-03-19T01:38:02.702+0530][gc,phases   ] GC(45)   Evacuate Collection Set: 21.2ms
[2026-03-19T01:38:02.702+0530][gc,phases   ] GC(45)   Post Evacuate Collection Set: 0.7ms
[2026-03-19T01:38:02.702+0530][gc,phases   ] GC(45)   Other: 0.9ms
[2026-03-19T01:38:02.702+0530][gc,heap     ] GC(45) Eden regions: 46->0(46)
[2026-03-19T01:38:02.702+0530][gc,heap     ] GC(45) Survivor regions: 5->5(7)
[2026-03-19T01:38:02.702+0530][gc,heap     ] GC(45) Old regions: 88->89
[2026-03-19T01:38:02.702+0530][gc,heap     ] GC(45) Archive regions: 2->2
[2026-03-19T01:38:02.702+0530][gc,heap     ] GC(45) Humongous regions: 129->129
[2026-03-19T01:38:02.702+0530][gc,metaspace] GC(45) Metaspace: 42230K(42816K)->42230K(42816K) NonClass: 37234K(37568K)->37234K(37568K) Class: 4995K(5248K)->4995K(5248K)
[2026-03-19T01:38:02.702+0530][gc          ] GC(45) Pause Young (Normal) (G1 Evacuation Pause) 267M->223M(1024M) 23.833ms
[2026-03-19T01:38:02.702+0530][gc,cpu      ] GC(45) User=0.04s Sys=0.02s Real=0.03s
[2026-03-19T01:40:15.846+0530][gc,start    ] GC(46) Pause Young (Normal) (G1 Evacuation Pause)
[2026-03-19T01:40:15.847+0530][gc,task     ] GC(46) Using 8 workers of 8 for evacuation
[2026-03-19T01:40:15.875+0530][gc,mmu      ] GC(46) MMU target violated: 21.0ms (20.0ms/21.0ms)
[2026-03-19T01:40:15.875+0530][gc,phases   ] GC(46)   Pre Evacuate Collection Set: 2.7ms
[2026-03-19T01:40:15.875+0530][gc,phases   ] GC(46)   Merge Heap Roots: 1.5ms
[2026-03-19T01:40:15.875+0530][gc,phases   ] GC(46)   Evacuate Collection Set: 19.2ms
[2026-03-19T01:40:15.875+0530][gc,phases   ] GC(46)   Post Evacuate Collection Set: 2.9ms
[2026-03-19T01:40:15.875+0530][gc,phases   ] GC(46)   Other: 4.4ms
[2026-03-19T01:40:15.875+0530][gc,heap     ] GC(46) Eden regions: 46->0(46)
[2026-03-19T01:40:15.875+0530][gc,heap     ] GC(46) Survivor regions: 5->5(7)
[2026-03-19T01:40:15.875+0530][gc,heap     ] GC(46) Old regions: 89->91
[2026-03-19T01:40:15.875+0530][gc,heap     ] GC(46) Archive regions: 2->2
[2026-03-19T01:40:15.875+0530][gc,heap     ] GC(46) Humongous regions: 129->129
[2026-03-19T01:40:15.875+0530][gc,metaspace] GC(46) Metaspace: 42230K(42816K)->42230K(42816K) NonClass: 37234K(37568K)->37234K(37568K) Class: 4995K(5248K)->4995K(5248K)
[2026-03-19T01:40:15.875+0530][gc          ] GC(46) Pause Young (Normal) (G1 Evacuation Pause) 269M->225M(1024M) 29.439ms
[2026-03-19T01:40:15.875+0530][gc,cpu      ] GC(46) User=0.02s Sys=0.04s Real=0.03s
[2026-03-19T01:42:29.085+0530][gc,start    ] GC(47) Pause Young (Normal) (G1 Evacuation Pause)
[2026-03-19T01:42:29.086+0530][gc,task     ] GC(47) Using 8 workers of 8 for evacuation
[2026-03-19T01:42:29.117+0530][gc,mmu      ] GC(47) MMU target violated: 21.0ms (20.0ms/21.0ms)
[2026-03-19T01:42:29.118+0530][gc,phases   ] GC(47)   Pre Evacuate Collection Set: 2.1ms
[2026-03-19T01:42:29.118+0530][gc,phases   ] GC(47)   Merge Heap Roots: 0.5ms
[2026-03-19T01:42:29.118+0530][gc,phases   ] GC(47)   Evacuate Collection Set: 26.3ms
[2026-03-19T01:42:29.118+0530][gc,phases   ] GC(47)   Post Evacuate Collection Set: 1.6ms
[2026-03-19T01:42:29.118+0530][gc,phases   ] GC(47)   Other: 2.2ms
[2026-03-19T01:42:29.118+0530][gc,heap     ] GC(47) Eden regions: 46->0(45)
[2026-03-19T01:42:29.118+0530][gc,heap     ] GC(47) Survivor regions: 5->6(7)
[2026-03-19T01:42:29.118+0530][gc,heap     ] GC(47) Old regions: 91->93
[2026-03-19T01:42:29.118+0530][gc,heap     ] GC(47) Archive regions: 2->2
[2026-03-19T01:42:29.118+0530][gc,heap     ] GC(47) Humongous regions: 129->129
[2026-03-19T01:42:29.118+0530][gc,metaspace] GC(47) Metaspace: 42230K(42816K)->42230K(42816K) NonClass: 37234K(37568K)->37234K(37568K) Class: 4995K(5248K)->4995K(5248K)
[2026-03-19T01:42:29.118+0530][gc          ] GC(47) Pause Young (Normal) (G1 Evacuation Pause) 271M->228M(1024M) 32.773ms
[2026-03-19T01:42:29.118+0530][gc,cpu      ] GC(47) User=0.03s Sys=0.05s Real=0.03s
[2026-03-19T01:44:38.882+0530][gc,start    ] GC(48) Pause Young (Normal) (G1 Evacuation Pause)
[2026-03-19T01:44:38.882+0530][gc,task     ] GC(48) Using 8 workers of 8 for evacuation
[2026-03-19T01:44:38.910+0530][gc,mmu      ] GC(48) MMU target violated: 21.0ms (20.0ms/21.0ms)
[2026-03-19T01:44:38.910+0530][gc,phases   ] GC(48)   Pre Evacuate Collection Set: 2.6ms
[2026-03-19T01:44:38.910+0530][gc,phases   ] GC(48)   Merge Heap Roots: 0.7ms
[2026-03-19T01:44:38.910+0530][gc,phases   ] GC(48)   Evacuate Collection Set: 22.6ms
[2026-03-19T01:44:38.910+0530][gc,phases   ] GC(48)   Post Evacuate Collection Set: 1.2ms
[2026-03-19T01:44:38.910+0530][gc,phases   ] GC(48)   Other: 3.3ms
[2026-03-19T01:44:38.910+0530][gc,heap     ] GC(48) Eden regions: 45->0(45)
[2026-03-19T01:44:38.910+0530][gc,heap     ] GC(48) Survivor regions: 6->6(7)
[2026-03-19T01:44:38.910+0530][gc,heap     ] GC(48) Old regions: 93->95
[2026-03-19T01:44:38.910+0530][gc,heap     ] GC(48) Archive regions: 2->2
[2026-03-19T01:44:38.910+0530][gc,heap     ] GC(48) Humongous regions: 129->129
[2026-03-19T01:44:38.910+0530][gc,metaspace] GC(48) Metaspace: 42240K(42816K)->42240K(42816K) NonClass: 37244K(37568K)->37244K(37568K) Class: 4995K(5248K)->4995K(5248K)
[2026-03-19T01:44:38.911+0530][gc          ] GC(48) Pause Young (Normal) (G1 Evacuation Pause) 273M->229M(1024M) 29.385ms
[2026-03-19T01:44:38.911+0530][gc,cpu      ] GC(48) User=0.03s Sys=0.05s Real=0.03s
[2026-03-19T01:46:48.730+0530][gc,start    ] GC(49) Pause Young (Normal) (G1 Evacuation Pause)
[2026-03-19T01:46:48.731+0530][gc,task     ] GC(49) Using 8 workers of 8 for evacuation
[2026-03-19T01:46:48.748+0530][gc,phases   ] GC(49)   Pre Evacuate Collection Set: 0.7ms
[2026-03-19T01:46:48.748+0530][gc,phases   ] GC(49)   Merge Heap Roots: 0.4ms
[2026-03-19T01:46:48.748+0530][gc,phases   ] GC(49)   Evacuate Collection Set: 14.5ms
[2026-03-19T01:46:48.748+0530][gc,phases   ] GC(49)   Post Evacuate Collection Set: 1.0ms
[2026-03-19T01:46:48.748+0530][gc,phases   ] GC(49)   Other: 1.7ms
[2026-03-19T01:46:48.748+0530][gc,heap     ] GC(49) Eden regions: 45->0(45)
[2026-03-19T01:46:48.748+0530][gc,heap     ] GC(49) Survivor regions: 6->6(7)
[2026-03-19T01:46:48.748+0530][gc,heap     ] GC(49) Old regions: 95->97
[2026-03-19T01:46:48.748+0530][gc,heap     ] GC(49) Archive regions: 2->2
[2026-03-19T01:46:48.748+0530][gc,heap     ] GC(49) Humongous regions: 129->129
[2026-03-19T01:46:48.748+0530][gc,metaspace] GC(49) Metaspace: 42250K(42816K)->42250K(42816K) NonClass: 37255K(37568K)->37255K(37568K) Class: 4995K(5248K)->4995K(5248K)
[2026-03-19T01:46:48.748+0530][gc          ] GC(49) Pause Young (Normal) (G1 Evacuation Pause) 274M->232M(1024M) 18.488ms
[2026-03-19T01:46:48.749+0530][gc,cpu      ] GC(49) User=0.04s Sys=0.02s Real=0.01s
[2026-03-19T01:48:59.074+0530][gc,start    ] GC(50) Pause Young (Normal) (G1 Evacuation Pause)
[2026-03-19T01:48:59.075+0530][gc,task     ] GC(50) Using 8 workers of 8 for evacuation
[2026-03-19T01:48:59.096+0530][gc,mmu      ] GC(50) MMU target violated: 21.0ms (20.0ms/21.0ms)
[2026-03-19T01:48:59.096+0530][gc,phases   ] GC(50)   Pre Evacuate Collection Set: 0.8ms
[2026-03-19T01:48:59.097+0530][gc,phases   ] GC(50)   Merge Heap Roots: 0.2ms
[2026-03-19T01:48:59.097+0530][gc,phases   ] GC(50)   Evacuate Collection Set: 19.8ms
[2026-03-19T01:48:59.097+0530][gc,phases   ] GC(50)   Post Evacuate Collection Set: 0.5ms
[2026-03-19T01:48:59.097+0530][gc,phases   ] GC(50)   Other: 1.5ms
[2026-03-19T01:48:59.097+0530][gc,heap     ] GC(50) Eden regions: 45->0(45)
[2026-03-19T01:48:59.097+0530][gc,heap     ] GC(50) Survivor regions: 6->6(7)
[2026-03-19T01:48:59.097+0530][gc,heap     ] GC(50) Old regions: 97->99
[2026-03-19T01:48:59.097+0530][gc,heap     ] GC(50) Archive regions: 2->2
[2026-03-19T01:48:59.097+0530][gc,heap     ] GC(50) Humongous regions: 129->129
[2026-03-19T01:48:59.097+0530][gc,metaspace] GC(50) Metaspace: 42254K(42816K)->42254K(42816K) NonClass: 37258K(37568K)->37258K(37568K) Class: 4995K(5248K)->4995K(5248K)
[2026-03-19T01:48:59.097+0530][gc          ] GC(50) Pause Young (Normal) (G1 Evacuation Pause) 277M->234M(1024M) 22.979ms
[2026-03-19T01:48:59.097+0530][gc,cpu      ] GC(50) User=0.04s Sys=0.02s Real=0.02s
[2026-03-19T01:51:08.177+0530][gc,start    ] GC(51) Pause Young (Normal) (G1 Evacuation Pause)
[2026-03-19T01:51:08.178+0530][gc,task     ] GC(51) Using 8 workers of 8 for evacuation
[2026-03-19T01:51:08.195+0530][gc,phases   ] GC(51)   Pre Evacuate Collection Set: 0.6ms
[2026-03-19T01:51:08.195+0530][gc,phases   ] GC(51)   Merge Heap Roots: 0.3ms
[2026-03-19T01:51:08.195+0530][gc,phases   ] GC(51)   Evacuate Collection Set: 15.3ms
[2026-03-19T01:51:08.195+0530][gc,phases   ] GC(51)   Post Evacuate Collection Set: 0.8ms
[2026-03-19T01:51:08.195+0530][gc,phases   ] GC(51)   Other: 1.4ms
[2026-03-19T01:51:08.195+0530][gc,heap     ] GC(51) Eden regions: 45->0(45)
[2026-03-19T01:51:08.195+0530][gc,heap     ] GC(51) Survivor regions: 6->6(7)
[2026-03-19T01:51:08.195+0530][gc,heap     ] GC(51) Old regions: 99->101
[2026-03-19T01:51:08.195+0530][gc,heap     ] GC(51) Archive regions: 2->2
[2026-03-19T01:51:08.195+0530][gc,heap     ] GC(51) Humongous regions: 129->129
[2026-03-19T01:51:08.195+0530][gc,metaspace] GC(51) Metaspace: 42256K(42816K)->42256K(42816K) NonClass: 37261K(37568K)->37261K(37568K) Class: 4995K(5248K)->4995K(5248K)
[2026-03-19T01:51:08.195+0530][gc          ] GC(51) Pause Young (Normal) (G1 Evacuation Pause) 279M->236M(1024M) 18.560ms
[2026-03-19T01:51:08.195+0530][gc,cpu      ] GC(51) User=0.04s Sys=0.01s Real=0.02s
[2026-03-19T01:53:18.430+0530][gc,start    ] GC(52) Pause Young (Normal) (G1 Evacuation Pause)
[2026-03-19T01:53:18.431+0530][gc,task     ] GC(52) Using 8 workers of 8 for evacuation
[2026-03-19T01:53:18.451+0530][gc,phases   ] GC(52)   Pre Evacuate Collection Set: 0.6ms
[2026-03-19T01:53:18.451+0530][gc,phases   ] GC(52)   Merge Heap Roots: 0.2ms
[2026-03-19T01:53:18.451+0530][gc,phases   ] GC(52)   Evacuate Collection Set: 17.8ms
[2026-03-19T01:53:18.451+0530][gc,phases   ] GC(52)   Post Evacuate Collection Set: 0.6ms
[2026-03-19T01:53:18.451+0530][gc,phases   ] GC(52)   Other: 1.3ms
[2026-03-19T01:53:18.451+0530][gc,heap     ] GC(52) Eden regions: 45->0(45)
[2026-03-19T01:53:18.451+0530][gc,heap     ] GC(52) Survivor regions: 6->6(7)
[2026-03-19T01:53:18.451+0530][gc,heap     ] GC(52) Old regions: 101->103
[2026-03-19T01:53:18.451+0530][gc,heap     ] GC(52) Archive regions: 2->2
[2026-03-19T01:53:18.451+0530][gc,heap     ] GC(52) Humongous regions: 129->129
[2026-03-19T01:53:18.451+0530][gc,metaspace] GC(52) Metaspace: 42259K(42816K)->42259K(42816K) NonClass: 37263K(37568K)->37263K(37568K) Class: 4995K(5248K)->4995K(5248K)
[2026-03-19T01:53:18.451+0530][gc          ] GC(52) Pause Young (Normal) (G1 Evacuation Pause) 281M->238M(1024M) 20.762ms
[2026-03-19T01:53:18.451+0530][gc,cpu      ] GC(52) User=0.04s Sys=0.02s Real=0.02s
[2026-03-19T01:55:28.208+0530][gc,start    ] GC(53) Pause Young (Normal) (G1 Evacuation Pause)
[2026-03-19T01:55:28.209+0530][gc,task     ] GC(53) Using 8 workers of 8 for evacuation
[2026-03-19T01:55:28.235+0530][gc,mmu      ] GC(53) MMU target violated: 21.0ms (20.0ms/21.0ms)
[2026-03-19T01:55:28.235+0530][gc,phases   ] GC(53)   Pre Evacuate Collection Set: 0.7ms
[2026-03-19T01:55:28.235+0530][gc,phases   ] GC(53)   Merge Heap Roots: 0.5ms
[2026-03-19T01:55:28.235+0530][gc,phases   ] GC(53)   Evacuate Collection Set: 23.5ms
[2026-03-19T01:55:28.235+0530][gc,phases   ] GC(53)   Post Evacuate Collection Set: 1.0ms
[2026-03-19T01:55:28.235+0530][gc,phases   ] GC(53)   Other: 1.3ms
[2026-03-19T01:55:28.235+0530][gc,heap     ] GC(53) Eden regions: 45->0(45)
[2026-03-19T01:55:28.235+0530][gc,heap     ] GC(53) Survivor regions: 6->6(7)
[2026-03-19T01:55:28.235+0530][gc,heap     ] GC(53) Old regions: 103->105
[2026-03-19T01:55:28.235+0530][gc,heap     ] GC(53) Archive regions: 2->2
[2026-03-19T01:55:28.235+0530][gc,heap     ] GC(53) Humongous regions: 129->129
[2026-03-19T01:55:28.235+0530][gc,metaspace] GC(53) Metaspace: 42259K(42816K)->42259K(42816K) NonClass: 37263K(37568K)->37263K(37568K) Class: 4995K(5248K)->4995K(5248K)
[2026-03-19T01:55:28.235+0530][gc          ] GC(53) Pause Young (Normal) (G1 Evacuation Pause) 283M->240M(1024M) 27.040ms
[2026-03-19T01:55:28.235+0530][gc,cpu      ] GC(53) User=0.05s Sys=0.04s Real=0.03s
[2026-03-19T01:57:38.466+0530][gc,start    ] GC(54) Pause Young (Normal) (G1 Evacuation Pause)
[2026-03-19T01:57:38.467+0530][gc,task     ] GC(54) Using 8 workers of 8 for evacuation
[2026-03-19T01:57:38.486+0530][gc,phases   ] GC(54)   Pre Evacuate Collection Set: 1.1ms
[2026-03-19T01:57:38.487+0530][gc,phases   ] GC(54)   Merge Heap Roots: 0.6ms
[2026-03-19T01:57:38.487+0530][gc,phases   ] GC(54)   Evacuate Collection Set: 16.6ms
[2026-03-19T01:57:38.487+0530][gc,phases   ] GC(54)   Post Evacuate Collection Set: 0.7ms
[2026-03-19T01:57:38.487+0530][gc,phases   ] GC(54)   Other: 1.7ms
[2026-03-19T01:57:38.487+0530][gc,heap     ] GC(54) Eden regions: 45->0(45)
[2026-03-19T01:57:38.487+0530][gc,heap     ] GC(54) Survivor regions: 6->6(7)
[2026-03-19T01:57:38.487+0530][gc,heap     ] GC(54) Old regions: 105->107
[2026-03-19T01:57:38.487+0530][gc,heap     ] GC(54) Archive regions: 2->2
[2026-03-19T01:57:38.487+0530][gc,heap     ] GC(54) Humongous regions: 129->129
[2026-03-19T01:57:38.487+0530][gc,metaspace] GC(54) Metaspace: 42259K(42816K)->42259K(42816K) NonClass: 37263K(37568K)->37263K(37568K) Class: 4995K(5248K)->4995K(5248K)
[2026-03-19T01:57:38.487+0530][gc          ] GC(54) Pause Young (Normal) (G1 Evacuation Pause) 285M->242M(1024M) 20.851ms
[2026-03-19T01:57:38.487+0530][gc,cpu      ] GC(54) User=0.04s Sys=0.03s Real=0.02s
[2026-03-19T01:59:47.626+0530][gc,start    ] GC(55) Pause Young (Normal) (G1 Evacuation Pause)
[2026-03-19T01:59:47.627+0530][gc,task     ] GC(55) Using 8 workers of 8 for evacuation
[2026-03-19T01:59:47.653+0530][gc,mmu      ] GC(55) MMU target violated: 21.0ms (20.0ms/21.0ms)
[2026-03-19T01:59:47.653+0530][gc,phases   ] GC(55)   Pre Evacuate Collection Set: 1.0ms
[2026-03-19T01:59:47.653+0530][gc,phases   ] GC(55)   Merge Heap Roots: 0.4ms
[2026-03-19T01:59:47.653+0530][gc,phases   ] GC(55)   Evacuate Collection Set: 22.3ms
[2026-03-19T01:59:47.653+0530][gc,phases   ] GC(55)   Post Evacuate Collection Set: 2.1ms
[2026-03-19T01:59:47.653+0530][gc,phases   ] GC(55)   Other: 1.8ms
[2026-03-19T01:59:47.653+0530][gc,heap     ] GC(55) Eden regions: 45->0(46)
[2026-03-19T01:59:47.653+0530][gc,heap     ] GC(55) Survivor regions: 6->5(7)
[2026-03-19T01:59:47.653+0530][gc,heap     ] GC(55) Old regions: 107->111
[2026-03-19T01:59:47.653+0530][gc,heap     ] GC(55) Archive regions: 2->2
[2026-03-19T01:59:47.653+0530][gc,heap     ] GC(55) Humongous regions: 129->129
[2026-03-19T01:59:47.653+0530][gc,metaspace] GC(55) Metaspace: 42271K(42816K)->42271K(42816K) NonClass: 37275K(37568K)->37275K(37568K) Class: 4995K(5248K)->4995K(5248K)
[2026-03-19T01:59:47.653+0530][gc          ] GC(55) Pause Young (Normal) (G1 Evacuation Pause) 287M->244M(1024M) 27.569ms
[2026-03-19T01:59:47.654+0530][gc,cpu      ] GC(55) User=0.04s Sys=0.03s Real=0.03s
[2026-03-19T02:02:00.952+0530][gc,start    ] GC(56) Pause Young (Normal) (G1 Evacuation Pause)
[2026-03-19T02:02:00.954+0530][gc,task     ] GC(56) Using 8 workers of 8 for evacuation
[2026-03-19T02:02:00.968+0530][gc,phases   ] GC(56)   Pre Evacuate Collection Set: 0.8ms
[2026-03-19T02:02:00.968+0530][gc,phases   ] GC(56)   Merge Heap Roots: 0.3ms
[2026-03-19T02:02:00.968+0530][gc,phases   ] GC(56)   Evacuate Collection Set: 12.1ms
[2026-03-19T02:02:00.968+0530][gc,phases   ] GC(56)   Post Evacuate Collection Set: 0.6ms
[2026-03-19T02:02:00.968+0530][gc,phases   ] GC(56)   Other: 1.6ms
[2026-03-19T02:02:00.968+0530][gc,heap     ] GC(56) Eden regions: 46->0(70)
[2026-03-19T02:02:00.968+0530][gc,heap     ] GC(56) Survivor regions: 5->5(7)
[2026-03-19T02:02:00.968+0530][gc,heap     ] GC(56) Old regions: 111->113
[2026-03-19T02:02:00.968+0530][gc,heap     ] GC(56) Archive regions: 2->2
[2026-03-19T02:02:00.968+0530][gc,heap     ] GC(56) Humongous regions: 129->129
[2026-03-19T02:02:00.968+0530][gc,metaspace] GC(56) Metaspace: 42271K(42816K)->42271K(42816K) NonClass: 37275K(37568K)->37275K(37568K) Class: 4995K(5248K)->4995K(5248K)
[2026-03-19T02:02:00.968+0530][gc          ] GC(56) Pause Young (Normal) (G1 Evacuation Pause) 290M->246M(1024M) 15.633ms
[2026-03-19T02:02:00.968+0530][gc,cpu      ] GC(56) User=0.03s Sys=0.01s Real=0.01s
[2026-03-19T02:05:24.054+0530][gc,start    ] GC(57) Pause Young (Normal) (G1 Evacuation Pause)
[2026-03-19T02:05:24.055+0530][gc,task     ] GC(57) Using 8 workers of 8 for evacuation
[2026-03-19T02:05:24.075+0530][gc,phases   ] GC(57)   Pre Evacuate Collection Set: 1.0ms
[2026-03-19T02:05:24.075+0530][gc,phases   ] GC(57)   Merge Heap Roots: 0.3ms
[2026-03-19T02:05:24.075+0530][gc,phases   ] GC(57)   Evacuate Collection Set: 17.5ms
[2026-03-19T02:05:24.075+0530][gc,phases   ] GC(57)   Post Evacuate Collection Set: 0.9ms
[2026-03-19T02:05:24.075+0530][gc,phases   ] GC(57)   Other: 1.6ms
[2026-03-19T02:05:24.075+0530][gc,heap     ] GC(57) Eden regions: 70->0(45)
[2026-03-19T02:05:24.075+0530][gc,heap     ] GC(57) Survivor regions: 5->6(10)
[2026-03-19T02:05:24.075+0530][gc,heap     ] GC(57) Old regions: 113->113
[2026-03-19T02:05:24.075+0530][gc,heap     ] GC(57) Archive regions: 2->2
[2026-03-19T02:05:24.075+0530][gc,heap     ] GC(57) Humongous regions: 129->129
[2026-03-19T02:05:24.075+0530][gc,metaspace] GC(57) Metaspace: 42286K(42880K)->42286K(42880K) NonClass: 37290K(37632K)->37290K(37632K) Class: 4995K(5248K)->4995K(5248K)
[2026-03-19T02:05:24.075+0530][gc          ] GC(57) Pause Young (Normal) (G1 Evacuation Pause) 316M->248M(1024M) 21.477ms
[2026-03-19T02:05:24.075+0530][gc,cpu      ] GC(57) User=0.03s Sys=0.03s Real=0.02s
[2026-03-19T02:09:00.550+0530][gc,heap,exit] Heap
[2026-03-19T02:09:00.550+0530][gc,heap,exit]  garbage-first heap   total 1048576K, used 279096K [0x00000007c0000000, 0x0000000800000000)
[2026-03-19T02:09:00.550+0530][gc,heap,exit]   region size 1024K, 31 young (31744K), 6 survivors (6144K)
[2026-03-19T02:09:00.550+0530][gc,heap,exit]  Metaspace       used 43159K, committed 43840K, reserved 1114112K
[2026-03-19T02:09:00.550+0530][gc,heap,exit]   class space    used 5178K, committed 5504K, reserved 1048576K
