[2026-04-11T16:14:04.965+0530][gc] Using G1
[2026-04-11T16:14:04.967+0530][gc,init] Version: 17.0.10+7-LTS (release)
[2026-04-11T16:14:04.967+0530][gc,init] CPUs: 8 total, 8 available
[2026-04-11T16:14:04.967+0530][gc,init] Memory: 8192M
[2026-04-11T16:14:04.967+0530][gc,init] Large Page Support: Disabled
[2026-04-11T16:14:04.967+0530][gc,init] NUMA Support: Disabled
[2026-04-11T16:14:04.967+0530][gc,init] Compressed Oops: Enabled (Zero based)
[2026-04-11T16:14:04.967+0530][gc,init] Heap Region Size: 1M
[2026-04-11T16:14:04.967+0530][gc,init] Heap Min Capacity: 1G
[2026-04-11T16:14:04.967+0530][gc,init] Heap Initial Capacity: 1G
[2026-04-11T16:14:04.967+0530][gc,init] Heap Max Capacity: 1G
[2026-04-11T16:14:04.967+0530][gc,init] Pre-touch: Disabled
[2026-04-11T16:14:04.967+0530][gc,init] Parallel Workers: 8
[2026-04-11T16:14:04.967+0530][gc,init] Concurrent Workers: 2
[2026-04-11T16:14:04.967+0530][gc,init] Concurrent Refinement Workers: 8
[2026-04-11T16:14:04.967+0530][gc,init] Periodic GC: Disabled
[2026-04-11T16:14:04.971+0530][gc,metaspace] CDS archive(s) mapped at: [0x0000007000000000-0x0000007000bc0000-0x0000007000bc0000), size 12320768, SharedBaseAddress: 0x0000007000000000, ArchiveRelocationMode: 1.
[2026-04-11T16:14:04.971+0530][gc,metaspace] Compressed class space mapped at: 0x0000007001000000-0x0000007041000000, reserved size: 1073741824
[2026-04-11T16:14:04.971+0530][gc,metaspace] Narrow klass base: 0x0000007000000000, Narrow klass shift: 0, Narrow klass range: 0x100000000
[2026-04-11T16:14:10.857+0530][gc,start    ] GC(0) Pause Young (Normal) (G1 Evacuation Pause)
[2026-04-11T16:14:10.857+0530][gc,task     ] GC(0) Using 8 workers of 8 for evacuation
[2026-04-11T16:14:10.860+0530][gc,phases   ] GC(0)   Pre Evacuate Collection Set: 0.2ms
[2026-04-11T16:14:10.860+0530][gc,phases   ] GC(0)   Merge Heap Roots: 0.1ms
[2026-04-11T16:14:10.860+0530][gc,phases   ] GC(0)   Evacuate Collection Set: 2.5ms
[2026-04-11T16:14:10.860+0530][gc,phases   ] GC(0)   Post Evacuate Collection Set: 0.2ms
[2026-04-11T16:14:10.860+0530][gc,phases   ] GC(0)   Other: 0.3ms
[2026-04-11T16:14:10.860+0530][gc,heap     ] GC(0) Eden regions: 51->0(44)
[2026-04-11T16:14:10.860+0530][gc,heap     ] GC(0) Survivor regions: 0->7(7)
[2026-04-11T16:14:10.860+0530][gc,heap     ] GC(0) Old regions: 0->1
[2026-04-11T16:14:10.860+0530][gc,heap     ] GC(0) Archive regions: 2->2
[2026-04-11T16:14:10.860+0530][gc,heap     ] GC(0) Humongous regions: 0->0
[2026-04-11T16:14:10.860+0530][gc,metaspace] GC(0) Metaspace: 17845K(17984K)->17845K(17984K) NonClass: 15714K(15808K)->15714K(15808K) Class: 2131K(2176K)->2131K(2176K)
[2026-04-11T16:14:10.860+0530][gc          ] GC(0) Pause Young (Normal) (G1 Evacuation Pause) 51M->8M(1024M) 3.406ms
[2026-04-11T16:14:10.860+0530][gc,cpu      ] GC(0) User=0.01s Sys=0.00s Real=0.01s
[2026-04-11T16:14:11.079+0530][gc,start    ] GC(1) Pause Young (Concurrent Start) (Metadata GC Threshold)
[2026-04-11T16:14:11.079+0530][gc,task     ] GC(1) Using 8 workers of 8 for evacuation
[2026-04-11T16:14:11.083+0530][gc,phases   ] GC(1)   Pre Evacuate Collection Set: 0.1ms
[2026-04-11T16:14:11.083+0530][gc,phases   ] GC(1)   Merge Heap Roots: 0.1ms
[2026-04-11T16:14:11.083+0530][gc,phases   ] GC(1)   Evacuate Collection Set: 3.6ms
[2026-04-11T16:14:11.083+0530][gc,phases   ] GC(1)   Post Evacuate Collection Set: 0.3ms
[2026-04-11T16:14:11.083+0530][gc,phases   ] GC(1)   Other: 0.2ms
[2026-04-11T16:14:11.083+0530][gc,heap     ] GC(1) Eden regions: 16->0(49)
[2026-04-11T16:14:11.083+0530][gc,heap     ] GC(1) Survivor regions: 7->2(7)
[2026-04-11T16:14:11.083+0530][gc,heap     ] GC(1) Old regions: 1->8
[2026-04-11T16:14:11.083+0530][gc,heap     ] GC(1) Archive regions: 2->2
[2026-04-11T16:14:11.083+0530][gc,heap     ] GC(1) Humongous regions: 129->129
[2026-04-11T16:14:11.083+0530][gc,metaspace] GC(1) Metaspace: 21327K(21504K)->21327K(21504K) NonClass: 18743K(18816K)->18743K(18816K) Class: 2583K(2688K)->2583K(2688K)
[2026-04-11T16:14:11.083+0530][gc          ] GC(1) Pause Young (Concurrent Start) (Metadata GC Threshold) 152M->139M(1024M) 4.368ms
[2026-04-11T16:14:11.083+0530][gc,cpu      ] GC(1) User=0.01s Sys=0.00s Real=0.01s
[2026-04-11T16:14:11.083+0530][gc          ] GC(2) Concurrent Mark Cycle
[2026-04-11T16:14:11.083+0530][gc,marking  ] GC(2) Concurrent Clear Claimed Marks
[2026-04-11T16:14:11.083+0530][gc,marking  ] GC(2) Concurrent Clear Claimed Marks 0.015ms
[2026-04-11T16:14:11.083+0530][gc,marking  ] GC(2) Concurrent Scan Root Regions
[2026-04-11T16:14:11.087+0530][gc,marking  ] GC(2) Concurrent Scan Root Regions 3.117ms
[2026-04-11T16:14:11.087+0530][gc,marking  ] GC(2) Concurrent Mark
[2026-04-11T16:14:11.087+0530][gc,marking  ] GC(2) Concurrent Mark From Roots
[2026-04-11T16:14:11.087+0530][gc,task     ] GC(2) Using 2 workers of 2 for marking
[2026-04-11T16:14:11.089+0530][gc,marking  ] GC(2) Concurrent Mark From Roots 2.304ms
[2026-04-11T16:14:11.089+0530][gc,marking  ] GC(2) Concurrent Preclean
[2026-04-11T16:14:11.089+0530][gc,marking  ] GC(2) Concurrent Preclean 0.023ms
[2026-04-11T16:14:11.090+0530][gc,start    ] GC(2) Pause Remark
[2026-04-11T16:14:11.103+0530][gc          ] GC(2) Pause Remark 140M->140M(1024M) 13.069ms
[2026-04-11T16:14:11.103+0530][gc,cpu      ] GC(2) User=0.01s Sys=0.02s Real=0.01s
[2026-04-11T16:14:11.103+0530][gc,marking  ] GC(2) Concurrent Mark 16.781ms
[2026-04-11T16:14:11.103+0530][gc,marking  ] GC(2) Concurrent Rebuild Remembered Sets
[2026-04-11T16:14:11.103+0530][gc,marking  ] GC(2) Concurrent Rebuild Remembered Sets 0.006ms
[2026-04-11T16:14:11.103+0530][gc,start    ] GC(2) Pause Cleanup
[2026-04-11T16:14:11.104+0530][gc          ] GC(2) Pause Cleanup 140M->140M(1024M) 0.021ms
[2026-04-11T16:14:11.104+0530][gc,cpu      ] GC(2) User=0.00s Sys=0.00s Real=0.00s
[2026-04-11T16:14:11.104+0530][gc,marking  ] GC(2) Concurrent Cleanup for Next Mark
[2026-04-11T16:14:11.106+0530][gc,marking  ] GC(2) Concurrent Cleanup for Next Mark 2.383ms
[2026-04-11T16:14:11.106+0530][gc          ] GC(2) Concurrent Mark Cycle 22.626ms
[2026-04-11T16:14:11.498+0530][gc,start    ] GC(3) Pause Young (Normal) (G1 Evacuation Pause)
[2026-04-11T16:14:11.498+0530][gc,task     ] GC(3) Using 8 workers of 8 for evacuation
[2026-04-11T16:14:11.501+0530][gc,phases   ] GC(3)   Pre Evacuate Collection Set: 0.2ms
[2026-04-11T16:14:11.501+0530][gc,phases   ] GC(3)   Merge Heap Roots: 0.0ms
[2026-04-11T16:14:11.501+0530][gc,phases   ] GC(3)   Evacuate Collection Set: 2.5ms
[2026-04-11T16:14:11.501+0530][gc,phases   ] GC(3)   Post Evacuate Collection Set: 0.3ms
[2026-04-11T16:14:11.501+0530][gc,phases   ] GC(3)   Other: 0.1ms
[2026-04-11T16:14:11.501+0530][gc,heap     ] GC(3) Eden regions: 49->0(44)
[2026-04-11T16:14:11.501+0530][gc,heap     ] GC(3) Survivor regions: 2->7(7)
[2026-04-11T16:14:11.501+0530][gc,heap     ] GC(3) Old regions: 8->8
[2026-04-11T16:14:11.501+0530][gc,heap     ] GC(3) Archive regions: 2->2
[2026-04-11T16:14:11.501+0530][gc,heap     ] GC(3) Humongous regions: 129->129
[2026-04-11T16:14:11.501+0530][gc,metaspace] GC(3) Metaspace: 32725K(32960K)->32725K(32960K) NonClass: 29093K(29248K)->29093K(29248K) Class: 3631K(3712K)->3631K(3712K)
[2026-04-11T16:14:11.501+0530][gc          ] GC(3) Pause Young (Normal) (G1 Evacuation Pause) 188M->144M(1024M) 3.159ms
[2026-04-11T16:14:11.501+0530][gc,cpu      ] GC(3) User=0.02s Sys=0.00s Real=0.01s
[2026-04-11T16:14:11.849+0530][gc,start    ] GC(4) Pause Young (Concurrent Start) (Metadata GC Threshold)
[2026-04-11T16:14:11.849+0530][gc,task     ] GC(4) Using 8 workers of 8 for evacuation
[2026-04-11T16:14:11.853+0530][gc,phases   ] GC(4)   Pre Evacuate Collection Set: 0.1ms
[2026-04-11T16:14:11.853+0530][gc,phases   ] GC(4)   Merge Heap Roots: 0.0ms
[2026-04-11T16:14:11.853+0530][gc,phases   ] GC(4)   Evacuate Collection Set: 3.5ms
[2026-04-11T16:14:11.853+0530][gc,phases   ] GC(4)   Post Evacuate Collection Set: 0.2ms
[2026-04-11T16:14:11.853+0530][gc,phases   ] GC(4)   Other: 0.2ms
[2026-04-11T16:14:11.853+0530][gc,heap     ] GC(4) Eden regions: 15->0(49)
[2026-04-11T16:14:11.853+0530][gc,heap     ] GC(4) Survivor regions: 7->2(7)
[2026-04-11T16:14:11.853+0530][gc,heap     ] GC(4) Old regions: 8->15
[2026-04-11T16:14:11.853+0530][gc,heap     ] GC(4) Archive regions: 2->2
[2026-04-11T16:14:11.853+0530][gc,heap     ] GC(4) Humongous regions: 129->129
[2026-04-11T16:14:11.853+0530][gc,metaspace] GC(4) Metaspace: 35829K(36160K)->35829K(36160K) NonClass: 31646K(31808K)->31646K(31808K) Class: 4182K(4352K)->4182K(4352K)
[2026-04-11T16:14:11.853+0530][gc          ] GC(4) Pause Young (Concurrent Start) (Metadata GC Threshold) 158M->145M(1024M) 4.236ms
[2026-04-11T16:14:11.853+0530][gc,cpu      ] GC(4) User=0.02s Sys=0.00s Real=0.01s
[2026-04-11T16:14:11.853+0530][gc          ] GC(5) Concurrent Mark Cycle
[2026-04-11T16:14:11.853+0530][gc,marking  ] GC(5) Concurrent Clear Claimed Marks
[2026-04-11T16:14:11.853+0530][gc,marking  ] GC(5) Concurrent Clear Claimed Marks 0.023ms
[2026-04-11T16:14:11.853+0530][gc,marking  ] GC(5) Concurrent Scan Root Regions
[2026-04-11T16:14:11.856+0530][gc,marking  ] GC(5) Concurrent Scan Root Regions 2.357ms
[2026-04-11T16:14:11.856+0530][gc,marking  ] GC(5) Concurrent Mark
[2026-04-11T16:14:11.856+0530][gc,marking  ] GC(5) Concurrent Mark From Roots
[2026-04-11T16:14:11.856+0530][gc,task     ] GC(5) Using 2 workers of 2 for marking
[2026-04-11T16:14:11.859+0530][gc,marking  ] GC(5) Concurrent Mark From Roots 3.757ms
[2026-04-11T16:14:11.863+0530][gc,marking  ] GC(5) Concurrent Preclean
[2026-04-11T16:14:11.863+0530][gc,marking  ] GC(5) Concurrent Preclean 0.057ms
[2026-04-11T16:14:11.863+0530][gc,start    ] GC(5) Pause Remark
[2026-04-11T16:14:11.864+0530][gc          ] GC(5) Pause Remark 145M->145M(1024M) 0.946ms
[2026-04-11T16:14:11.864+0530][gc,cpu      ] GC(5) User=0.00s Sys=0.01s Real=0.00s
[2026-04-11T16:14:11.864+0530][gc,marking  ] GC(5) Concurrent Mark 8.433ms
[2026-04-11T16:14:11.864+0530][gc,marking  ] GC(5) Concurrent Rebuild Remembered Sets
[2026-04-11T16:14:11.868+0530][gc,marking  ] GC(5) Concurrent Rebuild Remembered Sets 4.029ms
[2026-04-11T16:14:11.868+0530][gc,start    ] GC(5) Pause Cleanup
[2026-04-11T16:14:11.868+0530][gc          ] GC(5) Pause Cleanup 146M->146M(1024M) 0.099ms
[2026-04-11T16:14:11.868+0530][gc,cpu      ] GC(5) User=0.00s Sys=0.00s Real=0.00s
[2026-04-11T16:14:11.868+0530][gc,marking  ] GC(5) Concurrent Cleanup for Next Mark
[2026-04-11T16:14:11.870+0530][gc,marking  ] GC(5) Concurrent Cleanup for Next Mark 1.479ms
[2026-04-11T16:14:11.870+0530][gc          ] GC(5) Concurrent Mark Cycle 16.804ms
[2026-04-11T16:14:39.008+0530][gc,start    ] GC(6) Pause Young (Normal) (G1 Evacuation Pause)
[2026-04-11T16:14:39.008+0530][gc,task     ] GC(6) Using 8 workers of 8 for evacuation
[2026-04-11T16:14:39.039+0530][gc,mmu      ] GC(6) MMU target violated: 21.0ms (20.0ms/21.0ms)
[2026-04-11T16:14:39.039+0530][gc,phases   ] GC(6)   Pre Evacuate Collection Set: 0.7ms
[2026-04-11T16:14:39.039+0530][gc,phases   ] GC(6)   Merge Heap Roots: 0.2ms
[2026-04-11T16:14:39.039+0530][gc,phases   ] GC(6)   Evacuate Collection Set: 28.2ms
[2026-04-11T16:14:39.039+0530][gc,phases   ] GC(6)   Post Evacuate Collection Set: 0.9ms
[2026-04-11T16:14:39.039+0530][gc,phases   ] GC(6)   Other: 0.8ms
[2026-04-11T16:14:39.039+0530][gc,heap     ] GC(6) Eden regions: 49->0(46)
[2026-04-11T16:14:39.039+0530][gc,heap     ] GC(6) Survivor regions: 2->5(7)
[2026-04-11T16:14:39.039+0530][gc,heap     ] GC(6) Old regions: 15->15
[2026-04-11T16:14:39.039+0530][gc,heap     ] GC(6) Archive regions: 2->2
[2026-04-11T16:14:39.039+0530][gc,heap     ] GC(6) Humongous regions: 129->129
[2026-04-11T16:14:39.039+0530][gc,metaspace] GC(6) Metaspace: 41329K(41856K)->41329K(41856K) NonClass: 36369K(36672K)->36369K(36672K) Class: 4960K(5184K)->4960K(5184K)
[2026-04-11T16:14:39.039+0530][gc          ] GC(6) Pause Young (Normal) (G1 Evacuation Pause) 194M->148M(1024M) 30.943ms
[2026-04-11T16:14:39.039+0530][gc,cpu      ] GC(6) User=0.03s Sys=0.05s Real=0.03s
[2026-04-11T16:16:30.776+0530][gc,start    ] GC(7) Pause Young (Normal) (G1 Evacuation Pause)
[2026-04-11T16:16:30.777+0530][gc,task     ] GC(7) Using 8 workers of 8 for evacuation
[2026-04-11T16:16:30.798+0530][gc,phases   ] GC(7)   Pre Evacuate Collection Set: 2.6ms
[2026-04-11T16:16:30.798+0530][gc,phases   ] GC(7)   Merge Heap Roots: 0.1ms
[2026-04-11T16:16:30.798+0530][gc,phases   ] GC(7)   Evacuate Collection Set: 17.1ms
[2026-04-11T16:16:30.798+0530][gc,phases   ] GC(7)   Post Evacuate Collection Set: 0.6ms
[2026-04-11T16:16:30.798+0530][gc,phases   ] GC(7)   Other: 1.8ms
[2026-04-11T16:16:30.798+0530][gc,heap     ] GC(7) Eden regions: 46->0(49)
[2026-04-11T16:16:30.798+0530][gc,heap     ] GC(7) Survivor regions: 5->2(7)
[2026-04-11T16:16:30.798+0530][gc,heap     ] GC(7) Old regions: 15->18
[2026-04-11T16:16:30.798+0530][gc,heap     ] GC(7) Archive regions: 2->2
[2026-04-11T16:16:30.798+0530][gc,heap     ] GC(7) Humongous regions: 129->129
[2026-04-11T16:16:30.798+0530][gc,metaspace] GC(7) Metaspace: 42129K(42688K)->42129K(42688K) NonClass: 37055K(37376K)->37055K(37376K) Class: 5074K(5312K)->5074K(5312K)
[2026-04-11T16:16:30.798+0530][gc          ] GC(7) Pause Young (Normal) (G1 Evacuation Pause) 194M->149M(1024M) 22.129ms
[2026-04-11T16:16:30.798+0530][gc,cpu      ] GC(7) User=0.02s Sys=0.03s Real=0.02s
[2026-04-11T16:18:53.043+0530][gc,start    ] GC(8) Pause Young (Normal) (G1 Evacuation Pause)
[2026-04-11T16:18:53.044+0530][gc,task     ] GC(8) Using 8 workers of 8 for evacuation
[2026-04-11T16:18:53.050+0530][gc,phases   ] GC(8)   Pre Evacuate Collection Set: 0.5ms
[2026-04-11T16:18:53.050+0530][gc,phases   ] GC(8)   Merge Heap Roots: 0.2ms
[2026-04-11T16:18:53.051+0530][gc,phases   ] GC(8)   Evacuate Collection Set: 5.4ms
[2026-04-11T16:18:53.051+0530][gc,phases   ] GC(8)   Post Evacuate Collection Set: 0.4ms
[2026-04-11T16:18:53.051+0530][gc,phases   ] GC(8)   Other: 2.2ms
[2026-04-11T16:18:53.051+0530][gc,heap     ] GC(8) Eden regions: 49->0(46)
[2026-04-11T16:18:53.051+0530][gc,heap     ] GC(8) Survivor regions: 2->5(7)
[2026-04-11T16:18:53.051+0530][gc,heap     ] GC(8) Old regions: 18->18
[2026-04-11T16:18:53.051+0530][gc,heap     ] GC(8) Archive regions: 2->2
[2026-04-11T16:18:53.051+0530][gc,heap     ] GC(8) Humongous regions: 129->129
[2026-04-11T16:18:53.051+0530][gc,metaspace] GC(8) Metaspace: 42203K(42752K)->42203K(42752K) NonClass: 37129K(37440K)->37129K(37440K) Class: 5074K(5312K)->5074K(5312K)
[2026-04-11T16:18:53.051+0530][gc          ] GC(8) Pause Young (Normal) (G1 Evacuation Pause) 198M->151M(1024M) 8.751ms
[2026-04-11T16:18:53.051+0530][gc,cpu      ] GC(8) User=0.02s Sys=0.01s Real=0.01s
[2026-04-11T16:21:01.904+0530][gc,start    ] GC(9) Pause Young (Normal) (G1 Evacuation Pause)
[2026-04-11T16:21:01.905+0530][gc,task     ] GC(9) Using 8 workers of 8 for evacuation
[2026-04-11T16:21:01.924+0530][gc,phases   ] GC(9)   Pre Evacuate Collection Set: 0.6ms
[2026-04-11T16:21:01.925+0530][gc,phases   ] GC(9)   Merge Heap Roots: 0.2ms
[2026-04-11T16:21:01.925+0530][gc,phases   ] GC(9)   Evacuate Collection Set: 18.2ms
[2026-04-11T16:21:01.925+0530][gc,phases   ] GC(9)   Post Evacuate Collection Set: 0.5ms
[2026-04-11T16:21:01.925+0530][gc,phases   ] GC(9)   Other: 1.4ms
[2026-04-11T16:21:01.925+0530][gc,heap     ] GC(9) Eden regions: 46->0(46)
[2026-04-11T16:21:01.925+0530][gc,heap     ] GC(9) Survivor regions: 5->5(7)
[2026-04-11T16:21:01.925+0530][gc,heap     ] GC(9) Old regions: 18->20
[2026-04-11T16:21:01.925+0530][gc,heap     ] GC(9) Archive regions: 2->2
[2026-04-11T16:21:01.925+0530][gc,heap     ] GC(9) Humongous regions: 129->129
[2026-04-11T16:21:01.925+0530][gc,metaspace] GC(9) Metaspace: 42408K(42944K)->42408K(42944K) NonClass: 37308K(37632K)->37308K(37632K) Class: 5100K(5312K)->5100K(5312K)
[2026-04-11T16:21:01.925+0530][gc          ] GC(9) Pause Young (Normal) (G1 Evacuation Pause) 197M->154M(1024M) 21.202ms
[2026-04-11T16:21:01.925+0530][gc,cpu      ] GC(9) User=0.04s Sys=0.02s Real=0.02s
[2026-04-11T16:23:08.055+0530][gc,start    ] GC(10) Pause Young (Normal) (G1 Evacuation Pause)
[2026-04-11T16:23:08.056+0530][gc,task     ] GC(10) Using 8 workers of 8 for evacuation
[2026-04-11T16:23:08.088+0530][gc,mmu      ] GC(10) MMU target violated: 21.0ms (20.0ms/21.0ms)
[2026-04-11T16:23:08.088+0530][gc,phases   ] GC(10)   Pre Evacuate Collection Set: 3.1ms
[2026-04-11T16:23:08.088+0530][gc,phases   ] GC(10)   Merge Heap Roots: 1.3ms
[2026-04-11T16:23:08.088+0530][gc,phases   ] GC(10)   Evacuate Collection Set: 24.8ms
[2026-04-11T16:23:08.088+0530][gc,phases   ] GC(10)   Post Evacuate Collection Set: 1.6ms
[2026-04-11T16:23:08.088+0530][gc,phases   ] GC(10)   Other: 3.9ms
[2026-04-11T16:23:08.088+0530][gc,heap     ] GC(10) Eden regions: 46->0(46)
[2026-04-11T16:23:08.088+0530][gc,heap     ] GC(10) Survivor regions: 5->5(7)
[2026-04-11T16:23:08.089+0530][gc,heap     ] GC(10) Old regions: 20->22
[2026-04-11T16:23:08.089+0530][gc,heap     ] GC(10) Archive regions: 2->2
[2026-04-11T16:23:08.089+0530][gc,heap     ] GC(10) Humongous regions: 129->129
[2026-04-11T16:23:08.089+0530][gc,metaspace] GC(10) Metaspace: 42449K(43008K)->42449K(43008K) NonClass: 37346K(37696K)->37346K(37696K) Class: 5102K(5312K)->5102K(5312K)
[2026-04-11T16:23:08.089+0530][gc          ] GC(10) Pause Young (Normal) (G1 Evacuation Pause) 200M->156M(1024M) 34.246ms
[2026-04-11T16:23:08.089+0530][gc,cpu      ] GC(10) User=0.04s Sys=0.05s Real=0.03s
[2026-04-11T16:25:18.479+0530][gc,start    ] GC(11) Pause Young (Normal) (G1 Evacuation Pause)
[2026-04-11T16:25:18.480+0530][gc,task     ] GC(11) Using 8 workers of 8 for evacuation
[2026-04-11T16:25:18.508+0530][gc,mmu      ] GC(11) MMU target violated: 21.0ms (20.0ms/21.0ms)
[2026-04-11T16:25:18.508+0530][gc,phases   ] GC(11)   Pre Evacuate Collection Set: 2.3ms
[2026-04-11T16:25:18.508+0530][gc,phases   ] GC(11)   Merge Heap Roots: 0.9ms
[2026-04-11T16:25:18.508+0530][gc,phases   ] GC(11)   Evacuate Collection Set: 22.2ms
[2026-04-11T16:25:18.508+0530][gc,phases   ] GC(11)   Post Evacuate Collection Set: 1.3ms
[2026-04-11T16:25:18.508+0530][gc,phases   ] GC(11)   Other: 3.3ms
[2026-04-11T16:25:18.509+0530][gc,heap     ] GC(11) Eden regions: 46->0(46)
[2026-04-11T16:25:18.509+0530][gc,heap     ] GC(11) Survivor regions: 5->5(7)
[2026-04-11T16:25:18.509+0530][gc,heap     ] GC(11) Old regions: 22->24
[2026-04-11T16:25:18.509+0530][gc,heap     ] GC(11) Archive regions: 2->2
[2026-04-11T16:25:18.509+0530][gc,heap     ] GC(11) Humongous regions: 129->129
[2026-04-11T16:25:18.509+0530][gc,metaspace] GC(11) Metaspace: 42580K(43200K)->42580K(43200K) NonClass: 37458K(37824K)->37458K(37824K) Class: 5121K(5376K)->5121K(5376K)
[2026-04-11T16:25:18.509+0530][gc          ] GC(11) Pause Young (Normal) (G1 Evacuation Pause) 202M->157M(1024M) 29.948ms
[2026-04-11T16:25:18.509+0530][gc,cpu      ] GC(11) User=0.03s Sys=0.03s Real=0.03s
[2026-04-11T16:27:32.362+0530][gc,start    ] GC(12) Pause Young (Normal) (G1 Evacuation Pause)
[2026-04-11T16:27:32.363+0530][gc,task     ] GC(12) Using 8 workers of 8 for evacuation
[2026-04-11T16:27:32.381+0530][gc,phases   ] GC(12)   Pre Evacuate Collection Set: 0.8ms
[2026-04-11T16:27:32.381+0530][gc,phases   ] GC(12)   Merge Heap Roots: 0.4ms
[2026-04-11T16:27:32.381+0530][gc,phases   ] GC(12)   Evacuate Collection Set: 16.4ms
[2026-04-11T16:27:32.381+0530][gc,phases   ] GC(12)   Post Evacuate Collection Set: 0.5ms
[2026-04-11T16:27:32.381+0530][gc,phases   ] GC(12)   Other: 2.2ms
[2026-04-11T16:27:32.381+0530][gc,heap     ] GC(12) Eden regions: 46->0(45)
[2026-04-11T16:27:32.381+0530][gc,heap     ] GC(12) Survivor regions: 5->6(7)
[2026-04-11T16:27:32.381+0530][gc,heap     ] GC(12) Old regions: 24->26
[2026-04-11T16:27:32.381+0530][gc,heap     ] GC(12) Archive regions: 2->2
[2026-04-11T16:27:32.381+0530][gc,heap     ] GC(12) Humongous regions: 129->129
[2026-04-11T16:27:32.381+0530][gc,metaspace] GC(12) Metaspace: 42586K(43200K)->42586K(43200K) NonClass: 37464K(37824K)->37464K(37824K) Class: 5121K(5376K)->5121K(5376K)
[2026-04-11T16:27:32.382+0530][gc          ] GC(12) Pause Young (Normal) (G1 Evacuation Pause) 203M->160M(1024M) 20.466ms
[2026-04-11T16:27:32.382+0530][gc,cpu      ] GC(12) User=0.05s Sys=0.02s Real=0.02s
[2026-04-11T16:29:41.688+0530][gc,start    ] GC(13) Pause Young (Normal) (G1 Evacuation Pause)
[2026-04-11T16:29:41.691+0530][gc,task     ] GC(13) Using 8 workers of 8 for evacuation
[2026-04-11T16:29:41.719+0530][gc,mmu      ] GC(13) MMU target violated: 21.0ms (20.0ms/21.0ms)
[2026-04-11T16:29:41.719+0530][gc,phases   ] GC(13)   Pre Evacuate Collection Set: 2.8ms
[2026-04-11T16:29:41.719+0530][gc,phases   ] GC(13)   Merge Heap Roots: 0.6ms
[2026-04-11T16:29:41.719+0530][gc,phases   ] GC(13)   Evacuate Collection Set: 23.2ms
[2026-04-11T16:29:41.719+0530][gc,phases   ] GC(13)   Post Evacuate Collection Set: 0.6ms
[2026-04-11T16:29:41.719+0530][gc,phases   ] GC(13)   Other: 5.3ms
[2026-04-11T16:29:41.719+0530][gc,heap     ] GC(13) Eden regions: 45->0(45)
[2026-04-11T16:29:41.719+0530][gc,heap     ] GC(13) Survivor regions: 6->6(7)
[2026-04-11T16:29:41.719+0530][gc,heap     ] GC(13) Old regions: 26->28
[2026-04-11T16:29:41.719+0530][gc,heap     ] GC(13) Archive regions: 2->2
[2026-04-11T16:29:41.719+0530][gc,heap     ] GC(13) Humongous regions: 129->129
[2026-04-11T16:29:41.719+0530][gc,metaspace] GC(13) Metaspace: 42596K(43200K)->42596K(43200K) NonClass: 37475K(37824K)->37475K(37824K) Class: 5121K(5376K)->5121K(5376K)
[2026-04-11T16:29:41.719+0530][gc          ] GC(13) Pause Young (Normal) (G1 Evacuation Pause) 205M->162M(1024M) 32.041ms
[2026-04-11T16:29:41.719+0530][gc,cpu      ] GC(13) User=0.04s Sys=0.04s Real=0.03s
[2026-04-11T16:31:52.145+0530][gc,start    ] GC(14) Pause Young (Normal) (G1 Evacuation Pause)
[2026-04-11T16:31:52.146+0530][gc,task     ] GC(14) Using 8 workers of 8 for evacuation
[2026-04-11T16:31:52.170+0530][gc,mmu      ] GC(14) MMU target violated: 21.0ms (20.0ms/21.0ms)
[2026-04-11T16:31:52.170+0530][gc,phases   ] GC(14)   Pre Evacuate Collection Set: 0.8ms
[2026-04-11T16:31:52.170+0530][gc,phases   ] GC(14)   Merge Heap Roots: 0.9ms
[2026-04-11T16:31:52.170+0530][gc,phases   ] GC(14)   Evacuate Collection Set: 20.0ms
[2026-04-11T16:31:52.170+0530][gc,phases   ] GC(14)   Post Evacuate Collection Set: 1.5ms
[2026-04-11T16:31:52.170+0530][gc,phases   ] GC(14)   Other: 3.7ms
[2026-04-11T16:31:52.170+0530][gc,heap     ] GC(14) Eden regions: 45->0(45)
[2026-04-11T16:31:52.170+0530][gc,heap     ] GC(14) Survivor regions: 6->6(7)
[2026-04-11T16:31:52.170+0530][gc,heap     ] GC(14) Old regions: 28->30
[2026-04-11T16:31:52.170+0530][gc,heap     ] GC(14) Archive regions: 2->2
[2026-04-11T16:31:52.170+0530][gc,heap     ] GC(14) Humongous regions: 129->129
[2026-04-11T16:31:52.170+0530][gc,metaspace] GC(14) Metaspace: 42610K(43200K)->42610K(43200K) NonClass: 37487K(37824K)->37487K(37824K) Class: 5122K(5376K)->5122K(5376K)
[2026-04-11T16:31:52.171+0530][gc          ] GC(14) Pause Young (Normal) (G1 Evacuation Pause) 207M->164M(1024M) 26.146ms
[2026-04-11T16:31:52.171+0530][gc,cpu      ] GC(14) User=0.03s Sys=0.03s Real=0.03s
[2026-04-11T16:34:02.729+0530][gc,start    ] GC(15) Pause Young (Normal) (G1 Evacuation Pause)
[2026-04-11T16:34:02.731+0530][gc,task     ] GC(15) Using 8 workers of 8 for evacuation
[2026-04-11T16:34:02.764+0530][gc,mmu      ] GC(15) MMU target violated: 21.0ms (20.0ms/21.0ms)
[2026-04-11T16:34:02.764+0530][gc,phases   ] GC(15)   Pre Evacuate Collection Set: 4.4ms
[2026-04-11T16:34:02.764+0530][gc,phases   ] GC(15)   Merge Heap Roots: 1.0ms
[2026-04-11T16:34:02.764+0530][gc,phases   ] GC(15)   Evacuate Collection Set: 23.8ms
[2026-04-11T16:34:02.764+0530][gc,phases   ] GC(15)   Post Evacuate Collection Set: 2.1ms
[2026-04-11T16:34:02.764+0530][gc,phases   ] GC(15)   Other: 4.8ms
[2026-04-11T16:34:02.764+0530][gc,heap     ] GC(15) Eden regions: 45->0(45)
[2026-04-11T16:34:02.764+0530][gc,heap     ] GC(15) Survivor regions: 6->6(7)
[2026-04-11T16:34:02.764+0530][gc,heap     ] GC(15) Old regions: 30->31
[2026-04-11T16:34:02.764+0530][gc,heap     ] GC(15) Archive regions: 2->2
[2026-04-11T16:34:02.764+0530][gc,heap     ] GC(15) Humongous regions: 129->129
[2026-04-11T16:34:02.764+0530][gc,metaspace] GC(15) Metaspace: 42620K(43200K)->42620K(43200K) NonClass: 37497K(37824K)->37497K(37824K) Class: 5122K(5376K)->5122K(5376K)
[2026-04-11T16:34:02.765+0530][gc          ] GC(15) Pause Young (Normal) (G1 Evacuation Pause) 209M->166M(1024M) 35.922ms
[2026-04-11T16:34:02.765+0530][gc,cpu      ] GC(15) User=0.03s Sys=0.04s Real=0.04s
[2026-04-11T16:36:13.378+0530][gc,start    ] GC(16) Pause Young (Normal) (G1 Evacuation Pause)
[2026-04-11T16:36:13.378+0530][gc,task     ] GC(16) Using 8 workers of 8 for evacuation
[2026-04-11T16:36:13.403+0530][gc,mmu      ] GC(16) MMU target violated: 21.0ms (20.0ms/21.0ms)
[2026-04-11T16:36:13.403+0530][gc,phases   ] GC(16)   Pre Evacuate Collection Set: 0.6ms
[2026-04-11T16:36:13.403+0530][gc,phases   ] GC(16)   Merge Heap Roots: 0.2ms
[2026-04-11T16:36:13.403+0530][gc,phases   ] GC(16)   Evacuate Collection Set: 23.3ms
[2026-04-11T16:36:13.403+0530][gc,phases   ] GC(16)   Post Evacuate Collection Set: 0.5ms
[2026-04-11T16:36:13.403+0530][gc,phases   ] GC(16)   Other: 1.6ms
[2026-04-11T16:36:13.403+0530][gc,heap     ] GC(16) Eden regions: 45->0(45)
[2026-04-11T16:36:13.403+0530][gc,heap     ] GC(16) Survivor regions: 6->6(7)
[2026-04-11T16:36:13.403+0530][gc,heap     ] GC(16) Old regions: 31->33
[2026-04-11T16:36:13.403+0530][gc,heap     ] GC(16) Archive regions: 2->2
[2026-04-11T16:36:13.403+0530][gc,heap     ] GC(16) Humongous regions: 129->129
[2026-04-11T16:36:13.403+0530][gc,metaspace] GC(16) Metaspace: 42648K(43264K)->42648K(43264K) NonClass: 37525K(37888K)->37525K(37888K) Class: 5122K(5376K)->5122K(5376K)
[2026-04-11T16:36:13.404+0530][gc          ] GC(16) Pause Young (Normal) (G1 Evacuation Pause) 211M->168M(1024M) 26.305ms
[2026-04-11T16:36:13.404+0530][gc,cpu      ] GC(16) User=0.03s Sys=0.03s Real=0.03s
[2026-04-11T16:38:24.098+0530][gc,start    ] GC(17) Pause Young (Normal) (G1 Evacuation Pause)
[2026-04-11T16:38:24.099+0530][gc,task     ] GC(17) Using 8 workers of 8 for evacuation
[2026-04-11T16:38:24.127+0530][gc,mmu      ] GC(17) MMU target violated: 21.0ms (20.0ms/21.0ms)
[2026-04-11T16:38:24.127+0530][gc,phases   ] GC(17)   Pre Evacuate Collection Set: 0.8ms
[2026-04-11T16:38:24.127+0530][gc,phases   ] GC(17)   Merge Heap Roots: 0.3ms
[2026-04-11T16:38:24.127+0530][gc,phases   ] GC(17)   Evacuate Collection Set: 25.6ms
[2026-04-11T16:38:24.127+0530][gc,phases   ] GC(17)   Post Evacuate Collection Set: 1.3ms
[2026-04-11T16:38:24.127+0530][gc,phases   ] GC(17)   Other: 1.9ms
[2026-04-11T16:38:24.127+0530][gc,heap     ] GC(17) Eden regions: 45->0(45)
[2026-04-11T16:38:24.127+0530][gc,heap     ] GC(17) Survivor regions: 6->6(7)
[2026-04-11T16:38:24.127+0530][gc,heap     ] GC(17) Old regions: 33->35
[2026-04-11T16:38:24.127+0530][gc,heap     ] GC(17) Archive regions: 2->2
[2026-04-11T16:38:24.127+0530][gc,heap     ] GC(17) Humongous regions: 129->129
[2026-04-11T16:38:24.127+0530][gc,metaspace] GC(17) Metaspace: 42653K(43264K)->42653K(43264K) NonClass: 37530K(37888K)->37530K(37888K) Class: 5122K(5376K)->5122K(5376K)
[2026-04-11T16:38:24.127+0530][gc          ] GC(17) Pause Young (Normal) (G1 Evacuation Pause) 213M->170M(1024M) 29.999ms
[2026-04-11T16:38:24.127+0530][gc,cpu      ] GC(17) User=0.04s Sys=0.05s Real=0.03s
[2026-04-11T16:40:33.606+0530][gc,start    ] GC(18) Pause Young (Normal) (G1 Evacuation Pause)
[2026-04-11T16:40:33.607+0530][gc,task     ] GC(18) Using 8 workers of 8 for evacuation
[2026-04-11T16:40:33.646+0530][gc,mmu      ] GC(18) MMU target violated: 21.0ms (20.0ms/21.0ms)
[2026-04-11T16:40:33.646+0530][gc,phases   ] GC(18)   Pre Evacuate Collection Set: 1.4ms
[2026-04-11T16:40:33.646+0530][gc,phases   ] GC(18)   Merge Heap Roots: 0.6ms
[2026-04-11T16:40:33.646+0530][gc,phases   ] GC(18)   Evacuate Collection Set: 34.8ms
[2026-04-11T16:40:33.646+0530][gc,phases   ] GC(18)   Post Evacuate Collection Set: 1.4ms
[2026-04-11T16:40:33.646+0530][gc,phases   ] GC(18)   Other: 2.8ms
[2026-04-11T16:40:33.646+0530][gc,heap     ] GC(18) Eden regions: 45->0(45)
[2026-04-11T16:40:33.646+0530][gc,heap     ] GC(18) Survivor regions: 6->6(7)
[2026-04-11T16:40:33.646+0530][gc,heap     ] GC(18) Old regions: 35->37
[2026-04-11T16:40:33.646+0530][gc,heap     ] GC(18) Archive regions: 2->2
[2026-04-11T16:40:33.646+0530][gc,heap     ] GC(18) Humongous regions: 129->129
[2026-04-11T16:40:33.646+0530][gc,metaspace] GC(18) Metaspace: 42689K(43264K)->42689K(43264K) NonClass: 37566K(37888K)->37566K(37888K) Class: 5122K(5376K)->5122K(5376K)
[2026-04-11T16:40:33.646+0530][gc          ] GC(18) Pause Young (Normal) (G1 Evacuation Pause) 215M->172M(1024M) 41.205ms
[2026-04-11T16:40:33.646+0530][gc,cpu      ] GC(18) User=0.04s Sys=0.07s Real=0.04s
[2026-04-11T16:42:42.179+0530][gc,start    ] GC(19) Pause Young (Normal) (G1 Evacuation Pause)
[2026-04-11T16:42:42.180+0530][gc,task     ] GC(19) Using 8 workers of 8 for evacuation
[2026-04-11T16:42:42.200+0530][gc,phases   ] GC(19)   Pre Evacuate Collection Set: 1.1ms
[2026-04-11T16:42:42.200+0530][gc,phases   ] GC(19)   Merge Heap Roots: 0.4ms
[2026-04-11T16:42:42.200+0530][gc,phases   ] GC(19)   Evacuate Collection Set: 17.8ms
[2026-04-11T16:42:42.200+0530][gc,phases   ] GC(19)   Post Evacuate Collection Set: 0.6ms
[2026-04-11T16:42:42.200+0530][gc,phases   ] GC(19)   Other: 1.6ms
[2026-04-11T16:42:42.200+0530][gc,heap     ] GC(19) Eden regions: 45->0(45)
[2026-04-11T16:42:42.200+0530][gc,heap     ] GC(19) Survivor regions: 6->6(7)
[2026-04-11T16:42:42.200+0530][gc,heap     ] GC(19) Old regions: 37->39
[2026-04-11T16:42:42.200+0530][gc,heap     ] GC(19) Archive regions: 2->2
[2026-04-11T16:42:42.200+0530][gc,heap     ] GC(19) Humongous regions: 129->129
[2026-04-11T16:42:42.200+0530][gc,metaspace] GC(19) Metaspace: 42700K(43264K)->42700K(43264K) NonClass: 37578K(37888K)->37578K(37888K) Class: 5122K(5376K)->5122K(5376K)
[2026-04-11T16:42:42.200+0530][gc          ] GC(19) Pause Young (Normal) (G1 Evacuation Pause) 217M->174M(1024M) 21.708ms
[2026-04-11T16:42:42.200+0530][gc,cpu      ] GC(19) User=0.04s Sys=0.02s Real=0.03s
[2026-04-11T16:44:51.312+0530][gc,start    ] GC(20) Pause Young (Normal) (G1 Evacuation Pause)
[2026-04-11T16:44:51.313+0530][gc,task     ] GC(20) Using 8 workers of 8 for evacuation
[2026-04-11T16:44:51.338+0530][gc,mmu      ] GC(20) MMU target violated: 21.0ms (20.0ms/21.0ms)
[2026-04-11T16:44:51.338+0530][gc,phases   ] GC(20)   Pre Evacuate Collection Set: 1.9ms
[2026-04-11T16:44:51.338+0530][gc,phases   ] GC(20)   Merge Heap Roots: 0.8ms
[2026-04-11T16:44:51.338+0530][gc,phases   ] GC(20)   Evacuate Collection Set: 19.2ms
[2026-04-11T16:44:51.338+0530][gc,phases   ] GC(20)   Post Evacuate Collection Set: 1.5ms
[2026-04-11T16:44:51.339+0530][gc,phases   ] GC(20)   Other: 3.8ms
[2026-04-11T16:44:51.339+0530][gc,heap     ] GC(20) Eden regions: 45->0(45)
[2026-04-11T16:44:51.339+0530][gc,heap     ] GC(20) Survivor regions: 6->6(7)
[2026-04-11T16:44:51.339+0530][gc,heap     ] GC(20) Old regions: 39->41
[2026-04-11T16:44:51.339+0530][gc,heap     ] GC(20) Archive regions: 2->2
[2026-04-11T16:44:51.339+0530][gc,heap     ] GC(20) Humongous regions: 129->129
[2026-04-11T16:44:51.339+0530][gc,metaspace] GC(20) Metaspace: 42739K(43392K)->42739K(43392K) NonClass: 37616K(38016K)->37616K(38016K) Class: 5122K(5376K)->5122K(5376K)
[2026-04-11T16:44:51.339+0530][gc          ] GC(20) Pause Young (Normal) (G1 Evacuation Pause) 219M->175M(1024M) 26.742ms
[2026-04-11T16:44:51.339+0530][gc,cpu      ] GC(20) User=0.03s Sys=0.03s Real=0.02s
[2026-04-11T16:47:00.700+0530][gc,start    ] GC(21) Pause Young (Normal) (G1 Evacuation Pause)
[2026-04-11T16:47:00.701+0530][gc,task     ] GC(21) Using 8 workers of 8 for evacuation
[2026-04-11T16:47:00.717+0530][gc,phases   ] GC(21)   Pre Evacuate Collection Set: 0.8ms
[2026-04-11T16:47:00.718+0530][gc,phases   ] GC(21)   Merge Heap Roots: 0.4ms
[2026-04-11T16:47:00.718+0530][gc,phases   ] GC(21)   Evacuate Collection Set: 14.2ms
[2026-04-11T16:47:00.718+0530][gc,phases   ] GC(21)   Post Evacuate Collection Set: 0.5ms
[2026-04-11T16:47:00.718+0530][gc,phases   ] GC(21)   Other: 3.2ms
[2026-04-11T16:47:00.718+0530][gc,heap     ] GC(21) Eden regions: 45->0(45)
[2026-04-11T16:47:00.718+0530][gc,heap     ] GC(21) Survivor regions: 6->6(7)
[2026-04-11T16:47:00.718+0530][gc,heap     ] GC(21) Old regions: 41->43
[2026-04-11T16:47:00.718+0530][gc,heap     ] GC(21) Archive regions: 2->2
[2026-04-11T16:47:00.718+0530][gc,heap     ] GC(21) Humongous regions: 129->129
[2026-04-11T16:47:00.718+0530][gc,metaspace] GC(21) Metaspace: 42754K(43392K)->42754K(43392K) NonClass: 37631K(38016K)->37631K(38016K) Class: 5122K(5376K)->5122K(5376K)
[2026-04-11T16:47:00.718+0530][gc          ] GC(21) Pause Young (Normal) (G1 Evacuation Pause) 220M->178M(1024M) 19.312ms
[2026-04-11T16:47:00.718+0530][gc,cpu      ] GC(21) User=0.04s Sys=0.02s Real=0.02s
[2026-04-11T16:49:10.041+0530][gc,start    ] GC(22) Pause Young (Normal) (G1 Evacuation Pause)
[2026-04-11T16:49:10.042+0530][gc,task     ] GC(22) Using 8 workers of 8 for evacuation
[2026-04-11T16:49:10.061+0530][gc,phases   ] GC(22)   Pre Evacuate Collection Set: 0.8ms
[2026-04-11T16:49:10.061+0530][gc,phases   ] GC(22)   Merge Heap Roots: 0.2ms
[2026-04-11T16:49:10.061+0530][gc,phases   ] GC(22)   Evacuate Collection Set: 17.7ms
[2026-04-11T16:49:10.061+0530][gc,phases   ] GC(22)   Post Evacuate Collection Set: 0.5ms
[2026-04-11T16:49:10.061+0530][gc,phases   ] GC(22)   Other: 1.0ms
[2026-04-11T16:49:10.061+0530][gc,heap     ] GC(22) Eden regions: 45->0(45)
[2026-04-11T16:49:10.061+0530][gc,heap     ] GC(22) Survivor regions: 6->6(7)
[2026-04-11T16:49:10.061+0530][gc,heap     ] GC(22) Old regions: 43->45
[2026-04-11T16:49:10.061+0530][gc,heap     ] GC(22) Archive regions: 2->2
[2026-04-11T16:49:10.061+0530][gc,heap     ] GC(22) Humongous regions: 129->129
[2026-04-11T16:49:10.061+0530][gc,metaspace] GC(22) Metaspace: 42763K(43392K)->42763K(43392K) NonClass: 37640K(38016K)->37640K(38016K) Class: 5122K(5376K)->5122K(5376K)
[2026-04-11T16:49:10.061+0530][gc          ] GC(22) Pause Young (Normal) (G1 Evacuation Pause) 223M->180M(1024M) 20.342ms
[2026-04-11T16:49:10.061+0530][gc,cpu      ] GC(22) User=0.03s Sys=0.02s Real=0.02s
[2026-04-11T16:54:14.030+0530][gc,start    ] GC(23) Pause Young (Normal) (G1 Evacuation Pause)
[2026-04-11T16:54:14.031+0530][gc,task     ] GC(23) Using 8 workers of 8 for evacuation
[2026-04-11T16:54:14.050+0530][gc,phases   ] GC(23)   Pre Evacuate Collection Set: 1.0ms
[2026-04-11T16:54:14.050+0530][gc,phases   ] GC(23)   Merge Heap Roots: 0.4ms
[2026-04-11T16:54:14.050+0530][gc,phases   ] GC(23)   Evacuate Collection Set: 16.2ms
[2026-04-11T16:54:14.050+0530][gc,phases   ] GC(23)   Post Evacuate Collection Set: 0.6ms
[2026-04-11T16:54:14.050+0530][gc,phases   ] GC(23)   Other: 2.0ms
[2026-04-11T16:54:14.050+0530][gc,heap     ] GC(23) Eden regions: 45->0(45)
[2026-04-11T16:54:14.050+0530][gc,heap     ] GC(23) Survivor regions: 6->6(7)
[2026-04-11T16:54:14.050+0530][gc,heap     ] GC(23) Old regions: 45->47
[2026-04-11T16:54:14.050+0530][gc,heap     ] GC(23) Archive regions: 2->2
[2026-04-11T16:54:14.050+0530][gc,heap     ] GC(23) Humongous regions: 129->129
[2026-04-11T16:54:14.050+0530][gc,metaspace] GC(23) Metaspace: 42773K(43392K)->42773K(43392K) NonClass: 37650K(38016K)->37650K(38016K) Class: 5122K(5376K)->5122K(5376K)
[2026-04-11T16:54:14.050+0530][gc          ] GC(23) Pause Young (Normal) (G1 Evacuation Pause) 225M->182M(1024M) 20.332ms
[2026-04-11T16:54:14.050+0530][gc,cpu      ] GC(23) User=0.04s Sys=0.03s Real=0.02s
[2026-04-11T16:56:24.613+0530][gc,start    ] GC(24) Pause Young (Normal) (G1 Evacuation Pause)
[2026-04-11T16:56:24.614+0530][gc,task     ] GC(24) Using 8 workers of 8 for evacuation
[2026-04-11T16:56:24.639+0530][gc,mmu      ] GC(24) MMU target violated: 21.0ms (20.0ms/21.0ms)
[2026-04-11T16:56:24.639+0530][gc,phases   ] GC(24)   Pre Evacuate Collection Set: 5.6ms
[2026-04-11T16:56:24.639+0530][gc,phases   ] GC(24)   Merge Heap Roots: 1.2ms
[2026-04-11T16:56:24.639+0530][gc,phases   ] GC(24)   Evacuate Collection Set: 17.0ms
[2026-04-11T16:56:24.639+0530][gc,phases   ] GC(24)   Post Evacuate Collection Set: 0.8ms
[2026-04-11T16:56:24.639+0530][gc,phases   ] GC(24)   Other: 2.9ms
[2026-04-11T16:56:24.640+0530][gc,heap     ] GC(24) Eden regions: 45->0(48)
[2026-04-11T16:56:24.640+0530][gc,heap     ] GC(24) Survivor regions: 6->5(7)
[2026-04-11T16:56:24.640+0530][gc,heap     ] GC(24) Old regions: 47->50
[2026-04-11T16:56:24.640+0530][gc,heap     ] GC(24) Archive regions: 2->2
[2026-04-11T16:56:24.640+0530][gc,heap     ] GC(24) Humongous regions: 129->129
[2026-04-11T16:56:24.640+0530][gc,metaspace] GC(24) Metaspace: 42774K(43392K)->42774K(43392K) NonClass: 37651K(38016K)->37651K(38016K) Class: 5122K(5376K)->5122K(5376K)
[2026-04-11T16:56:24.640+0530][gc          ] GC(24) Pause Young (Normal) (G1 Evacuation Pause) 227M->184M(1024M) 27.498ms
[2026-04-11T16:56:24.640+0530][gc,cpu      ] GC(24) User=0.03s Sys=0.05s Real=0.03s
[2026-04-11T16:58:42.432+0530][gc,start    ] GC(25) Pause Young (Normal) (G1 Evacuation Pause)
[2026-04-11T16:58:42.433+0530][gc,task     ] GC(25) Using 8 workers of 8 for evacuation
[2026-04-11T16:58:42.448+0530][gc,phases   ] GC(25)   Pre Evacuate Collection Set: 0.5ms
[2026-04-11T16:58:42.448+0530][gc,phases   ] GC(25)   Merge Heap Roots: 0.2ms
[2026-04-11T16:58:42.448+0530][gc,phases   ] GC(25)   Evacuate Collection Set: 12.1ms
[2026-04-11T16:58:42.448+0530][gc,phases   ] GC(25)   Post Evacuate Collection Set: 2.3ms
[2026-04-11T16:58:42.448+0530][gc,phases   ] GC(25)   Other: 2.1ms
[2026-04-11T16:58:42.448+0530][gc,heap     ] GC(25) Eden regions: 48->0(55)
[2026-04-11T16:58:42.448+0530][gc,heap     ] GC(25) Survivor regions: 5->5(7)
[2026-04-11T16:58:42.448+0530][gc,heap     ] GC(25) Old regions: 50->52
[2026-04-11T16:58:42.448+0530][gc,heap     ] GC(25) Archive regions: 2->2
[2026-04-11T16:58:42.448+0530][gc,heap     ] GC(25) Humongous regions: 129->129
[2026-04-11T16:58:42.448+0530][gc,metaspace] GC(25) Metaspace: 42818K(43456K)->42818K(43456K) NonClass: 37695K(38080K)->37695K(38080K) Class: 5122K(5376K)->5122K(5376K)
[2026-04-11T16:58:42.449+0530][gc          ] GC(25) Pause Young (Normal) (G1 Evacuation Pause) 232M->186M(1024M) 17.383ms
[2026-04-11T16:58:42.449+0530][gc,cpu      ] GC(25) User=0.02s Sys=0.02s Real=0.01s
[2026-04-11T17:01:21.907+0530][gc,start    ] GC(26) Pause Young (Normal) (G1 Evacuation Pause)
[2026-04-11T17:01:21.908+0530][gc,task     ] GC(26) Using 8 workers of 8 for evacuation
[2026-04-11T17:01:21.917+0530][gc,phases   ] GC(26)   Pre Evacuate Collection Set: 0.5ms
[2026-04-11T17:01:21.917+0530][gc,phases   ] GC(26)   Merge Heap Roots: 0.1ms
[2026-04-11T17:01:21.917+0530][gc,phases   ] GC(26)   Evacuate Collection Set: 7.4ms
[2026-04-11T17:01:21.917+0530][gc,phases   ] GC(26)   Post Evacuate Collection Set: 0.3ms
[2026-04-11T17:01:21.917+0530][gc,phases   ] GC(26)   Other: 1.6ms
[2026-04-11T17:01:21.917+0530][gc,heap     ] GC(26) Eden regions: 55->0(55)
[2026-04-11T17:01:21.917+0530][gc,heap     ] GC(26) Survivor regions: 5->6(8)
[2026-04-11T17:01:21.917+0530][gc,heap     ] GC(26) Old regions: 52->54
[2026-04-11T17:01:21.917+0530][gc,heap     ] GC(26) Archive regions: 2->2
[2026-04-11T17:01:21.917+0530][gc,heap     ] GC(26) Humongous regions: 129->129
[2026-04-11T17:01:21.917+0530][gc,metaspace] GC(26) Metaspace: 42833K(43456K)->42833K(43456K) NonClass: 37710K(38080K)->37710K(38080K) Class: 5122K(5376K)->5122K(5376K)
[2026-04-11T17:01:21.917+0530][gc          ] GC(26) Pause Young (Normal) (G1 Evacuation Pause) 241M->189M(1024M) 10.007ms
[2026-04-11T17:01:21.917+0530][gc,cpu      ] GC(26) User=0.03s Sys=0.02s Real=0.01s
[2026-04-11T17:04:00.231+0530][gc,start    ] GC(27) Pause Young (Normal) (G1 Evacuation Pause)
[2026-04-11T17:04:00.232+0530][gc,task     ] GC(27) Using 8 workers of 8 for evacuation
[2026-04-11T17:04:00.250+0530][gc,phases   ] GC(27)   Pre Evacuate Collection Set: 1.1ms
[2026-04-11T17:04:00.250+0530][gc,phases   ] GC(27)   Merge Heap Roots: 0.8ms
[2026-04-11T17:04:00.250+0530][gc,phases   ] GC(27)   Evacuate Collection Set: 14.8ms
[2026-04-11T17:04:00.250+0530][gc,phases   ] GC(27)   Post Evacuate Collection Set: 1.0ms
[2026-04-11T17:04:00.250+0530][gc,phases   ] GC(27)   Other: 1.7ms
[2026-04-11T17:04:00.250+0530][gc,heap     ] GC(27) Eden regions: 55->0(79)
[2026-04-11T17:04:00.250+0530][gc,heap     ] GC(27) Survivor regions: 6->4(8)
[2026-04-11T17:04:00.250+0530][gc,heap     ] GC(27) Old regions: 54->57
[2026-04-11T17:04:00.250+0530][gc,heap     ] GC(27) Archive regions: 2->2
[2026-04-11T17:04:00.250+0530][gc,heap     ] GC(27) Humongous regions: 129->129
[2026-04-11T17:04:00.250+0530][gc,metaspace] GC(27) Metaspace: 42868K(43456K)->42868K(43456K) NonClass: 37745K(38080K)->37745K(38080K) Class: 5122K(5376K)->5122K(5376K)
[2026-04-11T17:04:00.250+0530][gc          ] GC(27) Pause Young (Normal) (G1 Evacuation Pause) 244M->189M(1024M) 19.597ms
[2026-04-11T17:04:00.250+0530][gc,cpu      ] GC(27) User=0.03s Sys=0.02s Real=0.02s
[2026-04-11T17:07:51.164+0530][gc,start    ] GC(28) Pause Young (Normal) (G1 Evacuation Pause)
[2026-04-11T17:07:51.165+0530][gc,task     ] GC(28) Using 8 workers of 8 for evacuation
[2026-04-11T17:07:51.195+0530][gc,mmu      ] GC(28) MMU target violated: 21.0ms (20.0ms/21.0ms)
[2026-04-11T17:07:51.195+0530][gc,phases   ] GC(28)   Pre Evacuate Collection Set: 1.0ms
[2026-04-11T17:07:51.195+0530][gc,phases   ] GC(28)   Merge Heap Roots: 0.2ms
[2026-04-11T17:07:51.195+0530][gc,phases   ] GC(28)   Evacuate Collection Set: 27.8ms
[2026-04-11T17:07:51.195+0530][gc,phases   ] GC(28)   Post Evacuate Collection Set: 0.8ms
[2026-04-11T17:07:51.195+0530][gc,phases   ] GC(28)   Other: 2.4ms
[2026-04-11T17:07:51.195+0530][gc,heap     ] GC(28) Eden regions: 79->0(42)
[2026-04-11T17:07:51.195+0530][gc,heap     ] GC(28) Survivor regions: 4->9(11)
[2026-04-11T17:07:51.195+0530][gc,heap     ] GC(28) Old regions: 57->57
[2026-04-11T17:07:51.195+0530][gc,heap     ] GC(28) Archive regions: 2->2
[2026-04-11T17:07:51.195+0530][gc,heap     ] GC(28) Humongous regions: 129->129
[2026-04-11T17:07:51.196+0530][gc,metaspace] GC(28) Metaspace: 42904K(43520K)->42904K(43520K) NonClass: 37781K(38144K)->37781K(38144K) Class: 5122K(5376K)->5122K(5376K)
[2026-04-11T17:07:51.196+0530][gc          ] GC(28) Pause Young (Normal) (G1 Evacuation Pause) 268M->195M(1024M) 32.190ms
[2026-04-11T17:07:51.196+0530][gc,cpu      ] GC(28) User=0.04s Sys=0.04s Real=0.03s
[2026-04-11T17:09:53.428+0530][gc,start    ] GC(29) Pause Young (Normal) (G1 Evacuation Pause)
[2026-04-11T17:09:53.429+0530][gc,task     ] GC(29) Using 8 workers of 8 for evacuation
[2026-04-11T17:09:53.475+0530][gc,mmu      ] GC(29) MMU target violated: 21.0ms (20.0ms/21.0ms)
[2026-04-11T17:09:53.475+0530][gc,phases   ] GC(29)   Pre Evacuate Collection Set: 2.7ms
[2026-04-11T17:09:53.475+0530][gc,phases   ] GC(29)   Merge Heap Roots: 0.8ms
[2026-04-11T17:09:53.475+0530][gc,phases   ] GC(29)   Evacuate Collection Set: 39.6ms
[2026-04-11T17:09:53.475+0530][gc,phases   ] GC(29)   Post Evacuate Collection Set: 2.2ms
[2026-04-11T17:09:53.475+0530][gc,phases   ] GC(29)   Other: 2.6ms
[2026-04-11T17:09:53.475+0530][gc,heap     ] GC(29) Eden regions: 42->0(45)
[2026-04-11T17:09:53.475+0530][gc,heap     ] GC(29) Survivor regions: 9->6(7)
[2026-04-11T17:09:53.475+0530][gc,heap     ] GC(29) Old regions: 57->62
[2026-04-11T17:09:53.475+0530][gc,heap     ] GC(29) Archive regions: 2->2
[2026-04-11T17:09:53.475+0530][gc,heap     ] GC(29) Humongous regions: 129->129
[2026-04-11T17:09:53.475+0530][gc,metaspace] GC(29) Metaspace: 42910K(43520K)->42910K(43520K) NonClass: 37787K(38144K)->37787K(38144K) Class: 5122K(5376K)->5122K(5376K)
[2026-04-11T17:09:53.476+0530][gc          ] GC(29) Pause Young (Normal) (G1 Evacuation Pause) 237M->197M(1024M) 47.894ms
[2026-04-11T17:09:53.476+0530][gc,cpu      ] GC(29) User=0.04s Sys=0.07s Real=0.05s
[2026-04-11T17:12:04.560+0530][gc,start    ] GC(30) Pause Young (Normal) (G1 Evacuation Pause)
[2026-04-11T17:12:04.563+0530][gc,task     ] GC(30) Using 8 workers of 8 for evacuation
[2026-04-11T17:12:04.604+0530][gc,mmu      ] GC(30) MMU target violated: 21.0ms (20.0ms/21.0ms)
[2026-04-11T17:12:04.604+0530][gc,phases   ] GC(30)   Pre Evacuate Collection Set: 2.5ms
[2026-04-11T17:12:04.604+0530][gc,phases   ] GC(30)   Merge Heap Roots: 1.3ms
[2026-04-11T17:12:04.604+0530][gc,phases   ] GC(30)   Evacuate Collection Set: 33.7ms
[2026-04-11T17:12:04.604+0530][gc,phases   ] GC(30)   Post Evacuate Collection Set: 2.8ms
[2026-04-11T17:12:04.604+0530][gc,phases   ] GC(30)   Other: 3.6ms
[2026-04-11T17:12:04.604+0530][gc,heap     ] GC(30) Eden regions: 45->0(45)
[2026-04-11T17:12:04.604+0530][gc,heap     ] GC(30) Survivor regions: 6->6(7)
[2026-04-11T17:12:04.604+0530][gc,heap     ] GC(30) Old regions: 62->64
[2026-04-11T17:12:04.604+0530][gc,heap     ] GC(30) Archive regions: 2->2
[2026-04-11T17:12:04.604+0530][gc,heap     ] GC(30) Humongous regions: 129->129
[2026-04-11T17:12:04.604+0530][gc,metaspace] GC(30) Metaspace: 42914K(43520K)->42914K(43520K) NonClass: 37791K(38144K)->37791K(38144K) Class: 5122K(5376K)->5122K(5376K)
[2026-04-11T17:12:04.604+0530][gc          ] GC(30) Pause Young (Normal) (G1 Evacuation Pause) 242M->199M(1024M) 43.808ms
[2026-04-11T17:12:04.604+0530][gc,cpu      ] GC(30) User=0.03s Sys=0.07s Real=0.04s
[2026-04-11T17:14:13.160+0530][gc,start    ] GC(31) Pause Young (Normal) (G1 Evacuation Pause)
[2026-04-11T17:14:13.161+0530][gc,task     ] GC(31) Using 8 workers of 8 for evacuation
[2026-04-11T17:14:13.175+0530][gc,phases   ] GC(31)   Pre Evacuate Collection Set: 2.9ms
[2026-04-11T17:14:13.175+0530][gc,phases   ] GC(31)   Merge Heap Roots: 0.7ms
[2026-04-11T17:14:13.175+0530][gc,phases   ] GC(31)   Evacuate Collection Set: 9.7ms
[2026-04-11T17:14:13.175+0530][gc,phases   ] GC(31)   Post Evacuate Collection Set: 0.6ms
[2026-04-11T17:14:13.175+0530][gc,phases   ] GC(31)   Other: 2.4ms
[2026-04-11T17:14:13.175+0530][gc,heap     ] GC(31) Eden regions: 45->0(48)
[2026-04-11T17:14:13.175+0530][gc,heap     ] GC(31) Survivor regions: 6->3(7)
[2026-04-11T17:14:13.175+0530][gc,heap     ] GC(31) Old regions: 64->66
[2026-04-11T17:14:13.175+0530][gc,heap     ] GC(31) Archive regions: 2->2
[2026-04-11T17:14:13.175+0530][gc,heap     ] GC(31) Humongous regions: 129->129
[2026-04-11T17:14:13.175+0530][gc,metaspace] GC(31) Metaspace: 42926K(43520K)->42926K(43520K) NonClass: 37803K(38144K)->37803K(38144K) Class: 5122K(5376K)->5122K(5376K)
[2026-04-11T17:14:13.175+0530][gc          ] GC(31) Pause Young (Normal) (G1 Evacuation Pause) 244M->198M(1024M) 15.312ms
[2026-04-11T17:14:13.175+0530][gc,cpu      ] GC(31) User=0.03s Sys=0.01s Real=0.01s
[2026-04-11T17:16:33.686+0530][gc,start    ] GC(32) Pause Young (Normal) (G1 Evacuation Pause)
[2026-04-11T17:16:33.687+0530][gc,task     ] GC(32) Using 8 workers of 8 for evacuation
[2026-04-11T17:16:33.700+0530][gc,phases   ] GC(32)   Pre Evacuate Collection Set: 0.5ms
[2026-04-11T17:16:33.700+0530][gc,phases   ] GC(32)   Merge Heap Roots: 0.6ms
[2026-04-11T17:16:33.700+0530][gc,phases   ] GC(32)   Evacuate Collection Set: 9.6ms
[2026-04-11T17:16:33.700+0530][gc,phases   ] GC(32)   Post Evacuate Collection Set: 1.6ms
[2026-04-11T17:16:33.700+0530][gc,phases   ] GC(32)   Other: 2.0ms
[2026-04-11T17:16:33.700+0530][gc,heap     ] GC(32) Eden regions: 48->0(46)
[2026-04-11T17:16:33.700+0530][gc,heap     ] GC(32) Survivor regions: 3->5(7)
[2026-04-11T17:16:33.700+0530][gc,heap     ] GC(32) Old regions: 66->66
[2026-04-11T17:16:33.700+0530][gc,heap     ] GC(32) Archive regions: 2->2
[2026-04-11T17:16:33.700+0530][gc,heap     ] GC(32) Humongous regions: 129->129
[2026-04-11T17:16:33.700+0530][gc,metaspace] GC(32) Metaspace: 42940K(43520K)->42940K(43520K) NonClass: 37817K(38144K)->37817K(38144K) Class: 5122K(5376K)->5122K(5376K)
[2026-04-11T17:16:33.700+0530][gc          ] GC(32) Pause Young (Normal) (G1 Evacuation Pause) 246M->200M(1024M) 14.139ms
[2026-04-11T17:16:33.700+0530][gc,cpu      ] GC(32) User=0.02s Sys=0.02s Real=0.02s
[2026-04-11T17:18:36.966+0530][gc,start    ] GC(33) Pause Young (Normal) (G1 Evacuation Pause)
[2026-04-11T17:18:36.966+0530][gc,task     ] GC(33) Using 8 workers of 8 for evacuation
[2026-04-11T17:18:37.002+0530][gc,mmu      ] GC(33) MMU target violated: 21.0ms (20.0ms/21.0ms)
[2026-04-11T17:18:37.002+0530][gc,phases   ] GC(33)   Pre Evacuate Collection Set: 1.5ms
[2026-04-11T17:18:37.002+0530][gc,phases   ] GC(33)   Merge Heap Roots: 1.0ms
[2026-04-11T17:18:37.002+0530][gc,phases   ] GC(33)   Evacuate Collection Set: 31.6ms
[2026-04-11T17:18:37.002+0530][gc,phases   ] GC(33)   Post Evacuate Collection Set: 0.8ms
[2026-04-11T17:18:37.002+0530][gc,phases   ] GC(33)   Other: 2.7ms
[2026-04-11T17:18:37.002+0530][gc,heap     ] GC(33) Eden regions: 46->0(45)
[2026-04-11T17:18:37.002+0530][gc,heap     ] GC(33) Survivor regions: 5->6(7)
[2026-04-11T17:18:37.002+0530][gc,heap     ] GC(33) Old regions: 66->68
[2026-04-11T17:18:37.002+0530][gc,heap     ] GC(33) Archive regions: 2->2
[2026-04-11T17:18:37.002+0530][gc,heap     ] GC(33) Humongous regions: 129->129
[2026-04-11T17:18:37.002+0530][gc,metaspace] GC(33) Metaspace: 42964K(43584K)->42964K(43584K) NonClass: 37837K(38208K)->37837K(38208K) Class: 5126K(5376K)->5126K(5376K)
[2026-04-11T17:18:37.002+0530][gc          ] GC(33) Pause Young (Normal) (G1 Evacuation Pause) 246M->203M(1024M) 37.226ms
[2026-04-11T17:18:37.002+0530][gc,cpu      ] GC(33) User=0.02s Sys=0.05s Real=0.04s
[2026-04-11T17:20:46.928+0530][gc,start    ] GC(34) Pause Young (Normal) (G1 Evacuation Pause)
[2026-04-11T17:20:46.929+0530][gc,task     ] GC(34) Using 8 workers of 8 for evacuation
[2026-04-11T17:20:46.950+0530][gc,mmu      ] GC(34) MMU target violated: 21.0ms (20.0ms/21.0ms)
[2026-04-11T17:20:46.950+0530][gc,phases   ] GC(34)   Pre Evacuate Collection Set: 0.5ms
[2026-04-11T17:20:46.950+0530][gc,phases   ] GC(34)   Merge Heap Roots: 0.1ms
[2026-04-11T17:20:46.950+0530][gc,phases   ] GC(34)   Evacuate Collection Set: 19.8ms
[2026-04-11T17:20:46.950+0530][gc,phases   ] GC(34)   Post Evacuate Collection Set: 0.8ms
[2026-04-11T17:20:46.950+0530][gc,phases   ] GC(34)   Other: 1.0ms
[2026-04-11T17:20:46.950+0530][gc,heap     ] GC(34) Eden regions: 45->0(47)
[2026-04-11T17:20:46.950+0530][gc,heap     ] GC(34) Survivor regions: 6->4(7)
[2026-04-11T17:20:46.950+0530][gc,heap     ] GC(34) Old regions: 68->70
[2026-04-11T17:20:46.950+0530][gc,heap     ] GC(34) Archive regions: 2->2
[2026-04-11T17:20:46.950+0530][gc,heap     ] GC(34) Humongous regions: 129->129
[2026-04-11T17:20:46.950+0530][gc,metaspace] GC(34) Metaspace: 42970K(43584K)->42970K(43584K) NonClass: 37843K(38208K)->37843K(38208K) Class: 5126K(5376K)->5126K(5376K)
[2026-04-11T17:20:46.950+0530][gc          ] GC(34) Pause Young (Normal) (G1 Evacuation Pause) 248M->203M(1024M) 22.286ms
[2026-04-11T17:20:46.951+0530][gc,cpu      ] GC(34) User=0.02s Sys=0.03s Real=0.03s
[2026-04-11T17:23:03.471+0530][gc,start    ] GC(35) Pause Young (Normal) (G1 Evacuation Pause)
[2026-04-11T17:23:03.473+0530][gc,task     ] GC(35) Using 8 workers of 8 for evacuation
[2026-04-11T17:23:03.495+0530][gc,mmu      ] GC(35) MMU target violated: 21.0ms (20.0ms/21.0ms)
[2026-04-11T17:23:03.495+0530][gc,phases   ] GC(35)   Pre Evacuate Collection Set: 1.0ms
[2026-04-11T17:23:03.495+0530][gc,phases   ] GC(35)   Merge Heap Roots: 0.4ms
[2026-04-11T17:23:03.495+0530][gc,phases   ] GC(35)   Evacuate Collection Set: 19.6ms
[2026-04-11T17:23:03.495+0530][gc,phases   ] GC(35)   Post Evacuate Collection Set: 0.6ms
[2026-04-11T17:23:03.495+0530][gc,phases   ] GC(35)   Other: 2.0ms
[2026-04-11T17:23:03.495+0530][gc,heap     ] GC(35) Eden regions: 47->0(46)
[2026-04-11T17:23:03.495+0530][gc,heap     ] GC(35) Survivor regions: 4->5(7)
[2026-04-11T17:23:03.495+0530][gc,heap     ] GC(35) Old regions: 70->70
[2026-04-11T17:23:03.495+0530][gc,heap     ] GC(35) Archive regions: 2->2
[2026-04-11T17:23:03.495+0530][gc,heap     ] GC(35) Humongous regions: 129->129
[2026-04-11T17:23:03.495+0530][gc,metaspace] GC(35) Metaspace: 42983K(43584K)->42983K(43584K) NonClass: 37857K(38208K)->37857K(38208K) Class: 5126K(5376K)->5126K(5376K)
[2026-04-11T17:23:03.495+0530][gc          ] GC(35) Pause Young (Normal) (G1 Evacuation Pause) 250M->203M(1024M) 23.621ms
[2026-04-11T17:23:03.495+0530][gc,cpu      ] GC(35) User=0.04s Sys=0.03s Real=0.02s
[2026-04-11T17:25:16.787+0530][gc,start    ] GC(36) Pause Young (Normal) (G1 Evacuation Pause)
[2026-04-11T17:25:16.788+0530][gc,task     ] GC(36) Using 8 workers of 8 for evacuation
[2026-04-11T17:25:16.810+0530][gc,mmu      ] GC(36) MMU target violated: 21.0ms (20.0ms/21.0ms)
[2026-04-11T17:25:16.811+0530][gc,phases   ] GC(36)   Pre Evacuate Collection Set: 0.8ms
[2026-04-11T17:25:16.811+0530][gc,phases   ] GC(36)   Merge Heap Roots: 0.4ms
[2026-04-11T17:25:16.811+0530][gc,phases   ] GC(36)   Evacuate Collection Set: 19.6ms
[2026-04-11T17:25:16.811+0530][gc,phases   ] GC(36)   Post Evacuate Collection Set: 1.1ms
[2026-04-11T17:25:16.811+0530][gc,phases   ] GC(36)   Other: 2.4ms
[2026-04-11T17:25:16.811+0530][gc,heap     ] GC(36) Eden regions: 46->0(64)
[2026-04-11T17:25:16.811+0530][gc,heap     ] GC(36) Survivor regions: 5->3(7)
[2026-04-11T17:25:16.811+0530][gc,heap     ] GC(36) Old regions: 70->71
[2026-04-11T17:25:16.811+0530][gc,heap     ] GC(36) Archive regions: 2->2
[2026-04-11T17:25:16.811+0530][gc,heap     ] GC(36) Humongous regions: 129->129
[2026-04-11T17:25:16.811+0530][gc,metaspace] GC(36) Metaspace: 42992K(43584K)->42992K(43584K) NonClass: 37865K(38208K)->37865K(38208K) Class: 5126K(5376K)->5126K(5376K)
[2026-04-11T17:25:16.811+0530][gc          ] GC(36) Pause Young (Normal) (G1 Evacuation Pause) 249M->203M(1024M) 24.337ms
[2026-04-11T17:25:16.811+0530][gc,cpu      ] GC(36) User=0.03s Sys=0.03s Real=0.03s
[2026-04-11T17:28:23.617+0530][gc,start    ] GC(37) Pause Young (Normal) (G1 Evacuation Pause)
[2026-04-11T17:28:23.618+0530][gc,task     ] GC(37) Using 8 workers of 8 for evacuation
[2026-04-11T17:28:23.638+0530][gc,phases   ] GC(37)   Pre Evacuate Collection Set: 1.0ms
[2026-04-11T17:28:23.638+0530][gc,phases   ] GC(37)   Merge Heap Roots: 0.6ms
[2026-04-11T17:28:23.638+0530][gc,phases   ] GC(37)   Evacuate Collection Set: 17.5ms
[2026-04-11T17:28:23.638+0530][gc,phases   ] GC(37)   Post Evacuate Collection Set: 0.6ms
[2026-04-11T17:28:23.639+0530][gc,phases   ] GC(37)   Other: 2.6ms
[2026-04-11T17:28:23.639+0530][gc,heap     ] GC(37) Eden regions: 64->0(44)
[2026-04-11T17:28:23.639+0530][gc,heap     ] GC(37) Survivor regions: 3->7(9)
[2026-04-11T17:28:23.639+0530][gc,heap     ] GC(37) Old regions: 71->71
[2026-04-11T17:28:23.639+0530][gc,heap     ] GC(37) Archive regions: 2->2
[2026-04-11T17:28:23.639+0530][gc,heap     ] GC(37) Humongous regions: 129->129
[2026-04-11T17:28:23.639+0530][gc,metaspace] GC(37) Metaspace: 43004K(43584K)->43004K(43584K) NonClass: 37877K(38208K)->37877K(38208K) Class: 5126K(5376K)->5126K(5376K)
[2026-04-11T17:28:23.639+0530][gc          ] GC(37) Pause Young (Normal) (G1 Evacuation Pause) 267M->207M(1024M) 22.594ms
[2026-04-11T17:28:23.639+0530][gc,cpu      ] GC(37) User=0.04s Sys=0.04s Real=0.02s
[2026-04-11T17:30:30.668+0530][gc,start    ] GC(38) Pause Young (Normal) (G1 Evacuation Pause)
[2026-04-11T17:30:30.669+0530][gc,task     ] GC(38) Using 8 workers of 8 for evacuation
[2026-04-11T17:30:30.690+0530][gc,mmu      ] GC(38) MMU target violated: 20.2ms (20.0ms/21.0ms)
[2026-04-11T17:30:30.690+0530][gc,phases   ] GC(38)   Pre Evacuate Collection Set: 0.9ms
[2026-04-11T17:30:30.690+0530][gc,phases   ] GC(38)   Merge Heap Roots: 0.2ms
[2026-04-11T17:30:30.690+0530][gc,phases   ] GC(38)   Evacuate Collection Set: 16.3ms
[2026-04-11T17:30:30.690+0530][gc,phases   ] GC(38)   Post Evacuate Collection Set: 2.9ms
[2026-04-11T17:30:30.690+0530][gc,phases   ] GC(38)   Other: 2.3ms
[2026-04-11T17:30:30.690+0530][gc,heap     ] GC(38) Eden regions: 44->0(46)
[2026-04-11T17:30:30.690+0530][gc,heap     ] GC(38) Survivor regions: 7->5(7)
[2026-04-11T17:30:30.690+0530][gc,heap     ] GC(38) Old regions: 71->75
[2026-04-11T17:30:30.690+0530][gc,heap     ] GC(38) Archive regions: 2->2
[2026-04-11T17:30:30.690+0530][gc,heap     ] GC(38) Humongous regions: 129->129
[2026-04-11T17:30:30.690+0530][gc,metaspace] GC(38) Metaspace: 43013K(43584K)->43013K(43584K) NonClass: 37886K(38208K)->37886K(38208K) Class: 5126K(5376K)->5126K(5376K)
[2026-04-11T17:30:30.690+0530][gc          ] GC(38) Pause Young (Normal) (G1 Evacuation Pause) 251M->209M(1024M) 22.642ms
[2026-04-11T17:30:30.690+0530][gc,cpu      ] GC(38) User=0.05s Sys=0.02s Real=0.03s
[2026-04-11T17:32:44.199+0530][gc,start    ] GC(39) Pause Young (Normal) (G1 Evacuation Pause)
[2026-04-11T17:32:44.199+0530][gc,task     ] GC(39) Using 8 workers of 8 for evacuation
[2026-04-11T17:32:44.224+0530][gc,mmu      ] GC(39) MMU target violated: 21.0ms (20.0ms/21.0ms)
[2026-04-11T17:32:44.224+0530][gc,phases   ] GC(39)   Pre Evacuate Collection Set: 0.9ms
[2026-04-11T17:32:44.224+0530][gc,phases   ] GC(39)   Merge Heap Roots: 0.6ms
[2026-04-11T17:32:44.224+0530][gc,phases   ] GC(39)   Evacuate Collection Set: 22.2ms
[2026-04-11T17:32:44.224+0530][gc,phases   ] GC(39)   Post Evacuate Collection Set: 0.7ms
[2026-04-11T17:32:44.224+0530][gc,phases   ] GC(39)   Other: 1.5ms
[2026-04-11T17:32:44.224+0530][gc,heap     ] GC(39) Eden regions: 46->0(45)
[2026-04-11T17:32:44.224+0530][gc,heap     ] GC(39) Survivor regions: 5->6(7)
[2026-04-11T17:32:44.224+0530][gc,heap     ] GC(39) Old regions: 75->77
[2026-04-11T17:32:44.224+0530][gc,heap     ] GC(39) Archive regions: 2->2
[2026-04-11T17:32:44.224+0530][gc,heap     ] GC(39) Humongous regions: 129->129
[2026-04-11T17:32:44.225+0530][gc,metaspace] GC(39) Metaspace: 43015K(43584K)->43015K(43584K) NonClass: 37888K(38208K)->37888K(38208K) Class: 5126K(5376K)->5126K(5376K)
[2026-04-11T17:32:44.225+0530][gc          ] GC(39) Pause Young (Normal) (G1 Evacuation Pause) 255M->211M(1024M) 25.879ms
[2026-04-11T17:32:44.225+0530][gc,cpu      ] GC(39) User=0.04s Sys=0.03s Real=0.03s
[2026-04-11T17:34:54.147+0530][gc,start    ] GC(40) Pause Young (Normal) (G1 Evacuation Pause)
[2026-04-11T17:34:54.148+0530][gc,task     ] GC(40) Using 8 workers of 8 for evacuation
[2026-04-11T17:34:54.173+0530][gc,mmu      ] GC(40) MMU target violated: 21.0ms (20.0ms/21.0ms)
[2026-04-11T17:34:54.174+0530][gc,phases   ] GC(40)   Pre Evacuate Collection Set: 0.9ms
[2026-04-11T17:34:54.174+0530][gc,phases   ] GC(40)   Merge Heap Roots: 0.5ms
[2026-04-11T17:34:54.174+0530][gc,phases   ] GC(40)   Evacuate Collection Set: 22.8ms
[2026-04-11T17:34:54.174+0530][gc,phases   ] GC(40)   Post Evacuate Collection Set: 0.7ms
[2026-04-11T17:34:54.174+0530][gc,phases   ] GC(40)   Other: 2.2ms
[2026-04-11T17:34:54.174+0530][gc,heap     ] GC(40) Eden regions: 45->0(45)
[2026-04-11T17:34:54.174+0530][gc,heap     ] GC(40) Survivor regions: 6->6(7)
[2026-04-11T17:34:54.174+0530][gc,heap     ] GC(40) Old regions: 77->79
[2026-04-11T17:34:54.174+0530][gc,heap     ] GC(40) Archive regions: 2->2
[2026-04-11T17:34:54.174+0530][gc,heap     ] GC(40) Humongous regions: 129->129
[2026-04-11T17:34:54.174+0530][gc,metaspace] GC(40) Metaspace: 43024K(43648K)->43024K(43648K) NonClass: 37898K(38272K)->37898K(38272K) Class: 5126K(5376K)->5126K(5376K)
[2026-04-11T17:34:54.174+0530][gc          ] GC(40) Pause Young (Normal) (G1 Evacuation Pause) 256M->213M(1024M) 27.133ms
[2026-04-11T17:34:54.174+0530][gc,cpu      ] GC(40) User=0.04s Sys=0.04s Real=0.03s
[2026-04-11T17:37:04.529+0530][gc,start    ] GC(41) Pause Young (Normal) (G1 Evacuation Pause)
[2026-04-11T17:37:04.531+0530][gc,task     ] GC(41) Using 8 workers of 8 for evacuation
[2026-04-11T17:37:04.557+0530][gc,mmu      ] GC(41) MMU target violated: 21.0ms (20.0ms/21.0ms)
[2026-04-11T17:37:04.557+0530][gc,phases   ] GC(41)   Pre Evacuate Collection Set: 1.1ms
[2026-04-11T17:37:04.557+0530][gc,phases   ] GC(41)   Merge Heap Roots: 0.5ms
[2026-04-11T17:37:04.557+0530][gc,phases   ] GC(41)   Evacuate Collection Set: 23.3ms
[2026-04-11T17:37:04.557+0530][gc,phases   ] GC(41)   Post Evacuate Collection Set: 1.0ms
[2026-04-11T17:37:04.557+0530][gc,phases   ] GC(41)   Other: 2.2ms
[2026-04-11T17:37:04.557+0530][gc,heap     ] GC(41) Eden regions: 45->0(45)
[2026-04-11T17:37:04.557+0530][gc,heap     ] GC(41) Survivor regions: 6->6(7)
[2026-04-11T17:37:04.557+0530][gc,heap     ] GC(41) Old regions: 79->81
[2026-04-11T17:37:04.557+0530][gc,heap     ] GC(41) Archive regions: 2->2
[2026-04-11T17:37:04.557+0530][gc,heap     ] GC(41) Humongous regions: 129->129
[2026-04-11T17:37:04.557+0530][gc,metaspace] GC(41) Metaspace: 43026K(43648K)->43026K(43648K) NonClass: 37900K(38272K)->37900K(38272K) Class: 5126K(5376K)->5126K(5376K)
[2026-04-11T17:37:04.557+0530][gc          ] GC(41) Pause Young (Normal) (G1 Evacuation Pause) 258M->215M(1024M) 28.205ms
[2026-04-11T17:37:04.558+0530][gc,cpu      ] GC(41) User=0.04s Sys=0.02s Real=0.03s
[2026-04-11T17:39:14.832+0530][gc,start    ] GC(42) Pause Young (Normal) (G1 Evacuation Pause)
[2026-04-11T17:39:14.833+0530][gc,task     ] GC(42) Using 8 workers of 8 for evacuation
[2026-04-11T17:39:14.864+0530][gc,mmu      ] GC(42) MMU target violated: 21.0ms (20.0ms/21.0ms)
[2026-04-11T17:39:14.864+0530][gc,phases   ] GC(42)   Pre Evacuate Collection Set: 1.1ms
[2026-04-11T17:39:14.864+0530][gc,phases   ] GC(42)   Merge Heap Roots: 0.3ms
[2026-04-11T17:39:14.864+0530][gc,phases   ] GC(42)   Evacuate Collection Set: 26.6ms
[2026-04-11T17:39:14.864+0530][gc,phases   ] GC(42)   Post Evacuate Collection Set: 2.2ms
[2026-04-11T17:39:14.864+0530][gc,phases   ] GC(42)   Other: 2.1ms
[2026-04-11T17:39:14.864+0530][gc,heap     ] GC(42) Eden regions: 45->0(45)
[2026-04-11T17:39:14.864+0530][gc,heap     ] GC(42) Survivor regions: 6->6(7)
[2026-04-11T17:39:14.864+0530][gc,heap     ] GC(42) Old regions: 81->83
[2026-04-11T17:39:14.864+0530][gc,heap     ] GC(42) Archive regions: 2->2
[2026-04-11T17:39:14.864+0530][gc,heap     ] GC(42) Humongous regions: 129->129
[2026-04-11T17:39:14.864+0530][gc,metaspace] GC(42) Metaspace: 43030K(43648K)->43030K(43648K) NonClass: 37903K(38272K)->37903K(38272K) Class: 5126K(5376K)->5126K(5376K)
[2026-04-11T17:39:14.864+0530][gc          ] GC(42) Pause Young (Normal) (G1 Evacuation Pause) 260M->217M(1024M) 31.701ms
[2026-04-11T17:39:14.864+0530][gc,cpu      ] GC(42) User=0.04s Sys=0.05s Real=0.03s
[2026-04-11T17:41:24.636+0530][gc,start    ] GC(43) Pause Young (Normal) (G1 Evacuation Pause)
[2026-04-11T17:41:24.637+0530][gc,task     ] GC(43) Using 8 workers of 8 for evacuation
[2026-04-11T17:41:24.659+0530][gc,mmu      ] GC(43) MMU target violated: 21.0ms (20.0ms/21.0ms)
[2026-04-11T17:41:24.659+0530][gc,phases   ] GC(43)   Pre Evacuate Collection Set: 0.9ms
[2026-04-11T17:41:24.659+0530][gc,phases   ] GC(43)   Merge Heap Roots: 0.4ms
[2026-04-11T17:41:24.659+0530][gc,phases   ] GC(43)   Evacuate Collection Set: 19.2ms
[2026-04-11T17:41:24.659+0530][gc,phases   ] GC(43)   Post Evacuate Collection Set: 0.6ms
[2026-04-11T17:41:24.659+0530][gc,phases   ] GC(43)   Other: 2.3ms
[2026-04-11T17:41:24.659+0530][gc,heap     ] GC(43) Eden regions: 45->0(45)
[2026-04-11T17:41:24.659+0530][gc,heap     ] GC(43) Survivor regions: 6->6(7)
[2026-04-11T17:41:24.659+0530][gc,heap     ] GC(43) Old regions: 83->85
[2026-04-11T17:41:24.659+0530][gc,heap     ] GC(43) Archive regions: 2->2
[2026-04-11T17:41:24.659+0530][gc,heap     ] GC(43) Humongous regions: 129->129
[2026-04-11T17:41:24.659+0530][gc,metaspace] GC(43) Metaspace: 43030K(43648K)->43030K(43648K) NonClass: 37903K(38272K)->37903K(38272K) Class: 5126K(5376K)->5126K(5376K)
[2026-04-11T17:41:24.659+0530][gc          ] GC(43) Pause Young (Normal) (G1 Evacuation Pause) 262M->219M(1024M) 23.464ms
[2026-04-11T17:41:24.659+0530][gc,cpu      ] GC(43) User=0.04s Sys=0.03s Real=0.02s
[2026-04-11T17:46:56.031+0530][gc,start    ] GC(44) Pause Young (Normal) (G1 Evacuation Pause)
[2026-04-11T17:46:56.036+0530][gc,task     ] GC(44) Using 8 workers of 8 for evacuation
[2026-04-11T17:46:56.064+0530][gc,mmu      ] GC(44) MMU target violated: 21.0ms (20.0ms/21.0ms)
[2026-04-11T17:46:56.064+0530][gc,phases   ] GC(44)   Pre Evacuate Collection Set: 0.8ms
[2026-04-11T17:46:56.064+0530][gc,phases   ] GC(44)   Merge Heap Roots: 0.2ms
[2026-04-11T17:46:56.064+0530][gc,phases   ] GC(44)   Evacuate Collection Set: 20.3ms
[2026-04-11T17:46:56.064+0530][gc,phases   ] GC(44)   Post Evacuate Collection Set: 5.3ms
[2026-04-11T17:46:56.064+0530][gc,phases   ] GC(44)   Other: 12.3ms
[2026-04-11T17:46:56.064+0530][gc,heap     ] GC(44) Eden regions: 45->0(45)
[2026-04-11T17:46:56.064+0530][gc,heap     ] GC(44) Survivor regions: 6->6(7)
[2026-04-11T17:46:56.064+0530][gc,heap     ] GC(44) Old regions: 85->87
[2026-04-11T17:46:56.064+0530][gc,heap     ] GC(44) Archive regions: 2->2
[2026-04-11T17:46:56.064+0530][gc,heap     ] GC(44) Humongous regions: 129->129
[2026-04-11T17:46:56.064+0530][gc,metaspace] GC(44) Metaspace: 43034K(43648K)->43034K(43648K) NonClass: 37908K(38272K)->37908K(38272K) Class: 5126K(5376K)->5126K(5376K)
[2026-04-11T17:46:56.066+0530][gc          ] GC(44) Pause Young (Normal) (G1 Evacuation Pause) 264M->221M(1024M) 37.201ms
[2026-04-11T17:46:56.066+0530][gc,cpu      ] GC(44) User=0.03s Sys=0.06s Real=0.04s
[2026-04-11T17:51:29.283+0530][gc,start    ] GC(45) Pause Young (Normal) (G1 Evacuation Pause)
[2026-04-11T17:51:29.285+0530][gc,task     ] GC(45) Using 8 workers of 8 for evacuation
[2026-04-11T17:51:29.303+0530][gc,phases   ] GC(45)   Pre Evacuate Collection Set: 1.0ms
[2026-04-11T17:51:29.304+0530][gc,phases   ] GC(45)   Merge Heap Roots: 0.4ms
[2026-04-11T17:51:29.304+0530][gc,phases   ] GC(45)   Evacuate Collection Set: 16.0ms
[2026-04-11T17:51:29.304+0530][gc,phases   ] GC(45)   Post Evacuate Collection Set: 0.9ms
[2026-04-11T17:51:29.304+0530][gc,phases   ] GC(45)   Other: 3.7ms
[2026-04-11T17:51:29.304+0530][gc,heap     ] GC(45) Eden regions: 45->0(45)
[2026-04-11T17:51:29.304+0530][gc,heap     ] GC(45) Survivor regions: 6->6(7)
[2026-04-11T17:51:29.304+0530][gc,heap     ] GC(45) Old regions: 87->89
[2026-04-11T17:51:29.304+0530][gc,heap     ] GC(45) Archive regions: 2->2
[2026-04-11T17:51:29.304+0530][gc,heap     ] GC(45) Humongous regions: 129->129
[2026-04-11T17:51:29.304+0530][gc,metaspace] GC(45) Metaspace: 43059K(43712K)->43059K(43712K) NonClass: 37932K(38336K)->37932K(38336K) Class: 5127K(5376K)->5127K(5376K)
[2026-04-11T17:51:29.304+0530][gc          ] GC(45) Pause Young (Normal) (G1 Evacuation Pause) 266M->223M(1024M) 22.026ms
[2026-04-11T17:51:29.304+0530][gc,cpu      ] GC(45) User=0.04s Sys=0.04s Real=0.02s
[2026-04-11T17:54:29.972+0530][gc,start    ] GC(46) Pause Young (Normal) (G1 Evacuation Pause)
[2026-04-11T17:54:29.972+0530][gc,task     ] GC(46) Using 8 workers of 8 for evacuation
[2026-04-11T17:54:29.999+0530][gc,mmu      ] GC(46) MMU target violated: 21.0ms (20.0ms/21.0ms)
[2026-04-11T17:54:29.999+0530][gc,phases   ] GC(46)   Pre Evacuate Collection Set: 0.8ms
[2026-04-11T17:54:29.999+0530][gc,phases   ] GC(46)   Merge Heap Roots: 0.2ms
[2026-04-11T17:54:29.999+0530][gc,phases   ] GC(46)   Evacuate Collection Set: 24.9ms
[2026-04-11T17:54:29.999+0530][gc,phases   ] GC(46)   Post Evacuate Collection Set: 0.4ms
[2026-04-11T17:54:29.999+0530][gc,phases   ] GC(46)   Other: 0.7ms
[2026-04-11T17:54:29.999+0530][gc,heap     ] GC(46) Eden regions: 45->0(45)
[2026-04-11T17:54:29.999+0530][gc,heap     ] GC(46) Survivor regions: 6->6(7)
[2026-04-11T17:54:29.999+0530][gc,heap     ] GC(46) Old regions: 89->91
[2026-04-11T17:54:29.999+0530][gc,heap     ] GC(46) Archive regions: 2->2
[2026-04-11T17:54:29.999+0530][gc,heap     ] GC(46) Humongous regions: 129->129
[2026-04-11T17:54:29.999+0530][gc,metaspace] GC(46) Metaspace: 43243K(43904K)->43243K(43904K) NonClass: 38072K(38464K)->38072K(38464K) Class: 5170K(5440K)->5170K(5440K)
[2026-04-11T17:54:29.999+0530][gc          ] GC(46) Pause Young (Normal) (G1 Evacuation Pause) 268M->226M(1024M) 27.164ms
[2026-04-11T17:54:29.999+0530][gc,cpu      ] GC(46) User=0.04s Sys=0.03s Real=0.02s
[2026-04-11T17:56:39.212+0530][gc,start    ] GC(47) Pause Young (Normal) (G1 Evacuation Pause)
[2026-04-11T17:56:39.214+0530][gc,task     ] GC(47) Using 8 workers of 8 for evacuation
[2026-04-11T17:56:39.229+0530][gc,phases   ] GC(47)   Pre Evacuate Collection Set: 0.6ms
[2026-04-11T17:56:39.230+0530][gc,phases   ] GC(47)   Merge Heap Roots: 0.3ms
[2026-04-11T17:56:39.230+0530][gc,phases   ] GC(47)   Evacuate Collection Set: 14.3ms
[2026-04-11T17:56:39.230+0530][gc,phases   ] GC(47)   Post Evacuate Collection Set: 0.4ms
[2026-04-11T17:56:39.230+0530][gc,phases   ] GC(47)   Other: 1.5ms
[2026-04-11T17:56:39.230+0530][gc,heap     ] GC(47) Eden regions: 45->0(45)
[2026-04-11T17:56:39.230+0530][gc,heap     ] GC(47) Survivor regions: 6->6(7)
[2026-04-11T17:56:39.230+0530][gc,heap     ] GC(47) Old regions: 91->93
[2026-04-11T17:56:39.230+0530][gc,heap     ] GC(47) Archive regions: 2->2
[2026-04-11T17:56:39.230+0530][gc,heap     ] GC(47) Humongous regions: 129->129
[2026-04-11T17:56:39.230+0530][gc,metaspace] GC(47) Metaspace: 43248K(43904K)->43248K(43904K) NonClass: 38078K(38464K)->38078K(38464K) Class: 5170K(5440K)->5170K(5440K)
[2026-04-11T17:56:39.230+0530][gc          ] GC(47) Pause Young (Normal) (G1 Evacuation Pause) 271M->227M(1024M) 17.347ms
[2026-04-11T17:56:39.230+0530][gc,cpu      ] GC(47) User=0.05s Sys=0.01s Real=0.02s
[2026-04-11T17:58:48.391+0530][gc,start    ] GC(48) Pause Young (Normal) (G1 Evacuation Pause)
[2026-04-11T17:58:48.391+0530][gc,task     ] GC(48) Using 8 workers of 8 for evacuation
[2026-04-11T17:58:48.402+0530][gc,phases   ] GC(48)   Pre Evacuate Collection Set: 0.4ms
[2026-04-11T17:58:48.402+0530][gc,phases   ] GC(48)   Merge Heap Roots: 0.4ms
[2026-04-11T17:58:48.402+0530][gc,phases   ] GC(48)   Evacuate Collection Set: 8.1ms
[2026-04-11T17:58:48.402+0530][gc,phases   ] GC(48)   Post Evacuate Collection Set: 1.0ms
[2026-04-11T17:58:48.402+0530][gc,phases   ] GC(48)   Other: 2.5ms
[2026-04-11T17:58:48.402+0530][gc,heap     ] GC(48) Eden regions: 45->0(67)
[2026-04-11T17:58:48.402+0530][gc,heap     ] GC(48) Survivor regions: 6->3(7)
[2026-04-11T17:58:48.402+0530][gc,heap     ] GC(48) Old regions: 93->95
[2026-04-11T17:58:48.402+0530][gc,heap     ] GC(48) Archive regions: 2->2
[2026-04-11T17:58:48.402+0530][gc,heap     ] GC(48) Humongous regions: 129->129
[2026-04-11T17:58:48.402+0530][gc,metaspace] GC(48) Metaspace: 43258K(43904K)->43258K(43904K) NonClass: 38087K(38464K)->38087K(38464K) Class: 5170K(5440K)->5170K(5440K)
[2026-04-11T17:58:48.403+0530][gc          ] GC(48) Pause Young (Normal) (G1 Evacuation Pause) 272M->226M(1024M) 12.365ms
[2026-04-11T17:58:48.403+0530][gc,cpu      ] GC(48) User=0.01s Sys=0.01s Real=0.01s
[2026-04-11T18:02:01.883+0530][gc,start    ] GC(49) Pause Young (Normal) (G1 Evacuation Pause)
[2026-04-11T18:02:01.885+0530][gc,task     ] GC(49) Using 8 workers of 8 for evacuation
[2026-04-11T18:02:01.913+0530][gc,mmu      ] GC(49) MMU target violated: 21.0ms (20.0ms/21.0ms)
[2026-04-11T18:02:01.913+0530][gc,phases   ] GC(49)   Pre Evacuate Collection Set: 1.1ms
[2026-04-11T18:02:01.913+0530][gc,phases   ] GC(49)   Merge Heap Roots: 0.8ms
[2026-04-11T18:02:01.913+0530][gc,phases   ] GC(49)   Evacuate Collection Set: 25.4ms
[2026-04-11T18:02:01.913+0530][gc,phases   ] GC(49)   Post Evacuate Collection Set: 0.9ms
[2026-04-11T18:02:01.913+0530][gc,phases   ] GC(49)   Other: 2.2ms
[2026-04-11T18:02:01.913+0530][gc,heap     ] GC(49) Eden regions: 67->0(44)
[2026-04-11T18:02:01.913+0530][gc,heap     ] GC(49) Survivor regions: 3->7(9)
[2026-04-11T18:02:01.913+0530][gc,heap     ] GC(49) Old regions: 95->95
[2026-04-11T18:02:01.913+0530][gc,heap     ] GC(49) Archive regions: 2->2
[2026-04-11T18:02:01.913+0530][gc,heap     ] GC(49) Humongous regions: 129->129
[2026-04-11T18:02:01.913+0530][gc,metaspace] GC(49) Metaspace: 43281K(43904K)->43281K(43904K) NonClass: 38111K(38464K)->38111K(38464K) Class: 5170K(5440K)->5170K(5440K)
[2026-04-11T18:02:01.913+0530][gc          ] GC(49) Pause Young (Normal) (G1 Evacuation Pause) 293M->230M(1024M) 30.382ms
[2026-04-11T18:02:01.913+0530][gc,cpu      ] GC(49) User=0.04s Sys=0.05s Real=0.03s
[2026-04-11T18:04:07.653+0530][gc,start    ] GC(50) Pause Young (Normal) (G1 Evacuation Pause)
[2026-04-11T18:04:07.654+0530][gc,task     ] GC(50) Using 8 workers of 8 for evacuation
[2026-04-11T18:04:07.679+0530][gc,mmu      ] GC(50) MMU target violated: 21.0ms (20.0ms/21.0ms)
[2026-04-11T18:04:07.679+0530][gc,phases   ] GC(50)   Pre Evacuate Collection Set: 1.0ms
[2026-04-11T18:04:07.679+0530][gc,phases   ] GC(50)   Merge Heap Roots: 0.7ms
[2026-04-11T18:04:07.679+0530][gc,phases   ] GC(50)   Evacuate Collection Set: 20.1ms
[2026-04-11T18:04:07.679+0530][gc,phases   ] GC(50)   Post Evacuate Collection Set: 1.8ms
[2026-04-11T18:04:07.679+0530][gc,phases   ] GC(50)   Other: 4.3ms
[2026-04-11T18:04:07.679+0530][gc,heap     ] GC(50) Eden regions: 44->0(47)
[2026-04-11T18:04:07.679+0530][gc,heap     ] GC(50) Survivor regions: 7->4(7)
[2026-04-11T18:04:07.679+0530][gc,heap     ] GC(50) Old regions: 95->99
[2026-04-11T18:04:07.679+0530][gc,heap     ] GC(50) Archive regions: 2->2
[2026-04-11T18:04:07.679+0530][gc,heap     ] GC(50) Humongous regions: 129->129
[2026-04-11T18:04:07.679+0530][gc,metaspace] GC(50) Metaspace: 43283K(43904K)->43283K(43904K) NonClass: 38112K(38464K)->38112K(38464K) Class: 5170K(5440K)->5170K(5440K)
[2026-04-11T18:04:07.680+0530][gc          ] GC(50) Pause Young (Normal) (G1 Evacuation Pause) 274M->232M(1024M) 26.965ms
[2026-04-11T18:04:07.680+0530][gc,cpu      ] GC(50) User=0.05s Sys=0.04s Real=0.03s
[2026-04-11T18:06:21.620+0530][gc,start    ] GC(51) Pause Young (Normal) (G1 Evacuation Pause)
[2026-04-11T18:06:21.622+0530][gc,task     ] GC(51) Using 8 workers of 8 for evacuation
[2026-04-11T18:06:21.638+0530][gc,phases   ] GC(51)   Pre Evacuate Collection Set: 1.0ms
[2026-04-11T18:06:21.639+0530][gc,phases   ] GC(51)   Merge Heap Roots: 0.3ms
[2026-04-11T18:06:21.639+0530][gc,phases   ] GC(51)   Evacuate Collection Set: 14.1ms
[2026-04-11T18:06:21.639+0530][gc,phases   ] GC(51)   Post Evacuate Collection Set: 0.7ms
[2026-04-11T18:06:21.639+0530][gc,phases   ] GC(51)   Other: 2.7ms
[2026-04-11T18:06:21.639+0530][gc,heap     ] GC(51) Eden regions: 47->0(46)
[2026-04-11T18:06:21.639+0530][gc,heap     ] GC(51) Survivor regions: 4->5(7)
[2026-04-11T18:06:21.639+0530][gc,heap     ] GC(51) Old regions: 99->101
[2026-04-11T18:06:21.639+0530][gc,heap     ] GC(51) Archive regions: 2->2
[2026-04-11T18:06:21.639+0530][gc,heap     ] GC(51) Humongous regions: 129->129
[2026-04-11T18:06:21.639+0530][gc,metaspace] GC(51) Metaspace: 43285K(43904K)->43285K(43904K) NonClass: 38114K(38464K)->38114K(38464K) Class: 5170K(5440K)->5170K(5440K)
[2026-04-11T18:06:21.639+0530][gc          ] GC(51) Pause Young (Normal) (G1 Evacuation Pause) 279M->235M(1024M) 19.055ms
[2026-04-11T18:06:21.639+0530][gc,cpu      ] GC(51) User=0.04s Sys=0.02s Real=0.01s
[2026-04-11T18:08:33.353+0530][gc,start    ] GC(52) Pause Young (Normal) (G1 Evacuation Pause)
[2026-04-11T18:08:33.355+0530][gc,task     ] GC(52) Using 8 workers of 8 for evacuation
[2026-04-11T18:08:33.368+0530][gc,phases   ] GC(52)   Pre Evacuate Collection Set: 0.4ms
[2026-04-11T18:08:33.368+0530][gc,phases   ] GC(52)   Merge Heap Roots: 0.2ms
[2026-04-11T18:08:33.368+0530][gc,phases   ] GC(52)   Evacuate Collection Set: 10.8ms
[2026-04-11T18:08:33.368+0530][gc,phases   ] GC(52)   Post Evacuate Collection Set: 0.5ms
[2026-04-11T18:08:33.368+0530][gc,phases   ] GC(52)   Other: 2.6ms
[2026-04-11T18:08:33.368+0530][gc,heap     ] GC(52) Eden regions: 46->0(51)
[2026-04-11T18:08:33.368+0530][gc,heap     ] GC(52) Survivor regions: 5->5(7)
[2026-04-11T18:08:33.368+0530][gc,heap     ] GC(52) Old regions: 101->103
[2026-04-11T18:08:33.368+0530][gc,heap     ] GC(52) Archive regions: 2->2
[2026-04-11T18:08:33.368+0530][gc,heap     ] GC(52) Humongous regions: 129->129
[2026-04-11T18:08:33.368+0530][gc,metaspace] GC(52) Metaspace: 43286K(43904K)->43286K(43904K) NonClass: 38115K(38464K)->38115K(38464K) Class: 5170K(5440K)->5170K(5440K)
[2026-04-11T18:08:33.368+0530][gc          ] GC(52) Pause Young (Normal) (G1 Evacuation Pause) 281M->237M(1024M) 14.726ms
[2026-04-11T18:08:33.368+0530][gc,cpu      ] GC(52) User=0.02s Sys=0.02s Real=0.01s
[2026-04-11T18:10:44.222+0530][gc,start    ] GC(53) Pause Young (Normal) (G1 Evacuation Pause)
[2026-04-11T18:10:44.223+0530][gc,task     ] GC(53) Using 8 workers of 8 for evacuation
[2026-04-11T18:10:44.253+0530][gc,mmu      ] GC(53) MMU target violated: 21.0ms (20.0ms/21.0ms)
[2026-04-11T18:10:44.253+0530][gc,phases   ] GC(53)   Pre Evacuate Collection Set: 0.7ms
[2026-04-11T18:10:44.253+0530][gc,phases   ] GC(53)   Merge Heap Roots: 0.9ms
[2026-04-11T18:10:44.253+0530][gc,phases   ] GC(53)   Evacuate Collection Set: 25.5ms
[2026-04-11T18:10:44.253+0530][gc,phases   ] GC(53)   Post Evacuate Collection Set: 1.5ms
[2026-04-11T18:10:44.253+0530][gc,phases   ] GC(53)   Other: 3.0ms
[2026-04-11T18:10:44.253+0530][gc,heap     ] GC(53) Eden regions: 46->0(46)
[2026-04-11T18:10:44.253+0530][gc,heap     ] GC(53) Survivor regions: 5->5(7)
[2026-04-11T18:10:44.253+0530][gc,heap     ] GC(53) Old regions: 103->105
[2026-04-11T18:10:44.253+0530][gc,heap     ] GC(53) Archive regions: 2->2
[2026-04-11T18:10:44.253+0530][gc,heap     ] GC(53) Humongous regions: 129->129
[2026-04-11T18:10:44.253+0530][gc,metaspace] GC(53) Metaspace: 43286K(43904K)->43286K(43904K) NonClass: 38115K(38464K)->38115K(38464K) Class: 5170K(5440K)->5170K(5440K)
[2026-04-11T18:10:44.254+0530][gc          ] GC(53) Pause Young (Normal) (G1 Evacuation Pause) 283M->239M(1024M) 31.133ms
[2026-04-11T18:10:44.254+0530][gc,cpu      ] GC(53) User=0.02s Sys=0.05s Real=0.03s
[2026-04-11T18:12:56.137+0530][gc,start    ] GC(54) Pause Young (Normal) (G1 Evacuation Pause)
[2026-04-11T18:12:56.138+0530][gc,task     ] GC(54) Using 8 workers of 8 for evacuation
[2026-04-11T18:12:56.150+0530][gc,phases   ] GC(54)   Pre Evacuate Collection Set: 0.5ms
[2026-04-11T18:12:56.150+0530][gc,phases   ] GC(54)   Merge Heap Roots: 0.2ms
[2026-04-11T18:12:56.150+0530][gc,phases   ] GC(54)   Evacuate Collection Set: 10.8ms
[2026-04-11T18:12:56.150+0530][gc,phases   ] GC(54)   Post Evacuate Collection Set: 0.7ms
[2026-04-11T18:12:56.150+0530][gc,phases   ] GC(54)   Other: 1.4ms
[2026-04-11T18:12:56.150+0530][gc,heap     ] GC(54) Eden regions: 46->0(46)
[2026-04-11T18:12:56.150+0530][gc,heap     ] GC(54) Survivor regions: 5->5(7)
[2026-04-11T18:12:56.150+0530][gc,heap     ] GC(54) Old regions: 105->107
[2026-04-11T18:12:56.150+0530][gc,heap     ] GC(54) Archive regions: 2->2
[2026-04-11T18:12:56.151+0530][gc,heap     ] GC(54) Humongous regions: 129->129
[2026-04-11T18:12:56.151+0530][gc,metaspace] GC(54) Metaspace: 43286K(43904K)->43286K(43904K) NonClass: 38115K(38464K)->38115K(38464K) Class: 5170K(5440K)->5170K(5440K)
[2026-04-11T18:12:56.151+0530][gc          ] GC(54) Pause Young (Normal) (G1 Evacuation Pause) 285M->241M(1024M) 13.786ms
[2026-04-11T18:12:56.151+0530][gc,cpu      ] GC(54) User=0.02s Sys=0.01s Real=0.02s
[2026-04-11T18:15:07.415+0530][gc,start    ] GC(55) Pause Young (Normal) (G1 Evacuation Pause)
[2026-04-11T18:15:07.415+0530][gc,task     ] GC(55) Using 8 workers of 8 for evacuation
[2026-04-11T18:15:07.450+0530][gc,mmu      ] GC(55) MMU target violated: 21.0ms (20.0ms/21.0ms)
[2026-04-11T18:15:07.450+0530][gc,phases   ] GC(55)   Pre Evacuate Collection Set: 1.8ms
[2026-04-11T18:15:07.450+0530][gc,phases   ] GC(55)   Merge Heap Roots: 0.4ms
[2026-04-11T18:15:07.450+0530][gc,phases   ] GC(55)   Evacuate Collection Set: 31.3ms
[2026-04-11T18:15:07.450+0530][gc,phases   ] GC(55)   Post Evacuate Collection Set: 1.1ms
[2026-04-11T18:15:07.450+0530][gc,phases   ] GC(55)   Other: 1.4ms
[2026-04-11T18:15:07.451+0530][gc,heap     ] GC(55) Eden regions: 46->0(46)
[2026-04-11T18:15:07.451+0530][gc,heap     ] GC(55) Survivor regions: 5->5(7)
[2026-04-11T18:15:07.451+0530][gc,heap     ] GC(55) Old regions: 107->109
[2026-04-11T18:15:07.451+0530][gc,heap     ] GC(55) Archive regions: 2->2
[2026-04-11T18:15:07.451+0530][gc,heap     ] GC(55) Humongous regions: 129->129
[2026-04-11T18:15:07.451+0530][gc,metaspace] GC(55) Metaspace: 43287K(43904K)->43287K(43904K) NonClass: 38116K(38464K)->38116K(38464K) Class: 5170K(5440K)->5170K(5440K)
[2026-04-11T18:15:07.451+0530][gc          ] GC(55) Pause Young (Normal) (G1 Evacuation Pause) 287M->243M(1024M) 36.056ms
[2026-04-11T18:15:07.451+0530][gc,cpu      ] GC(55) User=0.03s Sys=0.05s Real=0.04s
[2026-04-11T18:17:19.473+0530][gc,start    ] GC(56) Pause Young (Normal) (G1 Evacuation Pause)
[2026-04-11T18:17:19.474+0530][gc,task     ] GC(56) Using 8 workers of 8 for evacuation
[2026-04-11T18:17:19.498+0530][gc,mmu      ] GC(56) MMU target violated: 21.0ms (20.0ms/21.0ms)
[2026-04-11T18:17:19.499+0530][gc,phases   ] GC(56)   Pre Evacuate Collection Set: 1.7ms
[2026-04-11T18:17:19.499+0530][gc,phases   ] GC(56)   Merge Heap Roots: 1.0ms
[2026-04-11T18:17:19.499+0530][gc,phases   ] GC(56)   Evacuate Collection Set: 20.4ms
[2026-04-11T18:17:19.499+0530][gc,phases   ] GC(56)   Post Evacuate Collection Set: 1.0ms
[2026-04-11T18:17:19.499+0530][gc,phases   ] GC(56)   Other: 1.7ms
[2026-04-11T18:17:19.499+0530][gc,heap     ] GC(56) Eden regions: 46->0(45)
[2026-04-11T18:17:19.499+0530][gc,heap     ] GC(56) Survivor regions: 5->6(7)
[2026-04-11T18:17:19.499+0530][gc,heap     ] GC(56) Old regions: 109->111
[2026-04-11T18:17:19.499+0530][gc,heap     ] GC(56) Archive regions: 2->2
[2026-04-11T18:17:19.499+0530][gc,heap     ] GC(56) Humongous regions: 129->129
[2026-04-11T18:17:19.499+0530][gc,metaspace] GC(56) Metaspace: 43288K(43904K)->43288K(43904K) NonClass: 38117K(38464K)->38117K(38464K) Class: 5170K(5440K)->5170K(5440K)
[2026-04-11T18:17:19.499+0530][gc          ] GC(56) Pause Young (Normal) (G1 Evacuation Pause) 289M->245M(1024M) 26.090ms
[2026-04-11T18:17:19.499+0530][gc,cpu      ] GC(56) User=0.03s Sys=0.03s Real=0.02s
[2026-04-11T18:19:28.124+0530][gc,start    ] GC(57) Pause Young (Normal) (G1 Evacuation Pause)
[2026-04-11T18:19:28.125+0530][gc,task     ] GC(57) Using 8 workers of 8 for evacuation
[2026-04-11T18:19:28.147+0530][gc,phases   ] GC(57)   Pre Evacuate Collection Set: 2.9ms
[2026-04-11T18:19:28.147+0530][gc,phases   ] GC(57)   Merge Heap Roots: 0.7ms
[2026-04-11T18:19:28.147+0530][gc,phases   ] GC(57)   Evacuate Collection Set: 16.2ms
[2026-04-11T18:19:28.147+0530][gc,phases   ] GC(57)   Post Evacuate Collection Set: 1.0ms
[2026-04-11T18:19:28.147+0530][gc,phases   ] GC(57)   Other: 2.9ms
[2026-04-11T18:19:28.147+0530][gc,heap     ] GC(57) Eden regions: 45->0(45)
[2026-04-11T18:19:28.147+0530][gc,heap     ] GC(57) Survivor regions: 6->6(7)
[2026-04-11T18:19:28.147+0530][gc,heap     ] GC(57) Old regions: 111->113
[2026-04-11T18:19:28.147+0530][gc,heap     ] GC(57) Archive regions: 2->2
[2026-04-11T18:19:28.147+0530][gc,heap     ] GC(57) Humongous regions: 129->129
[2026-04-11T18:19:28.147+0530][gc,metaspace] GC(57) Metaspace: 43302K(43904K)->43302K(43904K) NonClass: 38131K(38464K)->38131K(38464K) Class: 5170K(5440K)->5170K(5440K)
[2026-04-11T18:19:28.147+0530][gc          ] GC(57) Pause Young (Normal) (G1 Evacuation Pause) 290M->247M(1024M) 23.406ms
[2026-04-11T18:19:28.147+0530][gc,cpu      ] GC(57) User=0.03s Sys=0.03s Real=0.02s
[2026-04-11T18:21:36.615+0530][gc,start    ] GC(58) Pause Young (Normal) (G1 Evacuation Pause)
[2026-04-11T18:21:36.616+0530][gc,task     ] GC(58) Using 8 workers of 8 for evacuation
[2026-04-11T18:21:36.645+0530][gc,mmu      ] GC(58) MMU target violated: 21.0ms (20.0ms/21.0ms)
[2026-04-11T18:21:36.645+0530][gc,phases   ] GC(58)   Pre Evacuate Collection Set: 1.1ms
[2026-04-11T18:21:36.645+0530][gc,phases   ] GC(58)   Merge Heap Roots: 0.4ms
[2026-04-11T18:21:36.645+0530][gc,phases   ] GC(58)   Evacuate Collection Set: 24.7ms
[2026-04-11T18:21:36.645+0530][gc,phases   ] GC(58)   Post Evacuate Collection Set: 1.8ms
[2026-04-11T18:21:36.645+0530][gc,phases   ] GC(58)   Other: 1.8ms
[2026-04-11T18:21:36.645+0530][gc,heap     ] GC(58) Eden regions: 45->0(45)
[2026-04-11T18:21:36.645+0530][gc,heap     ] GC(58) Survivor regions: 6->6(7)
[2026-04-11T18:21:36.645+0530][gc,heap     ] GC(58) Old regions: 113->115
[2026-04-11T18:21:36.645+0530][gc,heap     ] GC(58) Archive regions: 2->2
[2026-04-11T18:21:36.645+0530][gc,heap     ] GC(58) Humongous regions: 129->129
[2026-04-11T18:21:36.645+0530][gc,metaspace] GC(58) Metaspace: 43308K(43904K)->43308K(43904K) NonClass: 38137K(38464K)->38137K(38464K) Class: 5170K(5440K)->5170K(5440K)
[2026-04-11T18:21:36.645+0530][gc          ] GC(58) Pause Young (Normal) (G1 Evacuation Pause) 292M->250M(1024M) 29.761ms
[2026-04-11T18:21:36.645+0530][gc,cpu      ] GC(58) User=0.04s Sys=0.04s Real=0.03s
[2026-04-11T18:23:45.583+0530][gc,start    ] GC(59) Pause Young (Normal) (G1 Evacuation Pause)
[2026-04-11T18:23:45.585+0530][gc,task     ] GC(59) Using 8 workers of 8 for evacuation
[2026-04-11T18:23:45.600+0530][gc,phases   ] GC(59)   Pre Evacuate Collection Set: 0.6ms
[2026-04-11T18:23:45.600+0530][gc,phases   ] GC(59)   Merge Heap Roots: 0.2ms
[2026-04-11T18:23:45.601+0530][gc,phases   ] GC(59)   Evacuate Collection Set: 14.4ms
[2026-04-11T18:23:45.601+0530][gc,phases   ] GC(59)   Post Evacuate Collection Set: 0.4ms
[2026-04-11T18:23:45.601+0530][gc,phases   ] GC(59)   Other: 1.5ms
[2026-04-11T18:23:45.601+0530][gc,heap     ] GC(59) Eden regions: 45->0(45)
[2026-04-11T18:23:45.601+0530][gc,heap     ] GC(59) Survivor regions: 6->6(7)
[2026-04-11T18:23:45.601+0530][gc,heap     ] GC(59) Old regions: 115->117
[2026-04-11T18:23:45.601+0530][gc,heap     ] GC(59) Archive regions: 2->2
[2026-04-11T18:23:45.601+0530][gc,heap     ] GC(59) Humongous regions: 129->129
[2026-04-11T18:23:45.601+0530][gc,metaspace] GC(59) Metaspace: 43309K(43904K)->43309K(43904K) NonClass: 38139K(38464K)->38139K(38464K) Class: 5170K(5440K)->5170K(5440K)
[2026-04-11T18:23:45.601+0530][gc          ] GC(59) Pause Young (Normal) (G1 Evacuation Pause) 295M->251M(1024M) 17.219ms
[2026-04-11T18:23:45.601+0530][gc,cpu      ] GC(59) User=0.04s Sys=0.02s Real=0.02s
[2026-04-11T18:25:45.091+0530][gc,start    ] GC(60) Pause Young (Normal) (G1 Evacuation Pause)
[2026-04-11T18:25:45.092+0530][gc,task     ] GC(60) Using 8 workers of 8 for evacuation
[2026-04-11T18:25:45.198+0530][gc,mmu      ] GC(60) MMU target violated: 21.0ms (20.0ms/21.0ms)
[2026-04-11T18:25:45.198+0530][gc,phases   ] GC(60)   Pre Evacuate Collection Set: 7.0ms
[2026-04-11T18:25:45.198+0530][gc,phases   ] GC(60)   Merge Heap Roots: 2.7ms
[2026-04-11T18:25:45.198+0530][gc,phases   ] GC(60)   Evacuate Collection Set: 91.2ms
[2026-04-11T18:25:45.198+0530][gc,phases   ] GC(60)   Post Evacuate Collection Set: 4.0ms
[2026-04-11T18:25:45.199+0530][gc,phases   ] GC(60)   Other: 4.6ms
[2026-04-11T18:25:45.199+0530][gc,heap     ] GC(60) Eden regions: 45->0(44)
[2026-04-11T18:25:45.199+0530][gc,heap     ] GC(60) Survivor regions: 6->7(7)
[2026-04-11T18:25:45.199+0530][gc,heap     ] GC(60) Old regions: 117->119
[2026-04-11T18:25:45.199+0530][gc,heap     ] GC(60) Archive regions: 2->2
[2026-04-11T18:25:45.199+0530][gc,heap     ] GC(60) Humongous regions: 129->129
[2026-04-11T18:25:45.199+0530][gc,metaspace] GC(60) Metaspace: 43316K(43904K)->43316K(43904K) NonClass: 38145K(38464K)->38145K(38464K) Class: 5170K(5440K)->5170K(5440K)
[2026-04-11T18:25:45.199+0530][gc          ] GC(60) Pause Young (Normal) (G1 Evacuation Pause) 296M->254M(1024M) 108.847ms
[2026-04-11T18:25:45.199+0530][gc,cpu      ] GC(60) User=0.04s Sys=0.06s Real=0.10s
[2026-04-11T18:27:51.167+0530][gc,start    ] GC(61) Pause Young (Normal) (G1 Evacuation Pause)
[2026-04-11T18:27:51.168+0530][gc,task     ] GC(61) Using 8 workers of 8 for evacuation
[2026-04-11T18:27:51.247+0530][gc,mmu      ] GC(61) MMU target violated: 21.0ms (20.0ms/21.0ms)
[2026-04-11T18:27:51.247+0530][gc,phases   ] GC(61)   Pre Evacuate Collection Set: 2.4ms
[2026-04-11T18:27:51.247+0530][gc,phases   ] GC(61)   Merge Heap Roots: 1.3ms
[2026-04-11T18:27:51.247+0530][gc,phases   ] GC(61)   Evacuate Collection Set: 71.4ms
[2026-04-11T18:27:51.247+0530][gc,phases   ] GC(61)   Post Evacuate Collection Set: 3.2ms
[2026-04-11T18:27:51.247+0530][gc,phases   ] GC(61)   Other: 2.3ms
[2026-04-11T18:27:51.247+0530][gc,heap     ] GC(61) Eden regions: 44->0(46)
[2026-04-11T18:27:51.247+0530][gc,heap     ] GC(61) Survivor regions: 7->5(7)
[2026-04-11T18:27:51.247+0530][gc,heap     ] GC(61) Old regions: 119->121
[2026-04-11T18:27:51.247+0530][gc,heap     ] GC(61) Archive regions: 2->2
[2026-04-11T18:27:51.247+0530][gc,heap     ] GC(61) Humongous regions: 129->129
[2026-04-11T18:27:51.247+0530][gc,metaspace] GC(61) Metaspace: 43324K(43904K)->43324K(43904K) NonClass: 38153K(38464K)->38153K(38464K) Class: 5170K(5440K)->5170K(5440K)
[2026-04-11T18:27:51.248+0530][gc          ] GC(61) Pause Young (Normal) (G1 Evacuation Pause) 298M->255M(1024M) 80.873ms
[2026-04-11T18:27:51.248+0530][gc,cpu      ] GC(61) User=0.03s Sys=0.10s Real=0.08s
[2026-04-11T18:30:03.138+0530][gc,start    ] GC(62) Pause Young (Normal) (G1 Evacuation Pause)
[2026-04-11T18:30:03.138+0530][gc,task     ] GC(62) Using 8 workers of 8 for evacuation
[2026-04-11T18:30:03.151+0530][gc,phases   ] GC(62)   Pre Evacuate Collection Set: 0.5ms
[2026-04-11T18:30:03.151+0530][gc,phases   ] GC(62)   Merge Heap Roots: 0.1ms
[2026-04-11T18:30:03.151+0530][gc,phases   ] GC(62)   Evacuate Collection Set: 11.2ms
[2026-04-11T18:30:03.151+0530][gc,phases   ] GC(62)   Post Evacuate Collection Set: 0.5ms
[2026-04-11T18:30:03.151+0530][gc,phases   ] GC(62)   Other: 0.8ms
[2026-04-11T18:30:03.151+0530][gc,heap     ] GC(62) Eden regions: 46->0(45)
[2026-04-11T18:30:03.151+0530][gc,heap     ] GC(62) Survivor regions: 5->6(7)
[2026-04-11T18:30:03.151+0530][gc,heap     ] GC(62) Old regions: 121->122
[2026-04-11T18:30:03.151+0530][gc,heap     ] GC(62) Archive regions: 2->2
[2026-04-11T18:30:03.151+0530][gc,heap     ] GC(62) Humongous regions: 129->129
[2026-04-11T18:30:03.151+0530][gc,metaspace] GC(62) Metaspace: 43326K(43904K)->43326K(43904K) NonClass: 38155K(38464K)->38155K(38464K) Class: 5170K(5440K)->5170K(5440K)
[2026-04-11T18:30:03.151+0530][gc          ] GC(62) Pause Young (Normal) (G1 Evacuation Pause) 301M->257M(1024M) 13.416ms
[2026-04-11T18:30:03.151+0530][gc,cpu      ] GC(62) User=0.03s Sys=0.02s Real=0.02s
[2026-04-11T18:32:11.874+0530][gc,start    ] GC(63) Pause Young (Normal) (G1 Evacuation Pause)
[2026-04-11T18:32:11.875+0530][gc,task     ] GC(63) Using 8 workers of 8 for evacuation
[2026-04-11T18:32:11.894+0530][gc,phases   ] GC(63)   Pre Evacuate Collection Set: 0.7ms
[2026-04-11T18:32:11.895+0530][gc,phases   ] GC(63)   Merge Heap Roots: 0.7ms
[2026-04-11T18:32:11.895+0530][gc,phases   ] GC(63)   Evacuate Collection Set: 17.6ms
[2026-04-11T18:32:11.895+0530][gc,phases   ] GC(63)   Post Evacuate Collection Set: 0.7ms
[2026-04-11T18:32:11.895+0530][gc,phases   ] GC(63)   Other: 2.6ms
[2026-04-11T18:32:11.895+0530][gc,heap     ] GC(63) Eden regions: 45->0(45)
[2026-04-11T18:32:11.895+0530][gc,heap     ] GC(63) Survivor regions: 6->6(7)
[2026-04-11T18:32:11.895+0530][gc,heap     ] GC(63) Old regions: 122->124
[2026-04-11T18:32:11.895+0530][gc,heap     ] GC(63) Archive regions: 2->2
[2026-04-11T18:32:11.895+0530][gc,heap     ] GC(63) Humongous regions: 129->129
[2026-04-11T18:32:11.895+0530][gc,metaspace] GC(63) Metaspace: 43338K(43968K)->43338K(43968K) NonClass: 38168K(38528K)->38168K(38528K) Class: 5170K(5440K)->5170K(5440K)
[2026-04-11T18:32:11.895+0530][gc          ] GC(63) Pause Young (Normal) (G1 Evacuation Pause) 302M->259M(1024M) 22.602ms
[2026-04-11T18:32:11.895+0530][gc,cpu      ] GC(63) User=0.04s Sys=0.02s Real=0.02s
[2026-04-11T18:34:20.629+0530][gc,start    ] GC(64) Pause Young (Normal) (G1 Evacuation Pause)
[2026-04-11T18:34:20.629+0530][gc,task     ] GC(64) Using 8 workers of 8 for evacuation
[2026-04-11T18:34:20.648+0530][gc,phases   ] GC(64)   Pre Evacuate Collection Set: 0.6ms
[2026-04-11T18:34:20.648+0530][gc,phases   ] GC(64)   Merge Heap Roots: 0.6ms
[2026-04-11T18:34:20.648+0530][gc,phases   ] GC(64)   Evacuate Collection Set: 15.6ms
[2026-04-11T18:34:20.648+0530][gc,phases   ] GC(64)   Post Evacuate Collection Set: 0.9ms
[2026-04-11T18:34:20.648+0530][gc,phases   ] GC(64)   Other: 2.7ms
[2026-04-11T18:34:20.648+0530][gc,heap     ] GC(64) Eden regions: 45->0(45)
[2026-04-11T18:34:20.648+0530][gc,heap     ] GC(64) Survivor regions: 6->6(7)
[2026-04-11T18:34:20.648+0530][gc,heap     ] GC(64) Old regions: 124->126
[2026-04-11T18:34:20.648+0530][gc,heap     ] GC(64) Archive regions: 2->2
[2026-04-11T18:34:20.648+0530][gc,heap     ] GC(64) Humongous regions: 129->129
[2026-04-11T18:34:20.648+0530][gc,metaspace] GC(64) Metaspace: 43339K(43968K)->43339K(43968K) NonClass: 38168K(38528K)->38168K(38528K) Class: 5170K(5440K)->5170K(5440K)
[2026-04-11T18:34:20.649+0530][gc          ] GC(64) Pause Young (Normal) (G1 Evacuation Pause) 304M->261M(1024M) 20.214ms
[2026-04-11T18:34:20.649+0530][gc,cpu      ] GC(64) User=0.04s Sys=0.02s Real=0.02s
[2026-04-11T18:36:30.075+0530][gc,start    ] GC(65) Pause Young (Normal) (G1 Evacuation Pause)
[2026-04-11T18:36:30.077+0530][gc,task     ] GC(65) Using 8 workers of 8 for evacuation
[2026-04-11T18:36:30.100+0530][gc,mmu      ] GC(65) MMU target violated: 21.0ms (20.0ms/21.0ms)
[2026-04-11T18:36:30.100+0530][gc,phases   ] GC(65)   Pre Evacuate Collection Set: 1.2ms
[2026-04-11T18:36:30.100+0530][gc,phases   ] GC(65)   Merge Heap Roots: 0.4ms
[2026-04-11T18:36:30.100+0530][gc,phases   ] GC(65)   Evacuate Collection Set: 20.5ms
[2026-04-11T18:36:30.100+0530][gc,phases   ] GC(65)   Post Evacuate Collection Set: 0.9ms
[2026-04-11T18:36:30.100+0530][gc,phases   ] GC(65)   Other: 3.0ms
[2026-04-11T18:36:30.101+0530][gc,heap     ] GC(65) Eden regions: 45->0(45)
[2026-04-11T18:36:30.101+0530][gc,heap     ] GC(65) Survivor regions: 6->6(7)
[2026-04-11T18:36:30.101+0530][gc,heap     ] GC(65) Old regions: 126->128
[2026-04-11T18:36:30.101+0530][gc,heap     ] GC(65) Archive regions: 2->2
[2026-04-11T18:36:30.101+0530][gc,heap     ] GC(65) Humongous regions: 129->129
[2026-04-11T18:36:30.101+0530][gc,metaspace] GC(65) Metaspace: 43340K(43968K)->43340K(43968K) NonClass: 38169K(38528K)->38169K(38528K) Class: 5170K(5440K)->5170K(5440K)
[2026-04-11T18:36:30.101+0530][gc          ] GC(65) Pause Young (Normal) (G1 Evacuation Pause) 306M->263M(1024M) 26.635ms
[2026-04-11T18:36:30.101+0530][gc,cpu      ] GC(65) User=0.04s Sys=0.03s Real=0.03s
[2026-04-11T18:38:38.945+0530][gc,start    ] GC(66) Pause Young (Normal) (G1 Evacuation Pause)
[2026-04-11T18:38:38.947+0530][gc,task     ] GC(66) Using 8 workers of 8 for evacuation
[2026-04-11T18:38:38.966+0530][gc,phases   ] GC(66)   Pre Evacuate Collection Set: 1.2ms
[2026-04-11T18:38:38.966+0530][gc,phases   ] GC(66)   Merge Heap Roots: 0.4ms
[2026-04-11T18:38:38.966+0530][gc,phases   ] GC(66)   Evacuate Collection Set: 13.7ms
[2026-04-11T18:38:38.966+0530][gc,phases   ] GC(66)   Post Evacuate Collection Set: 3.4ms
[2026-04-11T18:38:38.966+0530][gc,phases   ] GC(66)   Other: 2.6ms
[2026-04-11T18:38:38.966+0530][gc,heap     ] GC(66) Eden regions: 45->0(48)
[2026-04-11T18:38:38.966+0530][gc,heap     ] GC(66) Survivor regions: 6->3(7)
[2026-04-11T18:38:38.966+0530][gc,heap     ] GC(66) Old regions: 128->130
[2026-04-11T18:38:38.966+0530][gc,heap     ] GC(66) Archive regions: 2->2
[2026-04-11T18:38:38.966+0530][gc,heap     ] GC(66) Humongous regions: 129->129
[2026-04-11T18:38:38.966+0530][gc,metaspace] GC(66) Metaspace: 43340K(43968K)->43340K(43968K) NonClass: 38170K(38528K)->38170K(38528K) Class: 5170K(5440K)->5170K(5440K)
[2026-04-11T18:38:38.967+0530][gc          ] GC(66) Pause Young (Normal) (G1 Evacuation Pause) 308M->261M(1024M) 21.544ms
[2026-04-11T18:38:38.967+0530][gc,cpu      ] GC(66) User=0.03s Sys=0.02s Real=0.02s
[2026-04-11T18:40:56.309+0530][gc,start    ] GC(67) Pause Young (Normal) (G1 Evacuation Pause)
[2026-04-11T18:40:56.310+0530][gc,task     ] GC(67) Using 8 workers of 8 for evacuation
[2026-04-11T18:40:56.333+0530][gc,mmu      ] GC(67) MMU target violated: 21.0ms (20.0ms/21.0ms)
[2026-04-11T18:40:56.333+0530][gc,phases   ] GC(67)   Pre Evacuate Collection Set: 1.4ms
[2026-04-11T18:40:56.333+0530][gc,phases   ] GC(67)   Merge Heap Roots: 2.2ms
[2026-04-11T18:40:56.333+0530][gc,phases   ] GC(67)   Evacuate Collection Set: 17.8ms
[2026-04-11T18:40:56.333+0530][gc,phases   ] GC(67)   Post Evacuate Collection Set: 0.6ms
[2026-04-11T18:40:56.333+0530][gc,phases   ] GC(67)   Other: 2.5ms
[2026-04-11T18:40:56.333+0530][gc,heap     ] GC(67) Eden regions: 48->0(46)
[2026-04-11T18:40:56.333+0530][gc,heap     ] GC(67) Survivor regions: 3->5(7)
[2026-04-11T18:40:56.333+0530][gc,heap     ] GC(67) Old regions: 130->130
[2026-04-11T18:40:56.333+0530][gc,heap     ] GC(67) Archive regions: 2->2
[2026-04-11T18:40:56.333+0530][gc,heap     ] GC(67) Humongous regions: 129->129
[2026-04-11T18:40:56.333+0530][gc,metaspace] GC(67) Metaspace: 43342K(43968K)->43342K(43968K) NonClass: 38171K(38528K)->38171K(38528K) Class: 5170K(5440K)->5170K(5440K)
[2026-04-11T18:40:56.333+0530][gc          ] GC(67) Pause Young (Normal) (G1 Evacuation Pause) 309M->263M(1024M) 24.802ms
[2026-04-11T18:40:56.333+0530][gc,cpu      ] GC(67) User=0.02s Sys=0.03s Real=0.03s
[2026-04-11T18:43:09.074+0530][gc,start    ] GC(68) Pause Young (Normal) (G1 Evacuation Pause)
[2026-04-11T18:43:09.075+0530][gc,task     ] GC(68) Using 8 workers of 8 for evacuation
[2026-04-11T18:43:09.093+0530][gc,phases   ] GC(68)   Pre Evacuate Collection Set: 2.0ms
[2026-04-11T18:43:09.093+0530][gc,phases   ] GC(68)   Merge Heap Roots: 0.7ms
[2026-04-11T18:43:09.093+0530][gc,phases   ] GC(68)   Evacuate Collection Set: 13.0ms
[2026-04-11T18:43:09.093+0530][gc,phases   ] GC(68)   Post Evacuate Collection Set: 1.5ms
[2026-04-11T18:43:09.094+0530][gc,phases   ] GC(68)   Other: 4.4ms
[2026-04-11T18:43:09.094+0530][gc,heap     ] GC(68) Eden regions: 46->0(46)
[2026-04-11T18:43:09.094+0530][gc,heap     ] GC(68) Survivor regions: 5->5(7)
[2026-04-11T18:43:09.094+0530][gc,heap     ] GC(68) Old regions: 130->132
[2026-04-11T18:43:09.094+0530][gc,heap     ] GC(68) Archive regions: 2->2
[2026-04-11T18:43:09.094+0530][gc,heap     ] GC(68) Humongous regions: 129->129
[2026-04-11T18:43:09.094+0530][gc,metaspace] GC(68) Metaspace: 43342K(43968K)->43342K(43968K) NonClass: 38172K(38528K)->38172K(38528K) Class: 5170K(5440K)->5170K(5440K)
[2026-04-11T18:43:09.094+0530][gc          ] GC(68) Pause Young (Normal) (G1 Evacuation Pause) 309M->265M(1024M) 20.778ms
[2026-04-11T18:43:09.094+0530][gc,cpu      ] GC(68) User=0.03s Sys=0.02s Real=0.02s
[2026-04-11T18:45:20.312+0530][gc,start    ] GC(69) Pause Young (Normal) (G1 Evacuation Pause)
[2026-04-11T18:45:20.313+0530][gc,task     ] GC(69) Using 8 workers of 8 for evacuation
[2026-04-11T18:45:20.340+0530][gc,mmu      ] GC(69) MMU target violated: 21.0ms (20.0ms/21.0ms)
[2026-04-11T18:45:20.340+0530][gc,phases   ] GC(69)   Pre Evacuate Collection Set: 2.4ms
[2026-04-11T18:45:20.340+0530][gc,phases   ] GC(69)   Merge Heap Roots: 0.8ms
[2026-04-11T18:45:20.340+0530][gc,phases   ] GC(69)   Evacuate Collection Set: 20.8ms
[2026-04-11T18:45:20.340+0530][gc,phases   ] GC(69)   Post Evacuate Collection Set: 2.5ms
[2026-04-11T18:45:20.340+0530][gc,phases   ] GC(69)   Other: 1.8ms
[2026-04-11T18:45:20.340+0530][gc,heap     ] GC(69) Eden regions: 46->0(46)
[2026-04-11T18:45:20.341+0530][gc,heap     ] GC(69) Survivor regions: 5->5(7)
[2026-04-11T18:45:20.341+0530][gc,heap     ] GC(69) Old regions: 132->134
[2026-04-11T18:45:20.341+0530][gc,heap     ] GC(69) Archive regions: 2->2
[2026-04-11T18:45:20.341+0530][gc,heap     ] GC(69) Humongous regions: 129->129
[2026-04-11T18:45:20.341+0530][gc,metaspace] GC(69) Metaspace: 43346K(43968K)->43346K(43968K) NonClass: 38175K(38528K)->38175K(38528K) Class: 5170K(5440K)->5170K(5440K)
[2026-04-11T18:45:20.341+0530][gc          ] GC(69) Pause Young (Normal) (G1 Evacuation Pause) 311M->268M(1024M) 28.267ms
[2026-04-11T18:45:20.341+0530][gc,cpu      ] GC(69) User=0.03s Sys=0.04s Real=0.03s
[2026-04-11T18:47:34.005+0530][gc,start    ] GC(70) Pause Young (Normal) (G1 Evacuation Pause)
[2026-04-11T18:47:34.006+0530][gc,task     ] GC(70) Using 8 workers of 8 for evacuation
[2026-04-11T18:47:34.021+0530][gc,phases   ] GC(70)   Pre Evacuate Collection Set: 0.9ms
[2026-04-11T18:47:34.021+0530][gc,phases   ] GC(70)   Merge Heap Roots: 0.4ms
[2026-04-11T18:47:34.022+0530][gc,phases   ] GC(70)   Evacuate Collection Set: 12.4ms
[2026-04-11T18:47:34.022+0530][gc,phases   ] GC(70)   Post Evacuate Collection Set: 1.1ms
[2026-04-11T18:47:34.022+0530][gc,phases   ] GC(70)   Other: 3.0ms
[2026-04-11T18:47:34.022+0530][gc,heap     ] GC(70) Eden regions: 46->0(46)
[2026-04-11T18:47:34.022+0530][gc,heap     ] GC(70) Survivor regions: 5->5(7)
[2026-04-11T18:47:34.022+0530][gc,heap     ] GC(70) Old regions: 134->136
[2026-04-11T18:47:34.022+0530][gc,heap     ] GC(70) Archive regions: 2->2
[2026-04-11T18:47:34.022+0530][gc,heap     ] GC(70) Humongous regions: 129->129
[2026-04-11T18:47:34.022+0530][gc,metaspace] GC(70) Metaspace: 43353K(43968K)->43353K(43968K) NonClass: 38182K(38528K)->38182K(38528K) Class: 5170K(5440K)->5170K(5440K)
[2026-04-11T18:47:34.022+0530][gc          ] GC(70) Pause Young (Normal) (G1 Evacuation Pause) 314M->269M(1024M) 17.319ms
[2026-04-11T18:47:34.022+0530][gc,cpu      ] GC(70) User=0.03s Sys=0.02s Real=0.02s
[2026-04-11T18:49:46.050+0530][gc,start    ] GC(71) Pause Young (Normal) (G1 Evacuation Pause)
[2026-04-11T18:49:46.051+0530][gc,task     ] GC(71) Using 8 workers of 8 for evacuation
[2026-04-11T18:49:46.072+0530][gc,mmu      ] GC(71) MMU target violated: 21.0ms (20.0ms/21.0ms)
[2026-04-11T18:49:46.072+0530][gc,phases   ] GC(71)   Pre Evacuate Collection Set: 0.7ms
[2026-04-11T18:49:46.072+0530][gc,phases   ] GC(71)   Merge Heap Roots: 0.2ms
[2026-04-11T18:49:46.072+0530][gc,phases   ] GC(71)   Evacuate Collection Set: 19.2ms
[2026-04-11T18:49:46.072+0530][gc,phases   ] GC(71)   Post Evacuate Collection Set: 1.0ms
[2026-04-11T18:49:46.073+0530][gc,phases   ] GC(71)   Other: 4.0ms
[2026-04-11T18:49:46.073+0530][gc,heap     ] GC(71) Eden regions: 46->0(45)
[2026-04-11T18:49:46.073+0530][gc,heap     ] GC(71) Survivor regions: 5->6(7)
[2026-04-11T18:49:46.073+0530][gc,heap     ] GC(71) Old regions: 136->138
[2026-04-11T18:49:46.073+0530][gc,heap     ] GC(71) Archive regions: 2->2
[2026-04-11T18:49:46.073+0530][gc,heap     ] GC(71) Humongous regions: 129->129
[2026-04-11T18:49:46.073+0530][gc,metaspace] GC(71) Metaspace: 43355K(43968K)->43355K(43968K) NonClass: 38184K(38528K)->38184K(38528K) Class: 5170K(5440K)->5170K(5440K)
[2026-04-11T18:49:46.073+0530][gc          ] GC(71) Pause Young (Normal) (G1 Evacuation Pause) 315M->272M(1024M) 23.405ms
[2026-04-11T18:49:46.073+0530][gc,cpu      ] GC(71) User=0.03s Sys=0.02s Real=0.03s
[2026-04-11T18:51:54.858+0530][gc,start    ] GC(72) Pause Young (Normal) (G1 Evacuation Pause)
[2026-04-11T18:51:54.859+0530][gc,task     ] GC(72) Using 8 workers of 8 for evacuation
[2026-04-11T18:51:54.883+0530][gc,mmu      ] GC(72) MMU target violated: 21.0ms (20.0ms/21.0ms)
[2026-04-11T18:51:54.883+0530][gc,phases   ] GC(72)   Pre Evacuate Collection Set: 2.1ms
[2026-04-11T18:51:54.883+0530][gc,phases   ] GC(72)   Merge Heap Roots: 0.4ms
[2026-04-11T18:51:54.883+0530][gc,phases   ] GC(72)   Evacuate Collection Set: 18.8ms
[2026-04-11T18:51:54.883+0530][gc,phases   ] GC(72)   Post Evacuate Collection Set: 2.1ms
[2026-04-11T18:51:54.884+0530][gc,phases   ] GC(72)   Other: 2.8ms
[2026-04-11T18:51:54.884+0530][gc,heap     ] GC(72) Eden regions: 45->0(45)
[2026-04-11T18:51:54.884+0530][gc,heap     ] GC(72) Survivor regions: 6->6(7)
[2026-04-11T18:51:54.884+0530][gc,heap     ] GC(72) Old regions: 138->140
[2026-04-11T18:51:54.884+0530][gc,heap     ] GC(72) Archive regions: 2->2
[2026-04-11T18:51:54.884+0530][gc,heap     ] GC(72) Humongous regions: 129->129
[2026-04-11T18:51:54.884+0530][gc,metaspace] GC(72) Metaspace: 43355K(43968K)->43355K(43968K) NonClass: 38184K(38528K)->38184K(38528K) Class: 5170K(5440K)->5170K(5440K)
[2026-04-11T18:51:54.884+0530][gc          ] GC(72) Pause Young (Normal) (G1 Evacuation Pause) 317M->274M(1024M) 26.787ms
[2026-04-11T18:51:54.884+0530][gc,cpu      ] GC(72) User=0.03s Sys=0.03s Real=0.03s
[2026-04-11T18:54:03.530+0530][gc,start    ] GC(73) Pause Young (Normal) (G1 Evacuation Pause)
[2026-04-11T18:54:03.530+0530][gc,task     ] GC(73) Using 8 workers of 8 for evacuation
[2026-04-11T18:54:03.544+0530][gc,phases   ] GC(73)   Pre Evacuate Collection Set: 0.8ms
[2026-04-11T18:54:03.544+0530][gc,phases   ] GC(73)   Merge Heap Roots: 0.2ms
[2026-04-11T18:54:03.544+0530][gc,phases   ] GC(73)   Evacuate Collection Set: 11.8ms
[2026-04-11T18:54:03.544+0530][gc,phases   ] GC(73)   Post Evacuate Collection Set: 0.7ms
[2026-04-11T18:54:03.545+0530][gc,phases   ] GC(73)   Other: 1.8ms
[2026-04-11T18:54:03.545+0530][gc,heap     ] GC(73) Eden regions: 45->0(45)
[2026-04-11T18:54:03.545+0530][gc,heap     ] GC(73) Survivor regions: 6->6(7)
[2026-04-11T18:54:03.545+0530][gc,heap     ] GC(73) Old regions: 140->142
[2026-04-11T18:54:03.545+0530][gc,heap     ] GC(73) Archive regions: 2->2
[2026-04-11T18:54:03.545+0530][gc,heap     ] GC(73) Humongous regions: 129->129
[2026-04-11T18:54:03.545+0530][gc,metaspace] GC(73) Metaspace: 43355K(43968K)->43355K(43968K) NonClass: 38184K(38528K)->38184K(38528K) Class: 5170K(5440K)->5170K(5440K)
[2026-04-11T18:54:03.545+0530][gc          ] GC(73) Pause Young (Normal) (G1 Evacuation Pause) 319M->276M(1024M) 15.734ms
[2026-04-11T18:54:03.545+0530][gc,cpu      ] GC(73) User=0.03s Sys=0.01s Real=0.02s
[2026-04-11T18:56:11.297+0530][gc,start    ] GC(74) Pause Young (Normal) (G1 Evacuation Pause)
[2026-04-11T18:56:11.298+0530][gc,task     ] GC(74) Using 8 workers of 8 for evacuation
[2026-04-11T18:56:11.325+0530][gc,mmu      ] GC(74) MMU target violated: 21.0ms (20.0ms/21.0ms)
[2026-04-11T18:56:11.325+0530][gc,phases   ] GC(74)   Pre Evacuate Collection Set: 1.0ms
[2026-04-11T18:56:11.325+0530][gc,phases   ] GC(74)   Merge Heap Roots: 0.3ms
[2026-04-11T18:56:11.325+0530][gc,phases   ] GC(74)   Evacuate Collection Set: 24.5ms
[2026-04-11T18:56:11.325+0530][gc,phases   ] GC(74)   Post Evacuate Collection Set: 1.4ms
[2026-04-11T18:56:11.325+0530][gc,phases   ] GC(74)   Other: 1.2ms
[2026-04-11T18:56:11.325+0530][gc,heap     ] GC(74) Eden regions: 45->0(45)
[2026-04-11T18:56:11.325+0530][gc,heap     ] GC(74) Survivor regions: 6->6(7)
[2026-04-11T18:56:11.325+0530][gc,heap     ] GC(74) Old regions: 142->144
[2026-04-11T18:56:11.325+0530][gc,heap     ] GC(74) Archive regions: 2->2
[2026-04-11T18:56:11.325+0530][gc,heap     ] GC(74) Humongous regions: 129->129
[2026-04-11T18:56:11.325+0530][gc,metaspace] GC(74) Metaspace: 43355K(43968K)->43355K(43968K) NonClass: 38184K(38528K)->38184K(38528K) Class: 5170K(5440K)->5170K(5440K)
[2026-04-11T18:56:11.325+0530][gc          ] GC(74) Pause Young (Normal) (G1 Evacuation Pause) 321M->278M(1024M) 28.530ms
[2026-04-11T18:56:11.325+0530][gc,cpu      ] GC(74) User=0.04s Sys=0.03s Real=0.03s
[2026-04-11T18:58:21.294+0530][gc,start    ] GC(75) Pause Young (Normal) (G1 Evacuation Pause)
[2026-04-11T18:58:21.295+0530][gc,task     ] GC(75) Using 8 workers of 8 for evacuation
[2026-04-11T18:58:21.308+0530][gc,phases   ] GC(75)   Pre Evacuate Collection Set: 1.3ms
[2026-04-11T18:58:21.308+0530][gc,phases   ] GC(75)   Merge Heap Roots: 0.4ms
[2026-04-11T18:58:21.308+0530][gc,phases   ] GC(75)   Evacuate Collection Set: 10.7ms
[2026-04-11T18:58:21.308+0530][gc,phases   ] GC(75)   Post Evacuate Collection Set: 0.6ms
[2026-04-11T18:58:21.308+0530][gc,phases   ] GC(75)   Other: 1.6ms
[2026-04-11T18:58:21.308+0530][gc,heap     ] GC(75) Eden regions: 45->0(61)
[2026-04-11T18:58:21.308+0530][gc,heap     ] GC(75) Survivor regions: 6->6(7)
[2026-04-11T18:58:21.308+0530][gc,heap     ] GC(75) Old regions: 144->145
[2026-04-11T18:58:21.308+0530][gc,heap     ] GC(75) Archive regions: 2->2
[2026-04-11T18:58:21.308+0530][gc,heap     ] GC(75) Humongous regions: 129->129
[2026-04-11T18:58:21.308+0530][gc,metaspace] GC(75) Metaspace: 43355K(43968K)->43355K(43968K) NonClass: 38184K(38528K)->38184K(38528K) Class: 5170K(5440K)->5170K(5440K)
[2026-04-11T18:58:21.309+0530][gc          ] GC(75) Pause Young (Normal) (G1 Evacuation Pause) 323M->280M(1024M) 14.704ms
[2026-04-11T18:58:21.309+0530][gc,cpu      ] GC(75) User=0.03s Sys=0.02s Real=0.01s
[2026-04-11T19:00:28.874+0530][gc,start    ] GC(76) Pause Young (Normal) (G1 Evacuation Pause)
[2026-04-11T19:00:28.875+0530][gc,task     ] GC(76) Using 8 workers of 8 for evacuation
[2026-04-11T19:00:28.895+0530][gc,phases   ] GC(76)   Pre Evacuate Collection Set: 0.6ms
[2026-04-11T19:00:28.895+0530][gc,phases   ] GC(76)   Merge Heap Roots: 0.2ms
[2026-04-11T19:00:28.895+0530][gc,phases   ] GC(76)   Evacuate Collection Set: 18.3ms
[2026-04-11T19:00:28.895+0530][gc,phases   ] GC(76)   Post Evacuate Collection Set: 0.6ms
[2026-04-11T19:00:28.895+0530][gc,phases   ] GC(76)   Other: 1.1ms
[2026-04-11T19:00:28.895+0530][gc,heap     ] GC(76) Eden regions: 45->0(72)
[2026-04-11T19:00:28.895+0530][gc,heap     ] GC(76) Survivor regions: 6->6(7)
[2026-04-11T19:00:28.895+0530][gc,heap     ] GC(76) Old regions: 145->147
[2026-04-11T19:00:28.895+0530][gc,heap     ] GC(76) Archive regions: 2->2
[2026-04-11T19:00:28.895+0530][gc,heap     ] GC(76) Humongous regions: 129->129
[2026-04-11T19:00:28.895+0530][gc,metaspace] GC(76) Metaspace: 43356K(43968K)->43356K(43968K) NonClass: 38186K(38528K)->38186K(38528K) Class: 5170K(5440K)->5170K(5440K)
[2026-04-11T19:00:28.895+0530][gc          ] GC(76) Pause Young (Normal) (G1 Evacuation Pause) 325M->282M(1024M) 20.953ms
[2026-04-11T19:00:28.895+0530][gc,cpu      ] GC(76) User=0.03s Sys=0.01s Real=0.02s
[2026-04-11T19:03:56.382+0530][gc,start    ] GC(77) Pause Young (Normal) (G1 Evacuation Pause)
[2026-04-11T19:03:56.382+0530][gc,task     ] GC(77) Using 8 workers of 8 for evacuation
[2026-04-11T19:03:56.396+0530][gc,phases   ] GC(77)   Pre Evacuate Collection Set: 0.5ms
[2026-04-11T19:03:56.396+0530][gc,phases   ] GC(77)   Merge Heap Roots: 0.2ms
[2026-04-11T19:03:56.396+0530][gc,phases   ] GC(77)   Evacuate Collection Set: 12.5ms
[2026-04-11T19:03:56.396+0530][gc,phases   ] GC(77)   Post Evacuate Collection Set: 0.5ms
[2026-04-11T19:03:56.396+0530][gc,phases   ] GC(77)   Other: 1.5ms
[2026-04-11T19:03:56.396+0530][gc,heap     ] GC(77) Eden regions: 72->0(66)
[2026-04-11T19:03:56.396+0530][gc,heap     ] GC(77) Survivor regions: 6->7(10)
[2026-04-11T19:03:56.396+0530][gc,heap     ] GC(77) Old regions: 147->147
[2026-04-11T19:03:56.396+0530][gc,heap     ] GC(77) Archive regions: 2->2
[2026-04-11T19:03:56.396+0530][gc,heap     ] GC(77) Humongous regions: 129->129
[2026-04-11T19:03:56.396+0530][gc,metaspace] GC(77) Metaspace: 43360K(43968K)->43360K(43968K) NonClass: 38189K(38528K)->38189K(38528K) Class: 5170K(5440K)->5170K(5440K)
[2026-04-11T19:03:56.396+0530][gc          ] GC(77) Pause Young (Normal) (G1 Evacuation Pause) 354M->283M(1024M) 15.303ms
[2026-04-11T19:03:56.396+0530][gc,cpu      ] GC(77) User=0.04s Sys=0.03s Real=0.01s
[2026-04-11T19:07:07.537+0530][gc,start    ] GC(78) Pause Young (Normal) (G1 Evacuation Pause)
[2026-04-11T19:07:07.539+0530][gc,task     ] GC(78) Using 8 workers of 8 for evacuation
[2026-04-11T19:07:07.605+0530][gc,mmu      ] GC(78) MMU target violated: 21.0ms (20.0ms/21.0ms)
[2026-04-11T19:07:07.605+0530][gc,phases   ] GC(78)   Pre Evacuate Collection Set: 15.5ms
[2026-04-11T19:07:07.605+0530][gc,phases   ] GC(78)   Merge Heap Roots: 1.3ms
[2026-04-11T19:07:07.605+0530][gc,phases   ] GC(78)   Evacuate Collection Set: 39.7ms
[2026-04-11T19:07:07.605+0530][gc,phases   ] GC(78)   Post Evacuate Collection Set: 6.7ms
[2026-04-11T19:07:07.606+0530][gc,phases   ] GC(78)   Other: 8.8ms
[2026-04-11T19:07:07.606+0530][gc,heap     ] GC(78) Eden regions: 66->0(41)
[2026-04-11T19:07:07.606+0530][gc,heap     ] GC(78) Survivor regions: 7->10(10)
[2026-04-11T19:07:07.606+0530][gc,heap     ] GC(78) Old regions: 147->149
[2026-04-11T19:07:07.606+0530][gc,heap     ] GC(78) Archive regions: 2->2
[2026-04-11T19:07:07.606+0530][gc,heap     ] GC(78) Humongous regions: 129->129
[2026-04-11T19:07:07.606+0530][gc,metaspace] GC(78) Metaspace: 43360K(43968K)->43360K(43968K) NonClass: 38190K(38528K)->38190K(38528K) Class: 5170K(5440K)->5170K(5440K)
[2026-04-11T19:07:07.607+0530][gc          ] GC(78) Pause Young (Normal) (G1 Evacuation Pause) 349M->288M(1024M) 70.347ms
[2026-04-11T19:07:07.607+0530][gc,cpu      ] GC(78) User=0.05s Sys=0.07s Real=0.07s
[2026-04-11T19:09:05.495+0530][gc,start    ] GC(79) Pause Young (Normal) (G1 Evacuation Pause)
[2026-04-11T19:09:05.495+0530][gc,task     ] GC(79) Using 8 workers of 8 for evacuation
[2026-04-11T19:09:05.526+0530][gc,mmu      ] GC(79) MMU target violated: 21.0ms (20.0ms/21.0ms)
[2026-04-11T19:09:05.526+0530][gc,phases   ] GC(79)   Pre Evacuate Collection Set: 1.0ms
[2026-04-11T19:09:05.526+0530][gc,phases   ] GC(79)   Merge Heap Roots: 0.7ms
[2026-04-11T19:09:05.526+0530][gc,phases   ] GC(79)   Evacuate Collection Set: 28.0ms
[2026-04-11T19:09:05.526+0530][gc,phases   ] GC(79)   Post Evacuate Collection Set: 0.5ms
[2026-04-11T19:09:05.526+0530][gc,phases   ] GC(79)   Other: 2.5ms
[2026-04-11T19:09:05.526+0530][gc,heap     ] GC(79) Eden regions: 41->0(46)
[2026-04-11T19:09:05.526+0530][gc,heap     ] GC(79) Survivor regions: 10->5(7)
[2026-04-11T19:09:05.526+0530][gc,heap     ] GC(79) Old regions: 149->156
[2026-04-11T19:09:05.526+0530][gc,heap     ] GC(79) Archive regions: 2->2
[2026-04-11T19:09:05.526+0530][gc,heap     ] GC(79) Humongous regions: 129->129
[2026-04-11T19:09:05.526+0530][gc,metaspace] GC(79) Metaspace: 43363K(43968K)->43363K(43968K) NonClass: 38192K(38528K)->38192K(38528K) Class: 5170K(5440K)->5170K(5440K)
[2026-04-11T19:09:05.526+0530][gc          ] GC(79) Pause Young (Normal) (G1 Evacuation Pause) 329M->290M(1024M) 32.563ms
[2026-04-11T19:09:05.526+0530][gc,cpu      ] GC(79) User=0.05s Sys=0.03s Real=0.03s
[2026-04-11T19:11:16.701+0530][gc,start    ] GC(80) Pause Young (Normal) (G1 Evacuation Pause)
[2026-04-11T19:11:16.701+0530][gc,task     ] GC(80) Using 8 workers of 8 for evacuation
[2026-04-11T19:11:16.733+0530][gc,mmu      ] GC(80) MMU target violated: 21.0ms (20.0ms/21.0ms)
[2026-04-11T19:11:16.733+0530][gc,phases   ] GC(80)   Pre Evacuate Collection Set: 1.1ms
[2026-04-11T19:11:16.733+0530][gc,phases   ] GC(80)   Merge Heap Roots: 0.5ms
[2026-04-11T19:11:16.733+0530][gc,phases   ] GC(80)   Evacuate Collection Set: 28.7ms
[2026-04-11T19:11:16.733+0530][gc,phases   ] GC(80)   Post Evacuate Collection Set: 0.8ms
[2026-04-11T19:11:16.733+0530][gc,phases   ] GC(80)   Other: 1.9ms
[2026-04-11T19:11:16.733+0530][gc,heap     ] GC(80) Eden regions: 46->0(45)
[2026-04-11T19:11:16.733+0530][gc,heap     ] GC(80) Survivor regions: 5->6(7)
[2026-04-11T19:11:16.733+0530][gc,heap     ] GC(80) Old regions: 156->156
[2026-04-11T19:11:16.733+0530][gc,heap     ] GC(80) Archive regions: 2->2
[2026-04-11T19:11:16.733+0530][gc,heap     ] GC(80) Humongous regions: 129->129
[2026-04-11T19:11:16.733+0530][gc,metaspace] GC(80) Metaspace: 43363K(43968K)->43363K(43968K) NonClass: 38192K(38528K)->38192K(38528K) Class: 5170K(5440K)->5170K(5440K)
[2026-04-11T19:11:16.733+0530][gc          ] GC(80) Pause Young (Normal) (G1 Evacuation Pause) 336M->291M(1024M) 32.880ms
[2026-04-11T19:11:16.733+0530][gc,cpu      ] GC(80) User=0.03s Sys=0.03s Real=0.03s
[2026-04-11T19:13:26.180+0530][gc,start    ] GC(81) Pause Young (Normal) (G1 Evacuation Pause)
[2026-04-11T19:13:26.181+0530][gc,task     ] GC(81) Using 8 workers of 8 for evacuation
[2026-04-11T19:13:26.222+0530][gc,mmu      ] GC(81) MMU target violated: 21.0ms (20.0ms/21.0ms)
[2026-04-11T19:13:26.222+0530][gc,phases   ] GC(81)   Pre Evacuate Collection Set: 13.6ms
[2026-04-11T19:13:26.222+0530][gc,phases   ] GC(81)   Merge Heap Roots: 1.6ms
[2026-04-11T19:13:26.222+0530][gc,phases   ] GC(81)   Evacuate Collection Set: 20.6ms
[2026-04-11T19:13:26.222+0530][gc,phases   ] GC(81)   Post Evacuate Collection Set: 2.2ms
[2026-04-11T19:13:26.222+0530][gc,phases   ] GC(81)   Other: 5.3ms
[2026-04-11T19:13:26.222+0530][gc,heap     ] GC(81) Eden regions: 45->0(47)
[2026-04-11T19:13:26.222+0530][gc,heap     ] GC(81) Survivor regions: 6->4(7)
[2026-04-11T19:13:26.222+0530][gc,heap     ] GC(81) Old regions: 156->160
[2026-04-11T19:13:26.222+0530][gc,heap     ] GC(81) Archive regions: 2->2
[2026-04-11T19:13:26.222+0530][gc,heap     ] GC(81) Humongous regions: 129->129
[2026-04-11T19:13:26.222+0530][gc,metaspace] GC(81) Metaspace: 43363K(43968K)->43363K(43968K) NonClass: 38192K(38528K)->38192K(38528K) Class: 5170K(5440K)->5170K(5440K)
[2026-04-11T19:13:26.222+0530][gc          ] GC(81) Pause Young (Normal) (G1 Evacuation Pause) 336M->293M(1024M) 42.511ms
[2026-04-11T19:13:26.222+0530][gc,cpu      ] GC(81) User=0.02s Sys=0.04s Real=0.04s
[2026-04-11T19:15:45.269+0530][gc,start    ] GC(82) Pause Young (Normal) (G1 Evacuation Pause)
[2026-04-11T19:15:45.270+0530][gc,task     ] GC(82) Using 8 workers of 8 for evacuation
[2026-04-11T19:15:45.320+0530][gc,mmu      ] GC(82) MMU target violated: 21.0ms (20.0ms/21.0ms)
[2026-04-11T19:15:45.320+0530][gc,phases   ] GC(82)   Pre Evacuate Collection Set: 9.4ms
[2026-04-11T19:15:45.320+0530][gc,phases   ] GC(82)   Merge Heap Roots: 2.1ms
[2026-04-11T19:15:45.320+0530][gc,phases   ] GC(82)   Evacuate Collection Set: 32.9ms
[2026-04-11T19:15:45.320+0530][gc,phases   ] GC(82)   Post Evacuate Collection Set: 3.3ms
[2026-04-11T19:15:45.320+0530][gc,phases   ] GC(82)   Other: 5.2ms
[2026-04-11T19:15:45.320+0530][gc,heap     ] GC(82) Eden regions: 47->0(46)
[2026-04-11T19:15:45.320+0530][gc,heap     ] GC(82) Survivor regions: 4->5(7)
[2026-04-11T19:15:45.320+0530][gc,heap     ] GC(82) Old regions: 160->162
[2026-04-11T19:15:45.320+0530][gc,heap     ] GC(82) Archive regions: 2->2
[2026-04-11T19:15:45.320+0530][gc,heap     ] GC(82) Humongous regions: 129->129
[2026-04-11T19:15:45.320+0530][gc,metaspace] GC(82) Metaspace: 43363K(43968K)->43363K(43968K) NonClass: 38192K(38528K)->38192K(38528K) Class: 5170K(5440K)->5170K(5440K)
[2026-04-11T19:15:45.321+0530][gc          ] GC(82) Pause Young (Normal) (G1 Evacuation Pause) 340M->295M(1024M) 52.088ms
[2026-04-11T19:15:45.321+0530][gc,cpu      ] GC(82) User=0.02s Sys=0.05s Real=0.06s
[2026-04-11T19:17:58.328+0530][gc,start    ] GC(83) Pause Young (Normal) (G1 Evacuation Pause)
[2026-04-11T19:17:58.329+0530][gc,task     ] GC(83) Using 8 workers of 8 for evacuation
[2026-04-11T19:17:58.362+0530][gc,mmu      ] GC(83) MMU target violated: 21.0ms (20.0ms/21.0ms)
[2026-04-11T19:17:58.362+0530][gc,phases   ] GC(83)   Pre Evacuate Collection Set: 2.5ms
[2026-04-11T19:17:58.362+0530][gc,phases   ] GC(83)   Merge Heap Roots: 1.1ms
[2026-04-11T19:17:58.362+0530][gc,phases   ] GC(83)   Evacuate Collection Set: 26.4ms
[2026-04-11T19:17:58.362+0530][gc,phases   ] GC(83)   Post Evacuate Collection Set: 2.0ms
[2026-04-11T19:17:58.363+0530][gc,phases   ] GC(83)   Other: 3.9ms
[2026-04-11T19:17:58.363+0530][gc,heap     ] GC(83) Eden regions: 46->0(46)
[2026-04-11T19:17:58.363+0530][gc,heap     ] GC(83) Survivor regions: 5->5(7)
[2026-04-11T19:17:58.363+0530][gc,heap     ] GC(83) Old regions: 162->164
[2026-04-11T19:17:58.363+0530][gc,heap     ] GC(83) Archive regions: 2->2
[2026-04-11T19:17:58.363+0530][gc,heap     ] GC(83) Humongous regions: 129->129
[2026-04-11T19:17:58.363+0530][gc,metaspace] GC(83) Metaspace: 43363K(43968K)->43363K(43968K) NonClass: 38192K(38528K)->38192K(38528K) Class: 5170K(5440K)->5170K(5440K)
[2026-04-11T19:17:58.363+0530][gc          ] GC(83) Pause Young (Normal) (G1 Evacuation Pause) 341M->298M(1024M) 35.149ms
[2026-04-11T19:17:58.363+0530][gc,cpu      ] GC(83) User=0.03s Sys=0.06s Real=0.04s
[2026-04-11T19:20:10.437+0530][gc,start    ] GC(84) Pause Young (Normal) (G1 Evacuation Pause)
[2026-04-11T19:20:10.438+0530][gc,task     ] GC(84) Using 8 workers of 8 for evacuation
[2026-04-11T19:20:10.484+0530][gc,mmu      ] GC(84) MMU target violated: 21.0ms (20.0ms/21.0ms)
[2026-04-11T19:20:10.484+0530][gc,phases   ] GC(84)   Pre Evacuate Collection Set: 5.4ms
[2026-04-11T19:20:10.484+0530][gc,phases   ] GC(84)   Merge Heap Roots: 1.1ms
[2026-04-11T19:20:10.484+0530][gc,phases   ] GC(84)   Evacuate Collection Set: 36.3ms
[2026-04-11T19:20:10.484+0530][gc,phases   ] GC(84)   Post Evacuate Collection Set: 1.6ms
[2026-04-11T19:20:10.484+0530][gc,phases   ] GC(84)   Other: 4.3ms
[2026-04-11T19:20:10.484+0530][gc,heap     ] GC(84) Eden regions: 46->0(46)
[2026-04-11T19:20:10.484+0530][gc,heap     ] GC(84) Survivor regions: 5->5(7)
[2026-04-11T19:20:10.484+0530][gc,heap     ] GC(84) Old regions: 164->166
[2026-04-11T19:20:10.484+0530][gc,heap     ] GC(84) Archive regions: 2->2
[2026-04-11T19:20:10.484+0530][gc,heap     ] GC(84) Humongous regions: 129->129
[2026-04-11T19:20:10.484+0530][gc,metaspace] GC(84) Metaspace: 43363K(43968K)->43363K(43968K) NonClass: 38192K(38528K)->38192K(38528K) Class: 5170K(5440K)->5170K(5440K)
[2026-04-11T19:20:10.485+0530][gc          ] GC(84) Pause Young (Normal) (G1 Evacuation Pause) 344M->300M(1024M) 48.360ms
[2026-04-11T19:20:10.485+0530][gc,cpu      ] GC(84) User=0.03s Sys=0.09s Real=0.05s
[2026-04-11T19:22:21.895+0530][gc,start    ] GC(85) Pause Young (Normal) (G1 Evacuation Pause)
[2026-04-11T19:22:21.896+0530][gc,task     ] GC(85) Using 8 workers of 8 for evacuation
[2026-04-11T19:22:21.917+0530][gc,phases   ] GC(85)   Pre Evacuate Collection Set: 0.8ms
[2026-04-11T19:22:21.917+0530][gc,phases   ] GC(85)   Merge Heap Roots: 0.4ms
[2026-04-11T19:22:21.917+0530][gc,phases   ] GC(85)   Evacuate Collection Set: 17.4ms
[2026-04-11T19:22:21.917+0530][gc,phases   ] GC(85)   Post Evacuate Collection Set: 1.1ms
[2026-04-11T19:22:21.917+0530][gc,phases   ] GC(85)   Other: 3.0ms
[2026-04-11T19:22:21.917+0530][gc,heap     ] GC(85) Eden regions: 46->0(46)
[2026-04-11T19:22:21.917+0530][gc,heap     ] GC(85) Survivor regions: 5->5(7)
[2026-04-11T19:22:21.917+0530][gc,heap     ] GC(85) Old regions: 166->168
[2026-04-11T19:22:21.917+0530][gc,heap     ] GC(85) Archive regions: 2->2
[2026-04-11T19:22:21.917+0530][gc,heap     ] GC(85) Humongous regions: 129->129
[2026-04-11T19:22:21.917+0530][gc,metaspace] GC(85) Metaspace: 43364K(43968K)->43364K(43968K) NonClass: 38193K(38528K)->38193K(38528K) Class: 5170K(5440K)->5170K(5440K)
[2026-04-11T19:22:21.917+0530][gc          ] GC(85) Pause Young (Normal) (G1 Evacuation Pause) 346M->302M(1024M) 23.113ms
[2026-04-11T19:22:21.917+0530][gc,cpu      ] GC(85) User=0.03s Sys=0.03s Real=0.02s
[2026-04-11T19:24:25.661+0530][gc,start    ] GC(86) Pause Young (Normal) (G1 Evacuation Pause)
[2026-04-11T19:24:25.662+0530][gc,task     ] GC(86) Using 8 workers of 8 for evacuation
[2026-04-11T19:24:25.686+0530][gc,mmu      ] GC(86) MMU target violated: 21.0ms (20.0ms/21.0ms)
[2026-04-11T19:24:25.686+0530][gc,phases   ] GC(86)   Pre Evacuate Collection Set: 0.7ms
[2026-04-11T19:24:25.686+0530][gc,phases   ] GC(86)   Merge Heap Roots: 0.4ms
[2026-04-11T19:24:25.686+0530][gc,phases   ] GC(86)   Evacuate Collection Set: 22.0ms
[2026-04-11T19:24:25.686+0530][gc,phases   ] GC(86)   Post Evacuate Collection Set: 0.8ms
[2026-04-11T19:24:25.686+0530][gc,phases   ] GC(86)   Other: 1.0ms
[2026-04-11T19:24:25.686+0530][gc,heap     ] GC(86) Eden regions: 46->0(44)
[2026-04-11T19:24:25.686+0530][gc,heap     ] GC(86) Survivor regions: 5->7(7)
[2026-04-11T19:24:25.686+0530][gc,heap     ] GC(86) Old regions: 168->170
[2026-04-11T19:24:25.686+0530][gc,heap     ] GC(86) Archive regions: 2->2
[2026-04-11T19:24:25.686+0530][gc,heap     ] GC(86) Humongous regions: 129->129
[2026-04-11T19:24:25.686+0530][gc,metaspace] GC(86) Metaspace: 43364K(43968K)->43364K(43968K) NonClass: 38193K(38528K)->38193K(38528K) Class: 5170K(5440K)->5170K(5440K)
[2026-04-11T19:24:25.686+0530][gc          ] GC(86) Pause Young (Normal) (G1 Evacuation Pause) 348M->306M(1024M) 24.951ms
[2026-04-11T19:24:25.686+0530][gc,cpu      ] GC(86) User=0.03s Sys=0.04s Real=0.02s
[2026-04-11T19:26:29.296+0530][gc,start    ] GC(87) Pause Young (Normal) (G1 Evacuation Pause)
[2026-04-11T19:26:29.296+0530][gc,task     ] GC(87) Using 8 workers of 8 for evacuation
[2026-04-11T19:26:29.332+0530][gc,mmu      ] GC(87) MMU target violated: 21.0ms (20.0ms/21.0ms)
[2026-04-11T19:26:29.332+0530][gc,phases   ] GC(87)   Pre Evacuate Collection Set: 0.7ms
[2026-04-11T19:26:29.332+0530][gc,phases   ] GC(87)   Merge Heap Roots: 0.2ms
[2026-04-11T19:26:29.332+0530][gc,phases   ] GC(87)   Evacuate Collection Set: 33.5ms
[2026-04-11T19:26:29.332+0530][gc,phases   ] GC(87)   Post Evacuate Collection Set: 0.5ms
[2026-04-11T19:26:29.332+0530][gc,phases   ] GC(87)   Other: 1.0ms
[2026-04-11T19:26:29.332+0530][gc,heap     ] GC(87) Eden regions: 44->0(46)
[2026-04-11T19:26:29.332+0530][gc,heap     ] GC(87) Survivor regions: 7->5(7)
[2026-04-11T19:26:29.332+0530][gc,heap     ] GC(87) Old regions: 170->173
[2026-04-11T19:26:29.332+0530][gc,heap     ] GC(87) Archive regions: 2->2
[2026-04-11T19:26:29.332+0530][gc,heap     ] GC(87) Humongous regions: 129->129
[2026-04-11T19:26:29.332+0530][gc,metaspace] GC(87) Metaspace: 43365K(43968K)->43365K(43968K) NonClass: 38194K(38528K)->38194K(38528K) Class: 5170K(5440K)->5170K(5440K)
[2026-04-11T19:26:29.332+0530][gc          ] GC(87) Pause Young (Normal) (G1 Evacuation Pause) 350M->307M(1024M) 36.113ms
[2026-04-11T19:26:29.332+0530][gc,cpu      ] GC(87) User=0.03s Sys=0.03s Real=0.04s
[2026-04-11T19:28:41.909+0530][gc,start    ] GC(88) Pause Young (Normal) (G1 Evacuation Pause)
[2026-04-11T19:28:41.910+0530][gc,task     ] GC(88) Using 8 workers of 8 for evacuation
[2026-04-11T19:28:41.940+0530][gc,mmu      ] GC(88) MMU target violated: 21.0ms (20.0ms/21.0ms)
[2026-04-11T19:28:41.940+0530][gc,phases   ] GC(88)   Pre Evacuate Collection Set: 1.3ms
[2026-04-11T19:28:41.940+0530][gc,phases   ] GC(88)   Merge Heap Roots: 0.4ms
[2026-04-11T19:28:41.940+0530][gc,phases   ] GC(88)   Evacuate Collection Set: 26.1ms
[2026-04-11T19:28:41.940+0530][gc,phases   ] GC(88)   Post Evacuate Collection Set: 1.2ms
[2026-04-11T19:28:41.940+0530][gc,phases   ] GC(88)   Other: 2.5ms
[2026-04-11T19:28:41.940+0530][gc,heap     ] GC(88) Eden regions: 46->0(46)
[2026-04-11T19:28:41.940+0530][gc,heap     ] GC(88) Survivor regions: 5->5(7)
[2026-04-11T19:28:41.940+0530][gc,heap     ] GC(88) Old regions: 173->175
[2026-04-11T19:28:41.940+0530][gc,heap     ] GC(88) Archive regions: 2->2
[2026-04-11T19:28:41.940+0530][gc,heap     ] GC(88) Humongous regions: 129->129
[2026-04-11T19:28:41.940+0530][gc,metaspace] GC(88) Metaspace: 43365K(43968K)->43365K(43968K) NonClass: 38194K(38528K)->38194K(38528K) Class: 5170K(5440K)->5170K(5440K)
[2026-04-11T19:28:41.940+0530][gc          ] GC(88) Pause Young (Normal) (G1 Evacuation Pause) 353M->309M(1024M) 31.494ms
[2026-04-11T19:28:41.940+0530][gc,cpu      ] GC(88) User=0.03s Sys=0.05s Real=0.04s
[2026-04-11T19:30:55.403+0530][gc,start    ] GC(89) Pause Young (Normal) (G1 Evacuation Pause)
[2026-04-11T19:30:55.403+0530][gc,task     ] GC(89) Using 8 workers of 8 for evacuation
[2026-04-11T19:30:55.448+0530][gc,mmu      ] GC(89) MMU target violated: 21.0ms (20.0ms/21.0ms)
[2026-04-11T19:30:55.448+0530][gc,phases   ] GC(89)   Pre Evacuate Collection Set: 2.4ms
[2026-04-11T19:30:55.448+0530][gc,phases   ] GC(89)   Merge Heap Roots: 0.9ms
[2026-04-11T19:30:55.448+0530][gc,phases   ] GC(89)   Evacuate Collection Set: 38.0ms
[2026-04-11T19:30:55.448+0530][gc,phases   ] GC(89)   Post Evacuate Collection Set: 1.8ms
[2026-04-11T19:30:55.448+0530][gc,phases   ] GC(89)   Other: 3.3ms
[2026-04-11T19:30:55.448+0530][gc,heap     ] GC(89) Eden regions: 46->0(45)
[2026-04-11T19:30:55.448+0530][gc,heap     ] GC(89) Survivor regions: 5->6(7)
[2026-04-11T19:30:55.448+0530][gc,heap     ] GC(89) Old regions: 175->177
[2026-04-11T19:30:55.448+0530][gc,heap     ] GC(89) Archive regions: 2->2
[2026-04-11T19:30:55.448+0530][gc,heap     ] GC(89) Humongous regions: 129->129
[2026-04-11T19:30:55.448+0530][gc,metaspace] GC(89) Metaspace: 43365K(43968K)->43365K(43968K) NonClass: 38194K(38528K)->38194K(38528K) Class: 5170K(5440K)->5170K(5440K)
[2026-04-11T19:30:55.448+0530][gc          ] GC(89) Pause Young (Normal) (G1 Evacuation Pause) 355M->311M(1024M) 45.779ms
[2026-04-11T19:30:55.448+0530][gc,cpu      ] GC(89) User=0.03s Sys=0.08s Real=0.04s
[2026-04-11T19:33:04.720+0530][gc,start    ] GC(90) Pause Young (Normal) (G1 Evacuation Pause)
[2026-04-11T19:33:04.722+0530][gc,task     ] GC(90) Using 8 workers of 8 for evacuation
[2026-04-11T19:33:04.744+0530][gc,mmu      ] GC(90) MMU target violated: 21.0ms (20.0ms/21.0ms)
[2026-04-11T19:33:04.744+0530][gc,phases   ] GC(90)   Pre Evacuate Collection Set: 1.3ms
[2026-04-11T19:33:04.744+0530][gc,phases   ] GC(90)   Merge Heap Roots: 0.2ms
[2026-04-11T19:33:04.744+0530][gc,phases   ] GC(90)   Evacuate Collection Set: 19.2ms
[2026-04-11T19:33:04.744+0530][gc,phases   ] GC(90)   Post Evacuate Collection Set: 1.3ms
[2026-04-11T19:33:04.744+0530][gc,phases   ] GC(90)   Other: 2.2ms
[2026-04-11T19:33:04.744+0530][gc,heap     ] GC(90) Eden regions: 45->0(45)
[2026-04-11T19:33:04.744+0530][gc,heap     ] GC(90) Survivor regions: 6->6(7)
[2026-04-11T19:33:04.744+0530][gc,heap     ] GC(90) Old regions: 177->179
[2026-04-11T19:33:04.744+0530][gc,heap     ] GC(90) Archive regions: 2->2
[2026-04-11T19:33:04.744+0530][gc,heap     ] GC(90) Humongous regions: 129->129
[2026-04-11T19:33:04.744+0530][gc,metaspace] GC(90) Metaspace: 43365K(43968K)->43365K(43968K) NonClass: 38194K(38528K)->38194K(38528K) Class: 5170K(5440K)->5170K(5440K)
[2026-04-11T19:33:04.744+0530][gc          ] GC(90) Pause Young (Normal) (G1 Evacuation Pause) 356M->313M(1024M) 24.151ms
[2026-04-11T19:33:04.744+0530][gc,cpu      ] GC(90) User=0.04s Sys=0.02s Real=0.02s
[2026-04-11T19:35:16.774+0530][gc,start    ] GC(91) Pause Young (Normal) (G1 Evacuation Pause)
[2026-04-11T19:35:16.775+0530][gc,task     ] GC(91) Using 8 workers of 8 for evacuation
[2026-04-11T19:35:16.796+0530][gc,phases   ] GC(91)   Pre Evacuate Collection Set: 1.5ms
[2026-04-11T19:35:16.796+0530][gc,phases   ] GC(91)   Merge Heap Roots: 0.6ms
[2026-04-11T19:35:16.796+0530][gc,phases   ] GC(91)   Evacuate Collection Set: 16.1ms
[2026-04-11T19:35:16.796+0530][gc,phases   ] GC(91)   Post Evacuate Collection Set: 1.3ms
[2026-04-11T19:35:16.796+0530][gc,phases   ] GC(91)   Other: 2.6ms
[2026-04-11T19:35:16.796+0530][gc,heap     ] GC(91) Eden regions: 45->0(45)
[2026-04-11T19:35:16.796+0530][gc,heap     ] GC(91) Survivor regions: 6->6(7)
[2026-04-11T19:35:16.796+0530][gc,heap     ] GC(91) Old regions: 179->181
[2026-04-11T19:35:16.796+0530][gc,heap     ] GC(91) Archive regions: 2->2
[2026-04-11T19:35:16.796+0530][gc,heap     ] GC(91) Humongous regions: 129->129
[2026-04-11T19:35:16.796+0530][gc,metaspace] GC(91) Metaspace: 43365K(43968K)->43365K(43968K) NonClass: 38194K(38528K)->38194K(38528K) Class: 5170K(5440K)->5170K(5440K)
[2026-04-11T19:35:16.796+0530][gc          ] GC(91) Pause Young (Normal) (G1 Evacuation Pause) 358M->315M(1024M) 22.316ms
[2026-04-11T19:35:16.796+0530][gc,cpu      ] GC(91) User=0.03s Sys=0.03s Real=0.02s
[2026-04-11T19:37:26.885+0530][gc,start    ] GC(92) Pause Young (Normal) (G1 Evacuation Pause)
[2026-04-11T19:37:26.886+0530][gc,task     ] GC(92) Using 8 workers of 8 for evacuation
[2026-04-11T19:37:26.922+0530][gc,mmu      ] GC(92) MMU target violated: 21.0ms (20.0ms/21.0ms)
[2026-04-11T19:37:26.923+0530][gc,phases   ] GC(92)   Pre Evacuate Collection Set: 1.1ms
[2026-04-11T19:37:26.923+0530][gc,phases   ] GC(92)   Merge Heap Roots: 0.6ms
[2026-04-11T19:37:26.923+0530][gc,phases   ] GC(92)   Evacuate Collection Set: 32.6ms
[2026-04-11T19:37:26.923+0530][gc,phases   ] GC(92)   Post Evacuate Collection Set: 2.2ms
[2026-04-11T19:37:26.923+0530][gc,phases   ] GC(92)   Other: 2.2ms
[2026-04-11T19:37:26.923+0530][gc,heap     ] GC(92) Eden regions: 45->0(45)
[2026-04-11T19:37:26.923+0530][gc,heap     ] GC(92) Survivor regions: 6->6(7)
[2026-04-11T19:37:26.923+0530][gc,heap     ] GC(92) Old regions: 181->183
[2026-04-11T19:37:26.923+0530][gc,heap     ] GC(92) Archive regions: 2->2
[2026-04-11T19:37:26.923+0530][gc,heap     ] GC(92) Humongous regions: 129->129
[2026-04-11T19:37:26.923+0530][gc,metaspace] GC(92) Metaspace: 43366K(43968K)->43366K(43968K) NonClass: 38195K(38528K)->38195K(38528K) Class: 5170K(5440K)->5170K(5440K)
[2026-04-11T19:37:26.923+0530][gc          ] GC(92) Pause Young (Normal) (G1 Evacuation Pause) 360M->317M(1024M) 39.129ms
[2026-04-11T19:37:26.924+0530][gc,cpu      ] GC(92) User=0.03s Sys=0.06s Real=0.04s
[2026-04-11T19:39:36.105+0530][gc,start    ] GC(93) Pause Young (Normal) (G1 Evacuation Pause)
[2026-04-11T19:39:36.106+0530][gc,task     ] GC(93) Using 8 workers of 8 for evacuation
[2026-04-11T19:39:36.134+0530][gc,mmu      ] GC(93) MMU target violated: 21.0ms (20.0ms/21.0ms)
[2026-04-11T19:39:36.134+0530][gc,phases   ] GC(93)   Pre Evacuate Collection Set: 1.3ms
[2026-04-11T19:39:36.134+0530][gc,phases   ] GC(93)   Merge Heap Roots: 0.4ms
[2026-04-11T19:39:36.134+0530][gc,phases   ] GC(93)   Evacuate Collection Set: 24.5ms
[2026-04-11T19:39:36.134+0530][gc,phases   ] GC(93)   Post Evacuate Collection Set: 1.2ms
[2026-04-11T19:39:36.134+0530][gc,phases   ] GC(93)   Other: 1.9ms
[2026-04-11T19:39:36.134+0530][gc,heap     ] GC(93) Eden regions: 45->0(45)
[2026-04-11T19:39:36.134+0530][gc,heap     ] GC(93) Survivor regions: 6->6(7)
[2026-04-11T19:39:36.134+0530][gc,heap     ] GC(93) Old regions: 183->185
[2026-04-11T19:39:36.134+0530][gc,heap     ] GC(93) Archive regions: 2->2
[2026-04-11T19:39:36.134+0530][gc,heap     ] GC(93) Humongous regions: 129->129
[2026-04-11T19:39:36.134+0530][gc,metaspace] GC(93) Metaspace: 43366K(43968K)->43366K(43968K) NonClass: 38195K(38528K)->38195K(38528K) Class: 5170K(5440K)->5170K(5440K)
[2026-04-11T19:39:36.134+0530][gc          ] GC(93) Pause Young (Normal) (G1 Evacuation Pause) 362M->319M(1024M) 29.248ms
[2026-04-11T19:39:36.134+0530][gc,cpu      ] GC(93) User=0.05s Sys=0.04s Real=0.03s
[2026-04-11T19:41:46.652+0530][gc,start    ] GC(94) Pause Young (Normal) (G1 Evacuation Pause)
[2026-04-11T19:41:46.653+0530][gc,task     ] GC(94) Using 8 workers of 8 for evacuation
[2026-04-11T19:41:46.668+0530][gc,phases   ] GC(94)   Pre Evacuate Collection Set: 0.7ms
[2026-04-11T19:41:46.668+0530][gc,phases   ] GC(94)   Merge Heap Roots: 0.6ms
[2026-04-11T19:41:46.668+0530][gc,phases   ] GC(94)   Evacuate Collection Set: 13.1ms
[2026-04-11T19:41:46.668+0530][gc,phases   ] GC(94)   Post Evacuate Collection Set: 0.5ms
[2026-04-11T19:41:46.668+0530][gc,phases   ] GC(94)   Other: 2.6ms
[2026-04-11T19:41:46.668+0530][gc,heap     ] GC(94) Eden regions: 45->0(45)
[2026-04-11T19:41:46.668+0530][gc,heap     ] GC(94) Survivor regions: 6->6(7)
[2026-04-11T19:41:46.668+0530][gc,heap     ] GC(94) Old regions: 185->186
[2026-04-11T19:41:46.668+0530][gc,heap     ] GC(94) Archive regions: 2->2
[2026-04-11T19:41:46.668+0530][gc,heap     ] GC(94) Humongous regions: 129->129
[2026-04-11T19:41:46.668+0530][gc,metaspace] GC(94) Metaspace: 43369K(43968K)->43369K(43968K) NonClass: 38198K(38528K)->38198K(38528K) Class: 5170K(5440K)->5170K(5440K)
[2026-04-11T19:41:46.669+0530][gc          ] GC(94) Pause Young (Normal) (G1 Evacuation Pause) 364M->321M(1024M) 17.916ms
[2026-04-11T19:41:46.669+0530][gc,cpu      ] GC(94) User=0.04s Sys=0.02s Real=0.01s
[2026-04-11T19:43:55.394+0530][gc,start    ] GC(95) Pause Young (Normal) (G1 Evacuation Pause)
[2026-04-11T19:43:55.395+0530][gc,task     ] GC(95) Using 8 workers of 8 for evacuation
[2026-04-11T19:43:55.416+0530][gc,mmu      ] GC(95) MMU target violated: 20.6ms (20.0ms/21.0ms)
[2026-04-11T19:43:55.416+0530][gc,phases   ] GC(95)   Pre Evacuate Collection Set: 1.0ms
[2026-04-11T19:43:55.416+0530][gc,phases   ] GC(95)   Merge Heap Roots: 0.5ms
[2026-04-11T19:43:55.416+0530][gc,phases   ] GC(95)   Evacuate Collection Set: 18.3ms
[2026-04-11T19:43:55.416+0530][gc,phases   ] GC(95)   Post Evacuate Collection Set: 1.0ms
[2026-04-11T19:43:55.416+0530][gc,phases   ] GC(95)   Other: 2.1ms
[2026-04-11T19:43:55.416+0530][gc,heap     ] GC(95) Eden regions: 45->0(45)
[2026-04-11T19:43:55.416+0530][gc,heap     ] GC(95) Survivor regions: 6->6(7)
[2026-04-11T19:43:55.416+0530][gc,heap     ] GC(95) Old regions: 186->188
[2026-04-11T19:43:55.416+0530][gc,heap     ] GC(95) Archive regions: 2->2
[2026-04-11T19:43:55.416+0530][gc,heap     ] GC(95) Humongous regions: 129->129
[2026-04-11T19:43:55.416+0530][gc,metaspace] GC(95) Metaspace: 43369K(43968K)->43369K(43968K) NonClass: 38198K(38528K)->38198K(38528K) Class: 5170K(5440K)->5170K(5440K)
[2026-04-11T19:43:55.417+0530][gc          ] GC(95) Pause Young (Normal) (G1 Evacuation Pause) 366M->323M(1024M) 23.361ms
[2026-04-11T19:43:55.417+0530][gc,cpu      ] GC(95) User=0.03s Sys=0.04s Real=0.02s
[2026-04-11T19:46:04.084+0530][gc,start    ] GC(96) Pause Young (Normal) (G1 Evacuation Pause)
[2026-04-11T19:46:04.085+0530][gc,task     ] GC(96) Using 8 workers of 8 for evacuation
[2026-04-11T19:46:04.113+0530][gc,mmu      ] GC(96) MMU target violated: 21.0ms (20.0ms/21.0ms)
[2026-04-11T19:46:04.113+0530][gc,phases   ] GC(96)   Pre Evacuate Collection Set: 1.2ms
[2026-04-11T19:46:04.113+0530][gc,phases   ] GC(96)   Merge Heap Roots: 1.5ms
[2026-04-11T19:46:04.113+0530][gc,phases   ] GC(96)   Evacuate Collection Set: 21.8ms
[2026-04-11T19:46:04.113+0530][gc,phases   ] GC(96)   Post Evacuate Collection Set: 3.3ms
[2026-04-11T19:46:04.113+0530][gc,phases   ] GC(96)   Other: 1.7ms
[2026-04-11T19:46:04.113+0530][gc,heap     ] GC(96) Eden regions: 45->0(45)
[2026-04-11T19:46:04.113+0530][gc,heap     ] GC(96) Survivor regions: 6->6(7)
[2026-04-11T19:46:04.113+0530][gc,heap     ] GC(96) Old regions: 188->190
[2026-04-11T19:46:04.113+0530][gc,heap     ] GC(96) Archive regions: 2->2
[2026-04-11T19:46:04.113+0530][gc,heap     ] GC(96) Humongous regions: 129->129
[2026-04-11T19:46:04.113+0530][gc,metaspace] GC(96) Metaspace: 43369K(43968K)->43369K(43968K) NonClass: 38198K(38528K)->38198K(38528K) Class: 5170K(5440K)->5170K(5440K)
[2026-04-11T19:46:04.114+0530][gc          ] GC(96) Pause Young (Normal) (G1 Evacuation Pause) 368M->325M(1024M) 29.600ms
[2026-04-11T19:46:04.114+0530][gc,cpu      ] GC(96) User=0.03s Sys=0.04s Real=0.03s
[2026-04-11T19:48:13.733+0530][gc,start    ] GC(97) Pause Young (Normal) (G1 Evacuation Pause)
[2026-04-11T19:48:13.734+0530][gc,task     ] GC(97) Using 8 workers of 8 for evacuation
[2026-04-11T19:48:13.758+0530][gc,mmu      ] GC(97) MMU target violated: 21.0ms (20.0ms/21.0ms)
[2026-04-11T19:48:13.758+0530][gc,phases   ] GC(97)   Pre Evacuate Collection Set: 3.1ms
[2026-04-11T19:48:13.758+0530][gc,phases   ] GC(97)   Merge Heap Roots: 0.5ms
[2026-04-11T19:48:13.758+0530][gc,phases   ] GC(97)   Evacuate Collection Set: 13.8ms
[2026-04-11T19:48:13.758+0530][gc,phases   ] GC(97)   Post Evacuate Collection Set: 3.0ms
[2026-04-11T19:48:13.758+0530][gc,phases   ] GC(97)   Other: 6.2ms
[2026-04-11T19:48:13.758+0530][gc,heap     ] GC(97) Eden regions: 45->0(48)
[2026-04-11T19:48:13.758+0530][gc,heap     ] GC(97) Survivor regions: 6->3(7)
[2026-04-11T19:48:13.758+0530][gc,heap     ] GC(97) Old regions: 190->192
[2026-04-11T19:48:13.758+0530][gc,heap     ] GC(97) Archive regions: 2->2
[2026-04-11T19:48:13.758+0530][gc,heap     ] GC(97) Humongous regions: 129->129
[2026-04-11T19:48:13.758+0530][gc,metaspace] GC(97) Metaspace: 43369K(43968K)->43369K(43968K) NonClass: 38198K(38528K)->38198K(38528K) Class: 5170K(5440K)->5170K(5440K)
[2026-04-11T19:48:13.759+0530][gc          ] GC(97) Pause Young (Normal) (G1 Evacuation Pause) 370M->324M(1024M) 26.273ms
[2026-04-11T19:48:13.759+0530][gc,cpu      ] GC(97) User=0.02s Sys=0.04s Real=0.02s
[2026-04-11T19:50:31.002+0530][gc,start    ] GC(98) Pause Young (Normal) (G1 Evacuation Pause)
[2026-04-11T19:50:31.003+0530][gc,task     ] GC(98) Using 8 workers of 8 for evacuation
[2026-04-11T19:50:31.032+0530][gc,mmu      ] GC(98) MMU target violated: 21.0ms (20.0ms/21.0ms)
[2026-04-11T19:50:31.033+0530][gc,phases   ] GC(98)   Pre Evacuate Collection Set: 2.2ms
[2026-04-11T19:50:31.033+0530][gc,phases   ] GC(98)   Merge Heap Roots: 0.9ms
[2026-04-11T19:50:31.033+0530][gc,phases   ] GC(98)   Evacuate Collection Set: 23.0ms
[2026-04-11T19:50:31.033+0530][gc,phases   ] GC(98)   Post Evacuate Collection Set: 2.2ms
[2026-04-11T19:50:31.033+0530][gc,phases   ] GC(98)   Other: 4.5ms
[2026-04-11T19:50:31.033+0530][gc,heap     ] GC(98) Eden regions: 48->0(46)
[2026-04-11T19:50:31.033+0530][gc,heap     ] GC(98) Survivor regions: 3->5(7)
[2026-04-11T19:50:31.033+0530][gc,heap     ] GC(98) Old regions: 192->192
[2026-04-11T19:50:31.033+0530][gc,heap     ] GC(98) Archive regions: 2->2
[2026-04-11T19:50:31.033+0530][gc,heap     ] GC(98) Humongous regions: 129->129
[2026-04-11T19:50:31.033+0530][gc,metaspace] GC(98) Metaspace: 43369K(43968K)->43369K(43968K) NonClass: 38198K(38528K)->38198K(38528K) Class: 5170K(5440K)->5170K(5440K)
[2026-04-11T19:50:31.033+0530][gc          ] GC(98) Pause Young (Normal) (G1 Evacuation Pause) 372M->326M(1024M) 31.830ms
[2026-04-11T19:50:31.034+0530][gc,cpu      ] GC(98) User=0.03s Sys=0.03s Real=0.03s
[2026-04-11T19:52:43.679+0530][gc,start    ] GC(99) Pause Young (Normal) (G1 Evacuation Pause)
[2026-04-11T19:52:43.682+0530][gc,task     ] GC(99) Using 8 workers of 8 for evacuation
[2026-04-11T19:52:43.701+0530][gc,phases   ] GC(99)   Pre Evacuate Collection Set: 2.1ms
[2026-04-11T19:52:43.701+0530][gc,phases   ] GC(99)   Merge Heap Roots: 0.2ms
[2026-04-11T19:52:43.701+0530][gc,phases   ] GC(99)   Evacuate Collection Set: 15.3ms
[2026-04-11T19:52:43.701+0530][gc,phases   ] GC(99)   Post Evacuate Collection Set: 0.3ms
[2026-04-11T19:52:43.701+0530][gc,phases   ] GC(99)   Other: 5.9ms
[2026-04-11T19:52:43.701+0530][gc,heap     ] GC(99) Eden regions: 46->0(46)
[2026-04-11T19:52:43.701+0530][gc,heap     ] GC(99) Survivor regions: 5->5(7)
[2026-04-11T19:52:43.701+0530][gc,heap     ] GC(99) Old regions: 192->194
[2026-04-11T19:52:43.701+0530][gc,heap     ] GC(99) Archive regions: 2->2
[2026-04-11T19:52:43.701+0530][gc,heap     ] GC(99) Humongous regions: 129->129
[2026-04-11T19:52:43.701+0530][gc,metaspace] GC(99) Metaspace: 43369K(43968K)->43369K(43968K) NonClass: 38198K(38528K)->38198K(38528K) Class: 5170K(5440K)->5170K(5440K)
[2026-04-11T19:52:43.701+0530][gc          ] GC(99) Pause Young (Normal) (G1 Evacuation Pause) 372M->327M(1024M) 22.579ms
[2026-04-11T19:52:43.701+0530][gc,cpu      ] GC(99) User=0.02s Sys=0.04s Real=0.03s
[2026-04-11T19:55:11.852+0530][gc,start    ] GC(100) Pause Young (Normal) (G1 Evacuation Pause)
[2026-04-11T19:55:11.855+0530][gc,task     ] GC(100) Using 8 workers of 8 for evacuation
[2026-04-11T19:55:11.917+0530][gc,mmu      ] GC(100) MMU target violated: 21.0ms (20.0ms/21.0ms)
[2026-04-11T19:55:11.917+0530][gc,phases   ] GC(100)   Pre Evacuate Collection Set: 16.1ms
[2026-04-11T19:55:11.917+0530][gc,phases   ] GC(100)   Merge Heap Roots: 1.9ms
[2026-04-11T19:55:11.917+0530][gc,phases   ] GC(100)   Evacuate Collection Set: 36.5ms
[2026-04-11T19:55:11.917+0530][gc,phases   ] GC(100)   Post Evacuate Collection Set: 2.5ms
[2026-04-11T19:55:11.917+0530][gc,phases   ] GC(100)   Other: 9.5ms
[2026-04-11T19:55:11.917+0530][gc,heap     ] GC(100) Eden regions: 46->0(46)
[2026-04-11T19:55:11.917+0530][gc,heap     ] GC(100) Survivor regions: 5->5(7)
[2026-04-11T19:55:11.917+0530][gc,heap     ] GC(100) Old regions: 194->196
[2026-04-11T19:55:11.917+0530][gc,heap     ] GC(100) Archive regions: 2->2
[2026-04-11T19:55:11.917+0530][gc,heap     ] GC(100) Humongous regions: 129->129
[2026-04-11T19:55:11.917+0530][gc,metaspace] GC(100) Metaspace: 43370K(43968K)->43370K(43968K) NonClass: 38199K(38528K)->38199K(38528K) Class: 5170K(5440K)->5170K(5440K)
[2026-04-11T19:55:11.917+0530][gc          ] GC(100) Pause Young (Normal) (G1 Evacuation Pause) 373M->330M(1024M) 65.565ms
[2026-04-11T19:55:11.917+0530][gc,cpu      ] GC(100) User=0.02s Sys=0.08s Real=0.06s
[2026-04-11T19:57:43.334+0530][gc,start    ] GC(101) Pause Young (Normal) (G1 Evacuation Pause)
[2026-04-11T19:57:43.340+0530][gc,task     ] GC(101) Using 8 workers of 8 for evacuation
[2026-04-11T19:57:43.446+0530][gc,mmu      ] GC(101) MMU target violated: 21.0ms (20.0ms/21.0ms)
[2026-04-11T19:57:43.446+0530][gc,phases   ] GC(101)   Pre Evacuate Collection Set: 13.7ms
[2026-04-11T19:57:43.446+0530][gc,phases   ] GC(101)   Merge Heap Roots: 3.6ms
[2026-04-11T19:57:43.446+0530][gc,phases   ] GC(101)   Evacuate Collection Set: 73.0ms
[2026-04-11T19:57:43.446+0530][gc,phases   ] GC(101)   Post Evacuate Collection Set: 8.0ms
[2026-04-11T19:57:43.446+0530][gc,phases   ] GC(101)   Other: 22.1ms
[2026-04-11T19:57:43.447+0530][gc,heap     ] GC(101) Eden regions: 46->0(45)
[2026-04-11T19:57:43.447+0530][gc,heap     ] GC(101) Survivor regions: 5->6(7)
[2026-04-11T19:57:43.447+0530][gc,heap     ] GC(101) Old regions: 196->198
[2026-04-11T19:57:43.447+0530][gc,heap     ] GC(101) Archive regions: 2->2
[2026-04-11T19:57:43.447+0530][gc,heap     ] GC(101) Humongous regions: 129->129
[2026-04-11T19:57:43.447+0530][gc,metaspace] GC(101) Metaspace: 43370K(43968K)->43370K(43968K) NonClass: 38199K(38528K)->38199K(38528K) Class: 5170K(5440K)->5170K(5440K)
[2026-04-11T19:57:43.447+0530][gc          ] GC(101) Pause Young (Normal) (G1 Evacuation Pause) 376M->333M(1024M) 114.146ms
[2026-04-11T19:57:43.447+0530][gc,cpu      ] GC(101) User=0.03s Sys=0.06s Real=0.11s
[2026-04-11T19:59:57.858+0530][gc,start    ] GC(102) Pause Young (Normal) (G1 Evacuation Pause)
[2026-04-11T19:59:57.862+0530][gc,task     ] GC(102) Using 8 workers of 8 for evacuation
[2026-04-11T19:59:58.032+0530][gc,mmu      ] GC(102) MMU target violated: 21.0ms (20.0ms/21.0ms)
[2026-04-11T19:59:58.032+0530][gc,phases   ] GC(102)   Pre Evacuate Collection Set: 16.8ms
[2026-04-11T19:59:58.032+0530][gc,phases   ] GC(102)   Merge Heap Roots: 29.5ms
[2026-04-11T19:59:58.032+0530][gc,phases   ] GC(102)   Evacuate Collection Set: 105.8ms
[2026-04-11T19:59:58.032+0530][gc,phases   ] GC(102)   Post Evacuate Collection Set: 7.8ms
[2026-04-11T19:59:58.033+0530][gc,phases   ] GC(102)   Other: 17.2ms
[2026-04-11T19:59:58.033+0530][gc,heap     ] GC(102) Eden regions: 45->0(45)
[2026-04-11T19:59:58.033+0530][gc,heap     ] GC(102) Survivor regions: 6->6(7)
[2026-04-11T19:59:58.033+0530][gc,heap     ] GC(102) Old regions: 198->200
[2026-04-11T19:59:58.033+0530][gc,heap     ] GC(102) Archive regions: 2->2
[2026-04-11T19:59:58.033+0530][gc,heap     ] GC(102) Humongous regions: 129->129
[2026-04-11T19:59:58.033+0530][gc,metaspace] GC(102) Metaspace: 43371K(43968K)->43371K(43968K) NonClass: 38201K(38528K)->38201K(38528K) Class: 5170K(5440K)->5170K(5440K)
[2026-04-11T19:59:58.035+0530][gc          ] GC(102) Pause Young (Normal) (G1 Evacuation Pause) 378M->335M(1024M) 176.944ms
[2026-04-11T19:59:58.035+0530][gc,cpu      ] GC(102) User=0.04s Sys=0.06s Real=0.18s
[2026-04-11T20:02:07.208+0530][gc,start    ] GC(103) Pause Young (Normal) (G1 Evacuation Pause)
[2026-04-11T20:02:07.209+0530][gc,task     ] GC(103) Using 8 workers of 8 for evacuation
[2026-04-11T20:02:07.238+0530][gc,mmu      ] GC(103) MMU target violated: 21.0ms (20.0ms/21.0ms)
[2026-04-11T20:02:07.238+0530][gc,phases   ] GC(103)   Pre Evacuate Collection Set: 3.7ms
[2026-04-11T20:02:07.238+0530][gc,phases   ] GC(103)   Merge Heap Roots: 1.1ms
[2026-04-11T20:02:07.238+0530][gc,phases   ] GC(103)   Evacuate Collection Set: 22.3ms
[2026-04-11T20:02:07.238+0530][gc,phases   ] GC(103)   Post Evacuate Collection Set: 1.8ms
[2026-04-11T20:02:07.238+0530][gc,phases   ] GC(103)   Other: 1.7ms
[2026-04-11T20:02:07.238+0530][gc,heap     ] GC(103) Eden regions: 45->0(45)
[2026-04-11T20:02:07.238+0530][gc,heap     ] GC(103) Survivor regions: 6->6(7)
[2026-04-11T20:02:07.238+0530][gc,heap     ] GC(103) Old regions: 200->202
[2026-04-11T20:02:07.238+0530][gc,heap     ] GC(103) Archive regions: 2->2
[2026-04-11T20:02:07.238+0530][gc,heap     ] GC(103) Humongous regions: 129->129
[2026-04-11T20:02:07.238+0530][gc,metaspace] GC(103) Metaspace: 43371K(43968K)->43371K(43968K) NonClass: 38201K(38528K)->38201K(38528K) Class: 5170K(5440K)->5170K(5440K)
[2026-04-11T20:02:07.238+0530][gc          ] GC(103) Pause Young (Normal) (G1 Evacuation Pause) 380M->337M(1024M) 30.518ms
[2026-04-11T20:02:07.238+0530][gc,cpu      ] GC(103) User=0.04s Sys=0.04s Real=0.03s
[2026-04-11T20:04:16.510+0530][gc,start    ] GC(104) Pause Young (Normal) (G1 Evacuation Pause)
[2026-04-11T20:04:16.511+0530][gc,task     ] GC(104) Using 8 workers of 8 for evacuation
[2026-04-11T20:04:16.532+0530][gc,phases   ] GC(104)   Pre Evacuate Collection Set: 1.8ms
[2026-04-11T20:04:16.532+0530][gc,phases   ] GC(104)   Merge Heap Roots: 0.4ms
[2026-04-11T20:04:16.532+0530][gc,phases   ] GC(104)   Evacuate Collection Set: 17.1ms
[2026-04-11T20:04:16.532+0530][gc,phases   ] GC(104)   Post Evacuate Collection Set: 0.8ms
[2026-04-11T20:04:16.532+0530][gc,phases   ] GC(104)   Other: 1.8ms
[2026-04-11T20:04:16.532+0530][gc,heap     ] GC(104) Eden regions: 45->0(45)
[2026-04-11T20:04:16.532+0530][gc,heap     ] GC(104) Survivor regions: 6->6(7)
[2026-04-11T20:04:16.532+0530][gc,heap     ] GC(104) Old regions: 202->204
[2026-04-11T20:04:16.532+0530][gc,heap     ] GC(104) Archive regions: 2->2
[2026-04-11T20:04:16.532+0530][gc,heap     ] GC(104) Humongous regions: 129->129
[2026-04-11T20:04:16.532+0530][gc,metaspace] GC(104) Metaspace: 43379K(44032K)->43379K(44032K) NonClass: 38208K(38592K)->38208K(38592K) Class: 5170K(5440K)->5170K(5440K)
[2026-04-11T20:04:16.532+0530][gc          ] GC(104) Pause Young (Normal) (G1 Evacuation Pause) 382M->339M(1024M) 22.011ms
[2026-04-11T20:04:16.532+0530][gc,cpu      ] GC(104) User=0.04s Sys=0.03s Real=0.02s
[2026-04-11T20:05:49.274+0530][gc,heap,exit] Heap
[2026-04-11T20:05:49.275+0530][gc,heap,exit]  garbage-first heap   total 1048576K, used 387782K [0x00000007c0000000, 0x0000000800000000)
[2026-04-11T20:05:49.275+0530][gc,heap,exit]   region size 1024K, 46 young (47104K), 6 survivors (6144K)
[2026-04-11T20:05:49.275+0530][gc,heap,exit]  Metaspace       used 44314K, committed 44992K, reserved 1114112K
[2026-04-11T20:05:49.275+0530][gc,heap,exit]   class space    used 5361K, committed 5696K, reserved 1048576K
