[2025-05-03T09:22:46.730+0530][gc] Using G1
[2025-05-03T09:22:46.732+0530][gc,init] Version: 17.0.10+7-LTS (release)
[2025-05-03T09:22:46.732+0530][gc,init] CPUs: 8 total, 8 available
[2025-05-03T09:22:46.732+0530][gc,init] Memory: 8192M
[2025-05-03T09:22:46.732+0530][gc,init] Large Page Support: Disabled
[2025-05-03T09:22:46.732+0530][gc,init] NUMA Support: Disabled
[2025-05-03T09:22:46.732+0530][gc,init] Compressed Oops: Enabled (Zero based)
[2025-05-03T09:22:46.732+0530][gc,init] Heap Region Size: 1M
[2025-05-03T09:22:46.732+0530][gc,init] Heap Min Capacity: 1G
[2025-05-03T09:22:46.732+0530][gc,init] Heap Initial Capacity: 1G
[2025-05-03T09:22:46.732+0530][gc,init] Heap Max Capacity: 1G
[2025-05-03T09:22:46.732+0530][gc,init] Pre-touch: Disabled
[2025-05-03T09:22:46.732+0530][gc,init] Parallel Workers: 8
[2025-05-03T09:22:46.732+0530][gc,init] Concurrent Workers: 2
[2025-05-03T09:22:46.732+0530][gc,init] Concurrent Refinement Workers: 8
[2025-05-03T09:22:46.732+0530][gc,init] Periodic GC: Disabled
[2025-05-03T09:22:46.736+0530][gc,metaspace] CDS archive(s) mapped at: [0x0000007000000000-0x0000007000bc0000-0x0000007000bc0000), size 12320768, SharedBaseAddress: 0x0000007000000000, ArchiveRelocationMode: 1.
[2025-05-03T09:22:46.736+0530][gc,metaspace] Compressed class space mapped at: 0x0000007001000000-0x0000007041000000, reserved size: 1073741824
[2025-05-03T09:22:46.736+0530][gc,metaspace] Narrow klass base: 0x0000007000000000, Narrow klass shift: 0, Narrow klass range: 0x100000000
[2025-05-03T09:22:52.683+0530][gc,start    ] GC(0) Pause Young (Normal) (G1 Evacuation Pause)
[2025-05-03T09:22:52.683+0530][gc,task     ] GC(0) Using 8 workers of 8 for evacuation
[2025-05-03T09:22:52.688+0530][gc,phases   ] GC(0)   Pre Evacuate Collection Set: 0.2ms
[2025-05-03T09:22:52.688+0530][gc,phases   ] GC(0)   Merge Heap Roots: 0.1ms
[2025-05-03T09:22:52.688+0530][gc,phases   ] GC(0)   Evacuate Collection Set: 3.8ms
[2025-05-03T09:22:52.688+0530][gc,phases   ] GC(0)   Post Evacuate Collection Set: 0.4ms
[2025-05-03T09:22:52.688+0530][gc,phases   ] GC(0)   Other: 0.4ms
[2025-05-03T09:22:52.688+0530][gc,heap     ] GC(0) Eden regions: 51->0(44)
[2025-05-03T09:22:52.688+0530][gc,heap     ] GC(0) Survivor regions: 0->7(7)
[2025-05-03T09:22:52.688+0530][gc,heap     ] GC(0) Old regions: 0->2
[2025-05-03T09:22:52.688+0530][gc,heap     ] GC(0) Archive regions: 2->2
[2025-05-03T09:22:52.688+0530][gc,heap     ] GC(0) Humongous regions: 0->0
[2025-05-03T09:22:52.688+0530][gc,metaspace] GC(0) Metaspace: 18083K(18240K)->18083K(18240K) NonClass: 15922K(16000K)->15922K(16000K) Class: 2160K(2240K)->2160K(2240K)
[2025-05-03T09:22:52.688+0530][gc          ] GC(0) Pause Young (Normal) (G1 Evacuation Pause) 51M->8M(1024M) 5.010ms
[2025-05-03T09:22:52.688+0530][gc,cpu      ] GC(0) User=0.02s Sys=0.00s Real=0.00s
[2025-05-03T09:22:52.954+0530][gc,start    ] GC(1) Pause Young (Concurrent Start) (Metadata GC Threshold)
[2025-05-03T09:22:52.954+0530][gc,task     ] GC(1) Using 8 workers of 8 for evacuation
[2025-05-03T09:22:52.959+0530][gc,phases   ] GC(1)   Pre Evacuate Collection Set: 0.2ms
[2025-05-03T09:22:52.959+0530][gc,phases   ] GC(1)   Merge Heap Roots: 0.1ms
[2025-05-03T09:22:52.959+0530][gc,phases   ] GC(1)   Evacuate Collection Set: 3.9ms
[2025-05-03T09:22:52.959+0530][gc,phases   ] GC(1)   Post Evacuate Collection Set: 0.5ms
[2025-05-03T09:22:52.959+0530][gc,phases   ] GC(1)   Other: 0.2ms
[2025-05-03T09:22:52.959+0530][gc,heap     ] GC(1) Eden regions: 14->0(49)
[2025-05-03T09:22:52.959+0530][gc,heap     ] GC(1) Survivor regions: 7->2(7)
[2025-05-03T09:22:52.959+0530][gc,heap     ] GC(1) Old regions: 2->8
[2025-05-03T09:22:52.959+0530][gc,heap     ] GC(1) Archive regions: 2->2
[2025-05-03T09:22:52.959+0530][gc,heap     ] GC(1) Humongous regions: 129->129
[2025-05-03T09:22:52.959+0530][gc,metaspace] GC(1) Metaspace: 21326K(21504K)->21326K(21504K) NonClass: 18743K(18816K)->18743K(18816K) Class: 2583K(2688K)->2583K(2688K)
[2025-05-03T09:22:52.959+0530][gc          ] GC(1) Pause Young (Concurrent Start) (Metadata GC Threshold) 151M->139M(1024M) 5.059ms
[2025-05-03T09:22:52.959+0530][gc,cpu      ] GC(1) User=0.01s Sys=0.01s Real=0.00s
[2025-05-03T09:22:52.959+0530][gc          ] GC(2) Concurrent Mark Cycle
[2025-05-03T09:22:52.959+0530][gc,marking  ] GC(2) Concurrent Clear Claimed Marks
[2025-05-03T09:22:52.959+0530][gc,marking  ] GC(2) Concurrent Clear Claimed Marks 0.018ms
[2025-05-03T09:22:52.959+0530][gc,marking  ] GC(2) Concurrent Scan Root Regions
[2025-05-03T09:22:52.962+0530][gc,marking  ] GC(2) Concurrent Scan Root Regions 2.998ms
[2025-05-03T09:22:52.962+0530][gc,marking  ] GC(2) Concurrent Mark
[2025-05-03T09:22:52.962+0530][gc,marking  ] GC(2) Concurrent Mark From Roots
[2025-05-03T09:22:52.962+0530][gc,task     ] GC(2) Using 2 workers of 2 for marking
[2025-05-03T09:22:52.965+0530][gc,marking  ] GC(2) Concurrent Mark From Roots 3.072ms
[2025-05-03T09:22:52.965+0530][gc,marking  ] GC(2) Concurrent Preclean
[2025-05-03T09:22:52.965+0530][gc,marking  ] GC(2) Concurrent Preclean 0.022ms
[2025-05-03T09:22:52.966+0530][gc,start    ] GC(2) Pause Remark
[2025-05-03T09:22:52.970+0530][gc          ] GC(2) Pause Remark 140M->140M(1024M) 4.845ms
[2025-05-03T09:22:52.971+0530][gc,cpu      ] GC(2) User=0.01s Sys=0.00s Real=0.01s
[2025-05-03T09:22:52.971+0530][gc,marking  ] GC(2) Concurrent Mark 8.469ms
[2025-05-03T09:22:52.971+0530][gc,marking  ] GC(2) Concurrent Rebuild Remembered Sets
[2025-05-03T09:22:52.971+0530][gc,marking  ] GC(2) Concurrent Rebuild Remembered Sets 0.008ms
[2025-05-03T09:22:52.971+0530][gc,start    ] GC(2) Pause Cleanup
[2025-05-03T09:22:52.972+0530][gc          ] GC(2) Pause Cleanup 140M->140M(1024M) 0.059ms
[2025-05-03T09:22:52.972+0530][gc,cpu      ] GC(2) User=0.00s Sys=0.00s Real=0.00s
[2025-05-03T09:22:52.972+0530][gc,marking  ] GC(2) Concurrent Cleanup for Next Mark
[2025-05-03T09:22:52.975+0530][gc,marking  ] GC(2) Concurrent Cleanup for Next Mark 3.032ms
[2025-05-03T09:22:52.975+0530][gc          ] GC(2) Concurrent Mark Cycle 15.849ms
[2025-05-03T09:22:53.514+0530][gc,start    ] GC(3) Pause Young (Normal) (G1 Evacuation Pause)
[2025-05-03T09:22:53.514+0530][gc,task     ] GC(3) Using 8 workers of 8 for evacuation
[2025-05-03T09:22:53.520+0530][gc,phases   ] GC(3)   Pre Evacuate Collection Set: 0.2ms
[2025-05-03T09:22:53.520+0530][gc,phases   ] GC(3)   Merge Heap Roots: 0.1ms
[2025-05-03T09:22:53.520+0530][gc,phases   ] GC(3)   Evacuate Collection Set: 5.2ms
[2025-05-03T09:22:53.520+0530][gc,phases   ] GC(3)   Post Evacuate Collection Set: 0.5ms
[2025-05-03T09:22:53.520+0530][gc,phases   ] GC(3)   Other: 0.1ms
[2025-05-03T09:22:53.520+0530][gc,heap     ] GC(3) Eden regions: 49->0(44)
[2025-05-03T09:22:53.521+0530][gc,heap     ] GC(3) Survivor regions: 2->7(7)
[2025-05-03T09:22:53.521+0530][gc,heap     ] GC(3) Old regions: 8->8
[2025-05-03T09:22:53.521+0530][gc,heap     ] GC(3) Archive regions: 2->2
[2025-05-03T09:22:53.521+0530][gc,heap     ] GC(3) Humongous regions: 129->129
[2025-05-03T09:22:53.521+0530][gc,metaspace] GC(3) Metaspace: 32597K(32832K)->32597K(32832K) NonClass: 28966K(29120K)->28966K(29120K) Class: 3630K(3712K)->3630K(3712K)
[2025-05-03T09:22:53.521+0530][gc          ] GC(3) Pause Young (Normal) (G1 Evacuation Pause) 188M->144M(1024M) 6.315ms
[2025-05-03T09:22:53.521+0530][gc,cpu      ] GC(3) User=0.03s Sys=0.01s Real=0.01s
[2025-05-03T09:23:42.816+0530][gc,start    ] GC(4) Pause Young (Concurrent Start) (Metadata GC Threshold)
[2025-05-03T09:23:42.817+0530][gc,task     ] GC(4) Using 8 workers of 8 for evacuation
[2025-05-03T09:23:42.832+0530][gc,phases   ] GC(4)   Pre Evacuate Collection Set: 0.6ms
[2025-05-03T09:23:42.832+0530][gc,phases   ] GC(4)   Merge Heap Roots: 0.1ms
[2025-05-03T09:23:42.832+0530][gc,phases   ] GC(4)   Evacuate Collection Set: 13.6ms
[2025-05-03T09:23:42.832+0530][gc,phases   ] GC(4)   Post Evacuate Collection Set: 1.0ms
[2025-05-03T09:23:42.832+0530][gc,phases   ] GC(4)   Other: 1.0ms
[2025-05-03T09:23:42.832+0530][gc,heap     ] GC(4) Eden regions: 17->0(49)
[2025-05-03T09:23:42.832+0530][gc,heap     ] GC(4) Survivor regions: 7->2(7)
[2025-05-03T09:23:42.832+0530][gc,heap     ] GC(4) Old regions: 8->14
[2025-05-03T09:23:42.832+0530][gc,heap     ] GC(4) Archive regions: 2->2
[2025-05-03T09:23:42.832+0530][gc,heap     ] GC(4) Humongous regions: 129->129
[2025-05-03T09:23:42.832+0530][gc,metaspace] GC(4) Metaspace: 35882K(36160K)->35882K(36160K) NonClass: 31749K(31872K)->31749K(31872K) Class: 4133K(4288K)->4133K(4288K)
[2025-05-03T09:23:42.833+0530][gc          ] GC(4) Pause Young (Concurrent Start) (Metadata GC Threshold) 160M->145M(1024M) 16.566ms
[2025-05-03T09:23:42.833+0530][gc,cpu      ] GC(4) User=0.03s Sys=0.02s Real=0.02s
[2025-05-03T09:23:42.833+0530][gc          ] GC(5) Concurrent Mark Cycle
[2025-05-03T09:23:42.833+0530][gc,marking  ] GC(5) Concurrent Clear Claimed Marks
[2025-05-03T09:23:42.833+0530][gc,marking  ] GC(5) Concurrent Clear Claimed Marks 0.067ms
[2025-05-03T09:23:42.833+0530][gc,marking  ] GC(5) Concurrent Scan Root Regions
[2025-05-03T09:23:42.837+0530][gc,marking  ] GC(5) Concurrent Scan Root Regions 4.532ms
[2025-05-03T09:23:42.837+0530][gc,marking  ] GC(5) Concurrent Mark
[2025-05-03T09:23:42.837+0530][gc,marking  ] GC(5) Concurrent Mark From Roots
[2025-05-03T09:23:42.837+0530][gc,task     ] GC(5) Using 2 workers of 2 for marking
[2025-05-03T09:23:42.849+0530][gc,marking  ] GC(5) Concurrent Mark From Roots 11.311ms
[2025-05-03T09:23:42.849+0530][gc,marking  ] GC(5) Concurrent Preclean
[2025-05-03T09:23:42.849+0530][gc,marking  ] GC(5) Concurrent Preclean 0.131ms
[2025-05-03T09:23:42.849+0530][gc,start    ] GC(5) Pause Remark
[2025-05-03T09:23:42.854+0530][gc          ] GC(5) Pause Remark 145M->145M(1024M) 5.113ms
[2025-05-03T09:23:42.854+0530][gc,cpu      ] GC(5) User=0.01s Sys=0.01s Real=0.01s
[2025-05-03T09:23:42.854+0530][gc,marking  ] GC(5) Concurrent Mark 17.055ms
[2025-05-03T09:23:42.854+0530][gc,marking  ] GC(5) Concurrent Rebuild Remembered Sets
[2025-05-03T09:23:42.862+0530][gc,marking  ] GC(5) Concurrent Rebuild Remembered Sets 7.224ms
[2025-05-03T09:23:42.862+0530][gc,start    ] GC(5) Pause Cleanup
[2025-05-03T09:23:42.862+0530][gc          ] GC(5) Pause Cleanup 145M->145M(1024M) 0.265ms
[2025-05-03T09:23:42.862+0530][gc,cpu      ] GC(5) User=0.00s Sys=0.00s Real=0.00s
[2025-05-03T09:23:42.862+0530][gc,marking  ] GC(5) Concurrent Cleanup for Next Mark
[2025-05-03T09:23:42.865+0530][gc,marking  ] GC(5) Concurrent Cleanup for Next Mark 3.148ms
[2025-05-03T09:23:42.865+0530][gc          ] GC(5) Concurrent Mark Cycle 32.829ms
[2025-05-03T09:55:08.983+0530][gc,start    ] GC(6) Pause Young (Prepare Mixed) (G1 Evacuation Pause)
[2025-05-03T09:55:08.984+0530][gc,task     ] GC(6) Using 8 workers of 8 for evacuation
[2025-05-03T09:55:09.033+0530][gc,mmu      ] GC(6) MMU target violated: 21.0ms (20.0ms/21.0ms)
[2025-05-03T09:55:09.034+0530][gc,phases   ] GC(6)   Pre Evacuate Collection Set: 3.0ms
[2025-05-03T09:55:09.034+0530][gc,phases   ] GC(6)   Merge Heap Roots: 1.1ms
[2025-05-03T09:55:09.034+0530][gc,phases   ] GC(6)   Evacuate Collection Set: 43.8ms
[2025-05-03T09:55:09.034+0530][gc,phases   ] GC(6)   Post Evacuate Collection Set: 1.3ms
[2025-05-03T09:55:09.034+0530][gc,phases   ] GC(6)   Other: 2.6ms
[2025-05-03T09:55:09.034+0530][gc,heap     ] GC(6) Eden regions: 49->0(48)
[2025-05-03T09:55:09.034+0530][gc,heap     ] GC(6) Survivor regions: 2->3(7)
[2025-05-03T09:55:09.034+0530][gc,heap     ] GC(6) Old regions: 14->14
[2025-05-03T09:55:09.034+0530][gc,heap     ] GC(6) Archive regions: 2->2
[2025-05-03T09:55:09.034+0530][gc,heap     ] GC(6) Humongous regions: 129->129
[2025-05-03T09:55:09.034+0530][gc,metaspace] GC(6) Metaspace: 40298K(40768K)->40298K(40768K) NonClass: 35437K(35712K)->35437K(35712K) Class: 4861K(5056K)->4861K(5056K)
[2025-05-03T09:55:09.034+0530][gc          ] GC(6) Pause Young (Prepare Mixed) (G1 Evacuation Pause) 194M->146M(1024M) 51.363ms
[2025-05-03T09:55:09.034+0530][gc,cpu      ] GC(6) User=0.02s Sys=0.08s Real=0.05s
[2025-05-03T10:54:19.341+0530][gc,start    ] GC(7) Pause Young (Mixed) (G1 Evacuation Pause)
[2025-05-03T10:54:19.346+0530][gc,task     ] GC(7) Using 8 workers of 8 for evacuation
[2025-05-03T10:54:19.427+0530][gc,mmu      ] GC(7) MMU target violated: 21.0ms (20.0ms/21.0ms)
[2025-05-03T10:54:19.427+0530][gc,phases   ] GC(7)   Pre Evacuate Collection Set: 19.7ms
[2025-05-03T10:54:19.427+0530][gc,phases   ] GC(7)   Merge Heap Roots: 2.2ms
[2025-05-03T10:54:19.427+0530][gc,phases   ] GC(7)   Evacuate Collection Set: 47.2ms
[2025-05-03T10:54:19.427+0530][gc,phases   ] GC(7)   Post Evacuate Collection Set: 8.2ms
[2025-05-03T10:54:19.427+0530][gc,phases   ] GC(7)   Other: 11.2ms
[2025-05-03T10:54:19.427+0530][gc,heap     ] GC(7) Eden regions: 48->0(48)
[2025-05-03T10:54:19.427+0530][gc,heap     ] GC(7) Survivor regions: 3->3(7)
[2025-05-03T10:54:19.427+0530][gc,heap     ] GC(7) Old regions: 14->14
[2025-05-03T10:54:19.427+0530][gc,heap     ] GC(7) Archive regions: 2->2
[2025-05-03T10:54:19.427+0530][gc,heap     ] GC(7) Humongous regions: 129->129
[2025-05-03T10:54:19.427+0530][gc,metaspace] GC(7) Metaspace: 40660K(41152K)->40660K(41152K) NonClass: 35795K(36096K)->35795K(36096K) Class: 4864K(5056K)->4864K(5056K)
[2025-05-03T10:54:19.427+0530][gc          ] GC(7) Pause Young (Mixed) (G1 Evacuation Pause) 194M->146M(1024M) 87.403ms
[2025-05-03T10:54:19.427+0530][gc,cpu      ] GC(7) User=0.03s Sys=0.07s Real=0.08s
[2025-05-03T11:52:22.886+0530][gc,start    ] GC(8) Pause Young (Normal) (G1 Evacuation Pause)
[2025-05-03T11:52:22.891+0530][gc,task     ] GC(8) Using 8 workers of 8 for evacuation
[2025-05-03T11:52:22.971+0530][gc,mmu      ] GC(8) MMU target violated: 21.0ms (20.0ms/21.0ms)
[2025-05-03T11:52:22.971+0530][gc,phases   ] GC(8)   Pre Evacuate Collection Set: 10.6ms
[2025-05-03T11:52:22.971+0530][gc,phases   ] GC(8)   Merge Heap Roots: 3.1ms
[2025-05-03T11:52:22.971+0530][gc,phases   ] GC(8)   Evacuate Collection Set: 57.1ms
[2025-05-03T11:52:22.971+0530][gc,phases   ] GC(8)   Post Evacuate Collection Set: 7.5ms
[2025-05-03T11:52:22.971+0530][gc,phases   ] GC(8)   Other: 9.9ms
[2025-05-03T11:52:22.971+0530][gc,heap     ] GC(8) Eden regions: 48->0(48)
[2025-05-03T11:52:22.971+0530][gc,heap     ] GC(8) Survivor regions: 3->3(7)
[2025-05-03T11:52:22.971+0530][gc,heap     ] GC(8) Old regions: 14->14
[2025-05-03T11:52:22.971+0530][gc,heap     ] GC(8) Archive regions: 2->2
[2025-05-03T11:52:22.972+0530][gc,heap     ] GC(8) Humongous regions: 129->129
[2025-05-03T11:52:22.972+0530][gc,metaspace] GC(8) Metaspace: 40995K(41536K)->40995K(41536K) NonClass: 36129K(36480K)->36129K(36480K) Class: 4866K(5056K)->4866K(5056K)
[2025-05-03T11:52:22.972+0530][gc          ] GC(8) Pause Young (Normal) (G1 Evacuation Pause) 194M->146M(1024M) 86.847ms
[2025-05-03T11:52:22.972+0530][gc,cpu      ] GC(8) User=0.02s Sys=0.07s Real=0.09s
[2025-05-03T12:23:10.018+0530][gc,heap,exit] Heap
[2025-05-03T12:23:10.018+0530][gc,heap,exit]  garbage-first heap   total 1048576K, used 187440K [0x00000007c0000000, 0x0000000800000000)
[2025-05-03T12:23:10.018+0530][gc,heap,exit]   region size 1024K, 40 young (40960K), 3 survivors (3072K)
[2025-05-03T12:23:10.018+0530][gc,heap,exit]  Metaspace       used 41985K, committed 42560K, reserved 1114112K
[2025-05-03T12:23:10.018+0530][gc,heap,exit]   class space    used 5055K, committed 5312K, reserved 1048576K
