[2026-03-19T17:56:24.064+0530][gc] Using G1
[2026-03-19T17:56:24.066+0530][gc,init] Version: 17.0.10+7-LTS (release)
[2026-03-19T17:56:24.066+0530][gc,init] CPUs: 8 total, 8 available
[2026-03-19T17:56:24.066+0530][gc,init] Memory: 8192M
[2026-03-19T17:56:24.066+0530][gc,init] Large Page Support: Disabled
[2026-03-19T17:56:24.066+0530][gc,init] NUMA Support: Disabled
[2026-03-19T17:56:24.066+0530][gc,init] Compressed Oops: Enabled (Zero based)
[2026-03-19T17:56:24.066+0530][gc,init] Heap Region Size: 1M
[2026-03-19T17:56:24.066+0530][gc,init] Heap Min Capacity: 1G
[2026-03-19T17:56:24.066+0530][gc,init] Heap Initial Capacity: 1G
[2026-03-19T17:56:24.066+0530][gc,init] Heap Max Capacity: 1G
[2026-03-19T17:56:24.066+0530][gc,init] Pre-touch: Disabled
[2026-03-19T17:56:24.066+0530][gc,init] Parallel Workers: 8
[2026-03-19T17:56:24.066+0530][gc,init] Concurrent Workers: 2
[2026-03-19T17:56:24.066+0530][gc,init] Concurrent Refinement Workers: 8
[2026-03-19T17:56:24.066+0530][gc,init] Periodic GC: Disabled
[2026-03-19T17:56:24.066+0530][gc,metaspace] CDS archive(s) mapped at: [0x0000000800000000-0x0000000800bc0000-0x0000000800bc0000), size 12320768, SharedBaseAddress: 0x0000000800000000, ArchiveRelocationMode: 1.
[2026-03-19T17:56:24.066+0530][gc,metaspace] Compressed class space mapped at: 0x0000000801000000-0x0000000841000000, reserved size: 1073741824
[2026-03-19T17:56:24.066+0530][gc,metaspace] Narrow klass base: 0x0000000800000000, Narrow klass shift: 0, Narrow klass range: 0x100000000
[2026-03-19T17:56:29.943+0530][gc,start    ] GC(0) Pause Young (Normal) (G1 Evacuation Pause)
[2026-03-19T17:56:29.943+0530][gc,task     ] GC(0) Using 8 workers of 8 for evacuation
[2026-03-19T17:56:29.946+0530][gc,phases   ] GC(0)   Pre Evacuate Collection Set: 0.2ms
[2026-03-19T17:56:29.946+0530][gc,phases   ] GC(0)   Merge Heap Roots: 0.0ms
[2026-03-19T17:56:29.947+0530][gc,phases   ] GC(0)   Evacuate Collection Set: 2.8ms
[2026-03-19T17:56:29.947+0530][gc,phases   ] GC(0)   Post Evacuate Collection Set: 0.3ms
[2026-03-19T17:56:29.947+0530][gc,phases   ] GC(0)   Other: 0.3ms
[2026-03-19T17:56:29.947+0530][gc,heap     ] GC(0) Eden regions: 51->0(44)
[2026-03-19T17:56:29.947+0530][gc,heap     ] GC(0) Survivor regions: 0->7(7)
[2026-03-19T17:56:29.947+0530][gc,heap     ] GC(0) Old regions: 0->1
[2026-03-19T17:56:29.947+0530][gc,heap     ] GC(0) Archive regions: 2->2
[2026-03-19T17:56:29.947+0530][gc,heap     ] GC(0) Humongous regions: 0->0
[2026-03-19T17:56:29.947+0530][gc,metaspace] GC(0) Metaspace: 17806K(17920K)->17806K(17920K) NonClass: 15677K(15744K)->15677K(15744K) Class: 2128K(2176K)->2128K(2176K)
[2026-03-19T17:56:29.947+0530][gc          ] GC(0) Pause Young (Normal) (G1 Evacuation Pause) 51M->8M(1024M) 3.692ms
[2026-03-19T17:56:29.947+0530][gc,cpu      ] GC(0) User=0.02s Sys=0.01s Real=0.00s
[2026-03-19T17:56:30.133+0530][gc,start    ] GC(1) Pause Young (Concurrent Start) (Metadata GC Threshold)
[2026-03-19T17:56:30.133+0530][gc,task     ] GC(1) Using 8 workers of 8 for evacuation
[2026-03-19T17:56:30.135+0530][gc,phases   ] GC(1)   Pre Evacuate Collection Set: 0.1ms
[2026-03-19T17:56:30.135+0530][gc,phases   ] GC(1)   Merge Heap Roots: 0.0ms
[2026-03-19T17:56:30.135+0530][gc,phases   ] GC(1)   Evacuate Collection Set: 2.1ms
[2026-03-19T17:56:30.135+0530][gc,phases   ] GC(1)   Post Evacuate Collection Set: 0.2ms
[2026-03-19T17:56:30.135+0530][gc,phases   ] GC(1)   Other: 0.2ms
[2026-03-19T17:56:30.135+0530][gc,heap     ] GC(1) Eden regions: 16->0(49)
[2026-03-19T17:56:30.135+0530][gc,heap     ] GC(1) Survivor regions: 7->2(7)
[2026-03-19T17:56:30.135+0530][gc,heap     ] GC(1) Old regions: 1->9
[2026-03-19T17:56:30.135+0530][gc,heap     ] GC(1) Archive regions: 2->2
[2026-03-19T17:56:30.135+0530][gc,heap     ] GC(1) Humongous regions: 129->129
[2026-03-19T17:56:30.135+0530][gc,metaspace] GC(1) Metaspace: 21337K(21504K)->21337K(21504K) NonClass: 18753K(18816K)->18753K(18816K) Class: 2584K(2688K)->2584K(2688K)
[2026-03-19T17:56:30.135+0530][gc          ] GC(1) Pause Young (Concurrent Start) (Metadata GC Threshold) 152M->139M(1024M) 2.769ms
[2026-03-19T17:56:30.136+0530][gc,cpu      ] GC(1) User=0.02s Sys=0.00s Real=0.00s
[2026-03-19T17:56:30.136+0530][gc          ] GC(2) Concurrent Mark Cycle
[2026-03-19T17:56:30.136+0530][gc,marking  ] GC(2) Concurrent Clear Claimed Marks
[2026-03-19T17:56:30.136+0530][gc,marking  ] GC(2) Concurrent Clear Claimed Marks 0.015ms
[2026-03-19T17:56:30.136+0530][gc,marking  ] GC(2) Concurrent Scan Root Regions
[2026-03-19T17:56:30.138+0530][gc,marking  ] GC(2) Concurrent Scan Root Regions 1.944ms
[2026-03-19T17:56:30.138+0530][gc,marking  ] GC(2) Concurrent Mark
[2026-03-19T17:56:30.138+0530][gc,marking  ] GC(2) Concurrent Mark From Roots
[2026-03-19T17:56:30.138+0530][gc,task     ] GC(2) Using 2 workers of 2 for marking
[2026-03-19T17:56:30.139+0530][gc,marking  ] GC(2) Concurrent Mark From Roots 1.503ms
[2026-03-19T17:56:30.139+0530][gc,marking  ] GC(2) Concurrent Preclean
[2026-03-19T17:56:30.139+0530][gc,marking  ] GC(2) Concurrent Preclean 0.019ms
[2026-03-19T17:56:30.139+0530][gc,start    ] GC(2) Pause Remark
[2026-03-19T17:56:30.140+0530][gc          ] GC(2) Pause Remark 140M->140M(1024M) 1.046ms
[2026-03-19T17:56:30.140+0530][gc,cpu      ] GC(2) User=0.00s Sys=0.00s Real=0.01s
[2026-03-19T17:56:30.140+0530][gc,marking  ] GC(2) Concurrent Mark 2.788ms
[2026-03-19T17:56:30.140+0530][gc,marking  ] GC(2) Concurrent Rebuild Remembered Sets
[2026-03-19T17:56:30.143+0530][gc,marking  ] GC(2) Concurrent Rebuild Remembered Sets 2.329ms
[2026-03-19T17:56:30.143+0530][gc,start    ] GC(2) Pause Cleanup
[2026-03-19T17:56:30.143+0530][gc          ] GC(2) Pause Cleanup 140M->140M(1024M) 0.088ms
[2026-03-19T17:56:30.143+0530][gc,cpu      ] GC(2) User=0.00s Sys=0.00s Real=0.00s
[2026-03-19T17:56:30.143+0530][gc,marking  ] GC(2) Concurrent Cleanup for Next Mark
[2026-03-19T17:56:30.145+0530][gc,marking  ] GC(2) Concurrent Cleanup for Next Mark 1.615ms
[2026-03-19T17:56:30.145+0530][gc          ] GC(2) Concurrent Mark Cycle 9.051ms
[2026-03-19T17:56:30.524+0530][gc,start    ] GC(3) Pause Young (Normal) (G1 Evacuation Pause)
[2026-03-19T17:56:30.524+0530][gc,task     ] GC(3) Using 8 workers of 8 for evacuation
[2026-03-19T17:56:30.527+0530][gc,phases   ] GC(3)   Pre Evacuate Collection Set: 0.1ms
[2026-03-19T17:56:30.527+0530][gc,phases   ] GC(3)   Merge Heap Roots: 0.0ms
[2026-03-19T17:56:30.527+0530][gc,phases   ] GC(3)   Evacuate Collection Set: 2.8ms
[2026-03-19T17:56:30.527+0530][gc,phases   ] GC(3)   Post Evacuate Collection Set: 0.3ms
[2026-03-19T17:56:30.527+0530][gc,phases   ] GC(3)   Other: 0.1ms
[2026-03-19T17:56:30.527+0530][gc,heap     ] GC(3) Eden regions: 49->0(44)
[2026-03-19T17:56:30.527+0530][gc,heap     ] GC(3) Survivor regions: 2->7(7)
[2026-03-19T17:56:30.527+0530][gc,heap     ] GC(3) Old regions: 9->9
[2026-03-19T17:56:30.527+0530][gc,heap     ] GC(3) Archive regions: 2->2
[2026-03-19T17:56:30.527+0530][gc,heap     ] GC(3) Humongous regions: 129->129
[2026-03-19T17:56:30.527+0530][gc,metaspace] GC(3) Metaspace: 32582K(32832K)->32582K(32832K) NonClass: 28956K(29120K)->28956K(29120K) Class: 3626K(3712K)->3626K(3712K)
[2026-03-19T17:56:30.527+0530][gc          ] GC(3) Pause Young (Normal) (G1 Evacuation Pause) 188M->144M(1024M) 3.373ms
[2026-03-19T17:56:30.527+0530][gc,cpu      ] GC(3) User=0.02s Sys=0.00s Real=0.00s
[2026-03-19T17:56:30.713+0530][gc,start    ] GC(4) Pause Young (Concurrent Start) (Metadata GC Threshold)
[2026-03-19T17:56:30.713+0530][gc,task     ] GC(4) Using 8 workers of 8 for evacuation
[2026-03-19T17:56:30.717+0530][gc,phases   ] GC(4)   Pre Evacuate Collection Set: 0.2ms
[2026-03-19T17:56:30.717+0530][gc,phases   ] GC(4)   Merge Heap Roots: 0.0ms
[2026-03-19T17:56:30.717+0530][gc,phases   ] GC(4)   Evacuate Collection Set: 3.4ms
[2026-03-19T17:56:30.717+0530][gc,phases   ] GC(4)   Post Evacuate Collection Set: 0.3ms
[2026-03-19T17:56:30.717+0530][gc,phases   ] GC(4)   Other: 0.2ms
[2026-03-19T17:56:30.717+0530][gc,heap     ] GC(4) Eden regions: 16->0(49)
[2026-03-19T17:56:30.717+0530][gc,heap     ] GC(4) Survivor regions: 7->2(7)
[2026-03-19T17:56:30.717+0530][gc,heap     ] GC(4) Old regions: 9->15
[2026-03-19T17:56:30.717+0530][gc,heap     ] GC(4) Archive regions: 2->2
[2026-03-19T17:56:30.717+0530][gc,heap     ] GC(4) Humongous regions: 129->129
[2026-03-19T17:56:30.717+0530][gc,metaspace] GC(4) Metaspace: 35814K(36160K)->35814K(36160K) NonClass: 31618K(31808K)->31618K(31808K) Class: 4195K(4352K)->4195K(4352K)
[2026-03-19T17:56:30.717+0530][gc          ] GC(4) Pause Young (Concurrent Start) (Metadata GC Threshold) 159M->145M(1024M) 4.184ms
[2026-03-19T17:56:30.717+0530][gc,cpu      ] GC(4) User=0.02s Sys=0.00s Real=0.00s
[2026-03-19T17:56:30.717+0530][gc          ] GC(5) Concurrent Mark Cycle
[2026-03-19T17:56:30.717+0530][gc,marking  ] GC(5) Concurrent Clear Claimed Marks
[2026-03-19T17:56:30.717+0530][gc,marking  ] GC(5) Concurrent Clear Claimed Marks 0.023ms
[2026-03-19T17:56:30.717+0530][gc,marking  ] GC(5) Concurrent Scan Root Regions
[2026-03-19T17:56:30.720+0530][gc,marking  ] GC(5) Concurrent Scan Root Regions 3.226ms
[2026-03-19T17:56:30.720+0530][gc,marking  ] GC(5) Concurrent Mark
[2026-03-19T17:56:30.720+0530][gc,marking  ] GC(5) Concurrent Mark From Roots
[2026-03-19T17:56:30.720+0530][gc,task     ] GC(5) Using 2 workers of 2 for marking
[2026-03-19T17:56:30.725+0530][gc,marking  ] GC(5) Concurrent Mark From Roots 4.351ms
[2026-03-19T17:56:30.726+0530][gc,marking  ] GC(5) Concurrent Preclean
[2026-03-19T17:56:30.726+0530][gc,marking  ] GC(5) Concurrent Preclean 0.094ms
[2026-03-19T17:56:30.726+0530][gc,start    ] GC(5) Pause Remark
[2026-03-19T17:56:30.727+0530][gc          ] GC(5) Pause Remark 146M->146M(1024M) 1.544ms
[2026-03-19T17:56:30.729+0530][gc,cpu      ] GC(5) User=0.01s Sys=0.00s Real=0.00s
[2026-03-19T17:56:30.729+0530][gc,marking  ] GC(5) Concurrent Mark 8.638ms
[2026-03-19T17:56:30.729+0530][gc,marking  ] GC(5) Concurrent Rebuild Remembered Sets
[2026-03-19T17:56:30.733+0530][gc,marking  ] GC(5) Concurrent Rebuild Remembered Sets 4.492ms
[2026-03-19T17:56:30.735+0530][gc,start    ] GC(5) Pause Cleanup
[2026-03-19T17:56:30.735+0530][gc          ] GC(5) Pause Cleanup 146M->146M(1024M) 0.145ms
[2026-03-19T17:56:30.735+0530][gc,cpu      ] GC(5) User=0.00s Sys=0.00s Real=0.00s
[2026-03-19T17:56:30.735+0530][gc,marking  ] GC(5) Concurrent Cleanup for Next Mark
[2026-03-19T17:56:30.736+0530][gc,marking  ] GC(5) Concurrent Cleanup for Next Mark 1.525ms
[2026-03-19T17:56:30.739+0530][gc          ] GC(5) Concurrent Mark Cycle 21.635ms
[2026-03-19T17:57:22.802+0530][gc,start    ] GC(6) Pause Young (Prepare Mixed) (G1 Evacuation Pause)
[2026-03-19T17:57:22.803+0530][gc,task     ] GC(6) Using 8 workers of 8 for evacuation
[2026-03-19T17:57:22.833+0530][gc,mmu      ] GC(6) MMU target violated: 21.0ms (20.0ms/21.0ms)
[2026-03-19T17:57:22.833+0530][gc,phases   ] GC(6)   Pre Evacuate Collection Set: 1.0ms
[2026-03-19T17:57:22.833+0530][gc,phases   ] GC(6)   Merge Heap Roots: 0.2ms
[2026-03-19T17:57:22.833+0530][gc,phases   ] GC(6)   Evacuate Collection Set: 28.1ms
[2026-03-19T17:57:22.833+0530][gc,phases   ] GC(6)   Post Evacuate Collection Set: 0.6ms
[2026-03-19T17:57:22.833+0530][gc,phases   ] GC(6)   Other: 1.1ms
[2026-03-19T17:57:22.833+0530][gc,heap     ] GC(6) Eden regions: 49->0(46)
[2026-03-19T17:57:22.833+0530][gc,heap     ] GC(6) Survivor regions: 2->5(7)
[2026-03-19T17:57:22.833+0530][gc,heap     ] GC(6) Old regions: 15->15
[2026-03-19T17:57:22.833+0530][gc,heap     ] GC(6) Archive regions: 2->2
[2026-03-19T17:57:22.833+0530][gc,heap     ] GC(6) Humongous regions: 129->129
[2026-03-19T17:57:22.833+0530][gc,metaspace] GC(6) Metaspace: 41759K(42368K)->41759K(42368K) NonClass: 36677K(37056K)->36677K(37056K) Class: 5082K(5312K)->5082K(5312K)
[2026-03-19T17:57:22.833+0530][gc          ] GC(6) Pause Young (Prepare Mixed) (G1 Evacuation Pause) 194M->148M(1024M) 31.063ms
[2026-03-19T17:57:22.834+0530][gc,cpu      ] GC(6) User=0.03s Sys=0.06s Real=0.03s
[2026-03-19T18:02:30.391+0530][gc,start    ] GC(7) Pause Young (Mixed) (G1 Evacuation Pause)
[2026-03-19T18:02:30.392+0530][gc,task     ] GC(7) Using 8 workers of 8 for evacuation
[2026-03-19T18:02:30.412+0530][gc,phases   ] GC(7)   Pre Evacuate Collection Set: 0.8ms
[2026-03-19T18:02:30.413+0530][gc,phases   ] GC(7)   Merge Heap Roots: 0.3ms
[2026-03-19T18:02:30.413+0530][gc,phases   ] GC(7)   Evacuate Collection Set: 18.2ms
[2026-03-19T18:02:30.413+0530][gc,phases   ] GC(7)   Post Evacuate Collection Set: 0.6ms
[2026-03-19T18:02:30.413+0530][gc,phases   ] GC(7)   Other: 1.8ms
[2026-03-19T18:02:30.413+0530][gc,heap     ] GC(7) Eden regions: 46->0(48)
[2026-03-19T18:02:30.413+0530][gc,heap     ] GC(7) Survivor regions: 5->3(7)
[2026-03-19T18:02:30.413+0530][gc,heap     ] GC(7) Old regions: 15->18
[2026-03-19T18:02:30.413+0530][gc,heap     ] GC(7) Archive regions: 2->2
[2026-03-19T18:02:30.413+0530][gc,heap     ] GC(7) Humongous regions: 129->129
[2026-03-19T18:02:30.413+0530][gc,metaspace] GC(7) Metaspace: 42054K(42688K)->42054K(42688K) NonClass: 36968K(37376K)->36968K(37376K) Class: 5086K(5312K)->5086K(5312K)
[2026-03-19T18:02:30.413+0530][gc          ] GC(7) Pause Young (Mixed) (G1 Evacuation Pause) 194M->149M(1024M) 21.891ms
[2026-03-19T18:02:30.413+0530][gc,cpu      ] GC(7) User=0.04s Sys=0.02s Real=0.02s
[2026-03-19T18:09:22.840+0530][gc,start    ] GC(8) Pause Young (Normal) (G1 Evacuation Pause)
[2026-03-19T18:09:22.840+0530][gc,task     ] GC(8) Using 8 workers of 8 for evacuation
[2026-03-19T18:09:22.856+0530][gc,phases   ] GC(8)   Pre Evacuate Collection Set: 0.7ms
[2026-03-19T18:09:22.856+0530][gc,phases   ] GC(8)   Merge Heap Roots: 0.2ms
[2026-03-19T18:09:22.856+0530][gc,phases   ] GC(8)   Evacuate Collection Set: 14.0ms
[2026-03-19T18:09:22.856+0530][gc,phases   ] GC(8)   Post Evacuate Collection Set: 0.5ms
[2026-03-19T18:09:22.856+0530][gc,phases   ] GC(8)   Other: 2.4ms
[2026-03-19T18:09:22.856+0530][gc,heap     ] GC(8) Eden regions: 48->0(45)
[2026-03-19T18:09:22.856+0530][gc,heap     ] GC(8) Survivor regions: 3->6(7)
[2026-03-19T18:09:22.856+0530][gc,heap     ] GC(8) Old regions: 18->18
[2026-03-19T18:09:22.856+0530][gc,heap     ] GC(8) Archive regions: 2->2
[2026-03-19T18:09:22.856+0530][gc,heap     ] GC(8) Humongous regions: 129->129
[2026-03-19T18:09:22.856+0530][gc,metaspace] GC(8) Metaspace: 42247K(42880K)->42247K(42880K) NonClass: 37130K(37504K)->37130K(37504K) Class: 5116K(5376K)->5116K(5376K)
[2026-03-19T18:09:22.856+0530][gc          ] GC(8) Pause Young (Normal) (G1 Evacuation Pause) 197M->153M(1024M) 18.000ms
[2026-03-19T18:09:22.856+0530][gc,cpu      ] GC(8) User=0.03s Sys=0.02s Real=0.02s
[2026-03-19T18:15:24.762+0530][gc,start    ] GC(9) Pause Young (Normal) (G1 Evacuation Pause)
[2026-03-19T18:15:24.763+0530][gc,task     ] GC(9) Using 8 workers of 8 for evacuation
[2026-03-19T18:15:24.786+0530][gc,mmu      ] GC(9) MMU target violated: 21.0ms (20.0ms/21.0ms)
[2026-03-19T18:15:24.786+0530][gc,phases   ] GC(9)   Pre Evacuate Collection Set: 1.1ms
[2026-03-19T18:15:24.786+0530][gc,phases   ] GC(9)   Merge Heap Roots: 0.3ms
[2026-03-19T18:15:24.786+0530][gc,phases   ] GC(9)   Evacuate Collection Set: 20.5ms
[2026-03-19T18:15:24.786+0530][gc,phases   ] GC(9)   Post Evacuate Collection Set: 0.9ms
[2026-03-19T18:15:24.786+0530][gc,phases   ] GC(9)   Other: 1.3ms
[2026-03-19T18:15:24.786+0530][gc,heap     ] GC(9) Eden regions: 45->0(46)
[2026-03-19T18:15:24.786+0530][gc,heap     ] GC(9) Survivor regions: 6->5(7)
[2026-03-19T18:15:24.786+0530][gc,heap     ] GC(9) Old regions: 18->23
[2026-03-19T18:15:24.786+0530][gc,heap     ] GC(9) Archive regions: 2->2
[2026-03-19T18:15:24.786+0530][gc,heap     ] GC(9) Humongous regions: 129->129
[2026-03-19T18:15:24.786+0530][gc,metaspace] GC(9) Metaspace: 42266K(42944K)->42266K(42944K) NonClass: 37150K(37568K)->37150K(37568K) Class: 5116K(5376K)->5116K(5376K)
[2026-03-19T18:15:24.786+0530][gc          ] GC(9) Pause Young (Normal) (G1 Evacuation Pause) 198M->157M(1024M) 24.120ms
[2026-03-19T18:15:24.786+0530][gc,cpu      ] GC(9) User=0.05s Sys=0.03s Real=0.02s
[2026-03-19T18:21:40.280+0530][gc,start    ] GC(10) Pause Young (Normal) (G1 Evacuation Pause)
[2026-03-19T18:21:40.281+0530][gc,task     ] GC(10) Using 8 workers of 8 for evacuation
[2026-03-19T18:21:40.304+0530][gc,mmu      ] GC(10) MMU target violated: 21.0ms (20.0ms/21.0ms)
[2026-03-19T18:21:40.304+0530][gc,phases   ] GC(10)   Pre Evacuate Collection Set: 1.1ms
[2026-03-19T18:21:40.304+0530][gc,phases   ] GC(10)   Merge Heap Roots: 0.3ms
[2026-03-19T18:21:40.304+0530][gc,phases   ] GC(10)   Evacuate Collection Set: 19.0ms
[2026-03-19T18:21:40.304+0530][gc,phases   ] GC(10)   Post Evacuate Collection Set: 1.8ms
[2026-03-19T18:21:40.304+0530][gc,phases   ] GC(10)   Other: 2.4ms
[2026-03-19T18:21:40.304+0530][gc,heap     ] GC(10) Eden regions: 46->0(45)
[2026-03-19T18:21:40.304+0530][gc,heap     ] GC(10) Survivor regions: 5->6(7)
[2026-03-19T18:21:40.304+0530][gc,heap     ] GC(10) Old regions: 23->27
[2026-03-19T18:21:40.304+0530][gc,heap     ] GC(10) Archive regions: 2->2
[2026-03-19T18:21:40.304+0530][gc,heap     ] GC(10) Humongous regions: 129->129
[2026-03-19T18:21:40.304+0530][gc,metaspace] GC(10) Metaspace: 42301K(42944K)->42301K(42944K) NonClass: 37185K(37568K)->37185K(37568K) Class: 5116K(5376K)->5116K(5376K)
[2026-03-19T18:21:40.304+0530][gc          ] GC(10) Pause Young (Normal) (G1 Evacuation Pause) 203M->161M(1024M) 24.615ms
[2026-03-19T18:21:40.304+0530][gc,cpu      ] GC(10) User=0.05s Sys=0.03s Real=0.02s
[2026-03-19T18:27:49.739+0530][gc,start    ] GC(11) Pause Young (Normal) (G1 Evacuation Pause)
[2026-03-19T18:27:49.740+0530][gc,task     ] GC(11) Using 8 workers of 8 for evacuation
[2026-03-19T18:27:49.758+0530][gc,phases   ] GC(11)   Pre Evacuate Collection Set: 0.6ms
[2026-03-19T18:27:49.758+0530][gc,phases   ] GC(11)   Merge Heap Roots: 0.3ms
[2026-03-19T18:27:49.758+0530][gc,phases   ] GC(11)   Evacuate Collection Set: 16.7ms
[2026-03-19T18:27:49.758+0530][gc,phases   ] GC(11)   Post Evacuate Collection Set: 0.4ms
[2026-03-19T18:27:49.758+0530][gc,phases   ] GC(11)   Other: 1.2ms
[2026-03-19T18:27:49.758+0530][gc,heap     ] GC(11) Eden regions: 45->0(45)
[2026-03-19T18:27:49.758+0530][gc,heap     ] GC(11) Survivor regions: 6->6(7)
[2026-03-19T18:27:49.758+0530][gc,heap     ] GC(11) Old regions: 27->31
[2026-03-19T18:27:49.758+0530][gc,heap     ] GC(11) Archive regions: 2->2
[2026-03-19T18:27:49.758+0530][gc,heap     ] GC(11) Humongous regions: 129->129
[2026-03-19T18:27:49.758+0530][gc,metaspace] GC(11) Metaspace: 42340K(43008K)->42340K(43008K) NonClass: 37224K(37632K)->37224K(37632K) Class: 5116K(5376K)->5116K(5376K)
[2026-03-19T18:27:49.758+0530][gc          ] GC(11) Pause Young (Normal) (G1 Evacuation Pause) 206M->166M(1024M) 19.417ms
[2026-03-19T18:27:49.758+0530][gc,cpu      ] GC(11) User=0.05s Sys=0.02s Real=0.02s
[2026-03-19T18:34:02.284+0530][gc,start    ] GC(12) Pause Young (Normal) (G1 Evacuation Pause)
[2026-03-19T18:34:02.285+0530][gc,task     ] GC(12) Using 8 workers of 8 for evacuation
[2026-03-19T18:34:02.303+0530][gc,phases   ] GC(12)   Pre Evacuate Collection Set: 0.6ms
[2026-03-19T18:34:02.303+0530][gc,phases   ] GC(12)   Merge Heap Roots: 0.3ms
[2026-03-19T18:34:02.303+0530][gc,phases   ] GC(12)   Evacuate Collection Set: 16.4ms
[2026-03-19T18:34:02.303+0530][gc,phases   ] GC(12)   Post Evacuate Collection Set: 0.6ms
[2026-03-19T18:34:02.303+0530][gc,phases   ] GC(12)   Other: 1.9ms
[2026-03-19T18:34:02.303+0530][gc,heap     ] GC(12) Eden regions: 45->0(46)
[2026-03-19T18:34:02.303+0530][gc,heap     ] GC(12) Survivor regions: 6->5(7)
[2026-03-19T18:34:02.303+0530][gc,heap     ] GC(12) Old regions: 31->35
[2026-03-19T18:34:02.303+0530][gc,heap     ] GC(12) Archive regions: 2->2
[2026-03-19T18:34:02.303+0530][gc,heap     ] GC(12) Humongous regions: 129->129
[2026-03-19T18:34:02.303+0530][gc,metaspace] GC(12) Metaspace: 42375K(43008K)->42375K(43008K) NonClass: 37258K(37632K)->37258K(37632K) Class: 5116K(5376K)->5116K(5376K)
[2026-03-19T18:34:02.303+0530][gc          ] GC(12) Pause Young (Normal) (G1 Evacuation Pause) 211M->169M(1024M) 19.976ms
[2026-03-19T18:34:02.303+0530][gc,cpu      ] GC(12) User=0.04s Sys=0.02s Real=0.02s
[2026-03-19T18:40:17.455+0530][gc,start    ] GC(13) Pause Young (Normal) (G1 Evacuation Pause)
[2026-03-19T18:40:17.456+0530][gc,task     ] GC(13) Using 8 workers of 8 for evacuation
[2026-03-19T18:40:17.477+0530][gc,mmu      ] GC(13) MMU target violated: 20.7ms (20.0ms/21.0ms)
[2026-03-19T18:40:17.477+0530][gc,phases   ] GC(13)   Pre Evacuate Collection Set: 0.9ms
[2026-03-19T18:40:17.477+0530][gc,phases   ] GC(13)   Merge Heap Roots: 0.4ms
[2026-03-19T18:40:17.477+0530][gc,phases   ] GC(13)   Evacuate Collection Set: 19.2ms
[2026-03-19T18:40:17.477+0530][gc,phases   ] GC(13)   Post Evacuate Collection Set: 0.5ms
[2026-03-19T18:40:17.477+0530][gc,phases   ] GC(13)   Other: 1.9ms
[2026-03-19T18:40:17.477+0530][gc,heap     ] GC(13) Eden regions: 46->0(46)
[2026-03-19T18:40:17.477+0530][gc,heap     ] GC(13) Survivor regions: 5->5(7)
[2026-03-19T18:40:17.477+0530][gc,heap     ] GC(13) Old regions: 35->40
[2026-03-19T18:40:17.477+0530][gc,heap     ] GC(13) Archive regions: 2->2
[2026-03-19T18:40:17.477+0530][gc,heap     ] GC(13) Humongous regions: 129->129
[2026-03-19T18:40:17.477+0530][gc,metaspace] GC(13) Metaspace: 42407K(43008K)->42407K(43008K) NonClass: 37291K(37632K)->37291K(37632K) Class: 5116K(5376K)->5116K(5376K)
[2026-03-19T18:40:17.477+0530][gc          ] GC(13) Pause Young (Normal) (G1 Evacuation Pause) 215M->174M(1024M) 22.912ms
[2026-03-19T18:40:17.477+0530][gc,cpu      ] GC(13) User=0.05s Sys=0.02s Real=0.02s
[2026-03-19T18:43:49.409+0530][gc,start    ] GC(14) Pause Young (Normal) (G1 Evacuation Pause)
[2026-03-19T18:43:49.409+0530][gc,task     ] GC(14) Using 8 workers of 8 for evacuation
[2026-03-19T18:43:49.431+0530][gc,mmu      ] GC(14) MMU target violated: 21.0ms (20.0ms/21.0ms)
[2026-03-19T18:43:49.431+0530][gc,phases   ] GC(14)   Pre Evacuate Collection Set: 0.7ms
[2026-03-19T18:43:49.431+0530][gc,phases   ] GC(14)   Merge Heap Roots: 0.2ms
[2026-03-19T18:43:49.431+0530][gc,phases   ] GC(14)   Evacuate Collection Set: 19.9ms
[2026-03-19T18:43:49.431+0530][gc,phases   ] GC(14)   Post Evacuate Collection Set: 0.5ms
[2026-03-19T18:43:49.431+0530][gc,phases   ] GC(14)   Other: 2.1ms
[2026-03-19T18:43:49.431+0530][gc,heap     ] GC(14) Eden regions: 46->0(45)
[2026-03-19T18:43:49.431+0530][gc,heap     ] GC(14) Survivor regions: 5->6(7)
[2026-03-19T18:43:49.431+0530][gc,heap     ] GC(14) Old regions: 40->44
[2026-03-19T18:43:49.431+0530][gc,heap     ] GC(14) Archive regions: 2->2
[2026-03-19T18:43:49.431+0530][gc,heap     ] GC(14) Humongous regions: 129->129
[2026-03-19T18:43:49.431+0530][gc,metaspace] GC(14) Metaspace: 42519K(43136K)->42519K(43136K) NonClass: 37386K(37760K)->37386K(37760K) Class: 5132K(5376K)->5132K(5376K)
[2026-03-19T18:43:49.432+0530][gc          ] GC(14) Pause Young (Normal) (G1 Evacuation Pause) 220M->179M(1024M) 23.595ms
[2026-03-19T18:43:49.432+0530][gc,cpu      ] GC(14) User=0.05s Sys=0.03s Real=0.03s
[2026-03-19T18:46:10.236+0530][gc,start    ] GC(15) Pause Young (Normal) (G1 Evacuation Pause)
[2026-03-19T18:46:10.236+0530][gc,task     ] GC(15) Using 8 workers of 8 for evacuation
[2026-03-19T18:46:10.253+0530][gc,phases   ] GC(15)   Pre Evacuate Collection Set: 0.5ms
[2026-03-19T18:46:10.253+0530][gc,phases   ] GC(15)   Merge Heap Roots: 0.2ms
[2026-03-19T18:46:10.253+0530][gc,phases   ] GC(15)   Evacuate Collection Set: 15.4ms
[2026-03-19T18:46:10.253+0530][gc,phases   ] GC(15)   Post Evacuate Collection Set: 0.6ms
[2026-03-19T18:46:10.253+0530][gc,phases   ] GC(15)   Other: 0.7ms
[2026-03-19T18:46:10.253+0530][gc,heap     ] GC(15) Eden regions: 45->0(45)
[2026-03-19T18:46:10.253+0530][gc,heap     ] GC(15) Survivor regions: 6->6(7)
[2026-03-19T18:46:10.253+0530][gc,heap     ] GC(15) Old regions: 44->47
[2026-03-19T18:46:10.253+0530][gc,heap     ] GC(15) Archive regions: 2->2
[2026-03-19T18:46:10.253+0530][gc,heap     ] GC(15) Humongous regions: 129->129
[2026-03-19T18:46:10.253+0530][gc,metaspace] GC(15) Metaspace: 42526K(43136K)->42526K(43136K) NonClass: 37393K(37760K)->37393K(37760K) Class: 5132K(5376K)->5132K(5376K)
[2026-03-19T18:46:10.253+0530][gc          ] GC(15) Pause Young (Normal) (G1 Evacuation Pause) 224M->181M(1024M) 17.603ms
[2026-03-19T18:46:10.253+0530][gc,cpu      ] GC(15) User=0.03s Sys=0.02s Real=0.02s
[2026-03-19T18:48:30.122+0530][gc,start    ] GC(16) Pause Young (Normal) (G1 Evacuation Pause)
[2026-03-19T18:48:30.123+0530][gc,task     ] GC(16) Using 8 workers of 8 for evacuation
[2026-03-19T18:48:30.146+0530][gc,mmu      ] GC(16) MMU target violated: 21.0ms (20.0ms/21.0ms)
[2026-03-19T18:48:30.146+0530][gc,phases   ] GC(16)   Pre Evacuate Collection Set: 1.0ms
[2026-03-19T18:48:30.146+0530][gc,phases   ] GC(16)   Merge Heap Roots: 0.4ms
[2026-03-19T18:48:30.146+0530][gc,phases   ] GC(16)   Evacuate Collection Set: 19.8ms
[2026-03-19T18:48:30.146+0530][gc,phases   ] GC(16)   Post Evacuate Collection Set: 0.7ms
[2026-03-19T18:48:30.146+0530][gc,phases   ] GC(16)   Other: 1.5ms
[2026-03-19T18:48:30.146+0530][gc,heap     ] GC(16) Eden regions: 45->0(45)
[2026-03-19T18:48:30.146+0530][gc,heap     ] GC(16) Survivor regions: 6->6(7)
[2026-03-19T18:48:30.146+0530][gc,heap     ] GC(16) Old regions: 47->49
[2026-03-19T18:48:30.146+0530][gc,heap     ] GC(16) Archive regions: 2->2
[2026-03-19T18:48:30.146+0530][gc,heap     ] GC(16) Humongous regions: 129->129
[2026-03-19T18:48:30.146+0530][gc,metaspace] GC(16) Metaspace: 42544K(43200K)->42544K(43200K) NonClass: 37412K(37824K)->37412K(37824K) Class: 5132K(5376K)->5132K(5376K)
[2026-03-19T18:48:30.146+0530][gc          ] GC(16) Pause Young (Normal) (G1 Evacuation Pause) 226M->184M(1024M) 23.470ms
[2026-03-19T18:48:30.146+0530][gc,cpu      ] GC(16) User=0.03s Sys=0.02s Real=0.02s
[2026-03-19T18:50:50.800+0530][gc,start    ] GC(17) Pause Young (Normal) (G1 Evacuation Pause)
[2026-03-19T18:50:50.802+0530][gc,task     ] GC(17) Using 8 workers of 8 for evacuation
[2026-03-19T18:50:50.818+0530][gc,phases   ] GC(17)   Pre Evacuate Collection Set: 0.8ms
[2026-03-19T18:50:50.818+0530][gc,phases   ] GC(17)   Merge Heap Roots: 0.5ms
[2026-03-19T18:50:50.818+0530][gc,phases   ] GC(17)   Evacuate Collection Set: 14.4ms
[2026-03-19T18:50:50.818+0530][gc,phases   ] GC(17)   Post Evacuate Collection Set: 0.5ms
[2026-03-19T18:50:50.818+0530][gc,phases   ] GC(17)   Other: 1.8ms
[2026-03-19T18:50:50.818+0530][gc,heap     ] GC(17) Eden regions: 45->0(65)
[2026-03-19T18:50:50.818+0530][gc,heap     ] GC(17) Survivor regions: 6->3(7)
[2026-03-19T18:50:50.819+0530][gc,heap     ] GC(17) Old regions: 49->51
[2026-03-19T18:50:50.819+0530][gc,heap     ] GC(17) Archive regions: 2->2
[2026-03-19T18:50:50.819+0530][gc,heap     ] GC(17) Humongous regions: 129->129
[2026-03-19T18:50:50.819+0530][gc,metaspace] GC(17) Metaspace: 42544K(43200K)->42544K(43200K) NonClass: 37412K(37824K)->37412K(37824K) Class: 5132K(5376K)->5132K(5376K)
[2026-03-19T18:50:50.819+0530][gc          ] GC(17) Pause Young (Normal) (G1 Evacuation Pause) 229M->183M(1024M) 18.186ms
[2026-03-19T18:50:50.819+0530][gc,cpu      ] GC(17) User=0.03s Sys=0.02s Real=0.01s
[2026-03-19T18:53:47.113+0530][gc,start    ] GC(18) Pause Young (Normal) (G1 Evacuation Pause)
[2026-03-19T18:53:47.114+0530][gc,task     ] GC(18) Using 8 workers of 8 for evacuation
[2026-03-19T18:53:47.129+0530][gc,phases   ] GC(18)   Pre Evacuate Collection Set: 0.6ms
[2026-03-19T18:53:47.129+0530][gc,phases   ] GC(18)   Merge Heap Roots: 0.3ms
[2026-03-19T18:53:47.129+0530][gc,phases   ] GC(18)   Evacuate Collection Set: 13.9ms
[2026-03-19T18:53:47.129+0530][gc,phases   ] GC(18)   Post Evacuate Collection Set: 0.6ms
[2026-03-19T18:53:47.129+0530][gc,phases   ] GC(18)   Other: 1.5ms
[2026-03-19T18:53:47.129+0530][gc,heap     ] GC(18) Eden regions: 56->0(44)
[2026-03-19T18:53:47.129+0530][gc,heap     ] GC(18) Survivor regions: 3->7(8)
[2026-03-19T18:53:47.130+0530][gc,heap     ] GC(18) Old regions: 51->51
[2026-03-19T18:53:47.130+0530][gc,heap     ] GC(18) Archive regions: 2->2
[2026-03-19T18:53:47.130+0530][gc,heap     ] GC(18) Humongous regions: 129->129
[2026-03-19T18:53:47.130+0530][gc,metaspace] GC(18) Metaspace: 42552K(43200K)->42552K(43200K) NonClass: 37419K(37824K)->37419K(37824K) Class: 5132K(5376K)->5132K(5376K)
[2026-03-19T18:53:47.130+0530][gc          ] GC(18) Pause Young (Normal) (G1 Evacuation Pause) 239M->186M(1024M) 17.039ms
[2026-03-19T18:53:47.130+0530][gc,cpu      ] GC(18) User=0.04s Sys=0.02s Real=0.02s
[2026-03-19T18:56:04.908+0530][gc,start    ] GC(19) Pause Young (Normal) (G1 Evacuation Pause)
[2026-03-19T18:56:04.909+0530][gc,task     ] GC(19) Using 8 workers of 8 for evacuation
[2026-03-19T18:56:04.933+0530][gc,mmu      ] GC(19) MMU target violated: 21.0ms (20.0ms/21.0ms)
[2026-03-19T18:56:04.934+0530][gc,phases   ] GC(19)   Pre Evacuate Collection Set: 0.5ms
[2026-03-19T18:56:04.934+0530][gc,phases   ] GC(19)   Merge Heap Roots: 0.3ms
[2026-03-19T18:56:04.934+0530][gc,phases   ] GC(19)   Evacuate Collection Set: 22.2ms
[2026-03-19T18:56:04.934+0530][gc,phases   ] GC(19)   Post Evacuate Collection Set: 1.0ms
[2026-03-19T18:56:04.934+0530][gc,phases   ] GC(19)   Other: 1.6ms
[2026-03-19T18:56:04.934+0530][gc,heap     ] GC(19) Eden regions: 44->0(46)
[2026-03-19T18:56:04.934+0530][gc,heap     ] GC(19) Survivor regions: 7->5(7)
[2026-03-19T18:56:04.934+0530][gc,heap     ] GC(19) Old regions: 51->56
[2026-03-19T18:56:04.934+0530][gc,heap     ] GC(19) Archive regions: 2->2
[2026-03-19T18:56:04.934+0530][gc,heap     ] GC(19) Humongous regions: 129->129
[2026-03-19T18:56:04.934+0530][gc,metaspace] GC(19) Metaspace: 42552K(43200K)->42552K(43200K) NonClass: 37420K(37824K)->37420K(37824K) Class: 5132K(5376K)->5132K(5376K)
[2026-03-19T18:56:04.934+0530][gc          ] GC(19) Pause Young (Normal) (G1 Evacuation Pause) 230M->189M(1024M) 25.563ms
[2026-03-19T18:56:04.934+0530][gc,cpu      ] GC(19) User=0.04s Sys=0.02s Real=0.03s
[2026-03-19T18:58:20.095+0530][gc,start    ] GC(20) Pause Young (Normal) (G1 Evacuation Pause)
[2026-03-19T18:58:20.096+0530][gc,task     ] GC(20) Using 8 workers of 8 for evacuation
[2026-03-19T18:58:20.117+0530][gc,mmu      ] GC(20) MMU target violated: 21.0ms (20.0ms/21.0ms)
[2026-03-19T18:58:20.118+0530][gc,phases   ] GC(20)   Pre Evacuate Collection Set: 0.4ms
[2026-03-19T18:58:20.118+0530][gc,phases   ] GC(20)   Merge Heap Roots: 0.2ms
[2026-03-19T18:58:20.118+0530][gc,phases   ] GC(20)   Evacuate Collection Set: 19.9ms
[2026-03-19T18:58:20.118+0530][gc,phases   ] GC(20)   Post Evacuate Collection Set: 0.6ms
[2026-03-19T18:58:20.118+0530][gc,phases   ] GC(20)   Other: 1.4ms
[2026-03-19T18:58:20.118+0530][gc,heap     ] GC(20) Eden regions: 46->0(45)
[2026-03-19T18:58:20.118+0530][gc,heap     ] GC(20) Survivor regions: 5->6(7)
[2026-03-19T18:58:20.118+0530][gc,heap     ] GC(20) Old regions: 56->58
[2026-03-19T18:58:20.118+0530][gc,heap     ] GC(20) Archive regions: 2->2
[2026-03-19T18:58:20.118+0530][gc,heap     ] GC(20) Humongous regions: 129->129
[2026-03-19T18:58:20.118+0530][gc,metaspace] GC(20) Metaspace: 42574K(43200K)->42574K(43200K) NonClass: 37438K(37824K)->37438K(37824K) Class: 5136K(5376K)->5136K(5376K)
[2026-03-19T18:58:20.118+0530][gc          ] GC(20) Pause Young (Normal) (G1 Evacuation Pause) 235M->192M(1024M) 22.646ms
[2026-03-19T18:58:20.118+0530][gc,cpu      ] GC(20) User=0.04s Sys=0.03s Real=0.02s
[2026-03-19T19:00:39.366+0530][gc,start    ] GC(21) Pause Young (Normal) (G1 Evacuation Pause)
[2026-03-19T19:00:39.367+0530][gc,task     ] GC(21) Using 8 workers of 8 for evacuation
[2026-03-19T19:00:39.383+0530][gc,phases   ] GC(21)   Pre Evacuate Collection Set: 0.9ms
[2026-03-19T19:00:39.383+0530][gc,phases   ] GC(21)   Merge Heap Roots: 0.3ms
[2026-03-19T19:00:39.383+0530][gc,phases   ] GC(21)   Evacuate Collection Set: 13.3ms
[2026-03-19T19:00:39.383+0530][gc,phases   ] GC(21)   Post Evacuate Collection Set: 0.5ms
[2026-03-19T19:00:39.383+0530][gc,phases   ] GC(21)   Other: 2.0ms
[2026-03-19T19:00:39.383+0530][gc,heap     ] GC(21) Eden regions: 45->0(51)
[2026-03-19T19:00:39.383+0530][gc,heap     ] GC(21) Survivor regions: 6->5(7)
[2026-03-19T19:00:39.383+0530][gc,heap     ] GC(21) Old regions: 58->60
[2026-03-19T19:00:39.383+0530][gc,heap     ] GC(21) Archive regions: 2->2
[2026-03-19T19:00:39.383+0530][gc,heap     ] GC(21) Humongous regions: 129->129
[2026-03-19T19:00:39.383+0530][gc,metaspace] GC(21) Metaspace: 42585K(43200K)->42585K(43200K) NonClass: 37449K(37824K)->37449K(37824K) Class: 5136K(5376K)->5136K(5376K)
[2026-03-19T19:00:39.383+0530][gc          ] GC(21) Pause Young (Normal) (G1 Evacuation Pause) 237M->193M(1024M) 17.148ms
[2026-03-19T19:00:39.383+0530][gc,cpu      ] GC(21) User=0.03s Sys=0.03s Real=0.02s
[2026-03-19T19:03:20.005+0530][gc,start    ] GC(22) Pause Young (Normal) (G1 Evacuation Pause)
[2026-03-19T19:03:20.005+0530][gc,task     ] GC(22) Using 8 workers of 8 for evacuation
[2026-03-19T19:03:20.039+0530][gc,mmu      ] GC(22) MMU target violated: 21.0ms (20.0ms/21.0ms)
[2026-03-19T19:03:20.039+0530][gc,phases   ] GC(22)   Pre Evacuate Collection Set: 1.3ms
[2026-03-19T19:03:20.039+0530][gc,phases   ] GC(22)   Merge Heap Roots: 2.2ms
[2026-03-19T19:03:20.039+0530][gc,phases   ] GC(22)   Evacuate Collection Set: 26.6ms
[2026-03-19T19:03:20.039+0530][gc,phases   ] GC(22)   Post Evacuate Collection Set: 2.1ms
[2026-03-19T19:03:20.039+0530][gc,phases   ] GC(22)   Other: 3.2ms
[2026-03-19T19:03:20.039+0530][gc,heap     ] GC(22) Eden regions: 51->0(45)
[2026-03-19T19:03:20.039+0530][gc,heap     ] GC(22) Survivor regions: 5->6(7)
[2026-03-19T19:03:20.039+0530][gc,heap     ] GC(22) Old regions: 60->62
[2026-03-19T19:03:20.039+0530][gc,heap     ] GC(22) Archive regions: 2->2
[2026-03-19T19:03:20.039+0530][gc,heap     ] GC(22) Humongous regions: 129->129
[2026-03-19T19:03:20.039+0530][gc,metaspace] GC(22) Metaspace: 42610K(43200K)->42610K(43200K) NonClass: 37474K(37824K)->37474K(37824K) Class: 5136K(5376K)->5136K(5376K)
[2026-03-19T19:03:20.039+0530][gc          ] GC(22) Pause Young (Normal) (G1 Evacuation Pause) 244M->197M(1024M) 34.905ms
[2026-03-19T19:03:20.039+0530][gc,cpu      ] GC(22) User=0.02s Sys=0.07s Real=0.03s
[2026-03-19T19:05:41.399+0530][gc,start    ] GC(23) Pause Young (Normal) (G1 Evacuation Pause)
[2026-03-19T19:05:41.400+0530][gc,task     ] GC(23) Using 8 workers of 8 for evacuation
[2026-03-19T19:05:41.415+0530][gc,phases   ] GC(23)   Pre Evacuate Collection Set: 0.9ms
[2026-03-19T19:05:41.415+0530][gc,phases   ] GC(23)   Merge Heap Roots: 0.4ms
[2026-03-19T19:05:41.415+0530][gc,phases   ] GC(23)   Evacuate Collection Set: 12.0ms
[2026-03-19T19:05:41.415+0530][gc,phases   ] GC(23)   Post Evacuate Collection Set: 1.2ms
[2026-03-19T19:05:41.415+0530][gc,phases   ] GC(23)   Other: 1.9ms
[2026-03-19T19:05:41.415+0530][gc,heap     ] GC(23) Eden regions: 45->0(55)
[2026-03-19T19:05:41.415+0530][gc,heap     ] GC(23) Survivor regions: 6->3(7)
[2026-03-19T19:05:41.415+0530][gc,heap     ] GC(23) Old regions: 62->64
[2026-03-19T19:05:41.415+0530][gc,heap     ] GC(23) Archive regions: 2->2
[2026-03-19T19:05:41.415+0530][gc,heap     ] GC(23) Humongous regions: 129->129
[2026-03-19T19:05:41.415+0530][gc,metaspace] GC(23) Metaspace: 42611K(43200K)->42611K(43200K) NonClass: 37475K(37824K)->37475K(37824K) Class: 5136K(5376K)->5136K(5376K)
[2026-03-19T19:05:41.415+0530][gc          ] GC(23) Pause Young (Normal) (G1 Evacuation Pause) 242M->196M(1024M) 16.425ms
[2026-03-19T19:05:41.415+0530][gc,cpu      ] GC(23) User=0.03s Sys=0.01s Real=0.02s
[2026-03-19T19:08:24.229+0530][gc,start    ] GC(24) Pause Young (Normal) (G1 Evacuation Pause)
[2026-03-19T19:08:24.230+0530][gc,task     ] GC(24) Using 8 workers of 8 for evacuation
[2026-03-19T19:08:24.247+0530][gc,phases   ] GC(24)   Pre Evacuate Collection Set: 0.8ms
[2026-03-19T19:08:24.247+0530][gc,phases   ] GC(24)   Merge Heap Roots: 0.5ms
[2026-03-19T19:08:24.247+0530][gc,phases   ] GC(24)   Evacuate Collection Set: 14.2ms
[2026-03-19T19:08:24.247+0530][gc,phases   ] GC(24)   Post Evacuate Collection Set: 0.8ms
[2026-03-19T19:08:24.247+0530][gc,phases   ] GC(24)   Other: 1.7ms
[2026-03-19T19:08:24.247+0530][gc,heap     ] GC(24) Eden regions: 52->0(45)
[2026-03-19T19:08:24.247+0530][gc,heap     ] GC(24) Survivor regions: 3->6(7)
[2026-03-19T19:08:24.247+0530][gc,heap     ] GC(24) Old regions: 64->64
[2026-03-19T19:08:24.247+0530][gc,heap     ] GC(24) Archive regions: 2->2
[2026-03-19T19:08:24.247+0530][gc,heap     ] GC(24) Humongous regions: 129->129
[2026-03-19T19:08:24.247+0530][gc,metaspace] GC(24) Metaspace: 42613K(43264K)->42613K(43264K) NonClass: 37476K(37888K)->37476K(37888K) Class: 5136K(5376K)->5136K(5376K)
[2026-03-19T19:08:24.247+0530][gc          ] GC(24) Pause Young (Normal) (G1 Evacuation Pause) 248M->199M(1024M) 18.146ms
[2026-03-19T19:08:24.247+0530][gc,cpu      ] GC(24) User=0.03s Sys=0.01s Real=0.02s
[2026-03-19T19:10:45.414+0530][gc,start    ] GC(25) Pause Young (Normal) (G1 Evacuation Pause)
[2026-03-19T19:10:45.415+0530][gc,task     ] GC(25) Using 8 workers of 8 for evacuation
[2026-03-19T19:10:45.434+0530][gc,phases   ] GC(25)   Pre Evacuate Collection Set: 1.3ms
[2026-03-19T19:10:45.434+0530][gc,phases   ] GC(25)   Merge Heap Roots: 1.2ms
[2026-03-19T19:10:45.434+0530][gc,phases   ] GC(25)   Evacuate Collection Set: 15.5ms
[2026-03-19T19:10:45.434+0530][gc,phases   ] GC(25)   Post Evacuate Collection Set: 0.5ms
[2026-03-19T19:10:45.434+0530][gc,phases   ] GC(25)   Other: 1.8ms
[2026-03-19T19:10:45.434+0530][gc,heap     ] GC(25) Eden regions: 45->0(46)
[2026-03-19T19:10:45.434+0530][gc,heap     ] GC(25) Survivor regions: 6->5(7)
[2026-03-19T19:10:45.434+0530][gc,heap     ] GC(25) Old regions: 64->68
[2026-03-19T19:10:45.434+0530][gc,heap     ] GC(25) Archive regions: 2->2
[2026-03-19T19:10:45.434+0530][gc,heap     ] GC(25) Humongous regions: 129->129
[2026-03-19T19:10:45.434+0530][gc,metaspace] GC(25) Metaspace: 42632K(43264K)->42632K(43264K) NonClass: 37494K(37888K)->37494K(37888K) Class: 5138K(5376K)->5138K(5376K)
[2026-03-19T19:10:45.434+0530][gc          ] GC(25) Pause Young (Normal) (G1 Evacuation Pause) 244M->202M(1024M) 20.467ms
[2026-03-19T19:10:45.434+0530][gc,cpu      ] GC(25) User=0.04s Sys=0.02s Real=0.02s
[2026-03-19T19:13:09.296+0530][gc,start    ] GC(26) Pause Young (Normal) (G1 Evacuation Pause)
[2026-03-19T19:13:09.297+0530][gc,task     ] GC(26) Using 8 workers of 8 for evacuation
[2026-03-19T19:13:09.312+0530][gc,phases   ] GC(26)   Pre Evacuate Collection Set: 0.8ms
[2026-03-19T19:13:09.312+0530][gc,phases   ] GC(26)   Merge Heap Roots: 0.4ms
[2026-03-19T19:13:09.312+0530][gc,phases   ] GC(26)   Evacuate Collection Set: 12.9ms
[2026-03-19T19:13:09.312+0530][gc,phases   ] GC(26)   Post Evacuate Collection Set: 0.4ms
[2026-03-19T19:13:09.312+0530][gc,phases   ] GC(26)   Other: 1.7ms
[2026-03-19T19:13:09.312+0530][gc,heap     ] GC(26) Eden regions: 46->0(68)
[2026-03-19T19:13:09.312+0530][gc,heap     ] GC(26) Survivor regions: 5->5(7)
[2026-03-19T19:13:09.312+0530][gc,heap     ] GC(26) Old regions: 68->70
[2026-03-19T19:13:09.312+0530][gc,heap     ] GC(26) Archive regions: 2->2
[2026-03-19T19:13:09.312+0530][gc,heap     ] GC(26) Humongous regions: 129->129
[2026-03-19T19:13:09.312+0530][gc,metaspace] GC(26) Metaspace: 42639K(43264K)->42639K(43264K) NonClass: 37501K(37888K)->37501K(37888K) Class: 5138K(5376K)->5138K(5376K)
[2026-03-19T19:13:09.312+0530][gc          ] GC(26) Pause Young (Normal) (G1 Evacuation Pause) 248M->204M(1024M) 16.194ms
[2026-03-19T19:13:09.312+0530][gc,cpu      ] GC(26) User=0.04s Sys=0.01s Real=0.02s
[2026-03-19T19:41:45.303+0530][gc,start    ] GC(27) Pause Young (Normal) (G1 Evacuation Pause)
[2026-03-19T19:41:45.303+0530][gc,task     ] GC(27) Using 8 workers of 8 for evacuation
[2026-03-19T19:41:45.321+0530][gc,phases   ] GC(27)   Pre Evacuate Collection Set: 0.4ms
[2026-03-19T19:41:45.321+0530][gc,phases   ] GC(27)   Merge Heap Roots: 0.2ms
[2026-03-19T19:41:45.321+0530][gc,phases   ] GC(27)   Evacuate Collection Set: 16.4ms
[2026-03-19T19:41:45.321+0530][gc,phases   ] GC(27)   Post Evacuate Collection Set: 0.5ms
[2026-03-19T19:41:45.321+0530][gc,phases   ] GC(27)   Other: 0.9ms
[2026-03-19T19:41:45.321+0530][gc,heap     ] GC(27) Eden regions: 63->0(55)
[2026-03-19T19:41:45.321+0530][gc,heap     ] GC(27) Survivor regions: 5->6(9)
[2026-03-19T19:41:45.321+0530][gc,heap     ] GC(27) Old regions: 70->70
[2026-03-19T19:41:45.321+0530][gc,heap     ] GC(27) Archive regions: 2->2
[2026-03-19T19:41:45.321+0530][gc,heap     ] GC(27) Humongous regions: 129->129
[2026-03-19T19:41:45.321+0530][gc,metaspace] GC(27) Metaspace: 42869K(43520K)->42869K(43520K) NonClass: 37694K(38080K)->37694K(38080K) Class: 5175K(5440K)->5175K(5440K)
[2026-03-19T19:41:45.321+0530][gc          ] GC(27) Pause Young (Normal) (G1 Evacuation Pause) 267M->205M(1024M) 18.580ms
[2026-03-19T19:41:45.321+0530][gc,cpu      ] GC(27) User=0.03s Sys=0.02s Real=0.02s
[2026-03-19T20:16:49.861+0530][gc,start    ] GC(28) Pause Young (Normal) (G1 Evacuation Pause)
[2026-03-19T20:16:49.862+0530][gc,task     ] GC(28) Using 8 workers of 8 for evacuation
[2026-03-19T20:16:49.883+0530][gc,mmu      ] GC(28) MMU target violated: 21.0ms (20.0ms/21.0ms)
[2026-03-19T20:16:49.883+0530][gc,phases   ] GC(28)   Pre Evacuate Collection Set: 0.6ms
[2026-03-19T20:16:49.883+0530][gc,phases   ] GC(28)   Merge Heap Roots: 0.2ms
[2026-03-19T20:16:49.883+0530][gc,phases   ] GC(28)   Evacuate Collection Set: 18.8ms
[2026-03-19T20:16:49.883+0530][gc,phases   ] GC(28)   Post Evacuate Collection Set: 1.1ms
[2026-03-19T20:16:49.883+0530][gc,phases   ] GC(28)   Other: 2.2ms
[2026-03-19T20:16:49.883+0530][gc,heap     ] GC(28) Eden regions: 52->0(44)
[2026-03-19T20:16:49.883+0530][gc,heap     ] GC(28) Survivor regions: 6->7(8)
[2026-03-19T20:16:49.883+0530][gc,heap     ] GC(28) Old regions: 70->72
[2026-03-19T20:16:49.883+0530][gc,heap     ] GC(28) Archive regions: 2->2
[2026-03-19T20:16:49.883+0530][gc,heap     ] GC(28) Humongous regions: 129->129
[2026-03-19T20:16:49.883+0530][gc,metaspace] GC(28) Metaspace: 42955K(43584K)->42955K(43584K) NonClass: 37778K(38144K)->37778K(38144K) Class: 5176K(5440K)->5176K(5440K)
[2026-03-19T20:16:49.884+0530][gc          ] GC(28) Pause Young (Normal) (G1 Evacuation Pause) 257M->208M(1024M) 22.970ms
[2026-03-19T20:16:49.884+0530][gc,cpu      ] GC(28) User=0.04s Sys=0.03s Real=0.02s
[2026-03-19T20:18:57.929+0530][gc,start    ] GC(29) Pause Young (Normal) (G1 Evacuation Pause)
[2026-03-19T20:18:57.930+0530][gc,task     ] GC(29) Using 8 workers of 8 for evacuation
[2026-03-19T20:18:57.954+0530][gc,mmu      ] GC(29) MMU target violated: 21.0ms (20.0ms/21.0ms)
[2026-03-19T20:18:57.954+0530][gc,phases   ] GC(29)   Pre Evacuate Collection Set: 2.1ms
[2026-03-19T20:18:57.954+0530][gc,phases   ] GC(29)   Merge Heap Roots: 0.8ms
[2026-03-19T20:18:57.954+0530][gc,phases   ] GC(29)   Evacuate Collection Set: 20.1ms
[2026-03-19T20:18:57.954+0530][gc,phases   ] GC(29)   Post Evacuate Collection Set: 0.6ms
[2026-03-19T20:18:57.954+0530][gc,phases   ] GC(29)   Other: 1.5ms
[2026-03-19T20:18:57.954+0530][gc,heap     ] GC(29) Eden regions: 44->0(69)
[2026-03-19T20:18:57.954+0530][gc,heap     ] GC(29) Survivor regions: 7->5(7)
[2026-03-19T20:18:57.954+0530][gc,heap     ] GC(29) Old regions: 72->75
[2026-03-19T20:18:57.954+0530][gc,heap     ] GC(29) Archive regions: 2->2
[2026-03-19T20:18:57.954+0530][gc,heap     ] GC(29) Humongous regions: 129->129
[2026-03-19T20:18:57.954+0530][gc,metaspace] GC(29) Metaspace: 42956K(43584K)->42956K(43584K) NonClass: 37779K(38144K)->37779K(38144K) Class: 5176K(5440K)->5176K(5440K)
[2026-03-19T20:18:57.954+0530][gc          ] GC(29) Pause Young (Normal) (G1 Evacuation Pause) 252M->209M(1024M) 25.009ms
[2026-03-19T20:18:57.954+0530][gc,cpu      ] GC(29) User=0.04s Sys=0.03s Real=0.03s
[2026-03-19T20:22:11.715+0530][gc,start    ] GC(30) Pause Young (Normal) (G1 Evacuation Pause)
[2026-03-19T20:22:11.716+0530][gc,task     ] GC(30) Using 8 workers of 8 for evacuation
[2026-03-19T20:22:11.746+0530][gc,mmu      ] GC(30) MMU target violated: 21.0ms (20.0ms/21.0ms)
[2026-03-19T20:22:11.747+0530][gc,phases   ] GC(30)   Pre Evacuate Collection Set: 1.1ms
[2026-03-19T20:22:11.747+0530][gc,phases   ] GC(30)   Merge Heap Roots: 0.4ms
[2026-03-19T20:22:11.747+0530][gc,phases   ] GC(30)   Evacuate Collection Set: 28.1ms
[2026-03-19T20:22:11.747+0530][gc,phases   ] GC(30)   Post Evacuate Collection Set: 0.9ms
[2026-03-19T20:22:11.747+0530][gc,phases   ] GC(30)   Other: 1.7ms
[2026-03-19T20:22:11.747+0530][gc,heap     ] GC(30) Eden regions: 69->0(41)
[2026-03-19T20:22:11.747+0530][gc,heap     ] GC(30) Survivor regions: 5->10(10)
[2026-03-19T20:22:11.747+0530][gc,heap     ] GC(30) Old regions: 75->75
[2026-03-19T20:22:11.747+0530][gc,heap     ] GC(30) Archive regions: 2->2
[2026-03-19T20:22:11.747+0530][gc,heap     ] GC(30) Humongous regions: 129->129
[2026-03-19T20:22:11.747+0530][gc,metaspace] GC(30) Metaspace: 43208K(43840K)->43208K(43840K) NonClass: 37983K(38336K)->37983K(38336K) Class: 5224K(5504K)->5224K(5504K)
[2026-03-19T20:22:11.747+0530][gc          ] GC(30) Pause Young (Normal) (G1 Evacuation Pause) 278M->214M(1024M) 32.368ms
[2026-03-19T20:22:11.747+0530][gc,cpu      ] GC(30) User=0.05s Sys=0.04s Real=0.03s
[2026-03-19T20:24:08.673+0530][gc,start    ] GC(31) Pause Young (Normal) (G1 Evacuation Pause)
[2026-03-19T20:24:08.674+0530][gc,task     ] GC(31) Using 8 workers of 8 for evacuation
[2026-03-19T20:24:08.707+0530][gc,mmu      ] GC(31) MMU target violated: 21.0ms (20.0ms/21.0ms)
[2026-03-19T20:24:08.707+0530][gc,phases   ] GC(31)   Pre Evacuate Collection Set: 1.6ms
[2026-03-19T20:24:08.707+0530][gc,phases   ] GC(31)   Merge Heap Roots: 1.2ms
[2026-03-19T20:24:08.707+0530][gc,phases   ] GC(31)   Evacuate Collection Set: 28.7ms
[2026-03-19T20:24:08.707+0530][gc,phases   ] GC(31)   Post Evacuate Collection Set: 1.0ms
[2026-03-19T20:24:08.707+0530][gc,phases   ] GC(31)   Other: 1.6ms
[2026-03-19T20:24:08.707+0530][gc,heap     ] GC(31) Eden regions: 41->0(46)
[2026-03-19T20:24:08.707+0530][gc,heap     ] GC(31) Survivor regions: 10->5(7)
[2026-03-19T20:24:08.707+0530][gc,heap     ] GC(31) Old regions: 75->82
[2026-03-19T20:24:08.707+0530][gc,heap     ] GC(31) Archive regions: 2->2
[2026-03-19T20:24:08.707+0530][gc,heap     ] GC(31) Humongous regions: 129->129
[2026-03-19T20:24:08.707+0530][gc,metaspace] GC(31) Metaspace: 43233K(43840K)->43233K(43840K) NonClass: 38006K(38336K)->38006K(38336K) Class: 5227K(5504K)->5227K(5504K)
[2026-03-19T20:24:08.707+0530][gc          ] GC(31) Pause Young (Normal) (G1 Evacuation Pause) 255M->216M(1024M) 34.247ms
[2026-03-19T20:24:08.707+0530][gc,cpu      ] GC(31) User=0.04s Sys=0.05s Real=0.03s
[2026-03-19T20:26:22.358+0530][gc,start    ] GC(32) Pause Young (Normal) (G1 Evacuation Pause)
[2026-03-19T20:26:22.359+0530][gc,task     ] GC(32) Using 8 workers of 8 for evacuation
[2026-03-19T20:26:22.382+0530][gc,mmu      ] GC(32) MMU target violated: 21.0ms (20.0ms/21.0ms)
[2026-03-19T20:26:22.382+0530][gc,phases   ] GC(32)   Pre Evacuate Collection Set: 0.8ms
[2026-03-19T20:26:22.382+0530][gc,phases   ] GC(32)   Merge Heap Roots: 0.5ms
[2026-03-19T20:26:22.382+0530][gc,phases   ] GC(32)   Evacuate Collection Set: 19.0ms
[2026-03-19T20:26:22.382+0530][gc,phases   ] GC(32)   Post Evacuate Collection Set: 1.9ms
[2026-03-19T20:26:22.382+0530][gc,phases   ] GC(32)   Other: 1.9ms
[2026-03-19T20:26:22.382+0530][gc,heap     ] GC(32) Eden regions: 46->0(46)
[2026-03-19T20:26:22.382+0530][gc,heap     ] GC(32) Survivor regions: 5->5(7)
[2026-03-19T20:26:22.382+0530][gc,heap     ] GC(32) Old regions: 82->84
[2026-03-19T20:26:22.382+0530][gc,heap     ] GC(32) Archive regions: 2->2
[2026-03-19T20:26:22.382+0530][gc,heap     ] GC(32) Humongous regions: 129->129
[2026-03-19T20:26:22.382+0530][gc,metaspace] GC(32) Metaspace: 43238K(43904K)->43238K(43904K) NonClass: 38011K(38400K)->38011K(38400K) Class: 5227K(5504K)->5227K(5504K)
[2026-03-19T20:26:22.382+0530][gc          ] GC(32) Pause Young (Normal) (G1 Evacuation Pause) 262M->218M(1024M) 24.160ms
[2026-03-19T20:26:22.382+0530][gc,cpu      ] GC(32) User=0.04s Sys=0.03s Real=0.03s
[2026-03-19T20:28:36.177+0530][gc,start    ] GC(33) Pause Young (Normal) (G1 Evacuation Pause)
[2026-03-19T20:28:36.178+0530][gc,task     ] GC(33) Using 8 workers of 8 for evacuation
[2026-03-19T20:28:36.207+0530][gc,mmu      ] GC(33) MMU target violated: 21.0ms (20.0ms/21.0ms)
[2026-03-19T20:28:36.207+0530][gc,phases   ] GC(33)   Pre Evacuate Collection Set: 0.5ms
[2026-03-19T20:28:36.207+0530][gc,phases   ] GC(33)   Merge Heap Roots: 0.3ms
[2026-03-19T20:28:36.207+0530][gc,phases   ] GC(33)   Evacuate Collection Set: 26.7ms
[2026-03-19T20:28:36.207+0530][gc,phases   ] GC(33)   Post Evacuate Collection Set: 1.3ms
[2026-03-19T20:28:36.207+0530][gc,phases   ] GC(33)   Other: 1.3ms
[2026-03-19T20:28:36.207+0530][gc,heap     ] GC(33) Eden regions: 46->0(45)
[2026-03-19T20:28:36.207+0530][gc,heap     ] GC(33) Survivor regions: 5->6(7)
[2026-03-19T20:28:36.207+0530][gc,heap     ] GC(33) Old regions: 84->86
[2026-03-19T20:28:36.207+0530][gc,heap     ] GC(33) Archive regions: 2->2
[2026-03-19T20:28:36.207+0530][gc,heap     ] GC(33) Humongous regions: 129->129
[2026-03-19T20:28:36.207+0530][gc,metaspace] GC(33) Metaspace: 43241K(43904K)->43241K(43904K) NonClass: 38014K(38400K)->38014K(38400K) Class: 5227K(5504K)->5227K(5504K)
[2026-03-19T20:28:36.207+0530][gc          ] GC(33) Pause Young (Normal) (G1 Evacuation Pause) 264M->220M(1024M) 30.203ms
[2026-03-19T20:28:36.207+0530][gc,cpu      ] GC(33) User=0.03s Sys=0.04s Real=0.03s
[2026-03-19T20:30:47.200+0530][gc,start    ] GC(34) Pause Young (Normal) (G1 Evacuation Pause)
[2026-03-19T20:30:47.200+0530][gc,task     ] GC(34) Using 8 workers of 8 for evacuation
[2026-03-19T20:30:47.268+0530][gc,mmu      ] GC(34) MMU target violated: 21.0ms (20.0ms/21.0ms)
[2026-03-19T20:30:47.268+0530][gc,phases   ] GC(34)   Pre Evacuate Collection Set: 2.2ms
[2026-03-19T20:30:47.268+0530][gc,phases   ] GC(34)   Merge Heap Roots: 0.6ms
[2026-03-19T20:30:47.268+0530][gc,phases   ] GC(34)   Evacuate Collection Set: 60.7ms
[2026-03-19T20:30:47.268+0530][gc,phases   ] GC(34)   Post Evacuate Collection Set: 3.5ms
[2026-03-19T20:30:47.268+0530][gc,phases   ] GC(34)   Other: 2.1ms
[2026-03-19T20:30:47.268+0530][gc,heap     ] GC(34) Eden regions: 45->0(45)
[2026-03-19T20:30:47.268+0530][gc,heap     ] GC(34) Survivor regions: 6->6(7)
[2026-03-19T20:30:47.268+0530][gc,heap     ] GC(34) Old regions: 86->88
[2026-03-19T20:30:47.269+0530][gc,heap     ] GC(34) Archive regions: 2->2
[2026-03-19T20:30:47.269+0530][gc,heap     ] GC(34) Humongous regions: 129->129
[2026-03-19T20:30:47.269+0530][gc,metaspace] GC(34) Metaspace: 43241K(43904K)->43241K(43904K) NonClass: 38014K(38400K)->38014K(38400K) Class: 5227K(5504K)->5227K(5504K)
[2026-03-19T20:30:47.269+0530][gc          ] GC(34) Pause Young (Normal) (G1 Evacuation Pause) 265M->223M(1024M) 69.319ms
[2026-03-19T20:30:47.269+0530][gc,cpu      ] GC(34) User=0.04s Sys=0.15s Real=0.07s
[2026-03-19T20:32:58.105+0530][gc,start    ] GC(35) Pause Young (Normal) (G1 Evacuation Pause)
[2026-03-19T20:32:58.105+0530][gc,task     ] GC(35) Using 8 workers of 8 for evacuation
[2026-03-19T20:32:58.134+0530][gc,mmu      ] GC(35) MMU target violated: 21.0ms (20.0ms/21.0ms)
[2026-03-19T20:32:58.134+0530][gc,phases   ] GC(35)   Pre Evacuate Collection Set: 1.0ms
[2026-03-19T20:32:58.134+0530][gc,phases   ] GC(35)   Merge Heap Roots: 0.2ms
[2026-03-19T20:32:58.134+0530][gc,phases   ] GC(35)   Evacuate Collection Set: 25.7ms
[2026-03-19T20:32:58.134+0530][gc,phases   ] GC(35)   Post Evacuate Collection Set: 1.8ms
[2026-03-19T20:32:58.134+0530][gc,phases   ] GC(35)   Other: 1.9ms
[2026-03-19T20:32:58.134+0530][gc,heap     ] GC(35) Eden regions: 45->0(45)
[2026-03-19T20:32:58.134+0530][gc,heap     ] GC(35) Survivor regions: 6->6(7)
[2026-03-19T20:32:58.134+0530][gc,heap     ] GC(35) Old regions: 88->90
[2026-03-19T20:32:58.134+0530][gc,heap     ] GC(35) Archive regions: 2->2
[2026-03-19T20:32:58.134+0530][gc,heap     ] GC(35) Humongous regions: 129->129
[2026-03-19T20:32:58.134+0530][gc,metaspace] GC(35) Metaspace: 43251K(43904K)->43251K(43904K) NonClass: 38023K(38400K)->38023K(38400K) Class: 5227K(5504K)->5227K(5504K)
[2026-03-19T20:32:58.134+0530][gc          ] GC(35) Pause Young (Normal) (G1 Evacuation Pause) 268M->225M(1024M) 30.588ms
[2026-03-19T20:32:58.134+0530][gc,cpu      ] GC(35) User=0.04s Sys=0.05s Real=0.03s
[2026-03-19T20:35:08.160+0530][gc,start    ] GC(36) Pause Young (Normal) (G1 Evacuation Pause)
[2026-03-19T20:35:08.161+0530][gc,task     ] GC(36) Using 8 workers of 8 for evacuation
[2026-03-19T20:35:08.180+0530][gc,phases   ] GC(36)   Pre Evacuate Collection Set: 1.2ms
[2026-03-19T20:35:08.180+0530][gc,phases   ] GC(36)   Merge Heap Roots: 0.4ms
[2026-03-19T20:35:08.180+0530][gc,phases   ] GC(36)   Evacuate Collection Set: 16.7ms
[2026-03-19T20:35:08.180+0530][gc,phases   ] GC(36)   Post Evacuate Collection Set: 0.8ms
[2026-03-19T20:35:08.180+0530][gc,phases   ] GC(36)   Other: 1.5ms
[2026-03-19T20:35:08.180+0530][gc,heap     ] GC(36) Eden regions: 45->0(45)
[2026-03-19T20:35:08.181+0530][gc,heap     ] GC(36) Survivor regions: 6->6(7)
[2026-03-19T20:35:08.181+0530][gc,heap     ] GC(36) Old regions: 90->92
[2026-03-19T20:35:08.181+0530][gc,heap     ] GC(36) Archive regions: 2->2
[2026-03-19T20:35:08.181+0530][gc,heap     ] GC(36) Humongous regions: 129->129
[2026-03-19T20:35:08.181+0530][gc,metaspace] GC(36) Metaspace: 43251K(43904K)->43251K(43904K) NonClass: 38024K(38400K)->38024K(38400K) Class: 5227K(5504K)->5227K(5504K)
[2026-03-19T20:35:08.181+0530][gc          ] GC(36) Pause Young (Normal) (G1 Evacuation Pause) 269M->227M(1024M) 20.615ms
[2026-03-19T20:35:08.181+0530][gc,cpu      ] GC(36) User=0.04s Sys=0.02s Real=0.02s
[2026-03-19T21:04:31.261+0530][gc,start    ] GC(37) Pause Young (Normal) (G1 Evacuation Pause)
[2026-03-19T21:04:31.261+0530][gc,task     ] GC(37) Using 8 workers of 8 for evacuation
[2026-03-19T21:04:31.285+0530][gc,mmu      ] GC(37) MMU target violated: 21.0ms (20.0ms/21.0ms)
[2026-03-19T21:04:31.285+0530][gc,phases   ] GC(37)   Pre Evacuate Collection Set: 0.5ms
[2026-03-19T21:04:31.285+0530][gc,phases   ] GC(37)   Merge Heap Roots: 0.2ms
[2026-03-19T21:04:31.285+0530][gc,phases   ] GC(37)   Evacuate Collection Set: 22.8ms
[2026-03-19T21:04:31.285+0530][gc,phases   ] GC(37)   Post Evacuate Collection Set: 0.6ms
[2026-03-19T21:04:31.285+0530][gc,phases   ] GC(37)   Other: 1.2ms
[2026-03-19T21:04:31.285+0530][gc,heap     ] GC(37) Eden regions: 45->0(45)
[2026-03-19T21:04:31.285+0530][gc,heap     ] GC(37) Survivor regions: 6->6(7)
[2026-03-19T21:04:31.285+0530][gc,heap     ] GC(37) Old regions: 92->94
[2026-03-19T21:04:31.285+0530][gc,heap     ] GC(37) Archive regions: 2->2
[2026-03-19T21:04:31.285+0530][gc,heap     ] GC(37) Humongous regions: 129->129
[2026-03-19T21:04:31.285+0530][gc,metaspace] GC(37) Metaspace: 43308K(43904K)->43308K(43904K) NonClass: 38075K(38400K)->38075K(38400K) Class: 5232K(5504K)->5232K(5504K)
[2026-03-19T21:04:31.286+0530][gc          ] GC(37) Pause Young (Normal) (G1 Evacuation Pause) 272M->228M(1024M) 25.453ms
[2026-03-19T21:04:31.286+0530][gc,cpu      ] GC(37) User=0.04s Sys=0.02s Real=0.02s
[2026-03-19T21:06:41.795+0530][gc,start    ] GC(38) Pause Young (Normal) (G1 Evacuation Pause)
[2026-03-19T21:06:41.796+0530][gc,task     ] GC(38) Using 8 workers of 8 for evacuation
[2026-03-19T21:06:41.810+0530][gc,phases   ] GC(38)   Pre Evacuate Collection Set: 0.3ms
[2026-03-19T21:06:41.810+0530][gc,phases   ] GC(38)   Merge Heap Roots: 0.1ms
[2026-03-19T21:06:41.810+0530][gc,phases   ] GC(38)   Evacuate Collection Set: 13.3ms
[2026-03-19T21:06:41.810+0530][gc,phases   ] GC(38)   Post Evacuate Collection Set: 0.3ms
[2026-03-19T21:06:41.810+0530][gc,phases   ] GC(38)   Other: 0.7ms
[2026-03-19T21:06:41.810+0530][gc,heap     ] GC(38) Eden regions: 45->0(45)
[2026-03-19T21:06:41.810+0530][gc,heap     ] GC(38) Survivor regions: 6->6(7)
[2026-03-19T21:06:41.810+0530][gc,heap     ] GC(38) Old regions: 94->96
[2026-03-19T21:06:41.810+0530][gc,heap     ] GC(38) Archive regions: 2->2
[2026-03-19T21:06:41.810+0530][gc,heap     ] GC(38) Humongous regions: 129->129
[2026-03-19T21:06:41.810+0530][gc,metaspace] GC(38) Metaspace: 43309K(43904K)->43309K(43904K) NonClass: 38076K(38400K)->38076K(38400K) Class: 5232K(5504K)->5232K(5504K)
[2026-03-19T21:06:41.810+0530][gc          ] GC(38) Pause Young (Normal) (G1 Evacuation Pause) 273M->231M(1024M) 14.958ms
[2026-03-19T21:06:41.810+0530][gc,cpu      ] GC(38) User=0.05s Sys=0.01s Real=0.02s
[2026-03-19T21:19:33.338+0530][gc,start    ] GC(39) Pause Young (Normal) (G1 Evacuation Pause)
[2026-03-19T21:19:33.339+0530][gc,task     ] GC(39) Using 8 workers of 8 for evacuation
[2026-03-19T21:19:33.359+0530][gc,phases   ] GC(39)   Pre Evacuate Collection Set: 0.9ms
[2026-03-19T21:19:33.359+0530][gc,phases   ] GC(39)   Merge Heap Roots: 0.4ms
[2026-03-19T21:19:33.359+0530][gc,phases   ] GC(39)   Evacuate Collection Set: 18.1ms
[2026-03-19T21:19:33.359+0530][gc,phases   ] GC(39)   Post Evacuate Collection Set: 0.7ms
[2026-03-19T21:19:33.359+0530][gc,phases   ] GC(39)   Other: 2.7ms
[2026-03-19T21:19:33.359+0530][gc,heap     ] GC(39) Eden regions: 45->0(45)
[2026-03-19T21:19:33.359+0530][gc,heap     ] GC(39) Survivor regions: 6->6(7)
[2026-03-19T21:19:33.359+0530][gc,heap     ] GC(39) Old regions: 96->98
[2026-03-19T21:19:33.359+0530][gc,heap     ] GC(39) Archive regions: 2->2
[2026-03-19T21:19:33.359+0530][gc,heap     ] GC(39) Humongous regions: 129->129
[2026-03-19T21:19:33.359+0530][gc,metaspace] GC(39) Metaspace: 43327K(44032K)->43327K(44032K) NonClass: 38095K(38528K)->38095K(38528K) Class: 5232K(5504K)->5232K(5504K)
[2026-03-19T21:19:33.359+0530][gc          ] GC(39) Pause Young (Normal) (G1 Evacuation Pause) 276M->233M(1024M) 22.828ms
[2026-03-19T21:19:33.359+0530][gc,cpu      ] GC(39) User=0.03s Sys=0.01s Real=0.02s
[2026-03-19T21:21:38.505+0530][gc,start    ] GC(40) Pause Young (Normal) (G1 Evacuation Pause)
[2026-03-19T21:21:38.505+0530][gc,task     ] GC(40) Using 8 workers of 8 for evacuation
[2026-03-19T21:21:38.534+0530][gc,mmu      ] GC(40) MMU target violated: 21.0ms (20.0ms/21.0ms)
[2026-03-19T21:21:38.534+0530][gc,phases   ] GC(40)   Pre Evacuate Collection Set: 1.2ms
[2026-03-19T21:21:38.534+0530][gc,phases   ] GC(40)   Merge Heap Roots: 0.4ms
[2026-03-19T21:21:38.534+0530][gc,phases   ] GC(40)   Evacuate Collection Set: 25.5ms
[2026-03-19T21:21:38.534+0530][gc,phases   ] GC(40)   Post Evacuate Collection Set: 1.4ms
[2026-03-19T21:21:38.534+0530][gc,phases   ] GC(40)   Other: 2.4ms
[2026-03-19T21:21:38.534+0530][gc,heap     ] GC(40) Eden regions: 45->0(45)
[2026-03-19T21:21:38.534+0530][gc,heap     ] GC(40) Survivor regions: 6->6(7)
[2026-03-19T21:21:38.534+0530][gc,heap     ] GC(40) Old regions: 98->100
[2026-03-19T21:21:38.534+0530][gc,heap     ] GC(40) Archive regions: 2->2
[2026-03-19T21:21:38.534+0530][gc,heap     ] GC(40) Humongous regions: 129->129
[2026-03-19T21:21:38.534+0530][gc,metaspace] GC(40) Metaspace: 43681K(44352K)->43681K(44352K) NonClass: 38396K(38784K)->38396K(38784K) Class: 5285K(5568K)->5285K(5568K)
[2026-03-19T21:21:38.534+0530][gc          ] GC(40) Pause Young (Normal) (G1 Evacuation Pause) 278M->234M(1024M) 31.003ms
[2026-03-19T21:21:38.535+0530][gc,cpu      ] GC(40) User=0.04s Sys=0.04s Real=0.03s
[2026-03-19T21:23:45.438+0530][gc,start    ] GC(41) Pause Young (Normal) (G1 Evacuation Pause)
[2026-03-19T21:23:45.439+0530][gc,task     ] GC(41) Using 8 workers of 8 for evacuation
[2026-03-19T21:23:45.462+0530][gc,mmu      ] GC(41) MMU target violated: 21.0ms (20.0ms/21.0ms)
[2026-03-19T21:23:45.462+0530][gc,phases   ] GC(41)   Pre Evacuate Collection Set: 1.0ms
[2026-03-19T21:23:45.462+0530][gc,phases   ] GC(41)   Merge Heap Roots: 0.4ms
[2026-03-19T21:23:45.462+0530][gc,phases   ] GC(41)   Evacuate Collection Set: 20.3ms
[2026-03-19T21:23:45.462+0530][gc,phases   ] GC(41)   Post Evacuate Collection Set: 0.7ms
[2026-03-19T21:23:45.462+0530][gc,phases   ] GC(41)   Other: 1.8ms
[2026-03-19T21:23:45.462+0530][gc,heap     ] GC(41) Eden regions: 45->0(46)
[2026-03-19T21:23:45.462+0530][gc,heap     ] GC(41) Survivor regions: 6->5(7)
[2026-03-19T21:23:45.462+0530][gc,heap     ] GC(41) Old regions: 100->102
[2026-03-19T21:23:45.462+0530][gc,heap     ] GC(41) Archive regions: 2->2
[2026-03-19T21:23:45.462+0530][gc,heap     ] GC(41) Humongous regions: 129->129
[2026-03-19T21:23:45.462+0530][gc,metaspace] GC(41) Metaspace: 43734K(44416K)->43734K(44416K) NonClass: 38448K(38848K)->38448K(38848K) Class: 5285K(5568K)->5285K(5568K)
[2026-03-19T21:23:45.462+0530][gc          ] GC(41) Pause Young (Normal) (G1 Evacuation Pause) 279M->236M(1024M) 24.219ms
[2026-03-19T21:23:45.462+0530][gc,cpu      ] GC(41) User=0.04s Sys=0.02s Real=0.03s
[2026-03-19T21:25:57.252+0530][gc,start    ] GC(42) Pause Young (Normal) (G1 Evacuation Pause)
[2026-03-19T21:25:57.252+0530][gc,task     ] GC(42) Using 8 workers of 8 for evacuation
[2026-03-19T21:25:57.271+0530][gc,phases   ] GC(42)   Pre Evacuate Collection Set: 0.4ms
[2026-03-19T21:25:57.271+0530][gc,phases   ] GC(42)   Merge Heap Roots: 0.2ms
[2026-03-19T21:25:57.271+0530][gc,phases   ] GC(42)   Evacuate Collection Set: 17.0ms
[2026-03-19T21:25:57.271+0530][gc,phases   ] GC(42)   Post Evacuate Collection Set: 0.6ms
[2026-03-19T21:25:57.271+0530][gc,phases   ] GC(42)   Other: 0.7ms
[2026-03-19T21:25:57.271+0530][gc,heap     ] GC(42) Eden regions: 46->0(45)
[2026-03-19T21:25:57.271+0530][gc,heap     ] GC(42) Survivor regions: 5->6(7)
[2026-03-19T21:25:57.271+0530][gc,heap     ] GC(42) Old regions: 102->104
[2026-03-19T21:25:57.271+0530][gc,heap     ] GC(42) Archive regions: 2->2
[2026-03-19T21:25:57.271+0530][gc,heap     ] GC(42) Humongous regions: 129->129
[2026-03-19T21:25:57.271+0530][gc,metaspace] GC(42) Metaspace: 43746K(44416K)->43746K(44416K) NonClass: 38459K(38848K)->38459K(38848K) Class: 5287K(5568K)->5287K(5568K)
[2026-03-19T21:25:57.271+0530][gc          ] GC(42) Pause Young (Normal) (G1 Evacuation Pause) 282M->238M(1024M) 19.071ms
[2026-03-19T21:25:57.271+0530][gc,cpu      ] GC(42) User=0.03s Sys=0.03s Real=0.02s
[2026-03-19T21:28:08.482+0530][gc,start    ] GC(43) Pause Young (Normal) (G1 Evacuation Pause)
[2026-03-19T21:28:08.483+0530][gc,task     ] GC(43) Using 8 workers of 8 for evacuation
[2026-03-19T21:28:08.510+0530][gc,mmu      ] GC(43) MMU target violated: 21.0ms (20.0ms/21.0ms)
[2026-03-19T21:28:08.510+0530][gc,phases   ] GC(43)   Pre Evacuate Collection Set: 0.4ms
[2026-03-19T21:28:08.510+0530][gc,phases   ] GC(43)   Merge Heap Roots: 0.1ms
[2026-03-19T21:28:08.510+0530][gc,phases   ] GC(43)   Evacuate Collection Set: 26.4ms
[2026-03-19T21:28:08.510+0530][gc,phases   ] GC(43)   Post Evacuate Collection Set: 0.5ms
[2026-03-19T21:28:08.510+0530][gc,phases   ] GC(43)   Other: 1.2ms
[2026-03-19T21:28:08.511+0530][gc,heap     ] GC(43) Eden regions: 45->0(45)
[2026-03-19T21:28:08.511+0530][gc,heap     ] GC(43) Survivor regions: 6->6(7)
[2026-03-19T21:28:08.511+0530][gc,heap     ] GC(43) Old regions: 104->106
[2026-03-19T21:28:08.511+0530][gc,heap     ] GC(43) Archive regions: 2->2
[2026-03-19T21:28:08.511+0530][gc,heap     ] GC(43) Humongous regions: 129->129
[2026-03-19T21:28:08.511+0530][gc,metaspace] GC(43) Metaspace: 43758K(44480K)->43758K(44480K) NonClass: 38471K(38912K)->38471K(38912K) Class: 5287K(5568K)->5287K(5568K)
[2026-03-19T21:28:08.511+0530][gc          ] GC(43) Pause Young (Normal) (G1 Evacuation Pause) 283M->241M(1024M) 28.699ms
[2026-03-19T21:28:08.511+0530][gc,cpu      ] GC(43) User=0.04s Sys=0.02s Real=0.03s
[2026-03-19T21:30:15.449+0530][gc,start    ] GC(44) Pause Young (Normal) (G1 Evacuation Pause)
[2026-03-19T21:30:15.450+0530][gc,task     ] GC(44) Using 8 workers of 8 for evacuation
[2026-03-19T21:30:15.483+0530][gc,mmu      ] GC(44) MMU target violated: 21.0ms (20.0ms/21.0ms)
[2026-03-19T21:30:15.484+0530][gc,phases   ] GC(44)   Pre Evacuate Collection Set: 0.8ms
[2026-03-19T21:30:15.484+0530][gc,phases   ] GC(44)   Merge Heap Roots: 0.4ms
[2026-03-19T21:30:15.484+0530][gc,phases   ] GC(44)   Evacuate Collection Set: 31.6ms
[2026-03-19T21:30:15.484+0530][gc,phases   ] GC(44)   Post Evacuate Collection Set: 0.6ms
[2026-03-19T21:30:15.484+0530][gc,phases   ] GC(44)   Other: 1.0ms
[2026-03-19T21:30:15.484+0530][gc,heap     ] GC(44) Eden regions: 45->0(45)
[2026-03-19T21:30:15.484+0530][gc,heap     ] GC(44) Survivor regions: 6->6(7)
[2026-03-19T21:30:15.484+0530][gc,heap     ] GC(44) Old regions: 106->108
[2026-03-19T21:30:15.484+0530][gc,heap     ] GC(44) Archive regions: 2->2
[2026-03-19T21:30:15.484+0530][gc,heap     ] GC(44) Humongous regions: 129->129
[2026-03-19T21:30:15.484+0530][gc,metaspace] GC(44) Metaspace: 43789K(44480K)->43789K(44480K) NonClass: 38502K(38912K)->38502K(38912K) Class: 5287K(5568K)->5287K(5568K)
[2026-03-19T21:30:15.484+0530][gc          ] GC(44) Pause Young (Normal) (G1 Evacuation Pause) 286M->242M(1024M) 34.311ms
[2026-03-19T21:30:15.484+0530][gc,cpu      ] GC(44) User=0.04s Sys=0.05s Real=0.04s
[2026-03-19T21:32:25.945+0530][gc,start    ] GC(45) Pause Young (Normal) (G1 Evacuation Pause)
[2026-03-19T21:32:25.946+0530][gc,task     ] GC(45) Using 8 workers of 8 for evacuation
[2026-03-19T21:32:25.964+0530][gc,phases   ] GC(45)   Pre Evacuate Collection Set: 0.5ms
[2026-03-19T21:32:25.964+0530][gc,phases   ] GC(45)   Merge Heap Roots: 0.3ms
[2026-03-19T21:32:25.964+0530][gc,phases   ] GC(45)   Evacuate Collection Set: 15.9ms
[2026-03-19T21:32:25.964+0530][gc,phases   ] GC(45)   Post Evacuate Collection Set: 0.6ms
[2026-03-19T21:32:25.964+0530][gc,phases   ] GC(45)   Other: 1.3ms
[2026-03-19T21:32:25.964+0530][gc,heap     ] GC(45) Eden regions: 45->0(45)
[2026-03-19T21:32:25.964+0530][gc,heap     ] GC(45) Survivor regions: 6->6(7)
[2026-03-19T21:32:25.964+0530][gc,heap     ] GC(45) Old regions: 108->110
[2026-03-19T21:32:25.964+0530][gc,heap     ] GC(45) Archive regions: 2->2
[2026-03-19T21:32:25.964+0530][gc,heap     ] GC(45) Humongous regions: 129->129
[2026-03-19T21:32:25.964+0530][gc,metaspace] GC(45) Metaspace: 43796K(44480K)->43796K(44480K) NonClass: 38508K(38912K)->38508K(38912K) Class: 5287K(5568K)->5287K(5568K)
[2026-03-19T21:32:25.964+0530][gc          ] GC(45) Pause Young (Normal) (G1 Evacuation Pause) 287M->244M(1024M) 18.795ms
[2026-03-19T21:32:25.964+0530][gc,cpu      ] GC(45) User=0.03s Sys=0.02s Real=0.02s
[2026-03-19T21:34:27.477+0530][gc,start    ] GC(46) Pause Young (Normal) (G1 Evacuation Pause)
[2026-03-19T21:34:27.477+0530][gc,task     ] GC(46) Using 8 workers of 8 for evacuation
[2026-03-19T21:34:27.516+0530][gc,mmu      ] GC(46) MMU target violated: 21.0ms (20.0ms/21.0ms)
[2026-03-19T21:34:27.516+0530][gc,phases   ] GC(46)   Pre Evacuate Collection Set: 0.5ms
[2026-03-19T21:34:27.516+0530][gc,phases   ] GC(46)   Merge Heap Roots: 0.3ms
[2026-03-19T21:34:27.516+0530][gc,phases   ] GC(46)   Evacuate Collection Set: 37.1ms
[2026-03-19T21:34:27.516+0530][gc,phases   ] GC(46)   Post Evacuate Collection Set: 0.7ms
[2026-03-19T21:34:27.516+0530][gc,phases   ] GC(46)   Other: 2.0ms
[2026-03-19T21:34:27.516+0530][gc,heap     ] GC(46) Eden regions: 45->0(44)
[2026-03-19T21:34:27.516+0530][gc,heap     ] GC(46) Survivor regions: 6->7(7)
[2026-03-19T21:34:27.516+0530][gc,heap     ] GC(46) Old regions: 110->112
[2026-03-19T21:34:27.516+0530][gc,heap     ] GC(46) Archive regions: 2->2
[2026-03-19T21:34:27.516+0530][gc,heap     ] GC(46) Humongous regions: 129->129
[2026-03-19T21:34:27.516+0530][gc,metaspace] GC(46) Metaspace: 43796K(44480K)->43796K(44480K) NonClass: 38508K(38912K)->38508K(38912K) Class: 5287K(5568K)->5287K(5568K)
[2026-03-19T21:34:27.516+0530][gc          ] GC(46) Pause Young (Normal) (G1 Evacuation Pause) 289M->248M(1024M) 40.708ms
[2026-03-19T21:34:27.516+0530][gc,cpu      ] GC(46) User=0.04s Sys=0.07s Real=0.04s
[2026-03-19T21:36:33.705+0530][gc,start    ] GC(47) Pause Young (Normal) (G1 Evacuation Pause)
[2026-03-19T21:36:33.706+0530][gc,task     ] GC(47) Using 8 workers of 8 for evacuation
[2026-03-19T21:36:33.753+0530][gc,mmu      ] GC(47) MMU target violated: 21.0ms (20.0ms/21.0ms)
[2026-03-19T21:36:33.753+0530][gc,phases   ] GC(47)   Pre Evacuate Collection Set: 1.4ms
[2026-03-19T21:36:33.753+0530][gc,phases   ] GC(47)   Merge Heap Roots: 1.1ms
[2026-03-19T21:36:33.753+0530][gc,phases   ] GC(47)   Evacuate Collection Set: 41.5ms
[2026-03-19T21:36:33.753+0530][gc,phases   ] GC(47)   Post Evacuate Collection Set: 1.6ms
[2026-03-19T21:36:33.753+0530][gc,phases   ] GC(47)   Other: 2.7ms
[2026-03-19T21:36:33.753+0530][gc,heap     ] GC(47) Eden regions: 44->0(45)
[2026-03-19T21:36:33.753+0530][gc,heap     ] GC(47) Survivor regions: 7->6(7)
[2026-03-19T21:36:33.753+0530][gc,heap     ] GC(47) Old regions: 112->114
[2026-03-19T21:36:33.753+0530][gc,heap     ] GC(47) Archive regions: 2->2
[2026-03-19T21:36:33.753+0530][gc,heap     ] GC(47) Humongous regions: 129->129
[2026-03-19T21:36:33.753+0530][gc,metaspace] GC(47) Metaspace: 43796K(44480K)->43796K(44480K) NonClass: 38508K(38912K)->38508K(38912K) Class: 5287K(5568K)->5287K(5568K)
[2026-03-19T21:36:33.753+0530][gc          ] GC(47) Pause Young (Normal) (G1 Evacuation Pause) 292M->249M(1024M) 48.335ms
[2026-03-19T21:36:33.753+0530][gc,cpu      ] GC(47) User=0.03s Sys=0.08s Real=0.05s
[2026-03-19T21:38:44.424+0530][gc,start    ] GC(48) Pause Young (Normal) (G1 Evacuation Pause)
[2026-03-19T21:38:44.424+0530][gc,task     ] GC(48) Using 8 workers of 8 for evacuation
[2026-03-19T21:38:44.454+0530][gc,mmu      ] GC(48) MMU target violated: 21.0ms (20.0ms/21.0ms)
[2026-03-19T21:38:44.454+0530][gc,phases   ] GC(48)   Pre Evacuate Collection Set: 0.8ms
[2026-03-19T21:38:44.454+0530][gc,phases   ] GC(48)   Merge Heap Roots: 0.2ms
[2026-03-19T21:38:44.454+0530][gc,phases   ] GC(48)   Evacuate Collection Set: 27.4ms
[2026-03-19T21:38:44.454+0530][gc,phases   ] GC(48)   Post Evacuate Collection Set: 0.9ms
[2026-03-19T21:38:44.454+0530][gc,phases   ] GC(48)   Other: 2.0ms
[2026-03-19T21:38:44.454+0530][gc,heap     ] GC(48) Eden regions: 45->0(45)
[2026-03-19T21:38:44.454+0530][gc,heap     ] GC(48) Survivor regions: 6->6(7)
[2026-03-19T21:38:44.454+0530][gc,heap     ] GC(48) Old regions: 114->116
[2026-03-19T21:38:44.454+0530][gc,heap     ] GC(48) Archive regions: 2->2
[2026-03-19T21:38:44.454+0530][gc,heap     ] GC(48) Humongous regions: 129->129
[2026-03-19T21:38:44.454+0530][gc,metaspace] GC(48) Metaspace: 43800K(44480K)->43800K(44480K) NonClass: 38513K(38912K)->38513K(38912K) Class: 5287K(5568K)->5287K(5568K)
[2026-03-19T21:38:44.455+0530][gc          ] GC(48) Pause Young (Normal) (G1 Evacuation Pause) 294M->251M(1024M) 31.412ms
[2026-03-19T21:38:44.455+0530][gc,cpu      ] GC(48) User=0.03s Sys=0.06s Real=0.03s
[2026-03-19T21:40:55.693+0530][gc,start    ] GC(49) Pause Young (Normal) (G1 Evacuation Pause)
[2026-03-19T21:40:55.694+0530][gc,task     ] GC(49) Using 8 workers of 8 for evacuation
[2026-03-19T21:40:55.713+0530][gc,phases   ] GC(49)   Pre Evacuate Collection Set: 0.5ms
[2026-03-19T21:40:55.713+0530][gc,phases   ] GC(49)   Merge Heap Roots: 0.2ms
[2026-03-19T21:40:55.713+0530][gc,phases   ] GC(49)   Evacuate Collection Set: 16.7ms
[2026-03-19T21:40:55.713+0530][gc,phases   ] GC(49)   Post Evacuate Collection Set: 1.3ms
[2026-03-19T21:40:55.713+0530][gc,phases   ] GC(49)   Other: 1.1ms
[2026-03-19T21:40:55.713+0530][gc,heap     ] GC(49) Eden regions: 45->0(48)
[2026-03-19T21:40:55.713+0530][gc,heap     ] GC(49) Survivor regions: 6->3(7)
[2026-03-19T21:40:55.713+0530][gc,heap     ] GC(49) Old regions: 116->118
[2026-03-19T21:40:55.713+0530][gc,heap     ] GC(49) Archive regions: 2->2
[2026-03-19T21:40:55.713+0530][gc,heap     ] GC(49) Humongous regions: 129->129
[2026-03-19T21:40:55.713+0530][gc,metaspace] GC(49) Metaspace: 43804K(44480K)->43804K(44480K) NonClass: 38516K(38912K)->38516K(38912K) Class: 5287K(5568K)->5287K(5568K)
[2026-03-19T21:40:55.713+0530][gc          ] GC(49) Pause Young (Normal) (G1 Evacuation Pause) 296M->250M(1024M) 19.991ms
[2026-03-19T21:40:55.713+0530][gc,cpu      ] GC(49) User=0.02s Sys=0.03s Real=0.02s
[2026-03-19T21:43:15.016+0530][gc,start    ] GC(50) Pause Young (Normal) (G1 Evacuation Pause)
[2026-03-19T21:43:15.016+0530][gc,task     ] GC(50) Using 8 workers of 8 for evacuation
[2026-03-19T21:43:15.027+0530][gc,phases   ] GC(50)   Pre Evacuate Collection Set: 0.6ms
[2026-03-19T21:43:15.027+0530][gc,phases   ] GC(50)   Merge Heap Roots: 0.2ms
[2026-03-19T21:43:15.027+0530][gc,phases   ] GC(50)   Evacuate Collection Set: 9.3ms
[2026-03-19T21:43:15.028+0530][gc,phases   ] GC(50)   Post Evacuate Collection Set: 1.1ms
[2026-03-19T21:43:15.028+0530][gc,phases   ] GC(50)   Other: 2.4ms
[2026-03-19T21:43:15.028+0530][gc,heap     ] GC(50) Eden regions: 48->0(46)
[2026-03-19T21:43:15.028+0530][gc,heap     ] GC(50) Survivor regions: 3->5(7)
[2026-03-19T21:43:15.028+0530][gc,heap     ] GC(50) Old regions: 118->118
[2026-03-19T21:43:15.028+0530][gc,heap     ] GC(50) Archive regions: 2->2
[2026-03-19T21:43:15.028+0530][gc,heap     ] GC(50) Humongous regions: 129->129
[2026-03-19T21:43:15.028+0530][gc,metaspace] GC(50) Metaspace: 43816K(44480K)->43816K(44480K) NonClass: 38528K(38912K)->38528K(38912K) Class: 5287K(5568K)->5287K(5568K)
[2026-03-19T21:43:15.028+0530][gc          ] GC(50) Pause Young (Normal) (G1 Evacuation Pause) 298M->252M(1024M) 13.865ms
[2026-03-19T21:43:15.028+0530][gc,cpu      ] GC(50) User=0.02s Sys=0.01s Real=0.01s
[2026-03-19T21:45:27.805+0530][gc,start    ] GC(51) Pause Young (Normal) (G1 Evacuation Pause)
[2026-03-19T21:45:27.806+0530][gc,task     ] GC(51) Using 8 workers of 8 for evacuation
[2026-03-19T21:45:27.824+0530][gc,phases   ] GC(51)   Pre Evacuate Collection Set: 0.9ms
[2026-03-19T21:45:27.824+0530][gc,phases   ] GC(51)   Merge Heap Roots: 0.7ms
[2026-03-19T21:45:27.824+0530][gc,phases   ] GC(51)   Evacuate Collection Set: 15.4ms
[2026-03-19T21:45:27.824+0530][gc,phases   ] GC(51)   Post Evacuate Collection Set: 1.0ms
[2026-03-19T21:45:27.824+0530][gc,phases   ] GC(51)   Other: 1.8ms
[2026-03-19T21:45:27.824+0530][gc,heap     ] GC(51) Eden regions: 46->0(46)
[2026-03-19T21:45:27.824+0530][gc,heap     ] GC(51) Survivor regions: 5->5(7)
[2026-03-19T21:45:27.824+0530][gc,heap     ] GC(51) Old regions: 118->120
[2026-03-19T21:45:27.824+0530][gc,heap     ] GC(51) Archive regions: 2->2
[2026-03-19T21:45:27.824+0530][gc,heap     ] GC(51) Humongous regions: 129->129
[2026-03-19T21:45:27.824+0530][gc,metaspace] GC(51) Metaspace: 43817K(44480K)->43817K(44480K) NonClass: 38530K(38912K)->38530K(38912K) Class: 5287K(5568K)->5287K(5568K)
[2026-03-19T21:45:27.825+0530][gc          ] GC(51) Pause Young (Normal) (G1 Evacuation Pause) 298M->254M(1024M) 19.866ms
[2026-03-19T21:45:27.825+0530][gc,cpu      ] GC(51) User=0.04s Sys=0.02s Real=0.02s
[2026-03-19T21:47:40.560+0530][gc,start    ] GC(52) Pause Young (Normal) (G1 Evacuation Pause)
[2026-03-19T21:47:40.560+0530][gc,task     ] GC(52) Using 8 workers of 8 for evacuation
[2026-03-19T21:47:40.595+0530][gc,mmu      ] GC(52) MMU target violated: 21.0ms (20.0ms/21.0ms)
[2026-03-19T21:47:40.596+0530][gc,phases   ] GC(52)   Pre Evacuate Collection Set: 0.8ms
[2026-03-19T21:47:40.596+0530][gc,phases   ] GC(52)   Merge Heap Roots: 0.4ms
[2026-03-19T21:47:40.596+0530][gc,phases   ] GC(52)   Evacuate Collection Set: 32.5ms
[2026-03-19T21:47:40.596+0530][gc,phases   ] GC(52)   Post Evacuate Collection Set: 1.2ms
[2026-03-19T21:47:40.596+0530][gc,phases   ] GC(52)   Other: 2.1ms
[2026-03-19T21:47:40.596+0530][gc,heap     ] GC(52) Eden regions: 46->0(46)
[2026-03-19T21:47:40.596+0530][gc,heap     ] GC(52) Survivor regions: 5->5(7)
[2026-03-19T21:47:40.596+0530][gc,heap     ] GC(52) Old regions: 120->122
[2026-03-19T21:47:40.596+0530][gc,heap     ] GC(52) Archive regions: 2->2
[2026-03-19T21:47:40.596+0530][gc,heap     ] GC(52) Humongous regions: 129->129
[2026-03-19T21:47:40.596+0530][gc,metaspace] GC(52) Metaspace: 43819K(44480K)->43819K(44480K) NonClass: 38532K(38912K)->38532K(38912K) Class: 5287K(5568K)->5287K(5568K)
[2026-03-19T21:47:40.596+0530][gc          ] GC(52) Pause Young (Normal) (G1 Evacuation Pause) 300M->256M(1024M) 36.947ms
[2026-03-19T21:47:40.596+0530][gc,cpu      ] GC(52) User=0.03s Sys=0.04s Real=0.04s
[2026-03-19T21:49:13.007+0530][gc,heap,exit] Heap
[2026-03-19T21:49:13.007+0530][gc,heap,exit]  garbage-first heap   total 1048576K, used 283634K [0x00000007c0000000, 0x0000000800000000)
[2026-03-19T21:49:13.007+0530][gc,heap,exit]   region size 1024K, 26 young (26624K), 5 survivors (5120K)
[2026-03-19T21:49:13.007+0530][gc,heap,exit]  Metaspace       used 44694K, committed 45440K, reserved 1114112K
[2026-03-19T21:49:13.007+0530][gc,heap,exit]   class space    used 5469K, committed 5824K, reserved 1048576K
