[2025-05-07T21:45:02.670+0530][gc] Using G1
[2025-05-07T21:45:02.672+0530][gc,init] Version: 17.0.10+7-LTS (release)
[2025-05-07T21:45:02.672+0530][gc,init] CPUs: 8 total, 8 available
[2025-05-07T21:45:02.672+0530][gc,init] Memory: 8192M
[2025-05-07T21:45:02.672+0530][gc,init] Large Page Support: Disabled
[2025-05-07T21:45:02.672+0530][gc,init] NUMA Support: Disabled
[2025-05-07T21:45:02.672+0530][gc,init] Compressed Oops: Enabled (Zero based)
[2025-05-07T21:45:02.672+0530][gc,init] Heap Region Size: 1M
[2025-05-07T21:45:02.672+0530][gc,init] Heap Min Capacity: 1G
[2025-05-07T21:45:02.672+0530][gc,init] Heap Initial Capacity: 1G
[2025-05-07T21:45:02.672+0530][gc,init] Heap Max Capacity: 1G
[2025-05-07T21:45:02.672+0530][gc,init] Pre-touch: Disabled
[2025-05-07T21:45:02.672+0530][gc,init] Parallel Workers: 8
[2025-05-07T21:45:02.672+0530][gc,init] Concurrent Workers: 2
[2025-05-07T21:45:02.672+0530][gc,init] Concurrent Refinement Workers: 8
[2025-05-07T21:45:02.672+0530][gc,init] Periodic GC: Disabled
[2025-05-07T21:45:02.677+0530][gc,metaspace] CDS archive(s) mapped at: [0x0000007000000000-0x0000007000bc0000-0x0000007000bc0000), size 12320768, SharedBaseAddress: 0x0000007000000000, ArchiveRelocationMode: 1.
[2025-05-07T21:45:02.677+0530][gc,metaspace] Compressed class space mapped at: 0x0000007001000000-0x0000007041000000, reserved size: 1073741824
[2025-05-07T21:45:02.677+0530][gc,metaspace] Narrow klass base: 0x0000007000000000, Narrow klass shift: 0, Narrow klass range: 0x100000000
[2025-05-07T21:45:08.686+0530][gc,start    ] GC(0) Pause Young (Normal) (G1 Evacuation Pause)
[2025-05-07T21:45:08.687+0530][gc,task     ] GC(0) Using 8 workers of 8 for evacuation
[2025-05-07T21:45:08.691+0530][gc,phases   ] GC(0)   Pre Evacuate Collection Set: 0.2ms
[2025-05-07T21:45:08.691+0530][gc,phases   ] GC(0)   Merge Heap Roots: 0.1ms
[2025-05-07T21:45:08.691+0530][gc,phases   ] GC(0)   Evacuate Collection Set: 3.4ms
[2025-05-07T21:45:08.691+0530][gc,phases   ] GC(0)   Post Evacuate Collection Set: 0.3ms
[2025-05-07T21:45:08.691+0530][gc,phases   ] GC(0)   Other: 0.4ms
[2025-05-07T21:45:08.691+0530][gc,heap     ] GC(0) Eden regions: 51->0(44)
[2025-05-07T21:45:08.691+0530][gc,heap     ] GC(0) Survivor regions: 0->7(7)
[2025-05-07T21:45:08.691+0530][gc,heap     ] GC(0) Old regions: 0->1
[2025-05-07T21:45:08.691+0530][gc,heap     ] GC(0) Archive regions: 2->2
[2025-05-07T21:45:08.691+0530][gc,heap     ] GC(0) Humongous regions: 0->0
[2025-05-07T21:45:08.691+0530][gc,metaspace] GC(0) Metaspace: 17784K(17984K)->17784K(17984K) NonClass: 15659K(15808K)->15659K(15808K) Class: 2125K(2176K)->2125K(2176K)
[2025-05-07T21:45:08.691+0530][gc          ] GC(0) Pause Young (Normal) (G1 Evacuation Pause) 51M->8M(1024M) 4.615ms
[2025-05-07T21:45:08.691+0530][gc,cpu      ] GC(0) User=0.02s Sys=0.01s Real=0.01s
[2025-05-07T21:45:09.095+0530][gc,start    ] GC(1) Pause Young (Concurrent Start) (Metadata GC Threshold)
[2025-05-07T21:45:09.096+0530][gc,task     ] GC(1) Using 8 workers of 8 for evacuation
[2025-05-07T21:45:09.101+0530][gc,phases   ] GC(1)   Pre Evacuate Collection Set: 0.1ms
[2025-05-07T21:45:09.101+0530][gc,phases   ] GC(1)   Merge Heap Roots: 0.1ms
[2025-05-07T21:45:09.101+0530][gc,phases   ] GC(1)   Evacuate Collection Set: 4.5ms
[2025-05-07T21:45:09.101+0530][gc,phases   ] GC(1)   Post Evacuate Collection Set: 0.7ms
[2025-05-07T21:45:09.101+0530][gc,phases   ] GC(1)   Other: 0.3ms
[2025-05-07T21:45:09.101+0530][gc,heap     ] GC(1) Eden regions: 15->0(49)
[2025-05-07T21:45:09.101+0530][gc,heap     ] GC(1) Survivor regions: 7->2(7)
[2025-05-07T21:45:09.101+0530][gc,heap     ] GC(1) Old regions: 1->8
[2025-05-07T21:45:09.101+0530][gc,heap     ] GC(1) Archive regions: 2->2
[2025-05-07T21:45:09.101+0530][gc,heap     ] GC(1) Humongous regions: 129->129
[2025-05-07T21:45:09.101+0530][gc,metaspace] GC(1) Metaspace: 21277K(21504K)->21277K(21504K) NonClass: 18703K(18816K)->18703K(18816K) Class: 2574K(2688K)->2574K(2688K)
[2025-05-07T21:45:09.101+0530][gc          ] GC(1) Pause Young (Concurrent Start) (Metadata GC Threshold) 152M->139M(1024M) 5.924ms
[2025-05-07T21:45:09.101+0530][gc,cpu      ] GC(1) User=0.02s Sys=0.01s Real=0.01s
[2025-05-07T21:45:09.102+0530][gc          ] GC(2) Concurrent Mark Cycle
[2025-05-07T21:45:09.102+0530][gc,marking  ] GC(2) Concurrent Clear Claimed Marks
[2025-05-07T21:45:09.102+0530][gc,marking  ] GC(2) Concurrent Clear Claimed Marks 0.024ms
[2025-05-07T21:45:09.102+0530][gc,marking  ] GC(2) Concurrent Scan Root Regions
[2025-05-07T21:45:09.105+0530][gc,marking  ] GC(2) Concurrent Scan Root Regions 3.597ms
[2025-05-07T21:45:09.105+0530][gc,marking  ] GC(2) Concurrent Mark
[2025-05-07T21:45:09.105+0530][gc,marking  ] GC(2) Concurrent Mark From Roots
[2025-05-07T21:45:09.105+0530][gc,task     ] GC(2) Using 2 workers of 2 for marking
[2025-05-07T21:45:09.109+0530][gc,marking  ] GC(2) Concurrent Mark From Roots 4.017ms
[2025-05-07T21:45:09.110+0530][gc,marking  ] GC(2) Concurrent Preclean
[2025-05-07T21:45:09.110+0530][gc,marking  ] GC(2) Concurrent Preclean 0.048ms
[2025-05-07T21:45:09.110+0530][gc,start    ] GC(2) Pause Remark
[2025-05-07T21:45:09.113+0530][gc          ] GC(2) Pause Remark 139M->139M(1024M) 2.714ms
[2025-05-07T21:45:09.113+0530][gc,cpu      ] GC(2) User=0.00s Sys=0.00s Real=0.00s
[2025-05-07T21:45:09.113+0530][gc,marking  ] GC(2) Concurrent Mark 7.607ms
[2025-05-07T21:45:09.113+0530][gc,marking  ] GC(2) Concurrent Rebuild Remembered Sets
[2025-05-07T21:45:09.118+0530][gc,marking  ] GC(2) Concurrent Rebuild Remembered Sets 4.645ms
[2025-05-07T21:45:09.118+0530][gc,start    ] GC(2) Pause Cleanup
[2025-05-07T21:45:09.118+0530][gc          ] GC(2) Pause Cleanup 139M->139M(1024M) 0.310ms
[2025-05-07T21:45:09.118+0530][gc,cpu      ] GC(2) User=0.00s Sys=0.00s Real=0.00s
[2025-05-07T21:45:09.118+0530][gc,marking  ] GC(2) Concurrent Cleanup for Next Mark
[2025-05-07T21:45:09.123+0530][gc,marking  ] GC(2) Concurrent Cleanup for Next Mark 4.246ms
[2025-05-07T21:45:09.123+0530][gc          ] GC(2) Concurrent Mark Cycle 21.081ms
[2025-05-07T21:45:09.971+0530][gc,start    ] GC(3) Pause Young (Normal) (G1 Evacuation Pause)
[2025-05-07T21:45:09.971+0530][gc,task     ] GC(3) Using 8 workers of 8 for evacuation
[2025-05-07T21:45:09.978+0530][gc,phases   ] GC(3)   Pre Evacuate Collection Set: 0.3ms
[2025-05-07T21:45:09.978+0530][gc,phases   ] GC(3)   Merge Heap Roots: 0.1ms
[2025-05-07T21:45:09.978+0530][gc,phases   ] GC(3)   Evacuate Collection Set: 5.1ms
[2025-05-07T21:45:09.978+0530][gc,phases   ] GC(3)   Post Evacuate Collection Set: 0.6ms
[2025-05-07T21:45:09.978+0530][gc,phases   ] GC(3)   Other: 0.2ms
[2025-05-07T21:45:09.978+0530][gc,heap     ] GC(3) Eden regions: 49->0(45)
[2025-05-07T21:45:09.978+0530][gc,heap     ] GC(3) Survivor regions: 2->6(7)
[2025-05-07T21:45:09.978+0530][gc,heap     ] GC(3) Old regions: 8->8
[2025-05-07T21:45:09.978+0530][gc,heap     ] GC(3) Archive regions: 2->2
[2025-05-07T21:45:09.978+0530][gc,heap     ] GC(3) Humongous regions: 129->129
[2025-05-07T21:45:09.978+0530][gc,metaspace] GC(3) Metaspace: 32361K(32576K)->32361K(32576K) NonClass: 28732K(28864K)->28732K(28864K) Class: 3629K(3712K)->3629K(3712K)
[2025-05-07T21:45:09.978+0530][gc          ] GC(3) Pause Young (Normal) (G1 Evacuation Pause) 188M->143M(1024M) 6.405ms
[2025-05-07T21:45:09.978+0530][gc,cpu      ] GC(3) User=0.03s Sys=0.00s Real=0.00s
[2025-05-07T21:46:30.431+0530][gc,start    ] GC(4) Pause Young (Concurrent Start) (Metadata GC Threshold)
[2025-05-07T21:46:30.432+0530][gc,task     ] GC(4) Using 8 workers of 8 for evacuation
[2025-05-07T21:46:30.453+0530][gc,mmu      ] GC(4) MMU target violated: 21.0ms (20.0ms/21.0ms)
[2025-05-07T21:46:30.454+0530][gc,phases   ] GC(4)   Pre Evacuate Collection Set: 0.5ms
[2025-05-07T21:46:30.454+0530][gc,phases   ] GC(4)   Merge Heap Roots: 0.1ms
[2025-05-07T21:46:30.454+0530][gc,phases   ] GC(4)   Evacuate Collection Set: 19.7ms
[2025-05-07T21:46:30.454+0530][gc,phases   ] GC(4)   Post Evacuate Collection Set: 0.9ms
[2025-05-07T21:46:30.454+0530][gc,phases   ] GC(4)   Other: 1.4ms
[2025-05-07T21:46:30.454+0530][gc,heap     ] GC(4) Eden regions: 16->0(49)
[2025-05-07T21:46:30.454+0530][gc,heap     ] GC(4) Survivor regions: 6->2(7)
[2025-05-07T21:46:30.454+0530][gc,heap     ] GC(4) Old regions: 8->14
[2025-05-07T21:46:30.454+0530][gc,heap     ] GC(4) Archive regions: 2->2
[2025-05-07T21:46:30.454+0530][gc,heap     ] GC(4) Humongous regions: 129->129
[2025-05-07T21:46:30.454+0530][gc,metaspace] GC(4) Metaspace: 35716K(35968K)->35716K(35968K) NonClass: 31606K(31744K)->31606K(31744K) Class: 4109K(4224K)->4109K(4224K)
[2025-05-07T21:46:30.454+0530][gc          ] GC(4) Pause Young (Concurrent Start) (Metadata GC Threshold) 159M->144M(1024M) 22.697ms
[2025-05-07T21:46:30.454+0530][gc,cpu      ] GC(4) User=0.03s Sys=0.03s Real=0.02s
[2025-05-07T21:46:30.454+0530][gc          ] GC(5) Concurrent Mark Cycle
[2025-05-07T21:46:30.454+0530][gc,marking  ] GC(5) Concurrent Clear Claimed Marks
[2025-05-07T21:46:30.454+0530][gc,marking  ] GC(5) Concurrent Clear Claimed Marks 0.035ms
[2025-05-07T21:46:30.454+0530][gc,marking  ] GC(5) Concurrent Scan Root Regions
[2025-05-07T21:46:30.459+0530][gc,marking  ] GC(5) Concurrent Scan Root Regions 5.123ms
[2025-05-07T21:46:30.459+0530][gc,marking  ] GC(5) Concurrent Mark
[2025-05-07T21:46:30.459+0530][gc,marking  ] GC(5) Concurrent Mark From Roots
[2025-05-07T21:46:30.459+0530][gc,task     ] GC(5) Using 2 workers of 2 for marking
[2025-05-07T21:46:30.468+0530][gc,marking  ] GC(5) Concurrent Mark From Roots 8.253ms
[2025-05-07T21:46:30.468+0530][gc,marking  ] GC(5) Concurrent Preclean
[2025-05-07T21:46:30.468+0530][gc,marking  ] GC(5) Concurrent Preclean 0.090ms
[2025-05-07T21:46:30.468+0530][gc,start    ] GC(5) Pause Remark
[2025-05-07T21:46:30.471+0530][gc          ] GC(5) Pause Remark 146M->146M(1024M) 2.674ms
[2025-05-07T21:46:30.471+0530][gc,cpu      ] GC(5) User=0.00s Sys=0.01s Real=0.01s
[2025-05-07T21:46:30.472+0530][gc,marking  ] GC(5) Concurrent Mark 12.860ms
[2025-05-07T21:46:30.472+0530][gc,marking  ] GC(5) Concurrent Rebuild Remembered Sets
[2025-05-07T21:46:30.480+0530][gc,marking  ] GC(5) Concurrent Rebuild Remembered Sets 7.323ms
[2025-05-07T21:46:30.480+0530][gc,start    ] GC(5) Pause Cleanup
[2025-05-07T21:46:30.480+0530][gc          ] GC(5) Pause Cleanup 147M->147M(1024M) 0.151ms
[2025-05-07T21:46:30.480+0530][gc,cpu      ] GC(5) User=0.00s Sys=0.00s Real=0.00s
[2025-05-07T21:46:30.480+0530][gc,marking  ] GC(5) Concurrent Cleanup for Next Mark
[2025-05-07T21:46:30.484+0530][gc,marking  ] GC(5) Concurrent Cleanup for Next Mark 3.632ms
[2025-05-07T21:46:30.484+0530][gc          ] GC(5) Concurrent Mark Cycle 30.020ms
[2025-05-07T21:47:09.742+0530][gc,start    ] GC(6) Pause Young (Normal) (G1 Evacuation Pause)
[2025-05-07T21:47:09.744+0530][gc,task     ] GC(6) Using 8 workers of 8 for evacuation
[2025-05-07T21:47:09.806+0530][gc,mmu      ] GC(6) MMU target violated: 21.0ms (20.0ms/21.0ms)
[2025-05-07T21:47:09.806+0530][gc,phases   ] GC(6)   Pre Evacuate Collection Set: 1.5ms
[2025-05-07T21:47:09.806+0530][gc,phases   ] GC(6)   Merge Heap Roots: 0.7ms
[2025-05-07T21:47:09.806+0530][gc,phases   ] GC(6)   Evacuate Collection Set: 59.0ms
[2025-05-07T21:47:09.806+0530][gc,phases   ] GC(6)   Post Evacuate Collection Set: 1.3ms
[2025-05-07T21:47:09.806+0530][gc,phases   ] GC(6)   Other: 3.0ms
[2025-05-07T21:47:09.806+0530][gc,heap     ] GC(6) Eden regions: 49->0(46)
[2025-05-07T21:47:09.806+0530][gc,heap     ] GC(6) Survivor regions: 2->5(7)
[2025-05-07T21:47:09.806+0530][gc,heap     ] GC(6) Old regions: 14->14
[2025-05-07T21:47:09.806+0530][gc,heap     ] GC(6) Archive regions: 2->2
[2025-05-07T21:47:09.806+0530][gc,heap     ] GC(6) Humongous regions: 129->129
[2025-05-07T21:47:09.807+0530][gc,metaspace] GC(6) Metaspace: 41694K(42304K)->41694K(42304K) NonClass: 36568K(36928K)->36568K(36928K) Class: 5125K(5376K)->5125K(5376K)
[2025-05-07T21:47:09.807+0530][gc          ] GC(6) Pause Young (Normal) (G1 Evacuation Pause) 193M->147M(1024M) 65.644ms
[2025-05-07T21:47:09.807+0530][gc,cpu      ] GC(6) User=0.04s Sys=0.10s Real=0.06s
[2025-05-07T21:51:46.948+0530][gc,start    ] GC(7) Pause Young (Normal) (G1 Evacuation Pause)
[2025-05-07T21:51:46.948+0530][gc,task     ] GC(7) Using 8 workers of 8 for evacuation
[2025-05-07T21:51:46.975+0530][gc,mmu      ] GC(7) MMU target violated: 21.0ms (20.0ms/21.0ms)
[2025-05-07T21:51:46.975+0530][gc,phases   ] GC(7)   Pre Evacuate Collection Set: 1.3ms
[2025-05-07T21:51:46.975+0530][gc,phases   ] GC(7)   Merge Heap Roots: 0.4ms
[2025-05-07T21:51:46.975+0530][gc,phases   ] GC(7)   Evacuate Collection Set: 21.8ms
[2025-05-07T21:51:46.975+0530][gc,phases   ] GC(7)   Post Evacuate Collection Set: 2.6ms
[2025-05-07T21:51:46.975+0530][gc,phases   ] GC(7)   Other: 1.7ms
[2025-05-07T21:51:46.975+0530][gc,heap     ] GC(7) Eden regions: 46->0(44)
[2025-05-07T21:51:46.975+0530][gc,heap     ] GC(7) Survivor regions: 5->7(7)
[2025-05-07T21:51:46.975+0530][gc,heap     ] GC(7) Old regions: 14->15
[2025-05-07T21:51:46.975+0530][gc,heap     ] GC(7) Archive regions: 2->2
[2025-05-07T21:51:46.975+0530][gc,heap     ] GC(7) Humongous regions: 129->129
[2025-05-07T21:51:46.975+0530][gc,metaspace] GC(7) Metaspace: 42636K(43328K)->42636K(43328K) NonClass: 37376K(37760K)->37376K(37760K) Class: 5260K(5568K)->5260K(5568K)
[2025-05-07T21:51:46.975+0530][gc          ] GC(7) Pause Young (Normal) (G1 Evacuation Pause) 193M->150M(1024M) 27.819ms
[2025-05-07T21:51:46.975+0530][gc,cpu      ] GC(7) User=0.04s Sys=0.03s Real=0.03s
[2025-05-07T21:57:03.909+0530][gc,start    ] GC(8) Pause Young (Normal) (G1 Evacuation Pause)
[2025-05-07T21:57:03.910+0530][gc,task     ] GC(8) Using 8 workers of 8 for evacuation
[2025-05-07T21:57:03.935+0530][gc,mmu      ] GC(8) MMU target violated: 21.0ms (20.0ms/21.0ms)
[2025-05-07T21:57:03.935+0530][gc,phases   ] GC(8)   Pre Evacuate Collection Set: 1.1ms
[2025-05-07T21:57:03.935+0530][gc,phases   ] GC(8)   Merge Heap Roots: 0.8ms
[2025-05-07T21:57:03.935+0530][gc,phases   ] GC(8)   Evacuate Collection Set: 22.0ms
[2025-05-07T21:57:03.935+0530][gc,phases   ] GC(8)   Post Evacuate Collection Set: 0.7ms
[2025-05-07T21:57:03.935+0530][gc,phases   ] GC(8)   Other: 2.9ms
[2025-05-07T21:57:03.935+0530][gc,heap     ] GC(8) Eden regions: 44->0(47)
[2025-05-07T21:57:03.935+0530][gc,heap     ] GC(8) Survivor regions: 7->4(7)
[2025-05-07T21:57:03.935+0530][gc,heap     ] GC(8) Old regions: 15->18
[2025-05-07T21:57:03.935+0530][gc,heap     ] GC(8) Archive regions: 2->2
[2025-05-07T21:57:03.935+0530][gc,heap     ] GC(8) Humongous regions: 129->129
[2025-05-07T21:57:03.935+0530][gc,metaspace] GC(8) Metaspace: 42749K(43392K)->42749K(43392K) NonClass: 37471K(37824K)->37471K(37824K) Class: 5277K(5568K)->5277K(5568K)
[2025-05-07T21:57:03.935+0530][gc          ] GC(8) Pause Young (Normal) (G1 Evacuation Pause) 194M->150M(1024M) 27.606ms
[2025-05-07T21:57:03.935+0530][gc,cpu      ] GC(8) User=0.03s Sys=0.03s Real=0.03s
[2025-05-07T22:03:13.587+0530][gc,start    ] GC(9) Pause Young (Normal) (G1 Evacuation Pause)
[2025-05-07T22:03:13.589+0530][gc,task     ] GC(9) Using 8 workers of 8 for evacuation
[2025-05-07T22:03:13.684+0530][gc,mmu      ] GC(9) MMU target violated: 21.0ms (20.0ms/21.0ms)
[2025-05-07T22:03:13.684+0530][gc,phases   ] GC(9)   Pre Evacuate Collection Set: 7.3ms
[2025-05-07T22:03:13.684+0530][gc,phases   ] GC(9)   Merge Heap Roots: 0.9ms
[2025-05-07T22:03:13.684+0530][gc,phases   ] GC(9)   Evacuate Collection Set: 82.3ms
[2025-05-07T22:03:13.684+0530][gc,phases   ] GC(9)   Post Evacuate Collection Set: 2.6ms
[2025-05-07T22:03:13.684+0530][gc,phases   ] GC(9)   Other: 6.7ms
[2025-05-07T22:03:13.685+0530][gc,heap     ] GC(9) Eden regions: 47->0(46)
[2025-05-07T22:03:13.685+0530][gc,heap     ] GC(9) Survivor regions: 4->5(7)
[2025-05-07T22:03:13.685+0530][gc,heap     ] GC(9) Old regions: 18->18
[2025-05-07T22:03:13.685+0530][gc,heap     ] GC(9) Archive regions: 2->2
[2025-05-07T22:03:13.685+0530][gc,heap     ] GC(9) Humongous regions: 129->129
[2025-05-07T22:03:13.685+0530][gc,metaspace] GC(9) Metaspace: 42770K(43392K)->42770K(43392K) NonClass: 37491K(37824K)->37491K(37824K) Class: 5279K(5568K)->5279K(5568K)
[2025-05-07T22:03:13.686+0530][gc          ] GC(9) Pause Young (Normal) (G1 Evacuation Pause) 197M->151M(1024M) 99.488ms
[2025-05-07T22:03:13.686+0530][gc,cpu      ] GC(9) User=0.02s Sys=0.04s Real=0.10s
[2025-05-07T22:09:21.746+0530][gc,start    ] GC(10) Pause Young (Normal) (G1 Evacuation Pause)
[2025-05-07T22:09:21.746+0530][gc,task     ] GC(10) Using 8 workers of 8 for evacuation
[2025-05-07T22:09:21.770+0530][gc,mmu      ] GC(10) MMU target violated: 21.0ms (20.0ms/21.0ms)
[2025-05-07T22:09:21.770+0530][gc,phases   ] GC(10)   Pre Evacuate Collection Set: 1.7ms
[2025-05-07T22:09:21.770+0530][gc,phases   ] GC(10)   Merge Heap Roots: 0.5ms
[2025-05-07T22:09:21.770+0530][gc,phases   ] GC(10)   Evacuate Collection Set: 12.2ms
[2025-05-07T22:09:21.770+0530][gc,phases   ] GC(10)   Post Evacuate Collection Set: 8.4ms
[2025-05-07T22:09:21.770+0530][gc,phases   ] GC(10)   Other: 3.3ms
[2025-05-07T22:09:21.771+0530][gc,heap     ] GC(10) Eden regions: 46->0(47)
[2025-05-07T22:09:21.771+0530][gc,heap     ] GC(10) Survivor regions: 5->4(7)
[2025-05-07T22:09:21.771+0530][gc,heap     ] GC(10) Old regions: 18->18
[2025-05-07T22:09:21.771+0530][gc,heap     ] GC(10) Archive regions: 2->2
[2025-05-07T22:09:21.771+0530][gc,heap     ] GC(10) Humongous regions: 129->129
[2025-05-07T22:09:21.771+0530][gc,metaspace] GC(10) Metaspace: 42805K(43520K)->42805K(43520K) NonClass: 37526K(37952K)->37526K(37952K) Class: 5279K(5568K)->5279K(5568K)
[2025-05-07T22:09:21.771+0530][gc          ] GC(10) Pause Young (Normal) (G1 Evacuation Pause) 197M->150M(1024M) 25.622ms
[2025-05-07T22:09:21.771+0530][gc,cpu      ] GC(10) User=0.02s Sys=0.02s Real=0.03s
[2025-05-07T22:15:38.845+0530][gc,start    ] GC(11) Pause Young (Normal) (G1 Evacuation Pause)
[2025-05-07T22:15:38.845+0530][gc,task     ] GC(11) Using 8 workers of 8 for evacuation
[2025-05-07T22:15:38.861+0530][gc,phases   ] GC(11)   Pre Evacuate Collection Set: 0.7ms
[2025-05-07T22:15:38.861+0530][gc,phases   ] GC(11)   Merge Heap Roots: 0.2ms
[2025-05-07T22:15:38.862+0530][gc,phases   ] GC(11)   Evacuate Collection Set: 14.1ms
[2025-05-07T22:15:38.862+0530][gc,phases   ] GC(11)   Post Evacuate Collection Set: 0.6ms
[2025-05-07T22:15:38.862+0530][gc,phases   ] GC(11)   Other: 2.3ms
[2025-05-07T22:15:38.862+0530][gc,heap     ] GC(11) Eden regions: 47->0(46)
[2025-05-07T22:15:38.862+0530][gc,heap     ] GC(11) Survivor regions: 4->5(7)
[2025-05-07T22:15:38.862+0530][gc,heap     ] GC(11) Old regions: 18->18
[2025-05-07T22:15:38.862+0530][gc,heap     ] GC(11) Archive regions: 2->2
[2025-05-07T22:15:38.862+0530][gc,heap     ] GC(11) Humongous regions: 129->129
[2025-05-07T22:15:38.862+0530][gc,metaspace] GC(11) Metaspace: 42851K(43520K)->42851K(43520K) NonClass: 37572K(37952K)->37572K(37952K) Class: 5279K(5568K)->5279K(5568K)
[2025-05-07T22:15:38.862+0530][gc          ] GC(11) Pause Young (Normal) (G1 Evacuation Pause) 197M->151M(1024M) 18.084ms
[2025-05-07T22:15:38.862+0530][gc,cpu      ] GC(11) User=0.02s Sys=0.01s Real=0.02s
[2025-05-07T22:21:47.070+0530][gc,start    ] GC(12) Pause Young (Normal) (G1 Evacuation Pause)
[2025-05-07T22:21:47.072+0530][gc,task     ] GC(12) Using 8 workers of 8 for evacuation
[2025-05-07T22:21:47.163+0530][gc,mmu      ] GC(12) MMU target violated: 21.0ms (20.0ms/21.0ms)
[2025-05-07T22:21:47.163+0530][gc,phases   ] GC(12)   Pre Evacuate Collection Set: 7.3ms
[2025-05-07T22:21:47.163+0530][gc,phases   ] GC(12)   Merge Heap Roots: 4.0ms
[2025-05-07T22:21:47.163+0530][gc,phases   ] GC(12)   Evacuate Collection Set: 74.6ms
[2025-05-07T22:21:47.163+0530][gc,phases   ] GC(12)   Post Evacuate Collection Set: 3.1ms
[2025-05-07T22:21:47.164+0530][gc,phases   ] GC(12)   Other: 6.9ms
[2025-05-07T22:21:47.164+0530][gc,heap     ] GC(12) Eden regions: 46->0(46)
[2025-05-07T22:21:47.164+0530][gc,heap     ] GC(12) Survivor regions: 5->5(7)
[2025-05-07T22:21:47.164+0530][gc,heap     ] GC(12) Old regions: 18->19
[2025-05-07T22:21:47.164+0530][gc,heap     ] GC(12) Archive regions: 2->2
[2025-05-07T22:21:47.164+0530][gc,heap     ] GC(12) Humongous regions: 129->129
[2025-05-07T22:21:47.164+0530][gc,metaspace] GC(12) Metaspace: 42879K(43584K)->42879K(43584K) NonClass: 37600K(38016K)->37600K(38016K) Class: 5279K(5568K)->5279K(5568K)
[2025-05-07T22:21:47.165+0530][gc          ] GC(12) Pause Young (Normal) (G1 Evacuation Pause) 197M->152M(1024M) 95.432ms
[2025-05-07T22:21:47.165+0530][gc,cpu      ] GC(12) User=0.03s Sys=0.10s Real=0.10s
[2025-05-07T22:27:56.770+0530][gc,start    ] GC(13) Pause Young (Normal) (G1 Evacuation Pause)
[2025-05-07T22:27:56.771+0530][gc,task     ] GC(13) Using 8 workers of 8 for evacuation
[2025-05-07T22:27:56.793+0530][gc,mmu      ] GC(13) MMU target violated: 20.8ms (20.0ms/21.0ms)
[2025-05-07T22:27:56.793+0530][gc,phases   ] GC(13)   Pre Evacuate Collection Set: 1.1ms
[2025-05-07T22:27:56.793+0530][gc,phases   ] GC(13)   Merge Heap Roots: 0.7ms
[2025-05-07T22:27:56.793+0530][gc,phases   ] GC(13)   Evacuate Collection Set: 18.0ms
[2025-05-07T22:27:56.793+0530][gc,phases   ] GC(13)   Post Evacuate Collection Set: 1.3ms
[2025-05-07T22:27:56.794+0530][gc,phases   ] GC(13)   Other: 3.5ms
[2025-05-07T22:27:56.794+0530][gc,heap     ] GC(13) Eden regions: 46->0(46)
[2025-05-07T22:27:56.794+0530][gc,heap     ] GC(13) Survivor regions: 5->5(7)
[2025-05-07T22:27:56.794+0530][gc,heap     ] GC(13) Old regions: 19->20
[2025-05-07T22:27:56.794+0530][gc,heap     ] GC(13) Archive regions: 2->2
[2025-05-07T22:27:56.794+0530][gc,heap     ] GC(13) Humongous regions: 129->129
[2025-05-07T22:27:56.794+0530][gc,metaspace] GC(13) Metaspace: 42924K(43584K)->42924K(43584K) NonClass: 37645K(38016K)->37645K(38016K) Class: 5279K(5568K)->5279K(5568K)
[2025-05-07T22:27:56.794+0530][gc          ] GC(13) Pause Young (Normal) (G1 Evacuation Pause) 198M->153M(1024M) 24.165ms
[2025-05-07T22:27:56.794+0530][gc,cpu      ] GC(13) User=0.02s Sys=0.03s Real=0.02s
[2025-05-07T22:34:06.570+0530][gc,start    ] GC(14) Pause Young (Normal) (G1 Evacuation Pause)
[2025-05-07T22:34:06.571+0530][gc,task     ] GC(14) Using 8 workers of 8 for evacuation
[2025-05-07T22:34:06.589+0530][gc,phases   ] GC(14)   Pre Evacuate Collection Set: 0.7ms
[2025-05-07T22:34:06.589+0530][gc,phases   ] GC(14)   Merge Heap Roots: 0.4ms
[2025-05-07T22:34:06.589+0530][gc,phases   ] GC(14)   Evacuate Collection Set: 16.1ms
[2025-05-07T22:34:06.589+0530][gc,phases   ] GC(14)   Post Evacuate Collection Set: 0.9ms
[2025-05-07T22:34:06.589+0530][gc,phases   ] GC(14)   Other: 2.6ms
[2025-05-07T22:34:06.589+0530][gc,heap     ] GC(14) Eden regions: 46->0(46)
[2025-05-07T22:34:06.589+0530][gc,heap     ] GC(14) Survivor regions: 5->5(7)
[2025-05-07T22:34:06.589+0530][gc,heap     ] GC(14) Old regions: 20->21
[2025-05-07T22:34:06.589+0530][gc,heap     ] GC(14) Archive regions: 2->2
[2025-05-07T22:34:06.589+0530][gc,heap     ] GC(14) Humongous regions: 129->129
[2025-05-07T22:34:06.589+0530][gc,metaspace] GC(14) Metaspace: 42957K(43584K)->42957K(43584K) NonClass: 37678K(38016K)->37678K(38016K) Class: 5279K(5568K)->5279K(5568K)
[2025-05-07T22:34:06.590+0530][gc          ] GC(14) Pause Young (Normal) (G1 Evacuation Pause) 199M->154M(1024M) 20.807ms
[2025-05-07T22:34:06.590+0530][gc,cpu      ] GC(14) User=0.03s Sys=0.02s Real=0.03s
[2025-05-07T22:40:11.168+0530][gc,start    ] GC(15) Pause Young (Normal) (G1 Evacuation Pause)
[2025-05-07T22:40:11.169+0530][gc,task     ] GC(15) Using 8 workers of 8 for evacuation
[2025-05-07T22:40:11.185+0530][gc,phases   ] GC(15)   Pre Evacuate Collection Set: 1.5ms
[2025-05-07T22:40:11.185+0530][gc,phases   ] GC(15)   Merge Heap Roots: 0.2ms
[2025-05-07T22:40:11.185+0530][gc,phases   ] GC(15)   Evacuate Collection Set: 12.7ms
[2025-05-07T22:40:11.185+0530][gc,phases   ] GC(15)   Post Evacuate Collection Set: 0.8ms
[2025-05-07T22:40:11.185+0530][gc,phases   ] GC(15)   Other: 3.1ms
[2025-05-07T22:40:11.185+0530][gc,heap     ] GC(15) Eden regions: 46->0(48)
[2025-05-07T22:40:11.185+0530][gc,heap     ] GC(15) Survivor regions: 5->3(7)
[2025-05-07T22:40:11.185+0530][gc,heap     ] GC(15) Old regions: 21->22
[2025-05-07T22:40:11.185+0530][gc,heap     ] GC(15) Archive regions: 2->2
[2025-05-07T22:40:11.185+0530][gc,heap     ] GC(15) Humongous regions: 129->129
[2025-05-07T22:40:11.185+0530][gc,metaspace] GC(15) Metaspace: 42980K(43648K)->42980K(43648K) NonClass: 37700K(38080K)->37700K(38080K) Class: 5279K(5568K)->5279K(5568K)
[2025-05-07T22:40:11.185+0530][gc          ] GC(15) Pause Young (Normal) (G1 Evacuation Pause) 200M->154M(1024M) 17.457ms
[2025-05-07T22:40:11.185+0530][gc,cpu      ] GC(15) User=0.02s Sys=0.02s Real=0.02s
[2025-05-07T22:46:10.304+0530][gc,start    ] GC(16) Pause Young (Normal) (G1 Evacuation Pause)
[2025-05-07T22:46:10.305+0530][gc,task     ] GC(16) Using 8 workers of 8 for evacuation
[2025-05-07T22:46:10.325+0530][gc,phases   ] GC(16)   Pre Evacuate Collection Set: 3.2ms
[2025-05-07T22:46:10.325+0530][gc,phases   ] GC(16)   Merge Heap Roots: 0.5ms
[2025-05-07T22:46:10.325+0530][gc,phases   ] GC(16)   Evacuate Collection Set: 15.5ms
[2025-05-07T22:46:10.325+0530][gc,phases   ] GC(16)   Post Evacuate Collection Set: 0.7ms
[2025-05-07T22:46:10.325+0530][gc,phases   ] GC(16)   Other: 4.8ms
[2025-05-07T22:46:10.325+0530][gc,heap     ] GC(16) Eden regions: 48->0(46)
[2025-05-07T22:46:10.325+0530][gc,heap     ] GC(16) Survivor regions: 3->5(7)
[2025-05-07T22:46:10.325+0530][gc,heap     ] GC(16) Old regions: 22->22
[2025-05-07T22:46:10.325+0530][gc,heap     ] GC(16) Archive regions: 2->2
[2025-05-07T22:46:10.325+0530][gc,heap     ] GC(16) Humongous regions: 129->129
[2025-05-07T22:46:10.325+0530][gc,metaspace] GC(16) Metaspace: 43021K(43648K)->43021K(43648K) NonClass: 37738K(38080K)->37738K(38080K) Class: 5283K(5568K)->5283K(5568K)
[2025-05-07T22:46:10.325+0530][gc          ] GC(16) Pause Young (Normal) (G1 Evacuation Pause) 202M->155M(1024M) 22.394ms
[2025-05-07T22:46:10.325+0530][gc,cpu      ] GC(16) User=0.02s Sys=0.03s Real=0.02s
[2025-05-07T22:52:19.263+0530][gc,start    ] GC(17) Pause Young (Normal) (G1 Evacuation Pause)
[2025-05-07T22:52:19.263+0530][gc,task     ] GC(17) Using 8 workers of 8 for evacuation
[2025-05-07T22:52:19.284+0530][gc,phases   ] GC(17)   Pre Evacuate Collection Set: 2.2ms
[2025-05-07T22:52:19.284+0530][gc,phases   ] GC(17)   Merge Heap Roots: 0.7ms
[2025-05-07T22:52:19.284+0530][gc,phases   ] GC(17)   Evacuate Collection Set: 16.7ms
[2025-05-07T22:52:19.284+0530][gc,phases   ] GC(17)   Post Evacuate Collection Set: 0.8ms
[2025-05-07T22:52:19.284+0530][gc,phases   ] GC(17)   Other: 3.0ms
[2025-05-07T22:52:19.284+0530][gc,heap     ] GC(17) Eden regions: 46->0(47)
[2025-05-07T22:52:19.284+0530][gc,heap     ] GC(17) Survivor regions: 5->4(7)
[2025-05-07T22:52:19.284+0530][gc,heap     ] GC(17) Old regions: 22->22
[2025-05-07T22:52:19.284+0530][gc,heap     ] GC(17) Archive regions: 2->2
[2025-05-07T22:52:19.284+0530][gc,heap     ] GC(17) Humongous regions: 129->129
[2025-05-07T22:52:19.284+0530][gc,metaspace] GC(17) Metaspace: 43043K(43712K)->43043K(43712K) NonClass: 37759K(38144K)->37759K(38144K) Class: 5283K(5568K)->5283K(5568K)
[2025-05-07T22:52:19.285+0530][gc          ] GC(17) Pause Young (Normal) (G1 Evacuation Pause) 201M->155M(1024M) 22.653ms
[2025-05-07T22:52:19.285+0530][gc,cpu      ] GC(17) User=0.02s Sys=0.02s Real=0.02s
[2025-05-07T22:58:36.118+0530][gc,start    ] GC(18) Pause Young (Normal) (G1 Evacuation Pause)
[2025-05-07T22:58:36.120+0530][gc,task     ] GC(18) Using 8 workers of 8 for evacuation
[2025-05-07T22:58:36.149+0530][gc,mmu      ] GC(18) MMU target violated: 21.0ms (20.0ms/21.0ms)
[2025-05-07T22:58:36.149+0530][gc,phases   ] GC(18)   Pre Evacuate Collection Set: 2.5ms
[2025-05-07T22:58:36.149+0530][gc,phases   ] GC(18)   Merge Heap Roots: 1.1ms
[2025-05-07T22:58:36.149+0530][gc,phases   ] GC(18)   Evacuate Collection Set: 23.0ms
[2025-05-07T22:58:36.149+0530][gc,phases   ] GC(18)   Post Evacuate Collection Set: 1.5ms
[2025-05-07T22:58:36.149+0530][gc,phases   ] GC(18)   Other: 5.3ms
[2025-05-07T22:58:36.149+0530][gc,heap     ] GC(18) Eden regions: 47->0(47)
[2025-05-07T22:58:36.149+0530][gc,heap     ] GC(18) Survivor regions: 4->4(7)
[2025-05-07T22:58:36.149+0530][gc,heap     ] GC(18) Old regions: 22->23
[2025-05-07T22:58:36.149+0530][gc,heap     ] GC(18) Archive regions: 2->2
[2025-05-07T22:58:36.149+0530][gc,heap     ] GC(18) Humongous regions: 129->129
[2025-05-07T22:58:36.149+0530][gc,metaspace] GC(18) Metaspace: 43059K(43776K)->43059K(43776K) NonClass: 37775K(38208K)->37775K(38208K) Class: 5283K(5568K)->5283K(5568K)
[2025-05-07T22:58:36.150+0530][gc          ] GC(18) Pause Young (Normal) (G1 Evacuation Pause) 202M->156M(1024M) 32.307ms
[2025-05-07T22:58:36.150+0530][gc,cpu      ] GC(18) User=0.02s Sys=0.04s Real=0.04s
[2025-05-07T23:04:54.862+0530][gc,start    ] GC(19) Pause Young (Normal) (G1 Evacuation Pause)
[2025-05-07T23:04:54.863+0530][gc,task     ] GC(19) Using 8 workers of 8 for evacuation
[2025-05-07T23:04:54.896+0530][gc,mmu      ] GC(19) MMU target violated: 21.0ms (20.0ms/21.0ms)
[2025-05-07T23:04:54.897+0530][gc,phases   ] GC(19)   Pre Evacuate Collection Set: 2.4ms
[2025-05-07T23:04:54.897+0530][gc,phases   ] GC(19)   Merge Heap Roots: 0.8ms
[2025-05-07T23:04:54.897+0530][gc,phases   ] GC(19)   Evacuate Collection Set: 27.6ms
[2025-05-07T23:04:54.897+0530][gc,phases   ] GC(19)   Post Evacuate Collection Set: 1.3ms
[2025-05-07T23:04:54.897+0530][gc,phases   ] GC(19)   Other: 4.2ms
[2025-05-07T23:04:54.897+0530][gc,heap     ] GC(19) Eden regions: 47->0(46)
[2025-05-07T23:04:54.897+0530][gc,heap     ] GC(19) Survivor regions: 4->5(7)
[2025-05-07T23:04:54.897+0530][gc,heap     ] GC(19) Old regions: 23->23
[2025-05-07T23:04:54.897+0530][gc,heap     ] GC(19) Archive regions: 2->2
[2025-05-07T23:04:54.897+0530][gc,heap     ] GC(19) Humongous regions: 129->129
[2025-05-07T23:04:54.897+0530][gc,metaspace] GC(19) Metaspace: 43090K(43776K)->43090K(43776K) NonClass: 37806K(38208K)->37806K(38208K) Class: 5283K(5568K)->5283K(5568K)
[2025-05-07T23:04:54.897+0530][gc          ] GC(19) Pause Young (Normal) (G1 Evacuation Pause) 203M->156M(1024M) 35.414ms
[2025-05-07T23:04:54.897+0530][gc,cpu      ] GC(19) User=0.02s Sys=0.04s Real=0.03s
[2025-05-07T23:10:59.519+0530][gc,start    ] GC(20) Pause Young (Normal) (G1 Evacuation Pause)
[2025-05-07T23:10:59.520+0530][gc,task     ] GC(20) Using 8 workers of 8 for evacuation
[2025-05-07T23:10:59.536+0530][gc,phases   ] GC(20)   Pre Evacuate Collection Set: 2.6ms
[2025-05-07T23:10:59.537+0530][gc,phases   ] GC(20)   Merge Heap Roots: 0.7ms
[2025-05-07T23:10:59.537+0530][gc,phases   ] GC(20)   Evacuate Collection Set: 10.8ms
[2025-05-07T23:10:59.537+0530][gc,phases   ] GC(20)   Post Evacuate Collection Set: 1.6ms
[2025-05-07T23:10:59.537+0530][gc,phases   ] GC(20)   Other: 4.5ms
[2025-05-07T23:10:59.537+0530][gc,heap     ] GC(20) Eden regions: 46->0(48)
[2025-05-07T23:10:59.537+0530][gc,heap     ] GC(20) Survivor regions: 5->3(7)
[2025-05-07T23:10:59.537+0530][gc,heap     ] GC(20) Old regions: 23->24
[2025-05-07T23:10:59.537+0530][gc,heap     ] GC(20) Archive regions: 2->2
[2025-05-07T23:10:59.537+0530][gc,heap     ] GC(20) Humongous regions: 129->129
[2025-05-07T23:10:59.537+0530][gc,metaspace] GC(20) Metaspace: 43101K(43776K)->43101K(43776K) NonClass: 37817K(38208K)->37817K(38208K) Class: 5283K(5568K)->5283K(5568K)
[2025-05-07T23:10:59.537+0530][gc          ] GC(20) Pause Young (Normal) (G1 Evacuation Pause) 202M->155M(1024M) 19.288ms
[2025-05-07T23:10:59.537+0530][gc,cpu      ] GC(20) User=0.01s Sys=0.02s Real=0.02s
[2025-05-07T23:17:25.453+0530][gc,start    ] GC(21) Pause Young (Normal) (G1 Evacuation Pause)
[2025-05-07T23:17:25.455+0530][gc,task     ] GC(21) Using 8 workers of 8 for evacuation
[2025-05-07T23:17:25.501+0530][gc,mmu      ] GC(21) MMU target violated: 21.0ms (20.0ms/21.0ms)
[2025-05-07T23:17:25.501+0530][gc,phases   ] GC(21)   Pre Evacuate Collection Set: 14.4ms
[2025-05-07T23:17:25.501+0530][gc,phases   ] GC(21)   Merge Heap Roots: 1.7ms
[2025-05-07T23:17:25.501+0530][gc,phases   ] GC(21)   Evacuate Collection Set: 24.2ms
[2025-05-07T23:17:25.501+0530][gc,phases   ] GC(21)   Post Evacuate Collection Set: 3.4ms
[2025-05-07T23:17:25.501+0530][gc,phases   ] GC(21)   Other: 6.0ms
[2025-05-07T23:17:25.501+0530][gc,heap     ] GC(21) Eden regions: 48->0(48)
[2025-05-07T23:17:25.501+0530][gc,heap     ] GC(21) Survivor regions: 3->3(7)
[2025-05-07T23:17:25.501+0530][gc,heap     ] GC(21) Old regions: 24->24
[2025-05-07T23:17:25.501+0530][gc,heap     ] GC(21) Archive regions: 2->2
[2025-05-07T23:17:25.501+0530][gc,heap     ] GC(21) Humongous regions: 129->129
[2025-05-07T23:17:25.501+0530][gc,metaspace] GC(21) Metaspace: 43106K(43776K)->43106K(43776K) NonClass: 37823K(38208K)->37823K(38208K) Class: 5283K(5568K)->5283K(5568K)
[2025-05-07T23:17:25.502+0530][gc          ] GC(21) Pause Young (Normal) (G1 Evacuation Pause) 203M->155M(1024M) 49.642ms
[2025-05-07T23:17:25.502+0530][gc,cpu      ] GC(21) User=0.02s Sys=0.06s Real=0.05s
[2025-05-07T23:23:50.649+0530][gc,start    ] GC(22) Pause Young (Normal) (G1 Evacuation Pause)
[2025-05-07T23:23:50.649+0530][gc,task     ] GC(22) Using 8 workers of 8 for evacuation
[2025-05-07T23:23:50.666+0530][gc,phases   ] GC(22)   Pre Evacuate Collection Set: 1.5ms
[2025-05-07T23:23:50.666+0530][gc,phases   ] GC(22)   Merge Heap Roots: 1.0ms
[2025-05-07T23:23:50.666+0530][gc,phases   ] GC(22)   Evacuate Collection Set: 11.2ms
[2025-05-07T23:23:50.666+0530][gc,phases   ] GC(22)   Post Evacuate Collection Set: 1.6ms
[2025-05-07T23:23:50.666+0530][gc,phases   ] GC(22)   Other: 4.1ms
[2025-05-07T23:23:50.666+0530][gc,heap     ] GC(22) Eden regions: 48->0(48)
[2025-05-07T23:23:50.666+0530][gc,heap     ] GC(22) Survivor regions: 3->3(7)
[2025-05-07T23:23:50.666+0530][gc,heap     ] GC(22) Old regions: 24->24
[2025-05-07T23:23:50.667+0530][gc,heap     ] GC(22) Archive regions: 2->2
[2025-05-07T23:23:50.667+0530][gc,heap     ] GC(22) Humongous regions: 129->129
[2025-05-07T23:23:50.667+0530][gc,metaspace] GC(22) Metaspace: 43120K(43776K)->43120K(43776K) NonClass: 37837K(38208K)->37837K(38208K) Class: 5283K(5568K)->5283K(5568K)
[2025-05-07T23:23:50.667+0530][gc          ] GC(22) Pause Young (Normal) (G1 Evacuation Pause) 203M->156M(1024M) 18.413ms
[2025-05-07T23:23:50.667+0530][gc,cpu      ] GC(22) User=0.02s Sys=0.03s Real=0.02s
[2025-05-07T23:30:17.782+0530][gc,start    ] GC(23) Pause Young (Normal) (G1 Evacuation Pause)
[2025-05-07T23:30:17.782+0530][gc,task     ] GC(23) Using 8 workers of 8 for evacuation
[2025-05-07T23:30:17.812+0530][gc,mmu      ] GC(23) MMU target violated: 21.0ms (20.0ms/21.0ms)
[2025-05-07T23:30:17.812+0530][gc,phases   ] GC(23)   Pre Evacuate Collection Set: 0.7ms
[2025-05-07T23:30:17.812+0530][gc,phases   ] GC(23)   Merge Heap Roots: 0.2ms
[2025-05-07T23:30:17.812+0530][gc,phases   ] GC(23)   Evacuate Collection Set: 28.4ms
[2025-05-07T23:30:17.812+0530][gc,phases   ] GC(23)   Post Evacuate Collection Set: 0.6ms
[2025-05-07T23:30:17.812+0530][gc,phases   ] GC(23)   Other: 1.6ms
[2025-05-07T23:30:17.812+0530][gc,heap     ] GC(23) Eden regions: 48->0(47)
[2025-05-07T23:30:17.812+0530][gc,heap     ] GC(23) Survivor regions: 3->4(7)
[2025-05-07T23:30:17.813+0530][gc,heap     ] GC(23) Old regions: 24->24
[2025-05-07T23:30:17.813+0530][gc,heap     ] GC(23) Archive regions: 2->2
[2025-05-07T23:30:17.813+0530][gc,heap     ] GC(23) Humongous regions: 129->129
[2025-05-07T23:30:17.813+0530][gc,metaspace] GC(23) Metaspace: 43127K(43776K)->43127K(43776K) NonClass: 37844K(38208K)->37844K(38208K) Class: 5283K(5568K)->5283K(5568K)
[2025-05-07T23:30:17.813+0530][gc          ] GC(23) Pause Young (Normal) (G1 Evacuation Pause) 204M->156M(1024M) 31.461ms
[2025-05-07T23:30:17.813+0530][gc,cpu      ] GC(23) User=0.01s Sys=0.02s Real=0.03s
[2025-05-07T23:36:35.591+0530][gc,start    ] GC(24) Pause Young (Normal) (G1 Evacuation Pause)
[2025-05-07T23:36:35.591+0530][gc,task     ] GC(24) Using 8 workers of 8 for evacuation
[2025-05-07T23:36:35.602+0530][gc,phases   ] GC(24)   Pre Evacuate Collection Set: 0.6ms
[2025-05-07T23:36:35.602+0530][gc,phases   ] GC(24)   Merge Heap Roots: 0.3ms
[2025-05-07T23:36:35.602+0530][gc,phases   ] GC(24)   Evacuate Collection Set: 8.1ms
[2025-05-07T23:36:35.602+0530][gc,phases   ] GC(24)   Post Evacuate Collection Set: 1.3ms
[2025-05-07T23:36:35.602+0530][gc,phases   ] GC(24)   Other: 1.4ms
[2025-05-07T23:36:35.602+0530][gc,heap     ] GC(24) Eden regions: 47->0(48)
[2025-05-07T23:36:35.602+0530][gc,heap     ] GC(24) Survivor regions: 4->3(7)
[2025-05-07T23:36:35.602+0530][gc,heap     ] GC(24) Old regions: 24->24
[2025-05-07T23:36:35.602+0530][gc,heap     ] GC(24) Archive regions: 2->2
[2025-05-07T23:36:35.602+0530][gc,heap     ] GC(24) Humongous regions: 129->129
[2025-05-07T23:36:35.602+0530][gc,metaspace] GC(24) Metaspace: 43136K(43776K)->43136K(43776K) NonClass: 37852K(38208K)->37852K(38208K) Class: 5283K(5568K)->5283K(5568K)
[2025-05-07T23:36:35.603+0530][gc          ] GC(24) Pause Young (Normal) (G1 Evacuation Pause) 203M->155M(1024M) 11.952ms
[2025-05-07T23:36:35.603+0530][gc,cpu      ] GC(24) User=0.01s Sys=0.02s Real=0.01s
[2025-05-07T23:43:00.390+0530][gc,start    ] GC(25) Pause Young (Normal) (G1 Evacuation Pause)
[2025-05-07T23:43:00.392+0530][gc,task     ] GC(25) Using 8 workers of 8 for evacuation
[2025-05-07T23:43:00.415+0530][gc,mmu      ] GC(25) MMU target violated: 21.0ms (20.0ms/21.0ms)
[2025-05-07T23:43:00.415+0530][gc,phases   ] GC(25)   Pre Evacuate Collection Set: 1.8ms
[2025-05-07T23:43:00.415+0530][gc,phases   ] GC(25)   Merge Heap Roots: 2.6ms
[2025-05-07T23:43:00.415+0530][gc,phases   ] GC(25)   Evacuate Collection Set: 16.8ms
[2025-05-07T23:43:00.415+0530][gc,phases   ] GC(25)   Post Evacuate Collection Set: 1.5ms
[2025-05-07T23:43:00.415+0530][gc,phases   ] GC(25)   Other: 4.0ms
[2025-05-07T23:43:00.415+0530][gc,heap     ] GC(25) Eden regions: 48->0(48)
[2025-05-07T23:43:00.415+0530][gc,heap     ] GC(25) Survivor regions: 3->3(7)
[2025-05-07T23:43:00.415+0530][gc,heap     ] GC(25) Old regions: 24->24
[2025-05-07T23:43:00.415+0530][gc,heap     ] GC(25) Archive regions: 2->2
[2025-05-07T23:43:00.415+0530][gc,heap     ] GC(25) Humongous regions: 129->129
[2025-05-07T23:43:00.416+0530][gc,metaspace] GC(25) Metaspace: 43162K(43840K)->43162K(43840K) NonClass: 37875K(38272K)->37875K(38272K) Class: 5286K(5568K)->5286K(5568K)
[2025-05-07T23:43:00.416+0530][gc          ] GC(25) Pause Young (Normal) (G1 Evacuation Pause) 203M->155M(1024M) 25.798ms
[2025-05-07T23:43:00.416+0530][gc,cpu      ] GC(25) User=0.01s Sys=0.02s Real=0.02s
[2025-05-07T23:48:49.268+0530][gc,start    ] GC(26) Pause Young (Normal) (G1 Evacuation Pause)
[2025-05-07T23:48:49.269+0530][gc,task     ] GC(26) Using 8 workers of 8 for evacuation
[2025-05-07T23:48:49.284+0530][gc,phases   ] GC(26)   Pre Evacuate Collection Set: 0.5ms
[2025-05-07T23:48:49.285+0530][gc,phases   ] GC(26)   Merge Heap Roots: 0.2ms
[2025-05-07T23:48:49.285+0530][gc,phases   ] GC(26)   Evacuate Collection Set: 14.2ms
[2025-05-07T23:48:49.285+0530][gc,phases   ] GC(26)   Post Evacuate Collection Set: 0.6ms
[2025-05-07T23:48:49.285+0530][gc,phases   ] GC(26)   Other: 2.2ms
[2025-05-07T23:48:49.285+0530][gc,heap     ] GC(26) Eden regions: 48->0(47)
[2025-05-07T23:48:49.285+0530][gc,heap     ] GC(26) Survivor regions: 3->4(7)
[2025-05-07T23:48:49.285+0530][gc,heap     ] GC(26) Old regions: 24->24
[2025-05-07T23:48:49.285+0530][gc,heap     ] GC(26) Archive regions: 2->2
[2025-05-07T23:48:49.285+0530][gc,heap     ] GC(26) Humongous regions: 129->129
[2025-05-07T23:48:49.285+0530][gc,metaspace] GC(26) Metaspace: 43235K(43904K)->43235K(43904K) NonClass: 37942K(38336K)->37942K(38336K) Class: 5292K(5568K)->5292K(5568K)
[2025-05-07T23:48:49.285+0530][gc          ] GC(26) Pause Young (Normal) (G1 Evacuation Pause) 203M->156M(1024M) 17.910ms
[2025-05-07T23:48:49.285+0530][gc,cpu      ] GC(26) User=0.01s Sys=0.02s Real=0.02s
[2025-05-07T23:55:08.539+0530][gc,start    ] GC(27) Pause Young (Normal) (G1 Evacuation Pause)
[2025-05-07T23:55:08.541+0530][gc,task     ] GC(27) Using 8 workers of 8 for evacuation
[2025-05-07T23:55:08.576+0530][gc,mmu      ] GC(27) MMU target violated: 21.0ms (20.0ms/21.0ms)
[2025-05-07T23:55:08.576+0530][gc,phases   ] GC(27)   Pre Evacuate Collection Set: 5.2ms
[2025-05-07T23:55:08.576+0530][gc,phases   ] GC(27)   Merge Heap Roots: 1.6ms
[2025-05-07T23:55:08.576+0530][gc,phases   ] GC(27)   Evacuate Collection Set: 26.8ms
[2025-05-07T23:55:08.576+0530][gc,phases   ] GC(27)   Post Evacuate Collection Set: 1.0ms
[2025-05-07T23:55:08.576+0530][gc,phases   ] GC(27)   Other: 3.6ms
[2025-05-07T23:55:08.576+0530][gc,heap     ] GC(27) Eden regions: 47->0(48)
[2025-05-07T23:55:08.576+0530][gc,heap     ] GC(27) Survivor regions: 4->3(7)
[2025-05-07T23:55:08.576+0530][gc,heap     ] GC(27) Old regions: 24->24
[2025-05-07T23:55:08.576+0530][gc,heap     ] GC(27) Archive regions: 2->2
[2025-05-07T23:55:08.576+0530][gc,heap     ] GC(27) Humongous regions: 129->129
[2025-05-07T23:55:08.576+0530][gc,metaspace] GC(27) Metaspace: 43542K(44224K)->43542K(44224K) NonClass: 38201K(38592K)->38201K(38592K) Class: 5341K(5632K)->5341K(5632K)
[2025-05-07T23:55:08.576+0530][gc          ] GC(27) Pause Young (Normal) (G1 Evacuation Pause) 203M->156M(1024M) 37.263ms
[2025-05-07T23:55:08.576+0530][gc,cpu      ] GC(27) User=0.01s Sys=0.03s Real=0.04s
[2025-05-08T00:01:31.547+0530][gc,start    ] GC(28) Pause Young (Normal) (G1 Evacuation Pause)
[2025-05-08T00:01:31.548+0530][gc,task     ] GC(28) Using 8 workers of 8 for evacuation
[2025-05-08T00:01:31.581+0530][gc,mmu      ] GC(28) MMU target violated: 21.0ms (20.0ms/21.0ms)
[2025-05-08T00:01:31.581+0530][gc,phases   ] GC(28)   Pre Evacuate Collection Set: 3.2ms
[2025-05-08T00:01:31.581+0530][gc,phases   ] GC(28)   Merge Heap Roots: 1.1ms
[2025-05-08T00:01:31.581+0530][gc,phases   ] GC(28)   Evacuate Collection Set: 26.2ms
[2025-05-08T00:01:31.581+0530][gc,phases   ] GC(28)   Post Evacuate Collection Set: 1.7ms
[2025-05-08T00:01:31.582+0530][gc,phases   ] GC(28)   Other: 4.6ms
[2025-05-08T00:01:31.582+0530][gc,heap     ] GC(28) Eden regions: 48->0(47)
[2025-05-08T00:01:31.582+0530][gc,heap     ] GC(28) Survivor regions: 3->4(7)
[2025-05-08T00:01:31.582+0530][gc,heap     ] GC(28) Old regions: 24->24
[2025-05-08T00:01:31.582+0530][gc,heap     ] GC(28) Archive regions: 2->2
[2025-05-08T00:01:31.582+0530][gc,heap     ] GC(28) Humongous regions: 129->129
[2025-05-08T00:01:31.582+0530][gc,metaspace] GC(28) Metaspace: 43558K(44288K)->43558K(44288K) NonClass: 38216K(38656K)->38216K(38656K) Class: 5342K(5632K)->5342K(5632K)
[2025-05-08T00:01:31.582+0530][gc          ] GC(28) Pause Young (Normal) (G1 Evacuation Pause) 204M->157M(1024M) 35.976ms
[2025-05-08T00:01:31.582+0530][gc,cpu      ] GC(28) User=0.02s Sys=0.04s Real=0.04s
[2025-05-08T00:07:44.819+0530][gc,start    ] GC(29) Pause Young (Normal) (G1 Evacuation Pause)
[2025-05-08T00:07:44.821+0530][gc,task     ] GC(29) Using 8 workers of 8 for evacuation
[2025-05-08T00:07:44.853+0530][gc,mmu      ] GC(29) MMU target violated: 21.0ms (20.0ms/21.0ms)
[2025-05-08T00:07:44.853+0530][gc,phases   ] GC(29)   Pre Evacuate Collection Set: 9.1ms
[2025-05-08T00:07:44.853+0530][gc,phases   ] GC(29)   Merge Heap Roots: 2.2ms
[2025-05-08T00:07:44.853+0530][gc,phases   ] GC(29)   Evacuate Collection Set: 14.5ms
[2025-05-08T00:07:44.853+0530][gc,phases   ] GC(29)   Post Evacuate Collection Set: 2.5ms
[2025-05-08T00:07:44.853+0530][gc,phases   ] GC(29)   Other: 11.8ms
[2025-05-08T00:07:44.853+0530][gc,heap     ] GC(29) Eden regions: 47->0(48)
[2025-05-08T00:07:44.853+0530][gc,heap     ] GC(29) Survivor regions: 4->3(7)
[2025-05-08T00:07:44.853+0530][gc,heap     ] GC(29) Old regions: 24->24
[2025-05-08T00:07:44.853+0530][gc,heap     ] GC(29) Archive regions: 2->2
[2025-05-08T00:07:44.853+0530][gc,heap     ] GC(29) Humongous regions: 129->129
[2025-05-08T00:07:44.853+0530][gc,metaspace] GC(29) Metaspace: 43569K(44288K)->43569K(44288K) NonClass: 38227K(38656K)->38227K(38656K) Class: 5342K(5632K)->5342K(5632K)
[2025-05-08T00:07:44.854+0530][gc          ] GC(29) Pause Young (Normal) (G1 Evacuation Pause) 204M->156M(1024M) 35.498ms
[2025-05-08T00:07:44.854+0530][gc,cpu      ] GC(29) User=0.01s Sys=0.03s Real=0.04s
[2025-05-08T00:14:09.267+0530][gc,start    ] GC(30) Pause Young (Normal) (G1 Evacuation Pause)
[2025-05-08T00:14:09.268+0530][gc,task     ] GC(30) Using 8 workers of 8 for evacuation
[2025-05-08T00:14:09.287+0530][gc,phases   ] GC(30)   Pre Evacuate Collection Set: 1.5ms
[2025-05-08T00:14:09.287+0530][gc,phases   ] GC(30)   Merge Heap Roots: 0.5ms
[2025-05-08T00:14:09.287+0530][gc,phases   ] GC(30)   Evacuate Collection Set: 15.3ms
[2025-05-08T00:14:09.287+0530][gc,phases   ] GC(30)   Post Evacuate Collection Set: 0.8ms
[2025-05-08T00:14:09.287+0530][gc,phases   ] GC(30)   Other: 2.3ms
[2025-05-08T00:14:09.287+0530][gc,heap     ] GC(30) Eden regions: 48->0(48)
[2025-05-08T00:14:09.287+0530][gc,heap     ] GC(30) Survivor regions: 3->3(7)
[2025-05-08T00:14:09.287+0530][gc,heap     ] GC(30) Old regions: 24->24
[2025-05-08T00:14:09.287+0530][gc,heap     ] GC(30) Archive regions: 2->2
[2025-05-08T00:14:09.287+0530][gc,heap     ] GC(30) Humongous regions: 129->129
[2025-05-08T00:14:09.287+0530][gc,metaspace] GC(30) Metaspace: 43577K(44288K)->43577K(44288K) NonClass: 38235K(38656K)->38235K(38656K) Class: 5342K(5632K)->5342K(5632K)
[2025-05-08T00:14:09.287+0530][gc          ] GC(30) Pause Young (Normal) (G1 Evacuation Pause) 204M->156M(1024M) 20.332ms
[2025-05-08T00:14:09.287+0530][gc,cpu      ] GC(30) User=0.02s Sys=0.03s Real=0.02s
[2025-05-08T00:20:30.913+0530][gc,start    ] GC(31) Pause Young (Normal) (G1 Evacuation Pause)
[2025-05-08T00:20:30.914+0530][gc,task     ] GC(31) Using 8 workers of 8 for evacuation
[2025-05-08T00:20:30.939+0530][gc,mmu      ] GC(31) MMU target violated: 21.0ms (20.0ms/21.0ms)
[2025-05-08T00:20:30.939+0530][gc,phases   ] GC(31)   Pre Evacuate Collection Set: 2.0ms
[2025-05-08T00:20:30.939+0530][gc,phases   ] GC(31)   Merge Heap Roots: 0.9ms
[2025-05-08T00:20:30.939+0530][gc,phases   ] GC(31)   Evacuate Collection Set: 19.0ms
[2025-05-08T00:20:30.939+0530][gc,phases   ] GC(31)   Post Evacuate Collection Set: 2.2ms
[2025-05-08T00:20:30.939+0530][gc,phases   ] GC(31)   Other: 4.9ms
[2025-05-08T00:20:30.940+0530][gc,heap     ] GC(31) Eden regions: 48->0(47)
[2025-05-08T00:20:30.940+0530][gc,heap     ] GC(31) Survivor regions: 3->4(7)
[2025-05-08T00:20:30.940+0530][gc,heap     ] GC(31) Old regions: 24->24
[2025-05-08T00:20:30.940+0530][gc,heap     ] GC(31) Archive regions: 2->2
[2025-05-08T00:20:30.940+0530][gc,heap     ] GC(31) Humongous regions: 129->129
[2025-05-08T00:20:30.940+0530][gc,metaspace] GC(31) Metaspace: 43584K(44288K)->43584K(44288K) NonClass: 38242K(38656K)->38242K(38656K) Class: 5342K(5632K)->5342K(5632K)
[2025-05-08T00:20:30.940+0530][gc          ] GC(31) Pause Young (Normal) (G1 Evacuation Pause) 204M->156M(1024M) 27.250ms
[2025-05-08T00:20:30.940+0530][gc,cpu      ] GC(31) User=0.02s Sys=0.04s Real=0.03s
[2025-05-08T00:26:44.738+0530][gc,start    ] GC(32) Pause Young (Normal) (G1 Evacuation Pause)
[2025-05-08T00:26:44.739+0530][gc,task     ] GC(32) Using 8 workers of 8 for evacuation
[2025-05-08T00:26:44.750+0530][gc,phases   ] GC(32)   Pre Evacuate Collection Set: 0.8ms
[2025-05-08T00:26:44.750+0530][gc,phases   ] GC(32)   Merge Heap Roots: 0.2ms
[2025-05-08T00:26:44.750+0530][gc,phases   ] GC(32)   Evacuate Collection Set: 9.1ms
[2025-05-08T00:26:44.750+0530][gc,phases   ] GC(32)   Post Evacuate Collection Set: 0.7ms
[2025-05-08T00:26:44.751+0530][gc,phases   ] GC(32)   Other: 2.4ms
[2025-05-08T00:26:44.751+0530][gc,heap     ] GC(32) Eden regions: 47->0(47)
[2025-05-08T00:26:44.751+0530][gc,heap     ] GC(32) Survivor regions: 4->4(7)
[2025-05-08T00:26:44.751+0530][gc,heap     ] GC(32) Old regions: 24->24
[2025-05-08T00:26:44.751+0530][gc,heap     ] GC(32) Archive regions: 2->2
[2025-05-08T00:26:44.751+0530][gc,heap     ] GC(32) Humongous regions: 129->129
[2025-05-08T00:26:44.751+0530][gc,metaspace] GC(32) Metaspace: 43593K(44288K)->43593K(44288K) NonClass: 38251K(38656K)->38251K(38656K) Class: 5342K(5632K)->5342K(5632K)
[2025-05-08T00:26:44.751+0530][gc          ] GC(32) Pause Young (Normal) (G1 Evacuation Pause) 203M->157M(1024M) 13.673ms
[2025-05-08T00:26:44.751+0530][gc,cpu      ] GC(32) User=0.01s Sys=0.02s Real=0.02s
[2025-05-08T00:32:58.192+0530][gc,start    ] GC(33) Pause Young (Normal) (G1 Evacuation Pause)
[2025-05-08T00:32:58.193+0530][gc,task     ] GC(33) Using 8 workers of 8 for evacuation
[2025-05-08T00:32:58.201+0530][gc,phases   ] GC(33)   Pre Evacuate Collection Set: 0.4ms
[2025-05-08T00:32:58.201+0530][gc,phases   ] GC(33)   Merge Heap Roots: 0.1ms
[2025-05-08T00:32:58.201+0530][gc,phases   ] GC(33)   Evacuate Collection Set: 6.8ms
[2025-05-08T00:32:58.201+0530][gc,phases   ] GC(33)   Post Evacuate Collection Set: 0.6ms
[2025-05-08T00:32:58.201+0530][gc,phases   ] GC(33)   Other: 2.1ms
[2025-05-08T00:32:58.201+0530][gc,heap     ] GC(33) Eden regions: 47->0(236)
[2025-05-08T00:32:58.201+0530][gc,heap     ] GC(33) Survivor regions: 4->3(7)
[2025-05-08T00:32:58.201+0530][gc,heap     ] GC(33) Old regions: 24->24
[2025-05-08T00:32:58.201+0530][gc,heap     ] GC(33) Archive regions: 2->2
[2025-05-08T00:32:58.201+0530][gc,heap     ] GC(33) Humongous regions: 129->129
[2025-05-08T00:32:58.201+0530][gc,metaspace] GC(33) Metaspace: 43594K(44288K)->43594K(44288K) NonClass: 38252K(38656K)->38252K(38656K) Class: 5342K(5632K)->5342K(5632K)
[2025-05-08T00:32:58.202+0530][gc          ] GC(33) Pause Young (Normal) (G1 Evacuation Pause) 204M->156M(1024M) 10.399ms
[2025-05-08T00:32:58.202+0530][gc,cpu      ] GC(33) User=0.01s Sys=0.01s Real=0.01s
[2025-05-08T00:51:12.317+0530][gc,heap,exit] Heap
[2025-05-08T00:51:12.317+0530][gc,heap,exit]  garbage-first heap   total 1048576K, used 309134K [0x00000007c0000000, 0x0000000800000000)
[2025-05-08T00:51:12.317+0530][gc,heap,exit]   region size 1024K, 149 young (152576K), 3 survivors (3072K)
[2025-05-08T00:51:12.317+0530][gc,heap,exit]  Metaspace       used 44608K, committed 45312K, reserved 1114112K
[2025-05-08T00:51:12.317+0530][gc,heap,exit]   class space    used 5560K, committed 5824K, reserved 1048576K
