[2026-03-12T16:53:37.000+0530][gc] Using G1
[2026-03-12T16:53:37.002+0530][gc,init] Version: 17.0.10+7-LTS (release)
[2026-03-12T16:53:37.002+0530][gc,init] CPUs: 8 total, 8 available
[2026-03-12T16:53:37.002+0530][gc,init] Memory: 8192M
[2026-03-12T16:53:37.002+0530][gc,init] Large Page Support: Disabled
[2026-03-12T16:53:37.002+0530][gc,init] NUMA Support: Disabled
[2026-03-12T16:53:37.002+0530][gc,init] Compressed Oops: Enabled (Zero based)
[2026-03-12T16:53:37.002+0530][gc,init] Heap Region Size: 1M
[2026-03-12T16:53:37.002+0530][gc,init] Heap Min Capacity: 1G
[2026-03-12T16:53:37.002+0530][gc,init] Heap Initial Capacity: 1G
[2026-03-12T16:53:37.002+0530][gc,init] Heap Max Capacity: 1G
[2026-03-12T16:53:37.002+0530][gc,init] Pre-touch: Disabled
[2026-03-12T16:53:37.002+0530][gc,init] Parallel Workers: 8
[2026-03-12T16:53:37.002+0530][gc,init] Concurrent Workers: 2
[2026-03-12T16:53:37.002+0530][gc,init] Concurrent Refinement Workers: 8
[2026-03-12T16:53:37.002+0530][gc,init] Periodic GC: Disabled
[2026-03-12T16:53:37.002+0530][gc,metaspace] CDS archive(s) mapped at: [0x0000000800000000-0x0000000800bc0000-0x0000000800bc0000), size 12320768, SharedBaseAddress: 0x0000000800000000, ArchiveRelocationMode: 1.
[2026-03-12T16:53:37.002+0530][gc,metaspace] Compressed class space mapped at: 0x0000000801000000-0x0000000841000000, reserved size: 1073741824
[2026-03-12T16:53:37.002+0530][gc,metaspace] Narrow klass base: 0x0000000800000000, Narrow klass shift: 0, Narrow klass range: 0x100000000
[2026-03-12T16:53:43.145+0530][gc,start    ] GC(0) Pause Young (Normal) (G1 Evacuation Pause)
[2026-03-12T16:53:43.145+0530][gc,task     ] GC(0) Using 8 workers of 8 for evacuation
[2026-03-12T16:53:43.150+0530][gc,phases   ] GC(0)   Pre Evacuate Collection Set: 0.2ms
[2026-03-12T16:53:43.150+0530][gc,phases   ] GC(0)   Merge Heap Roots: 0.1ms
[2026-03-12T16:53:43.150+0530][gc,phases   ] GC(0)   Evacuate Collection Set: 3.7ms
[2026-03-12T16:53:43.150+0530][gc,phases   ] GC(0)   Post Evacuate Collection Set: 0.4ms
[2026-03-12T16:53:43.150+0530][gc,phases   ] GC(0)   Other: 0.3ms
[2026-03-12T16:53:43.150+0530][gc,heap     ] GC(0) Eden regions: 51->0(44)
[2026-03-12T16:53:43.150+0530][gc,heap     ] GC(0) Survivor regions: 0->7(7)
[2026-03-12T16:53:43.150+0530][gc,heap     ] GC(0) Old regions: 0->1
[2026-03-12T16:53:43.150+0530][gc,heap     ] GC(0) Archive regions: 2->2
[2026-03-12T16:53:43.150+0530][gc,heap     ] GC(0) Humongous regions: 0->0
[2026-03-12T16:53:43.150+0530][gc,metaspace] GC(0) Metaspace: 17887K(17984K)->17887K(17984K) NonClass: 15752K(15808K)->15752K(15808K) Class: 2135K(2176K)->2135K(2176K)
[2026-03-12T16:53:43.150+0530][gc          ] GC(0) Pause Young (Normal) (G1 Evacuation Pause) 51M->8M(1024M) 4.776ms
[2026-03-12T16:53:43.150+0530][gc,cpu      ] GC(0) User=0.02s Sys=0.01s Real=0.01s
[2026-03-12T16:53:43.384+0530][gc,start    ] GC(1) Pause Young (Concurrent Start) (Metadata GC Threshold)
[2026-03-12T16:53:43.384+0530][gc,task     ] GC(1) Using 8 workers of 8 for evacuation
[2026-03-12T16:53:43.390+0530][gc,phases   ] GC(1)   Pre Evacuate Collection Set: 0.2ms
[2026-03-12T16:53:43.390+0530][gc,phases   ] GC(1)   Merge Heap Roots: 0.1ms
[2026-03-12T16:53:43.390+0530][gc,phases   ] GC(1)   Evacuate Collection Set: 4.6ms
[2026-03-12T16:53:43.390+0530][gc,phases   ] GC(1)   Post Evacuate Collection Set: 0.3ms
[2026-03-12T16:53:43.390+0530][gc,phases   ] GC(1)   Other: 0.2ms
[2026-03-12T16:53:43.390+0530][gc,heap     ] GC(1) Eden regions: 15->0(48)
[2026-03-12T16:53:43.390+0530][gc,heap     ] GC(1) Survivor regions: 7->3(7)
[2026-03-12T16:53:43.390+0530][gc,heap     ] GC(1) Old regions: 1->8
[2026-03-12T16:53:43.390+0530][gc,heap     ] GC(1) Archive regions: 2->2
[2026-03-12T16:53:43.390+0530][gc,heap     ] GC(1) Humongous regions: 129->129
[2026-03-12T16:53:43.390+0530][gc,metaspace] GC(1) Metaspace: 21339K(21504K)->21339K(21504K) NonClass: 18755K(18816K)->18755K(18816K) Class: 2583K(2688K)->2583K(2688K)
[2026-03-12T16:53:43.390+0530][gc          ] GC(1) Pause Young (Concurrent Start) (Metadata GC Threshold) 152M->139M(1024M) 5.542ms
[2026-03-12T16:53:43.390+0530][gc,cpu      ] GC(1) User=0.01s Sys=0.01s Real=0.01s
[2026-03-12T16:53:43.390+0530][gc          ] GC(2) Concurrent Mark Cycle
[2026-03-12T16:53:43.390+0530][gc,marking  ] GC(2) Concurrent Clear Claimed Marks
[2026-03-12T16:53:43.390+0530][gc,marking  ] GC(2) Concurrent Clear Claimed Marks 0.016ms
[2026-03-12T16:53:43.390+0530][gc,marking  ] GC(2) Concurrent Scan Root Regions
[2026-03-12T16:53:43.394+0530][gc,marking  ] GC(2) Concurrent Scan Root Regions 3.719ms
[2026-03-12T16:53:43.394+0530][gc,marking  ] GC(2) Concurrent Mark
[2026-03-12T16:53:43.394+0530][gc,marking  ] GC(2) Concurrent Mark From Roots
[2026-03-12T16:53:43.394+0530][gc,task     ] GC(2) Using 2 workers of 2 for marking
[2026-03-12T16:53:43.396+0530][gc,marking  ] GC(2) Concurrent Mark From Roots 1.908ms
[2026-03-12T16:53:43.396+0530][gc,marking  ] GC(2) Concurrent Preclean
[2026-03-12T16:53:43.396+0530][gc,marking  ] GC(2) Concurrent Preclean 0.021ms
[2026-03-12T16:53:43.396+0530][gc,start    ] GC(2) Pause Remark
[2026-03-12T16:53:43.397+0530][gc          ] GC(2) Pause Remark 140M->140M(1024M) 1.638ms
[2026-03-12T16:53:43.397+0530][gc,cpu      ] GC(2) User=0.01s Sys=0.00s Real=0.00s
[2026-03-12T16:53:43.398+0530][gc,marking  ] GC(2) Concurrent Mark 3.872ms
[2026-03-12T16:53:43.398+0530][gc,marking  ] GC(2) Concurrent Rebuild Remembered Sets
[2026-03-12T16:53:43.401+0530][gc,marking  ] GC(2) Concurrent Rebuild Remembered Sets 3.160ms
[2026-03-12T16:53:43.401+0530][gc,start    ] GC(2) Pause Cleanup
[2026-03-12T16:53:43.401+0530][gc          ] GC(2) Pause Cleanup 140M->140M(1024M) 0.103ms
[2026-03-12T16:53:43.401+0530][gc,cpu      ] GC(2) User=0.00s Sys=0.00s Real=0.00s
[2026-03-12T16:53:43.401+0530][gc,marking  ] GC(2) Concurrent Cleanup for Next Mark
[2026-03-12T16:53:43.403+0530][gc,marking  ] GC(2) Concurrent Cleanup for Next Mark 2.383ms
[2026-03-12T16:53:43.404+0530][gc          ] GC(2) Concurrent Mark Cycle 13.685ms
[2026-03-12T16:53:43.851+0530][gc,start    ] GC(3) Pause Young (Normal) (GCLocker Initiated GC)
[2026-03-12T16:53:43.851+0530][gc,task     ] GC(3) Using 8 workers of 8 for evacuation
[2026-03-12T16:53:43.855+0530][gc,phases   ] GC(3)   Pre Evacuate Collection Set: 0.1ms
[2026-03-12T16:53:43.856+0530][gc,phases   ] GC(3)   Merge Heap Roots: 0.1ms
[2026-03-12T16:53:43.856+0530][gc,phases   ] GC(3)   Evacuate Collection Set: 3.5ms
[2026-03-12T16:53:43.856+0530][gc,phases   ] GC(3)   Post Evacuate Collection Set: 0.3ms
[2026-03-12T16:53:43.856+0530][gc,phases   ] GC(3)   Other: 0.1ms
[2026-03-12T16:53:43.856+0530][gc,heap     ] GC(3) Eden regions: 48->0(44)
[2026-03-12T16:53:43.856+0530][gc,heap     ] GC(3) Survivor regions: 3->7(7)
[2026-03-12T16:53:43.856+0530][gc,heap     ] GC(3) Old regions: 8->8
[2026-03-12T16:53:43.856+0530][gc,heap     ] GC(3) Archive regions: 2->2
[2026-03-12T16:53:43.856+0530][gc,heap     ] GC(3) Humongous regions: 129->129
[2026-03-12T16:53:43.856+0530][gc,metaspace] GC(3) Metaspace: 32436K(32704K)->32436K(32704K) NonClass: 28842K(28992K)->28842K(28992K) Class: 3594K(3712K)->3594K(3712K)
[2026-03-12T16:53:43.856+0530][gc          ] GC(3) Pause Young (Normal) (GCLocker Initiated GC) 187M->143M(1024M) 4.394ms
[2026-03-12T16:53:43.856+0530][gc,cpu      ] GC(3) User=0.02s Sys=0.01s Real=0.00s
[2026-03-12T16:53:44.266+0530][gc,start    ] GC(4) Pause Young (Concurrent Start) (Metadata GC Threshold)
[2026-03-12T16:53:44.266+0530][gc,task     ] GC(4) Using 8 workers of 8 for evacuation
[2026-03-12T16:53:44.274+0530][gc,phases   ] GC(4)   Pre Evacuate Collection Set: 0.2ms
[2026-03-12T16:53:44.274+0530][gc,phases   ] GC(4)   Merge Heap Roots: 0.1ms
[2026-03-12T16:53:44.274+0530][gc,phases   ] GC(4)   Evacuate Collection Set: 7.0ms
[2026-03-12T16:53:44.274+0530][gc,phases   ] GC(4)   Post Evacuate Collection Set: 0.5ms
[2026-03-12T16:53:44.274+0530][gc,phases   ] GC(4)   Other: 0.2ms
[2026-03-12T16:53:44.274+0530][gc,heap     ] GC(4) Eden regions: 16->0(49)
[2026-03-12T16:53:44.274+0530][gc,heap     ] GC(4) Survivor regions: 7->2(7)
[2026-03-12T16:53:44.274+0530][gc,heap     ] GC(4) Old regions: 8->14
[2026-03-12T16:53:44.274+0530][gc,heap     ] GC(4) Archive regions: 2->2
[2026-03-12T16:53:44.274+0530][gc,heap     ] GC(4) Humongous regions: 129->129
[2026-03-12T16:53:44.274+0530][gc,metaspace] GC(4) Metaspace: 35843K(36160K)->35843K(36160K) NonClass: 31669K(31808K)->31669K(31808K) Class: 4173K(4352K)->4173K(4352K)
[2026-03-12T16:53:44.274+0530][gc          ] GC(4) Pause Young (Concurrent Start) (Metadata GC Threshold) 159M->145M(1024M) 8.199ms
[2026-03-12T16:53:44.274+0530][gc,cpu      ] GC(4) User=0.03s Sys=0.01s Real=0.01s
[2026-03-12T16:53:44.274+0530][gc          ] GC(5) Concurrent Mark Cycle
[2026-03-12T16:53:44.274+0530][gc,marking  ] GC(5) Concurrent Clear Claimed Marks
[2026-03-12T16:53:44.274+0530][gc,marking  ] GC(5) Concurrent Clear Claimed Marks 0.031ms
[2026-03-12T16:53:44.274+0530][gc,marking  ] GC(5) Concurrent Scan Root Regions
[2026-03-12T16:53:44.278+0530][gc,marking  ] GC(5) Concurrent Scan Root Regions 4.241ms
[2026-03-12T16:53:44.278+0530][gc,marking  ] GC(5) Concurrent Mark
[2026-03-12T16:53:44.278+0530][gc,marking  ] GC(5) Concurrent Mark From Roots
[2026-03-12T16:53:44.278+0530][gc,task     ] GC(5) Using 2 workers of 2 for marking
[2026-03-12T16:53:44.284+0530][gc,marking  ] GC(5) Concurrent Mark From Roots 6.052ms
[2026-03-12T16:53:44.285+0530][gc,marking  ] GC(5) Concurrent Preclean
[2026-03-12T16:53:44.285+0530][gc,marking  ] GC(5) Concurrent Preclean 0.096ms
[2026-03-12T16:53:44.285+0530][gc,start    ] GC(5) Pause Remark
[2026-03-12T16:53:44.287+0530][gc          ] GC(5) Pause Remark 146M->146M(1024M) 1.967ms
[2026-03-12T16:53:44.289+0530][gc,cpu      ] GC(5) User=0.01s Sys=0.00s Real=0.00s
[2026-03-12T16:53:44.289+0530][gc,marking  ] GC(5) Concurrent Mark 10.740ms
[2026-03-12T16:53:44.289+0530][gc,marking  ] GC(5) Concurrent Rebuild Remembered Sets
[2026-03-12T16:53:44.296+0530][gc,marking  ] GC(5) Concurrent Rebuild Remembered Sets 7.557ms
[2026-03-12T16:53:44.297+0530][gc,start    ] GC(5) Pause Cleanup
[2026-03-12T16:53:44.297+0530][gc          ] GC(5) Pause Cleanup 147M->147M(1024M) 0.319ms
[2026-03-12T16:53:44.297+0530][gc,cpu      ] GC(5) User=0.01s Sys=0.00s Real=0.00s
[2026-03-12T16:53:44.297+0530][gc,marking  ] GC(5) Concurrent Cleanup for Next Mark
[2026-03-12T16:53:44.300+0530][gc,marking  ] GC(5) Concurrent Cleanup for Next Mark 2.589ms
[2026-03-12T16:53:44.300+0530][gc          ] GC(5) Concurrent Mark Cycle 25.990ms
[2026-03-12T16:54:14.510+0530][gc,start    ] GC(6) Pause Young (Normal) (G1 Evacuation Pause)
[2026-03-12T16:54:14.510+0530][gc,task     ] GC(6) Using 8 workers of 8 for evacuation
[2026-03-12T16:54:14.526+0530][gc,phases   ] GC(6)   Pre Evacuate Collection Set: 0.5ms
[2026-03-12T16:54:14.527+0530][gc,phases   ] GC(6)   Merge Heap Roots: 0.1ms
[2026-03-12T16:54:14.527+0530][gc,phases   ] GC(6)   Evacuate Collection Set: 14.9ms
[2026-03-12T16:54:14.527+0530][gc,phases   ] GC(6)   Post Evacuate Collection Set: 0.8ms
[2026-03-12T16:54:14.527+0530][gc,phases   ] GC(6)   Other: 0.6ms
[2026-03-12T16:54:14.527+0530][gc,heap     ] GC(6) Eden regions: 49->0(46)
[2026-03-12T16:54:14.527+0530][gc,heap     ] GC(6) Survivor regions: 2->5(7)
[2026-03-12T16:54:14.527+0530][gc,heap     ] GC(6) Old regions: 14->14
[2026-03-12T16:54:14.527+0530][gc,heap     ] GC(6) Archive regions: 2->2
[2026-03-12T16:54:14.527+0530][gc,heap     ] GC(6) Humongous regions: 129->129
[2026-03-12T16:54:14.527+0530][gc,metaspace] GC(6) Metaspace: 41297K(41792K)->41297K(41792K) NonClass: 36373K(36672K)->36373K(36672K) Class: 4923K(5120K)->4923K(5120K)
[2026-03-12T16:54:14.527+0530][gc          ] GC(6) Pause Young (Normal) (G1 Evacuation Pause) 194M->148M(1024M) 17.020ms
[2026-03-12T16:54:14.527+0530][gc,cpu      ] GC(6) User=0.03s Sys=0.02s Real=0.01s
[2026-03-12T16:56:17.060+0530][gc,start    ] GC(7) Pause Young (Normal) (G1 Evacuation Pause)
[2026-03-12T16:56:17.061+0530][gc,task     ] GC(7) Using 8 workers of 8 for evacuation
[2026-03-12T16:56:17.076+0530][gc,phases   ] GC(7)   Pre Evacuate Collection Set: 0.9ms
[2026-03-12T16:56:17.076+0530][gc,phases   ] GC(7)   Merge Heap Roots: 0.2ms
[2026-03-12T16:56:17.076+0530][gc,phases   ] GC(7)   Evacuate Collection Set: 13.4ms
[2026-03-12T16:56:17.076+0530][gc,phases   ] GC(7)   Post Evacuate Collection Set: 0.7ms
[2026-03-12T16:56:17.076+0530][gc,phases   ] GC(7)   Other: 2.6ms
[2026-03-12T16:56:17.076+0530][gc,heap     ] GC(7) Eden regions: 46->0(48)
[2026-03-12T16:56:17.076+0530][gc,heap     ] GC(7) Survivor regions: 5->3(7)
[2026-03-12T16:56:17.076+0530][gc,heap     ] GC(7) Old regions: 14->18
[2026-03-12T16:56:17.076+0530][gc,heap     ] GC(7) Archive regions: 2->2
[2026-03-12T16:56:17.076+0530][gc,heap     ] GC(7) Humongous regions: 129->129
[2026-03-12T16:56:17.077+0530][gc,metaspace] GC(7) Metaspace: 41557K(42048K)->41557K(42048K) NonClass: 36631K(36928K)->36631K(36928K) Class: 4926K(5120K)->4926K(5120K)
[2026-03-12T16:56:17.077+0530][gc          ] GC(7) Pause Young (Normal) (G1 Evacuation Pause) 194M->149M(1024M) 18.185ms
[2026-03-12T16:56:17.077+0530][gc,cpu      ] GC(7) User=0.04s Sys=0.01s Real=0.02s
[2026-03-12T16:58:36.892+0530][gc,start    ] GC(8) Pause Young (Normal) (G1 Evacuation Pause)
[2026-03-12T16:58:36.893+0530][gc,task     ] GC(8) Using 8 workers of 8 for evacuation
[2026-03-12T16:58:36.920+0530][gc,mmu      ] GC(8) MMU target violated: 21.0ms (20.0ms/21.0ms)
[2026-03-12T16:58:36.920+0530][gc,phases   ] GC(8)   Pre Evacuate Collection Set: 1.3ms
[2026-03-12T16:58:36.920+0530][gc,phases   ] GC(8)   Merge Heap Roots: 0.6ms
[2026-03-12T16:58:36.920+0530][gc,phases   ] GC(8)   Evacuate Collection Set: 23.6ms
[2026-03-12T16:58:36.920+0530][gc,phases   ] GC(8)   Post Evacuate Collection Set: 1.3ms
[2026-03-12T16:58:36.920+0530][gc,phases   ] GC(8)   Other: 2.0ms
[2026-03-12T16:58:36.920+0530][gc,heap     ] GC(8) Eden regions: 48->0(46)
[2026-03-12T16:58:36.920+0530][gc,heap     ] GC(8) Survivor regions: 3->5(7)
[2026-03-12T16:58:36.920+0530][gc,heap     ] GC(8) Old regions: 18->18
[2026-03-12T16:58:36.920+0530][gc,heap     ] GC(8) Archive regions: 2->2
[2026-03-12T16:58:36.920+0530][gc,heap     ] GC(8) Humongous regions: 129->129
[2026-03-12T16:58:36.920+0530][gc,metaspace] GC(8) Metaspace: 41619K(42112K)->41619K(42112K) NonClass: 36693K(36992K)->36693K(36992K) Class: 4926K(5120K)->4926K(5120K)
[2026-03-12T16:58:36.921+0530][gc          ] GC(8) Pause Young (Normal) (G1 Evacuation Pause) 197M->151M(1024M) 28.552ms
[2026-03-12T16:58:36.921+0530][gc,cpu      ] GC(8) User=0.02s Sys=0.03s Real=0.03s
[2026-03-12T17:00:53.710+0530][gc,start    ] GC(9) Pause Young (Normal) (G1 Evacuation Pause)
[2026-03-12T17:00:53.710+0530][gc,task     ] GC(9) Using 8 workers of 8 for evacuation
[2026-03-12T17:00:53.721+0530][gc,phases   ] GC(9)   Pre Evacuate Collection Set: 0.4ms
[2026-03-12T17:00:53.721+0530][gc,phases   ] GC(9)   Merge Heap Roots: 0.2ms
[2026-03-12T17:00:53.721+0530][gc,phases   ] GC(9)   Evacuate Collection Set: 10.0ms
[2026-03-12T17:00:53.721+0530][gc,phases   ] GC(9)   Post Evacuate Collection Set: 0.5ms
[2026-03-12T17:00:53.721+0530][gc,phases   ] GC(9)   Other: 1.8ms
[2026-03-12T17:00:53.721+0530][gc,heap     ] GC(9) Eden regions: 46->0(45)
[2026-03-12T17:00:53.721+0530][gc,heap     ] GC(9) Survivor regions: 5->6(7)
[2026-03-12T17:00:53.721+0530][gc,heap     ] GC(9) Old regions: 18->19
[2026-03-12T17:00:53.721+0530][gc,heap     ] GC(9) Archive regions: 2->2
[2026-03-12T17:00:53.721+0530][gc,heap     ] GC(9) Humongous regions: 129->129
[2026-03-12T17:00:53.721+0530][gc,metaspace] GC(9) Metaspace: 41639K(42112K)->41639K(42112K) NonClass: 36713K(36992K)->36713K(36992K) Class: 4926K(5120K)->4926K(5120K)
[2026-03-12T17:00:53.721+0530][gc          ] GC(9) Pause Young (Normal) (G1 Evacuation Pause) 197M->154M(1024M) 13.054ms
[2026-03-12T17:00:53.721+0530][gc,cpu      ] GC(9) User=0.03s Sys=0.02s Real=0.02s
[2026-03-12T17:03:09.785+0530][gc,start    ] GC(10) Pause Young (Normal) (G1 Evacuation Pause)
[2026-03-12T17:03:09.785+0530][gc,task     ] GC(10) Using 8 workers of 8 for evacuation
[2026-03-12T17:03:09.810+0530][gc,mmu      ] GC(10) MMU target violated: 21.0ms (20.0ms/21.0ms)
[2026-03-12T17:03:09.810+0530][gc,phases   ] GC(10)   Pre Evacuate Collection Set: 0.9ms
[2026-03-12T17:03:09.810+0530][gc,phases   ] GC(10)   Merge Heap Roots: 0.2ms
[2026-03-12T17:03:09.810+0530][gc,phases   ] GC(10)   Evacuate Collection Set: 23.4ms
[2026-03-12T17:03:09.810+0530][gc,phases   ] GC(10)   Post Evacuate Collection Set: 0.5ms
[2026-03-12T17:03:09.810+0530][gc,phases   ] GC(10)   Other: 2.0ms
[2026-03-12T17:03:09.810+0530][gc,heap     ] GC(10) Eden regions: 45->0(45)
[2026-03-12T17:03:09.810+0530][gc,heap     ] GC(10) Survivor regions: 6->6(7)
[2026-03-12T17:03:09.810+0530][gc,heap     ] GC(10) Old regions: 19->21
[2026-03-12T17:03:09.810+0530][gc,heap     ] GC(10) Archive regions: 2->2
[2026-03-12T17:03:09.811+0530][gc,heap     ] GC(10) Humongous regions: 129->129
[2026-03-12T17:03:09.811+0530][gc,metaspace] GC(10) Metaspace: 41668K(42176K)->41668K(42176K) NonClass: 36741K(37056K)->36741K(37056K) Class: 4926K(5120K)->4926K(5120K)
[2026-03-12T17:03:09.811+0530][gc          ] GC(10) Pause Young (Normal) (G1 Evacuation Pause) 199M->156M(1024M) 26.173ms
[2026-03-12T17:03:09.811+0530][gc,cpu      ] GC(10) User=0.03s Sys=0.02s Real=0.03s
[2026-03-12T17:05:26.159+0530][gc,start    ] GC(11) Pause Young (Normal) (G1 Evacuation Pause)
[2026-03-12T17:05:26.159+0530][gc,task     ] GC(11) Using 8 workers of 8 for evacuation
[2026-03-12T17:05:26.210+0530][gc,mmu      ] GC(11) MMU target violated: 21.0ms (20.0ms/21.0ms)
[2026-03-12T17:05:26.210+0530][gc,phases   ] GC(11)   Pre Evacuate Collection Set: 1.5ms
[2026-03-12T17:05:26.210+0530][gc,phases   ] GC(11)   Merge Heap Roots: 1.5ms
[2026-03-12T17:05:26.211+0530][gc,phases   ] GC(11)   Evacuate Collection Set: 44.8ms
[2026-03-12T17:05:26.211+0530][gc,phases   ] GC(11)   Post Evacuate Collection Set: 2.2ms
[2026-03-12T17:05:26.211+0530][gc,phases   ] GC(11)   Other: 2.8ms
[2026-03-12T17:05:26.211+0530][gc,heap     ] GC(11) Eden regions: 45->0(45)
[2026-03-12T17:05:26.211+0530][gc,heap     ] GC(11) Survivor regions: 6->6(7)
[2026-03-12T17:05:26.211+0530][gc,heap     ] GC(11) Old regions: 21->23
[2026-03-12T17:05:26.211+0530][gc,heap     ] GC(11) Archive regions: 2->2
[2026-03-12T17:05:26.211+0530][gc,heap     ] GC(11) Humongous regions: 129->129
[2026-03-12T17:05:26.211+0530][gc,metaspace] GC(11) Metaspace: 41779K(42368K)->41779K(42368K) NonClass: 36834K(37184K)->36834K(37184K) Class: 4944K(5184K)->4944K(5184K)
[2026-03-12T17:05:26.211+0530][gc          ] GC(11) Pause Young (Normal) (G1 Evacuation Pause) 201M->158M(1024M) 52.766ms
[2026-03-12T17:05:26.211+0530][gc,cpu      ] GC(11) User=0.04s Sys=0.09s Real=0.06s
[2026-03-12T17:07:44.660+0530][gc,start    ] GC(12) Pause Young (Normal) (G1 Evacuation Pause)
[2026-03-12T17:07:44.661+0530][gc,task     ] GC(12) Using 8 workers of 8 for evacuation
[2026-03-12T17:07:44.687+0530][gc,mmu      ] GC(12) MMU target violated: 21.0ms (20.0ms/21.0ms)
[2026-03-12T17:07:44.687+0530][gc,phases   ] GC(12)   Pre Evacuate Collection Set: 0.6ms
[2026-03-12T17:07:44.687+0530][gc,phases   ] GC(12)   Merge Heap Roots: 0.5ms
[2026-03-12T17:07:44.687+0530][gc,phases   ] GC(12)   Evacuate Collection Set: 23.7ms
[2026-03-12T17:07:44.687+0530][gc,phases   ] GC(12)   Post Evacuate Collection Set: 0.9ms
[2026-03-12T17:07:44.687+0530][gc,phases   ] GC(12)   Other: 1.6ms
[2026-03-12T17:07:44.687+0530][gc,heap     ] GC(12) Eden regions: 45->0(46)
[2026-03-12T17:07:44.687+0530][gc,heap     ] GC(12) Survivor regions: 6->5(7)
[2026-03-12T17:07:44.687+0530][gc,heap     ] GC(12) Old regions: 23->27
[2026-03-12T17:07:44.687+0530][gc,heap     ] GC(12) Archive regions: 2->2
[2026-03-12T17:07:44.687+0530][gc,heap     ] GC(12) Humongous regions: 129->129
[2026-03-12T17:07:44.687+0530][gc,metaspace] GC(12) Metaspace: 41787K(42368K)->41787K(42368K) NonClass: 36842K(37184K)->36842K(37184K) Class: 4944K(5184K)->4944K(5184K)
[2026-03-12T17:07:44.688+0530][gc          ] GC(12) Pause Young (Normal) (G1 Evacuation Pause) 203M->161M(1024M) 27.503ms
[2026-03-12T17:07:44.688+0530][gc,cpu      ] GC(12) User=0.04s Sys=0.04s Real=0.02s
[2026-03-12T17:10:07.438+0530][gc,start    ] GC(13) Pause Young (Normal) (G1 Evacuation Pause)
[2026-03-12T17:10:07.438+0530][gc,task     ] GC(13) Using 8 workers of 8 for evacuation
[2026-03-12T17:10:07.483+0530][gc,mmu      ] GC(13) MMU target violated: 21.0ms (20.0ms/21.0ms)
[2026-03-12T17:10:07.483+0530][gc,phases   ] GC(13)   Pre Evacuate Collection Set: 1.3ms
[2026-03-12T17:10:07.483+0530][gc,phases   ] GC(13)   Merge Heap Roots: 1.2ms
[2026-03-12T17:10:07.483+0530][gc,phases   ] GC(13)   Evacuate Collection Set: 40.8ms
[2026-03-12T17:10:07.483+0530][gc,phases   ] GC(13)   Post Evacuate Collection Set: 1.4ms
[2026-03-12T17:10:07.484+0530][gc,phases   ] GC(13)   Other: 1.5ms
[2026-03-12T17:10:07.484+0530][gc,heap     ] GC(13) Eden regions: 46->0(46)
[2026-03-12T17:10:07.484+0530][gc,heap     ] GC(13) Survivor regions: 5->5(7)
[2026-03-12T17:10:07.484+0530][gc,heap     ] GC(13) Old regions: 27->29
[2026-03-12T17:10:07.484+0530][gc,heap     ] GC(13) Archive regions: 2->2
[2026-03-12T17:10:07.484+0530][gc,heap     ] GC(13) Humongous regions: 129->129
[2026-03-12T17:10:07.484+0530][gc,metaspace] GC(13) Metaspace: 41797K(42368K)->41797K(42368K) NonClass: 36852K(37184K)->36852K(37184K) Class: 4944K(5184K)->4944K(5184K)
[2026-03-12T17:10:07.484+0530][gc          ] GC(13) Pause Young (Normal) (G1 Evacuation Pause) 207M->163M(1024M) 46.393ms
[2026-03-12T17:10:07.484+0530][gc,cpu      ] GC(13) User=0.03s Sys=0.10s Real=0.05s
[2026-03-12T17:12:26.140+0530][gc,start    ] GC(14) Pause Young (Normal) (G1 Evacuation Pause)
[2026-03-12T17:12:26.141+0530][gc,task     ] GC(14) Using 8 workers of 8 for evacuation
[2026-03-12T17:12:26.168+0530][gc,mmu      ] GC(14) MMU target violated: 21.0ms (20.0ms/21.0ms)
[2026-03-12T17:12:26.168+0530][gc,phases   ] GC(14)   Pre Evacuate Collection Set: 1.5ms
[2026-03-12T17:12:26.168+0530][gc,phases   ] GC(14)   Merge Heap Roots: 0.5ms
[2026-03-12T17:12:26.168+0530][gc,phases   ] GC(14)   Evacuate Collection Set: 24.3ms
[2026-03-12T17:12:26.168+0530][gc,phases   ] GC(14)   Post Evacuate Collection Set: 0.5ms
[2026-03-12T17:12:26.168+0530][gc,phases   ] GC(14)   Other: 1.2ms
[2026-03-12T17:12:26.168+0530][gc,heap     ] GC(14) Eden regions: 46->0(46)
[2026-03-12T17:12:26.168+0530][gc,heap     ] GC(14) Survivor regions: 5->5(7)
[2026-03-12T17:12:26.168+0530][gc,heap     ] GC(14) Old regions: 29->31
[2026-03-12T17:12:26.168+0530][gc,heap     ] GC(14) Archive regions: 2->2
[2026-03-12T17:12:26.168+0530][gc,heap     ] GC(14) Humongous regions: 129->129
[2026-03-12T17:12:26.168+0530][gc,metaspace] GC(14) Metaspace: 42006K(42560K)->42006K(42560K) NonClass: 37010K(37312K)->37010K(37312K) Class: 4995K(5248K)->4995K(5248K)
[2026-03-12T17:12:26.168+0530][gc          ] GC(14) Pause Young (Normal) (G1 Evacuation Pause) 209M->165M(1024M) 28.101ms
[2026-03-12T17:12:26.168+0530][gc,cpu      ] GC(14) User=0.03s Sys=0.04s Real=0.02s
[2026-03-12T17:14:46.856+0530][gc,start    ] GC(15) Pause Young (Normal) (G1 Evacuation Pause)
[2026-03-12T17:14:46.857+0530][gc,task     ] GC(15) Using 8 workers of 8 for evacuation
[2026-03-12T17:14:46.897+0530][gc,mmu      ] GC(15) MMU target violated: 21.0ms (20.0ms/21.0ms)
[2026-03-12T17:14:46.897+0530][gc,phases   ] GC(15)   Pre Evacuate Collection Set: 1.5ms
[2026-03-12T17:14:46.897+0530][gc,phases   ] GC(15)   Merge Heap Roots: 0.6ms
[2026-03-12T17:14:46.897+0530][gc,phases   ] GC(15)   Evacuate Collection Set: 37.2ms
[2026-03-12T17:14:46.897+0530][gc,phases   ] GC(15)   Post Evacuate Collection Set: 0.6ms
[2026-03-12T17:14:46.897+0530][gc,phases   ] GC(15)   Other: 1.8ms
[2026-03-12T17:14:46.897+0530][gc,heap     ] GC(15) Eden regions: 46->0(45)
[2026-03-12T17:14:46.897+0530][gc,heap     ] GC(15) Survivor regions: 5->6(7)
[2026-03-12T17:14:46.897+0530][gc,heap     ] GC(15) Old regions: 31->33
[2026-03-12T17:14:46.897+0530][gc,heap     ] GC(15) Archive regions: 2->2
[2026-03-12T17:14:46.897+0530][gc,heap     ] GC(15) Humongous regions: 129->129
[2026-03-12T17:14:46.897+0530][gc,metaspace] GC(15) Metaspace: 42024K(42560K)->42024K(42560K) NonClass: 37028K(37312K)->37028K(37312K) Class: 4995K(5248K)->4995K(5248K)
[2026-03-12T17:14:46.897+0530][gc          ] GC(15) Pause Young (Normal) (G1 Evacuation Pause) 211M->167M(1024M) 41.714ms
[2026-03-12T17:14:46.898+0530][gc,cpu      ] GC(15) User=0.03s Sys=0.06s Real=0.04s
[2026-03-12T17:17:03.865+0530][gc,start    ] GC(16) Pause Young (Normal) (G1 Evacuation Pause)
[2026-03-12T17:17:03.866+0530][gc,task     ] GC(16) Using 8 workers of 8 for evacuation
[2026-03-12T17:17:03.894+0530][gc,mmu      ] GC(16) MMU target violated: 21.0ms (20.0ms/21.0ms)
[2026-03-12T17:17:03.894+0530][gc,phases   ] GC(16)   Pre Evacuate Collection Set: 0.8ms
[2026-03-12T17:17:03.894+0530][gc,phases   ] GC(16)   Merge Heap Roots: 1.9ms
[2026-03-12T17:17:03.894+0530][gc,phases   ] GC(16)   Evacuate Collection Set: 24.5ms
[2026-03-12T17:17:03.894+0530][gc,phases   ] GC(16)   Post Evacuate Collection Set: 0.6ms
[2026-03-12T17:17:03.894+0530][gc,phases   ] GC(16)   Other: 2.4ms
[2026-03-12T17:17:03.894+0530][gc,heap     ] GC(16) Eden regions: 45->0(45)
[2026-03-12T17:17:03.894+0530][gc,heap     ] GC(16) Survivor regions: 6->6(7)
[2026-03-12T17:17:03.894+0530][gc,heap     ] GC(16) Old regions: 33->35
[2026-03-12T17:17:03.894+0530][gc,heap     ] GC(16) Archive regions: 2->2
[2026-03-12T17:17:03.894+0530][gc,heap     ] GC(16) Humongous regions: 129->129
[2026-03-12T17:17:03.894+0530][gc,metaspace] GC(16) Metaspace: 42031K(42560K)->42031K(42560K) NonClass: 37036K(37312K)->37036K(37312K) Class: 4995K(5248K)->4995K(5248K)
[2026-03-12T17:17:03.894+0530][gc          ] GC(16) Pause Young (Normal) (G1 Evacuation Pause) 212M->170M(1024M) 30.190ms
[2026-03-12T17:17:03.894+0530][gc,cpu      ] GC(16) User=0.03s Sys=0.04s Real=0.03s
[2026-03-12T17:19:20.318+0530][gc,start    ] GC(17) Pause Young (Normal) (G1 Evacuation Pause)
[2026-03-12T17:19:20.318+0530][gc,task     ] GC(17) Using 8 workers of 8 for evacuation
[2026-03-12T17:19:20.347+0530][gc,mmu      ] GC(17) MMU target violated: 21.0ms (20.0ms/21.0ms)
[2026-03-12T17:19:20.347+0530][gc,phases   ] GC(17)   Pre Evacuate Collection Set: 0.4ms
[2026-03-12T17:19:20.347+0530][gc,phases   ] GC(17)   Merge Heap Roots: 0.2ms
[2026-03-12T17:19:20.347+0530][gc,phases   ] GC(17)   Evacuate Collection Set: 27.7ms
[2026-03-12T17:19:20.347+0530][gc,phases   ] GC(17)   Post Evacuate Collection Set: 0.5ms
[2026-03-12T17:19:20.348+0530][gc,phases   ] GC(17)   Other: 1.3ms
[2026-03-12T17:19:20.348+0530][gc,heap     ] GC(17) Eden regions: 45->0(45)
[2026-03-12T17:19:20.348+0530][gc,heap     ] GC(17) Survivor regions: 6->6(7)
[2026-03-12T17:19:20.348+0530][gc,heap     ] GC(17) Old regions: 35->37
[2026-03-12T17:19:20.348+0530][gc,heap     ] GC(17) Archive regions: 2->2
[2026-03-12T17:19:20.348+0530][gc,heap     ] GC(17) Humongous regions: 129->129
[2026-03-12T17:19:20.348+0530][gc,metaspace] GC(17) Metaspace: 42048K(42624K)->42048K(42624K) NonClass: 37053K(37376K)->37053K(37376K) Class: 4995K(5248K)->4995K(5248K)
[2026-03-12T17:19:20.348+0530][gc          ] GC(17) Pause Young (Normal) (G1 Evacuation Pause) 215M->172M(1024M) 30.522ms
[2026-03-12T17:19:20.348+0530][gc,cpu      ] GC(17) User=0.03s Sys=0.04s Real=0.03s
[2026-03-12T17:21:37.388+0530][gc,start    ] GC(18) Pause Young (Normal) (G1 Evacuation Pause)
[2026-03-12T17:21:37.388+0530][gc,task     ] GC(18) Using 8 workers of 8 for evacuation
[2026-03-12T17:21:37.399+0530][gc,phases   ] GC(18)   Pre Evacuate Collection Set: 0.4ms
[2026-03-12T17:21:37.400+0530][gc,phases   ] GC(18)   Merge Heap Roots: 0.2ms
[2026-03-12T17:21:37.400+0530][gc,phases   ] GC(18)   Evacuate Collection Set: 9.7ms
[2026-03-12T17:21:37.400+0530][gc,phases   ] GC(18)   Post Evacuate Collection Set: 0.7ms
[2026-03-12T17:21:37.400+0530][gc,phases   ] GC(18)   Other: 2.3ms
[2026-03-12T17:21:37.400+0530][gc,heap     ] GC(18) Eden regions: 45->0(48)
[2026-03-12T17:21:37.400+0530][gc,heap     ] GC(18) Survivor regions: 6->3(7)
[2026-03-12T17:21:37.400+0530][gc,heap     ] GC(18) Old regions: 37->39
[2026-03-12T17:21:37.400+0530][gc,heap     ] GC(18) Archive regions: 2->2
[2026-03-12T17:21:37.400+0530][gc,heap     ] GC(18) Humongous regions: 129->129
[2026-03-12T17:21:37.400+0530][gc,metaspace] GC(18) Metaspace: 42083K(42624K)->42083K(42624K) NonClass: 37087K(37376K)->37087K(37376K) Class: 4995K(5248K)->4995K(5248K)
[2026-03-12T17:21:37.400+0530][gc          ] GC(18) Pause Young (Normal) (G1 Evacuation Pause) 217M->171M(1024M) 12.617ms
[2026-03-12T17:21:37.400+0530][gc,cpu      ] GC(18) User=0.02s Sys=0.01s Real=0.02s
[2026-03-12T17:23:03.644+0530][gc,heap,exit] Heap
[2026-03-12T17:23:03.644+0530][gc,heap,exit]  garbage-first heap   total 1048576K, used 215522K [0x00000007c0000000, 0x0000000800000000)
[2026-03-12T17:23:03.644+0530][gc,heap,exit]   region size 1024K, 42 young (43008K), 3 survivors (3072K)
[2026-03-12T17:23:03.644+0530][gc,heap,exit]  Metaspace       used 43014K, committed 43584K, reserved 1114112K
[2026-03-12T17:23:03.644+0530][gc,heap,exit]   class space    used 5185K, committed 5440K, reserved 1048576K
