[2026-05-21T19:05:54.144+0530][gc] Using G1
[2026-05-21T19:05:54.146+0530][gc,init] Version: 17.0.10+7-LTS (release)
[2026-05-21T19:05:54.146+0530][gc,init] CPUs: 8 total, 8 available
[2026-05-21T19:05:54.146+0530][gc,init] Memory: 8192M
[2026-05-21T19:05:54.146+0530][gc,init] Large Page Support: Disabled
[2026-05-21T19:05:54.146+0530][gc,init] NUMA Support: Disabled
[2026-05-21T19:05:54.146+0530][gc,init] Compressed Oops: Enabled (Zero based)
[2026-05-21T19:05:54.146+0530][gc,init] Heap Region Size: 1M
[2026-05-21T19:05:54.146+0530][gc,init] Heap Min Capacity: 1G
[2026-05-21T19:05:54.146+0530][gc,init] Heap Initial Capacity: 1G
[2026-05-21T19:05:54.146+0530][gc,init] Heap Max Capacity: 1G
[2026-05-21T19:05:54.146+0530][gc,init] Pre-touch: Disabled
[2026-05-21T19:05:54.146+0530][gc,init] Parallel Workers: 8
[2026-05-21T19:05:54.146+0530][gc,init] Concurrent Workers: 2
[2026-05-21T19:05:54.146+0530][gc,init] Concurrent Refinement Workers: 8
[2026-05-21T19:05:54.146+0530][gc,init] Periodic GC: Disabled
[2026-05-21T19:05:54.151+0530][gc,metaspace] CDS archive(s) mapped at: [0x0000007000000000-0x0000007000bc0000-0x0000007000bc0000), size 12320768, SharedBaseAddress: 0x0000007000000000, ArchiveRelocationMode: 1.
[2026-05-21T19:05:54.151+0530][gc,metaspace] Compressed class space mapped at: 0x0000007001000000-0x0000007041000000, reserved size: 1073741824
[2026-05-21T19:05:54.151+0530][gc,metaspace] Narrow klass base: 0x0000007000000000, Narrow klass shift: 0, Narrow klass range: 0x100000000
[2026-05-21T19:06:00.028+0530][gc,start    ] GC(0) Pause Young (Normal) (G1 Evacuation Pause)
[2026-05-21T19:06:00.028+0530][gc,task     ] GC(0) Using 8 workers of 8 for evacuation
[2026-05-21T19:06:00.031+0530][gc,phases   ] GC(0)   Pre Evacuate Collection Set: 0.1ms
[2026-05-21T19:06:00.031+0530][gc,phases   ] GC(0)   Merge Heap Roots: 0.0ms
[2026-05-21T19:06:00.031+0530][gc,phases   ] GC(0)   Evacuate Collection Set: 2.6ms
[2026-05-21T19:06:00.031+0530][gc,phases   ] GC(0)   Post Evacuate Collection Set: 0.2ms
[2026-05-21T19:06:00.031+0530][gc,phases   ] GC(0)   Other: 0.4ms
[2026-05-21T19:06:00.031+0530][gc,heap     ] GC(0) Eden regions: 51->0(44)
[2026-05-21T19:06:00.031+0530][gc,heap     ] GC(0) Survivor regions: 0->7(7)
[2026-05-21T19:06:00.031+0530][gc,heap     ] GC(0) Old regions: 0->1
[2026-05-21T19:06:00.031+0530][gc,heap     ] GC(0) Archive regions: 2->2
[2026-05-21T19:06:00.031+0530][gc,heap     ] GC(0) Humongous regions: 0->0
[2026-05-21T19:06:00.031+0530][gc,metaspace] GC(0) Metaspace: 17814K(17984K)->17814K(17984K) NonClass: 15685K(15808K)->15685K(15808K) Class: 2128K(2176K)->2128K(2176K)
[2026-05-21T19:06:00.031+0530][gc          ] GC(0) Pause Young (Normal) (G1 Evacuation Pause) 51M->8M(1024M) 3.503ms
[2026-05-21T19:06:00.031+0530][gc,cpu      ] GC(0) User=0.02s Sys=0.00s Real=0.01s
[2026-05-21T19:06:00.230+0530][gc,start    ] GC(1) Pause Young (Concurrent Start) (Metadata GC Threshold)
[2026-05-21T19:06:00.230+0530][gc,task     ] GC(1) Using 8 workers of 8 for evacuation
[2026-05-21T19:06:00.234+0530][gc,phases   ] GC(1)   Pre Evacuate Collection Set: 0.2ms
[2026-05-21T19:06:00.234+0530][gc,phases   ] GC(1)   Merge Heap Roots: 0.0ms
[2026-05-21T19:06:00.234+0530][gc,phases   ] GC(1)   Evacuate Collection Set: 3.3ms
[2026-05-21T19:06:00.234+0530][gc,phases   ] GC(1)   Post Evacuate Collection Set: 0.4ms
[2026-05-21T19:06:00.234+0530][gc,phases   ] GC(1)   Other: 0.5ms
[2026-05-21T19:06:00.234+0530][gc,heap     ] GC(1) Eden regions: 16->0(49)
[2026-05-21T19:06:00.234+0530][gc,heap     ] GC(1) Survivor regions: 7->2(7)
[2026-05-21T19:06:00.234+0530][gc,heap     ] GC(1) Old regions: 1->8
[2026-05-21T19:06:00.235+0530][gc,heap     ] GC(1) Archive regions: 2->2
[2026-05-21T19:06:00.235+0530][gc,heap     ] GC(1) Humongous regions: 129->129
[2026-05-21T19:06:00.235+0530][gc,metaspace] GC(1) Metaspace: 21328K(21504K)->21328K(21504K) NonClass: 18744K(18816K)->18744K(18816K) Class: 2583K(2688K)->2583K(2688K)
[2026-05-21T19:06:00.235+0530][gc          ] GC(1) Pause Young (Concurrent Start) (Metadata GC Threshold) 152M->139M(1024M) 4.520ms
[2026-05-21T19:06:00.235+0530][gc,cpu      ] GC(1) User=0.02s Sys=0.00s Real=0.00s
[2026-05-21T19:06:00.235+0530][gc          ] GC(2) Concurrent Mark Cycle
[2026-05-21T19:06:00.235+0530][gc,marking  ] GC(2) Concurrent Clear Claimed Marks
[2026-05-21T19:06:00.235+0530][gc,marking  ] GC(2) Concurrent Clear Claimed Marks 0.014ms
[2026-05-21T19:06:00.235+0530][gc,marking  ] GC(2) Concurrent Scan Root Regions
[2026-05-21T19:06:00.237+0530][gc,marking  ] GC(2) Concurrent Scan Root Regions 2.478ms
[2026-05-21T19:06:00.237+0530][gc,marking  ] GC(2) Concurrent Mark
[2026-05-21T19:06:00.237+0530][gc,marking  ] GC(2) Concurrent Mark From Roots
[2026-05-21T19:06:00.237+0530][gc,task     ] GC(2) Using 2 workers of 2 for marking
[2026-05-21T19:06:00.239+0530][gc,marking  ] GC(2) Concurrent Mark From Roots 1.937ms
[2026-05-21T19:06:00.239+0530][gc,marking  ] GC(2) Concurrent Preclean
[2026-05-21T19:06:00.239+0530][gc,marking  ] GC(2) Concurrent Preclean 0.021ms
[2026-05-21T19:06:00.239+0530][gc,start    ] GC(2) Pause Remark
[2026-05-21T19:06:00.241+0530][gc          ] GC(2) Pause Remark 140M->140M(1024M) 1.372ms
[2026-05-21T19:06:00.241+0530][gc,cpu      ] GC(2) User=0.00s Sys=0.00s Real=0.01s
[2026-05-21T19:06:00.241+0530][gc,marking  ] GC(2) Concurrent Mark 3.623ms
[2026-05-21T19:06:00.241+0530][gc,marking  ] GC(2) Concurrent Rebuild Remembered Sets
[2026-05-21T19:06:00.243+0530][gc,marking  ] GC(2) Concurrent Rebuild Remembered Sets 2.598ms
[2026-05-21T19:06:00.244+0530][gc,start    ] GC(2) Pause Cleanup
[2026-05-21T19:06:00.244+0530][gc          ] GC(2) Pause Cleanup 140M->140M(1024M) 0.112ms
[2026-05-21T19:06:00.244+0530][gc,cpu      ] GC(2) User=0.00s Sys=0.00s Real=0.00s
[2026-05-21T19:06:00.244+0530][gc,marking  ] GC(2) Concurrent Cleanup for Next Mark
[2026-05-21T19:06:00.246+0530][gc,marking  ] GC(2) Concurrent Cleanup for Next Mark 2.240ms
[2026-05-21T19:06:00.248+0530][gc          ] GC(2) Concurrent Mark Cycle 13.816ms
[2026-05-21T19:06:00.632+0530][gc,start    ] GC(3) Pause Young (Normal) (G1 Evacuation Pause)
[2026-05-21T19:06:00.632+0530][gc,task     ] GC(3) Using 8 workers of 8 for evacuation
[2026-05-21T19:06:00.635+0530][gc,phases   ] GC(3)   Pre Evacuate Collection Set: 0.1ms
[2026-05-21T19:06:00.635+0530][gc,phases   ] GC(3)   Merge Heap Roots: 0.0ms
[2026-05-21T19:06:00.635+0530][gc,phases   ] GC(3)   Evacuate Collection Set: 2.3ms
[2026-05-21T19:06:00.635+0530][gc,phases   ] GC(3)   Post Evacuate Collection Set: 0.2ms
[2026-05-21T19:06:00.635+0530][gc,phases   ] GC(3)   Other: 0.1ms
[2026-05-21T19:06:00.635+0530][gc,heap     ] GC(3) Eden regions: 49->0(44)
[2026-05-21T19:06:00.635+0530][gc,heap     ] GC(3) Survivor regions: 2->7(7)
[2026-05-21T19:06:00.635+0530][gc,heap     ] GC(3) Old regions: 8->8
[2026-05-21T19:06:00.635+0530][gc,heap     ] GC(3) Archive regions: 2->2
[2026-05-21T19:06:00.635+0530][gc,heap     ] GC(3) Humongous regions: 129->129
[2026-05-21T19:06:00.635+0530][gc,metaspace] GC(3) Metaspace: 32711K(32960K)->32711K(32960K) NonClass: 29081K(29248K)->29081K(29248K) Class: 3630K(3712K)->3630K(3712K)
[2026-05-21T19:06:00.635+0530][gc          ] GC(3) Pause Young (Normal) (G1 Evacuation Pause) 188M->143M(1024M) 2.851ms
[2026-05-21T19:06:00.635+0530][gc,cpu      ] GC(3) User=0.02s Sys=0.00s Real=0.00s
[2026-05-21T19:06:00.853+0530][gc,start    ] GC(4) Pause Young (Concurrent Start) (Metadata GC Threshold)
[2026-05-21T19:06:00.854+0530][gc,task     ] GC(4) Using 8 workers of 8 for evacuation
[2026-05-21T19:06:00.858+0530][gc,phases   ] GC(4)   Pre Evacuate Collection Set: 0.2ms
[2026-05-21T19:06:00.858+0530][gc,phases   ] GC(4)   Merge Heap Roots: 0.1ms
[2026-05-21T19:06:00.858+0530][gc,phases   ] GC(4)   Evacuate Collection Set: 3.5ms
[2026-05-21T19:06:00.858+0530][gc,phases   ] GC(4)   Post Evacuate Collection Set: 0.3ms
[2026-05-21T19:06:00.858+0530][gc,phases   ] GC(4)   Other: 1.1ms
[2026-05-21T19:06:00.858+0530][gc,heap     ] GC(4) Eden regions: 15->0(49)
[2026-05-21T19:06:00.858+0530][gc,heap     ] GC(4) Survivor regions: 7->2(7)
[2026-05-21T19:06:00.858+0530][gc,heap     ] GC(4) Old regions: 8->14
[2026-05-21T19:06:00.858+0530][gc,heap     ] GC(4) Archive regions: 2->2
[2026-05-21T19:06:00.858+0530][gc,heap     ] GC(4) Humongous regions: 129->129
[2026-05-21T19:06:00.858+0530][gc,metaspace] GC(4) Metaspace: 35835K(36160K)->35835K(36160K) NonClass: 31664K(31808K)->31664K(31808K) Class: 4171K(4352K)->4171K(4352K)
[2026-05-21T19:06:00.858+0530][gc          ] GC(4) Pause Young (Concurrent Start) (Metadata GC Threshold) 158M->145M(1024M) 5.235ms
[2026-05-21T19:06:00.858+0530][gc,cpu      ] GC(4) User=0.02s Sys=0.00s Real=0.00s
[2026-05-21T19:06:00.858+0530][gc          ] GC(5) Concurrent Mark Cycle
[2026-05-21T19:06:00.858+0530][gc,marking  ] GC(5) Concurrent Clear Claimed Marks
[2026-05-21T19:06:00.858+0530][gc,marking  ] GC(5) Concurrent Clear Claimed Marks 0.026ms
[2026-05-21T19:06:00.858+0530][gc,marking  ] GC(5) Concurrent Scan Root Regions
[2026-05-21T19:06:00.861+0530][gc,marking  ] GC(5) Concurrent Scan Root Regions 2.914ms
[2026-05-21T19:06:00.861+0530][gc,marking  ] GC(5) Concurrent Mark
[2026-05-21T19:06:00.861+0530][gc,marking  ] GC(5) Concurrent Mark From Roots
[2026-05-21T19:06:00.861+0530][gc,task     ] GC(5) Using 2 workers of 2 for marking
[2026-05-21T19:06:00.865+0530][gc,marking  ] GC(5) Concurrent Mark From Roots 4.186ms
[2026-05-21T19:06:00.866+0530][gc,marking  ] GC(5) Concurrent Preclean
[2026-05-21T19:06:00.866+0530][gc,marking  ] GC(5) Concurrent Preclean 0.052ms
[2026-05-21T19:06:00.866+0530][gc,start    ] GC(5) Pause Remark
[2026-05-21T19:06:00.868+0530][gc          ] GC(5) Pause Remark 145M->145M(1024M) 1.452ms
[2026-05-21T19:06:00.868+0530][gc,cpu      ] GC(5) User=0.00s Sys=0.00s Real=0.00s
[2026-05-21T19:06:00.868+0530][gc,marking  ] GC(5) Concurrent Mark 6.375ms
[2026-05-21T19:06:00.868+0530][gc,marking  ] GC(5) Concurrent Rebuild Remembered Sets
[2026-05-21T19:06:00.874+0530][gc,marking  ] GC(5) Concurrent Rebuild Remembered Sets 5.996ms
[2026-05-21T19:06:00.877+0530][gc,start    ] GC(5) Pause Cleanup
[2026-05-21T19:06:00.877+0530][gc          ] GC(5) Pause Cleanup 146M->146M(1024M) 0.148ms
[2026-05-21T19:06:00.877+0530][gc,cpu      ] GC(5) User=0.00s Sys=0.00s Real=0.00s
[2026-05-21T19:06:00.877+0530][gc,marking  ] GC(5) Concurrent Cleanup for Next Mark
[2026-05-21T19:06:00.879+0530][gc,marking  ] GC(5) Concurrent Cleanup for Next Mark 1.898ms
[2026-05-21T19:06:00.885+0530][gc          ] GC(5) Concurrent Mark Cycle 26.299ms
[2026-05-21T19:07:03.730+0530][gc,start    ] GC(6) Pause Young (Normal) (G1 Evacuation Pause)
[2026-05-21T19:07:03.730+0530][gc,task     ] GC(6) Using 8 workers of 8 for evacuation
[2026-05-21T19:07:03.768+0530][gc,mmu      ] GC(6) MMU target violated: 21.0ms (20.0ms/21.0ms)
[2026-05-21T19:07:03.769+0530][gc,phases   ] GC(6)   Pre Evacuate Collection Set: 2.3ms
[2026-05-21T19:07:03.769+0530][gc,phases   ] GC(6)   Merge Heap Roots: 0.9ms
[2026-05-21T19:07:03.769+0530][gc,phases   ] GC(6)   Evacuate Collection Set: 33.6ms
[2026-05-21T19:07:03.769+0530][gc,phases   ] GC(6)   Post Evacuate Collection Set: 1.1ms
[2026-05-21T19:07:03.769+0530][gc,phases   ] GC(6)   Other: 2.5ms
[2026-05-21T19:07:03.769+0530][gc,heap     ] GC(6) Eden regions: 49->0(46)
[2026-05-21T19:07:03.769+0530][gc,heap     ] GC(6) Survivor regions: 2->5(7)
[2026-05-21T19:07:03.769+0530][gc,heap     ] GC(6) Old regions: 14->14
[2026-05-21T19:07:03.769+0530][gc,heap     ] GC(6) Archive regions: 2->2
[2026-05-21T19:07:03.769+0530][gc,heap     ] GC(6) Humongous regions: 129->129
[2026-05-21T19:07:03.769+0530][gc,metaspace] GC(6) Metaspace: 41519K(42112K)->41519K(42112K) NonClass: 36530K(36864K)->36530K(36864K) Class: 4988K(5248K)->4988K(5248K)
[2026-05-21T19:07:03.769+0530][gc          ] GC(6) Pause Young (Normal) (G1 Evacuation Pause) 194M->148M(1024M) 39.883ms
[2026-05-21T19:07:03.769+0530][gc,cpu      ] GC(6) User=0.03s Sys=0.08s Real=0.04s
[2026-05-21T19:09:44.243+0530][gc,start    ] GC(7) Pause Young (Normal) (G1 Evacuation Pause)
[2026-05-21T19:09:44.244+0530][gc,task     ] GC(7) Using 8 workers of 8 for evacuation
[2026-05-21T19:09:44.265+0530][gc,mmu      ] GC(7) MMU target violated: 20.8ms (20.0ms/21.0ms)
[2026-05-21T19:09:44.265+0530][gc,phases   ] GC(7)   Pre Evacuate Collection Set: 0.9ms
[2026-05-21T19:09:44.265+0530][gc,phases   ] GC(7)   Merge Heap Roots: 0.2ms
[2026-05-21T19:09:44.265+0530][gc,phases   ] GC(7)   Evacuate Collection Set: 19.6ms
[2026-05-21T19:09:44.265+0530][gc,phases   ] GC(7)   Post Evacuate Collection Set: 0.4ms
[2026-05-21T19:09:44.265+0530][gc,phases   ] GC(7)   Other: 1.6ms
[2026-05-21T19:09:44.265+0530][gc,heap     ] GC(7) Eden regions: 46->0(47)
[2026-05-21T19:09:44.265+0530][gc,heap     ] GC(7) Survivor regions: 5->4(7)
[2026-05-21T19:09:44.265+0530][gc,heap     ] GC(7) Old regions: 14->18
[2026-05-21T19:09:44.265+0530][gc,heap     ] GC(7) Archive regions: 2->2
[2026-05-21T19:09:44.265+0530][gc,heap     ] GC(7) Humongous regions: 129->129
[2026-05-21T19:09:44.265+0530][gc,metaspace] GC(7) Metaspace: 41892K(42432K)->41892K(42432K) NonClass: 36871K(37184K)->36871K(37184K) Class: 5020K(5248K)->5020K(5248K)
[2026-05-21T19:09:44.265+0530][gc          ] GC(7) Pause Young (Normal) (G1 Evacuation Pause) 194M->150M(1024M) 22.564ms
[2026-05-21T19:09:44.265+0530][gc,cpu      ] GC(7) User=0.02s Sys=0.03s Real=0.02s
[2026-05-21T19:11:50.996+0530][gc,start    ] GC(8) Pause Young (Normal) (G1 Evacuation Pause)
[2026-05-21T19:11:50.997+0530][gc,task     ] GC(8) Using 8 workers of 8 for evacuation
[2026-05-21T19:11:51.019+0530][gc,mmu      ] GC(8) MMU target violated: 21.0ms (20.0ms/21.0ms)
[2026-05-21T19:11:51.019+0530][gc,phases   ] GC(8)   Pre Evacuate Collection Set: 0.7ms
[2026-05-21T19:11:51.019+0530][gc,phases   ] GC(8)   Merge Heap Roots: 0.7ms
[2026-05-21T19:11:51.019+0530][gc,phases   ] GC(8)   Evacuate Collection Set: 19.0ms
[2026-05-21T19:11:51.019+0530][gc,phases   ] GC(8)   Post Evacuate Collection Set: 1.2ms
[2026-05-21T19:11:51.020+0530][gc,phases   ] GC(8)   Other: 2.6ms
[2026-05-21T19:11:51.020+0530][gc,heap     ] GC(8) Eden regions: 47->0(45)
[2026-05-21T19:11:51.020+0530][gc,heap     ] GC(8) Survivor regions: 4->6(7)
[2026-05-21T19:11:51.020+0530][gc,heap     ] GC(8) Old regions: 18->18
[2026-05-21T19:11:51.020+0530][gc,heap     ] GC(8) Archive regions: 2->2
[2026-05-21T19:11:51.020+0530][gc,heap     ] GC(8) Humongous regions: 129->129
[2026-05-21T19:11:51.020+0530][gc,metaspace] GC(8) Metaspace: 41927K(42496K)->41927K(42496K) NonClass: 36906K(37248K)->36906K(37248K) Class: 5021K(5248K)->5021K(5248K)
[2026-05-21T19:11:51.020+0530][gc          ] GC(8) Pause Young (Normal) (G1 Evacuation Pause) 197M->152M(1024M) 24.163ms
[2026-05-21T19:11:51.020+0530][gc,cpu      ] GC(8) User=0.02s Sys=0.03s Real=0.03s
[2026-05-21T19:13:54.871+0530][gc,start    ] GC(9) Pause Young (Normal) (G1 Evacuation Pause)
[2026-05-21T19:13:54.872+0530][gc,task     ] GC(9) Using 8 workers of 8 for evacuation
[2026-05-21T19:13:54.890+0530][gc,phases   ] GC(9)   Pre Evacuate Collection Set: 0.8ms
[2026-05-21T19:13:54.890+0530][gc,phases   ] GC(9)   Merge Heap Roots: 0.3ms
[2026-05-21T19:13:54.890+0530][gc,phases   ] GC(9)   Evacuate Collection Set: 16.2ms
[2026-05-21T19:13:54.890+0530][gc,phases   ] GC(9)   Post Evacuate Collection Set: 0.5ms
[2026-05-21T19:13:54.890+0530][gc,phases   ] GC(9)   Other: 1.5ms
[2026-05-21T19:13:54.890+0530][gc,heap     ] GC(9) Eden regions: 45->0(45)
[2026-05-21T19:13:54.890+0530][gc,heap     ] GC(9) Survivor regions: 6->6(7)
[2026-05-21T19:13:54.890+0530][gc,heap     ] GC(9) Old regions: 18->19
[2026-05-21T19:13:54.890+0530][gc,heap     ] GC(9) Archive regions: 2->2
[2026-05-21T19:13:54.890+0530][gc,heap     ] GC(9) Humongous regions: 129->129
[2026-05-21T19:13:54.890+0530][gc,metaspace] GC(9) Metaspace: 41932K(42496K)->41932K(42496K) NonClass: 36911K(37248K)->36911K(37248K) Class: 5021K(5248K)->5021K(5248K)
[2026-05-21T19:13:54.890+0530][gc          ] GC(9) Pause Young (Normal) (G1 Evacuation Pause) 197M->154M(1024M) 19.362ms
[2026-05-21T19:13:54.890+0530][gc,cpu      ] GC(9) User=0.03s Sys=0.04s Real=0.02s
[2026-05-21T19:16:00.642+0530][gc,start    ] GC(10) Pause Young (Normal) (G1 Evacuation Pause)
[2026-05-21T19:16:00.642+0530][gc,task     ] GC(10) Using 8 workers of 8 for evacuation
[2026-05-21T19:16:00.653+0530][gc,phases   ] GC(10)   Pre Evacuate Collection Set: 0.3ms
[2026-05-21T19:16:00.653+0530][gc,phases   ] GC(10)   Merge Heap Roots: 0.1ms
[2026-05-21T19:16:00.653+0530][gc,phases   ] GC(10)   Evacuate Collection Set: 9.8ms
[2026-05-21T19:16:00.653+0530][gc,phases   ] GC(10)   Post Evacuate Collection Set: 0.4ms
[2026-05-21T19:16:00.653+0530][gc,phases   ] GC(10)   Other: 1.1ms
[2026-05-21T19:16:00.653+0530][gc,heap     ] GC(10) Eden regions: 45->0(45)
[2026-05-21T19:16:00.653+0530][gc,heap     ] GC(10) Survivor regions: 6->6(7)
[2026-05-21T19:16:00.653+0530][gc,heap     ] GC(10) Old regions: 19->21
[2026-05-21T19:16:00.653+0530][gc,heap     ] GC(10) Archive regions: 2->2
[2026-05-21T19:16:00.653+0530][gc,heap     ] GC(10) Humongous regions: 129->129
[2026-05-21T19:16:00.653+0530][gc,metaspace] GC(10) Metaspace: 42005K(42688K)->42005K(42688K) NonClass: 36970K(37376K)->36970K(37376K) Class: 5035K(5312K)->5035K(5312K)
[2026-05-21T19:16:00.654+0530][gc          ] GC(10) Pause Young (Normal) (G1 Evacuation Pause) 199M->156M(1024M) 11.925ms
[2026-05-21T19:16:00.654+0530][gc,cpu      ] GC(10) User=0.03s Sys=0.02s Real=0.01s
[2026-05-21T19:18:07.050+0530][gc,start    ] GC(11) Pause Young (Normal) (G1 Evacuation Pause)
[2026-05-21T19:18:07.050+0530][gc,task     ] GC(11) Using 8 workers of 8 for evacuation
[2026-05-21T19:18:07.074+0530][gc,mmu      ] GC(11) MMU target violated: 21.0ms (20.0ms/21.0ms)
[2026-05-21T19:18:07.074+0530][gc,phases   ] GC(11)   Pre Evacuate Collection Set: 0.8ms
[2026-05-21T19:18:07.074+0530][gc,phases   ] GC(11)   Merge Heap Roots: 0.4ms
[2026-05-21T19:18:07.074+0530][gc,phases   ] GC(11)   Evacuate Collection Set: 21.6ms
[2026-05-21T19:18:07.074+0530][gc,phases   ] GC(11)   Post Evacuate Collection Set: 0.7ms
[2026-05-21T19:18:07.074+0530][gc,phases   ] GC(11)   Other: 1.6ms
[2026-05-21T19:18:07.074+0530][gc,heap     ] GC(11) Eden regions: 45->0(45)
[2026-05-21T19:18:07.074+0530][gc,heap     ] GC(11) Survivor regions: 6->6(7)
[2026-05-21T19:18:07.074+0530][gc,heap     ] GC(11) Old regions: 21->23
[2026-05-21T19:18:07.074+0530][gc,heap     ] GC(11) Archive regions: 2->2
[2026-05-21T19:18:07.074+0530][gc,heap     ] GC(11) Humongous regions: 129->129
[2026-05-21T19:18:07.074+0530][gc,metaspace] GC(11) Metaspace: 42055K(42688K)->42055K(42688K) NonClass: 37016K(37376K)->37016K(37376K) Class: 5038K(5312K)->5038K(5312K)
[2026-05-21T19:18:07.074+0530][gc          ] GC(11) Pause Young (Normal) (G1 Evacuation Pause) 201M->158M(1024M) 25.222ms
[2026-05-21T19:18:07.074+0530][gc,cpu      ] GC(11) User=0.04s Sys=0.03s Real=0.03s
[2026-05-21T19:20:15.498+0530][gc,start    ] GC(12) Pause Young (Normal) (G1 Evacuation Pause)
[2026-05-21T19:20:15.499+0530][gc,task     ] GC(12) Using 8 workers of 8 for evacuation
[2026-05-21T19:20:15.511+0530][gc,phases   ] GC(12)   Pre Evacuate Collection Set: 0.4ms
[2026-05-21T19:20:15.511+0530][gc,phases   ] GC(12)   Merge Heap Roots: 0.2ms
[2026-05-21T19:20:15.511+0530][gc,phases   ] GC(12)   Evacuate Collection Set: 10.3ms
[2026-05-21T19:20:15.511+0530][gc,phases   ] GC(12)   Post Evacuate Collection Set: 0.4ms
[2026-05-21T19:20:15.511+0530][gc,phases   ] GC(12)   Other: 1.2ms
[2026-05-21T19:20:15.511+0530][gc,heap     ] GC(12) Eden regions: 45->0(45)
[2026-05-21T19:20:15.511+0530][gc,heap     ] GC(12) Survivor regions: 6->6(7)
[2026-05-21T19:20:15.511+0530][gc,heap     ] GC(12) Old regions: 23->25
[2026-05-21T19:20:15.511+0530][gc,heap     ] GC(12) Archive regions: 2->2
[2026-05-21T19:20:15.511+0530][gc,heap     ] GC(12) Humongous regions: 129->129
[2026-05-21T19:20:15.511+0530][gc,metaspace] GC(12) Metaspace: 42060K(42688K)->42060K(42688K) NonClass: 37021K(37376K)->37021K(37376K) Class: 5038K(5312K)->5038K(5312K)
[2026-05-21T19:20:15.511+0530][gc          ] GC(12) Pause Young (Normal) (G1 Evacuation Pause) 203M->159M(1024M) 12.648ms
[2026-05-21T19:20:15.511+0530][gc,cpu      ] GC(12) User=0.03s Sys=0.01s Real=0.02s
[2026-05-21T19:22:23.887+0530][gc,start    ] GC(13) Pause Young (Normal) (G1 Evacuation Pause)
[2026-05-21T19:22:23.888+0530][gc,task     ] GC(13) Using 8 workers of 8 for evacuation
[2026-05-21T19:22:23.902+0530][gc,phases   ] GC(13)   Pre Evacuate Collection Set: 1.0ms
[2026-05-21T19:22:23.902+0530][gc,phases   ] GC(13)   Merge Heap Roots: 0.5ms
[2026-05-21T19:22:23.902+0530][gc,phases   ] GC(13)   Evacuate Collection Set: 11.5ms
[2026-05-21T19:22:23.902+0530][gc,phases   ] GC(13)   Post Evacuate Collection Set: 0.6ms
[2026-05-21T19:22:23.902+0530][gc,phases   ] GC(13)   Other: 1.0ms
[2026-05-21T19:22:23.902+0530][gc,heap     ] GC(13) Eden regions: 45->0(45)
[2026-05-21T19:22:23.902+0530][gc,heap     ] GC(13) Survivor regions: 6->6(7)
[2026-05-21T19:22:23.902+0530][gc,heap     ] GC(13) Old regions: 25->27
[2026-05-21T19:22:23.902+0530][gc,heap     ] GC(13) Archive regions: 2->2
[2026-05-21T19:22:23.902+0530][gc,heap     ] GC(13) Humongous regions: 129->129
[2026-05-21T19:22:23.902+0530][gc,metaspace] GC(13) Metaspace: 42067K(42688K)->42067K(42688K) NonClass: 37028K(37376K)->37028K(37376K) Class: 5038K(5312K)->5038K(5312K)
[2026-05-21T19:22:23.902+0530][gc          ] GC(13) Pause Young (Normal) (G1 Evacuation Pause) 204M->161M(1024M) 14.589ms
[2026-05-21T19:22:23.902+0530][gc,cpu      ] GC(13) User=0.04s Sys=0.03s Real=0.02s
[2026-05-21T19:24:31.887+0530][gc,start    ] GC(14) Pause Young (Normal) (G1 Evacuation Pause)
[2026-05-21T19:24:31.888+0530][gc,task     ] GC(14) Using 8 workers of 8 for evacuation
[2026-05-21T19:24:31.916+0530][gc,mmu      ] GC(14) MMU target violated: 21.0ms (20.0ms/21.0ms)
[2026-05-21T19:24:31.916+0530][gc,phases   ] GC(14)   Pre Evacuate Collection Set: 0.9ms
[2026-05-21T19:24:31.916+0530][gc,phases   ] GC(14)   Merge Heap Roots: 1.1ms
[2026-05-21T19:24:31.916+0530][gc,phases   ] GC(14)   Evacuate Collection Set: 24.8ms
[2026-05-21T19:24:31.916+0530][gc,phases   ] GC(14)   Post Evacuate Collection Set: 0.6ms
[2026-05-21T19:24:31.916+0530][gc,phases   ] GC(14)   Other: 2.0ms
[2026-05-21T19:24:31.916+0530][gc,heap     ] GC(14) Eden regions: 45->0(45)
[2026-05-21T19:24:31.916+0530][gc,heap     ] GC(14) Survivor regions: 6->6(7)
[2026-05-21T19:24:31.916+0530][gc,heap     ] GC(14) Old regions: 27->29
[2026-05-21T19:24:31.916+0530][gc,heap     ] GC(14) Archive regions: 2->2
[2026-05-21T19:24:31.916+0530][gc,heap     ] GC(14) Humongous regions: 129->129
[2026-05-21T19:24:31.916+0530][gc,metaspace] GC(14) Metaspace: 42073K(42688K)->42073K(42688K) NonClass: 37034K(37376K)->37034K(37376K) Class: 5038K(5312K)->5038K(5312K)
[2026-05-21T19:24:31.916+0530][gc          ] GC(14) Pause Young (Normal) (G1 Evacuation Pause) 206M->163M(1024M) 28.679ms
[2026-05-21T19:24:31.916+0530][gc,cpu      ] GC(14) User=0.03s Sys=0.04s Real=0.03s
[2026-05-21T19:26:44.002+0530][gc,start    ] GC(15) Pause Young (Normal) (G1 Evacuation Pause)
[2026-05-21T19:26:44.003+0530][gc,task     ] GC(15) Using 8 workers of 8 for evacuation
[2026-05-21T19:26:44.021+0530][gc,phases   ] GC(15)   Pre Evacuate Collection Set: 0.9ms
[2026-05-21T19:26:44.021+0530][gc,phases   ] GC(15)   Merge Heap Roots: 0.3ms
[2026-05-21T19:26:44.021+0530][gc,phases   ] GC(15)   Evacuate Collection Set: 16.4ms
[2026-05-21T19:26:44.021+0530][gc,phases   ] GC(15)   Post Evacuate Collection Set: 0.6ms
[2026-05-21T19:26:44.021+0530][gc,phases   ] GC(15)   Other: 1.1ms
[2026-05-21T19:26:44.021+0530][gc,heap     ] GC(15) Eden regions: 45->0(46)
[2026-05-21T19:26:44.021+0530][gc,heap     ] GC(15) Survivor regions: 6->5(7)
[2026-05-21T19:26:44.021+0530][gc,heap     ] GC(15) Old regions: 29->32
[2026-05-21T19:26:44.021+0530][gc,heap     ] GC(15) Archive regions: 2->2
[2026-05-21T19:26:44.021+0530][gc,heap     ] GC(15) Humongous regions: 129->129
[2026-05-21T19:26:44.021+0530][gc,metaspace] GC(15) Metaspace: 42097K(42688K)->42097K(42688K) NonClass: 37058K(37376K)->37058K(37376K) Class: 5038K(5312K)->5038K(5312K)
[2026-05-21T19:26:44.021+0530][gc          ] GC(15) Pause Young (Normal) (G1 Evacuation Pause) 208M->165M(1024M) 19.346ms
[2026-05-21T19:26:44.021+0530][gc,cpu      ] GC(15) User=0.03s Sys=0.02s Real=0.02s
[2026-05-21T19:28:54.488+0530][gc,start    ] GC(16) Pause Young (Normal) (G1 Evacuation Pause)
[2026-05-21T19:28:54.488+0530][gc,task     ] GC(16) Using 8 workers of 8 for evacuation
[2026-05-21T19:28:54.521+0530][gc,mmu      ] GC(16) MMU target violated: 21.0ms (20.0ms/21.0ms)
[2026-05-21T19:28:54.521+0530][gc,phases   ] GC(16)   Pre Evacuate Collection Set: 2.8ms
[2026-05-21T19:28:54.521+0530][gc,phases   ] GC(16)   Merge Heap Roots: 2.1ms
[2026-05-21T19:28:54.521+0530][gc,phases   ] GC(16)   Evacuate Collection Set: 24.1ms
[2026-05-21T19:28:54.521+0530][gc,phases   ] GC(16)   Post Evacuate Collection Set: 0.5ms
[2026-05-21T19:28:54.521+0530][gc,phases   ] GC(16)   Other: 4.6ms
[2026-05-21T19:28:54.521+0530][gc,heap     ] GC(16) Eden regions: 46->0(46)
[2026-05-21T19:28:54.521+0530][gc,heap     ] GC(16) Survivor regions: 5->5(7)
[2026-05-21T19:28:54.521+0530][gc,heap     ] GC(16) Old regions: 32->34
[2026-05-21T19:28:54.521+0530][gc,heap     ] GC(16) Archive regions: 2->2
[2026-05-21T19:28:54.521+0530][gc,heap     ] GC(16) Humongous regions: 129->129
[2026-05-21T19:28:54.521+0530][gc,metaspace] GC(16) Metaspace: 42106K(42688K)->42106K(42688K) NonClass: 37067K(37376K)->37067K(37376K) Class: 5038K(5312K)->5038K(5312K)
[2026-05-21T19:28:54.521+0530][gc          ] GC(16) Pause Young (Normal) (G1 Evacuation Pause) 211M->168M(1024M) 34.145ms
[2026-05-21T19:28:54.521+0530][gc,cpu      ] GC(16) User=0.02s Sys=0.04s Real=0.04s
[2026-05-21T19:31:05.694+0530][gc,start    ] GC(17) Pause Young (Normal) (G1 Evacuation Pause)
[2026-05-21T19:31:05.695+0530][gc,task     ] GC(17) Using 8 workers of 8 for evacuation
[2026-05-21T19:31:05.710+0530][gc,phases   ] GC(17)   Pre Evacuate Collection Set: 0.8ms
[2026-05-21T19:31:05.710+0530][gc,phases   ] GC(17)   Merge Heap Roots: 0.3ms
[2026-05-21T19:31:05.710+0530][gc,phases   ] GC(17)   Evacuate Collection Set: 13.3ms
[2026-05-21T19:31:05.710+0530][gc,phases   ] GC(17)   Post Evacuate Collection Set: 0.5ms
[2026-05-21T19:31:05.710+0530][gc,phases   ] GC(17)   Other: 2.1ms
[2026-05-21T19:31:05.710+0530][gc,heap     ] GC(17) Eden regions: 46->0(46)
[2026-05-21T19:31:05.710+0530][gc,heap     ] GC(17) Survivor regions: 5->5(7)
[2026-05-21T19:31:05.710+0530][gc,heap     ] GC(17) Old regions: 34->36
[2026-05-21T19:31:05.710+0530][gc,heap     ] GC(17) Archive regions: 2->2
[2026-05-21T19:31:05.710+0530][gc,heap     ] GC(17) Humongous regions: 129->129
[2026-05-21T19:31:05.710+0530][gc,metaspace] GC(17) Metaspace: 42111K(42752K)->42111K(42752K) NonClass: 37072K(37440K)->37072K(37440K) Class: 5038K(5312K)->5038K(5312K)
[2026-05-21T19:31:05.711+0530][gc          ] GC(17) Pause Young (Normal) (G1 Evacuation Pause) 214M->170M(1024M) 17.098ms
[2026-05-21T19:31:05.711+0530][gc,cpu      ] GC(17) User=0.04s Sys=0.02s Real=0.02s
[2026-05-21T19:33:16.168+0530][gc,start    ] GC(18) Pause Young (Normal) (G1 Evacuation Pause)
[2026-05-21T19:33:16.168+0530][gc,task     ] GC(18) Using 8 workers of 8 for evacuation
[2026-05-21T19:33:16.191+0530][gc,mmu      ] GC(18) MMU target violated: 21.0ms (20.0ms/21.0ms)
[2026-05-21T19:33:16.192+0530][gc,phases   ] GC(18)   Pre Evacuate Collection Set: 0.5ms
[2026-05-21T19:33:16.192+0530][gc,phases   ] GC(18)   Merge Heap Roots: 0.3ms
[2026-05-21T19:33:16.192+0530][gc,phases   ] GC(18)   Evacuate Collection Set: 21.7ms
[2026-05-21T19:33:16.192+0530][gc,phases   ] GC(18)   Post Evacuate Collection Set: 0.4ms
[2026-05-21T19:33:16.192+0530][gc,phases   ] GC(18)   Other: 1.8ms
[2026-05-21T19:33:16.192+0530][gc,heap     ] GC(18) Eden regions: 46->0(46)
[2026-05-21T19:33:16.192+0530][gc,heap     ] GC(18) Survivor regions: 5->5(7)
[2026-05-21T19:33:16.192+0530][gc,heap     ] GC(18) Old regions: 36->38
[2026-05-21T19:33:16.192+0530][gc,heap     ] GC(18) Archive regions: 2->2
[2026-05-21T19:33:16.192+0530][gc,heap     ] GC(18) Humongous regions: 129->129
[2026-05-21T19:33:16.192+0530][gc,metaspace] GC(18) Metaspace: 42135K(42752K)->42135K(42752K) NonClass: 37097K(37440K)->37097K(37440K) Class: 5038K(5312K)->5038K(5312K)
[2026-05-21T19:33:16.192+0530][gc          ] GC(18) Pause Young (Normal) (G1 Evacuation Pause) 216M->172M(1024M) 24.802ms
[2026-05-21T19:33:16.192+0530][gc,cpu      ] GC(18) User=0.02s Sys=0.02s Real=0.03s
[2026-05-21T19:35:26.619+0530][gc,start    ] GC(19) Pause Young (Normal) (G1 Evacuation Pause)
[2026-05-21T19:35:26.620+0530][gc,task     ] GC(19) Using 8 workers of 8 for evacuation
[2026-05-21T19:35:26.641+0530][gc,mmu      ] GC(19) MMU target violated: 20.4ms (20.0ms/21.0ms)
[2026-05-21T19:35:26.641+0530][gc,phases   ] GC(19)   Pre Evacuate Collection Set: 0.7ms
[2026-05-21T19:35:26.641+0530][gc,phases   ] GC(19)   Merge Heap Roots: 0.3ms
[2026-05-21T19:35:26.641+0530][gc,phases   ] GC(19)   Evacuate Collection Set: 18.5ms
[2026-05-21T19:35:26.641+0530][gc,phases   ] GC(19)   Post Evacuate Collection Set: 1.0ms
[2026-05-21T19:35:26.641+0530][gc,phases   ] GC(19)   Other: 3.3ms
[2026-05-21T19:35:26.641+0530][gc,heap     ] GC(19) Eden regions: 46->0(46)
[2026-05-21T19:35:26.641+0530][gc,heap     ] GC(19) Survivor regions: 5->5(7)
[2026-05-21T19:35:26.641+0530][gc,heap     ] GC(19) Old regions: 38->40
[2026-05-21T19:35:26.641+0530][gc,heap     ] GC(19) Archive regions: 2->2
[2026-05-21T19:35:26.641+0530][gc,heap     ] GC(19) Humongous regions: 129->129
[2026-05-21T19:35:26.641+0530][gc,metaspace] GC(19) Metaspace: 42138K(42752K)->42138K(42752K) NonClass: 37100K(37440K)->37100K(37440K) Class: 5038K(5312K)->5038K(5312K)
[2026-05-21T19:35:26.641+0530][gc          ] GC(19) Pause Young (Normal) (G1 Evacuation Pause) 218M->174M(1024M) 23.552ms
[2026-05-21T19:35:26.641+0530][gc,cpu      ] GC(19) User=0.03s Sys=0.03s Real=0.03s
[2026-05-21T19:37:36.580+0530][gc,start    ] GC(20) Pause Young (Normal) (G1 Evacuation Pause)
[2026-05-21T19:37:36.581+0530][gc,task     ] GC(20) Using 8 workers of 8 for evacuation
[2026-05-21T19:37:36.601+0530][gc,mmu      ] GC(20) MMU target violated: 20.3ms (20.0ms/21.0ms)
[2026-05-21T19:37:36.601+0530][gc,phases   ] GC(20)   Pre Evacuate Collection Set: 0.8ms
[2026-05-21T19:37:36.602+0530][gc,phases   ] GC(20)   Merge Heap Roots: 0.3ms
[2026-05-21T19:37:36.602+0530][gc,phases   ] GC(20)   Evacuate Collection Set: 19.0ms
[2026-05-21T19:37:36.602+0530][gc,phases   ] GC(20)   Post Evacuate Collection Set: 0.5ms
[2026-05-21T19:37:36.602+0530][gc,phases   ] GC(20)   Other: 1.0ms
[2026-05-21T19:37:36.602+0530][gc,heap     ] GC(20) Eden regions: 46->0(46)
[2026-05-21T19:37:36.602+0530][gc,heap     ] GC(20) Survivor regions: 5->5(7)
[2026-05-21T19:37:36.602+0530][gc,heap     ] GC(20) Old regions: 40->42
[2026-05-21T19:37:36.602+0530][gc,heap     ] GC(20) Archive regions: 2->2
[2026-05-21T19:37:36.602+0530][gc,heap     ] GC(20) Humongous regions: 129->129
[2026-05-21T19:37:36.602+0530][gc,metaspace] GC(20) Metaspace: 42161K(42752K)->42161K(42752K) NonClass: 37122K(37440K)->37122K(37440K) Class: 5038K(5312K)->5038K(5312K)
[2026-05-21T19:37:36.602+0530][gc          ] GC(20) Pause Young (Normal) (G1 Evacuation Pause) 220M->176M(1024M) 21.565ms
[2026-05-21T19:37:36.602+0530][gc,cpu      ] GC(20) User=0.04s Sys=0.03s Real=0.02s
[2026-05-21T19:39:35.307+0530][gc,start    ] GC(21) Pause Young (Normal) (G1 Evacuation Pause)
[2026-05-21T19:39:35.308+0530][gc,task     ] GC(21) Using 8 workers of 8 for evacuation
[2026-05-21T19:39:35.362+0530][gc,mmu      ] GC(21) MMU target violated: 21.0ms (20.0ms/21.0ms)
[2026-05-21T19:39:35.362+0530][gc,phases   ] GC(21)   Pre Evacuate Collection Set: 0.5ms
[2026-05-21T19:39:35.362+0530][gc,phases   ] GC(21)   Merge Heap Roots: 0.3ms
[2026-05-21T19:39:35.362+0530][gc,phases   ] GC(21)   Evacuate Collection Set: 50.7ms
[2026-05-21T19:39:35.363+0530][gc,phases   ] GC(21)   Post Evacuate Collection Set: 1.8ms
[2026-05-21T19:39:35.363+0530][gc,phases   ] GC(21)   Other: 2.6ms
[2026-05-21T19:39:35.363+0530][gc,heap     ] GC(21) Eden regions: 46->0(46)
[2026-05-21T19:39:35.363+0530][gc,heap     ] GC(21) Survivor regions: 5->5(7)
[2026-05-21T19:39:35.363+0530][gc,heap     ] GC(21) Old regions: 42->44
[2026-05-21T19:39:35.363+0530][gc,heap     ] GC(21) Archive regions: 2->2
[2026-05-21T19:39:35.363+0530][gc,heap     ] GC(21) Humongous regions: 129->129
[2026-05-21T19:39:35.363+0530][gc,metaspace] GC(21) Metaspace: 42677K(43328K)->42677K(43328K) NonClass: 37540K(37952K)->37540K(37952K) Class: 5136K(5376K)->5136K(5376K)
[2026-05-21T19:39:35.363+0530][gc          ] GC(21) Pause Young (Normal) (G1 Evacuation Pause) 222M->178M(1024M) 56.215ms
[2026-05-21T19:39:35.363+0530][gc,cpu      ] GC(21) User=0.03s Sys=0.03s Real=0.06s
[2026-05-21T19:41:40.942+0530][gc,start    ] GC(22) Pause Young (Normal) (G1 Evacuation Pause)
[2026-05-21T19:41:40.942+0530][gc,task     ] GC(22) Using 8 workers of 8 for evacuation
[2026-05-21T19:41:40.963+0530][gc,phases   ] GC(22)   Pre Evacuate Collection Set: 1.4ms
[2026-05-21T19:41:40.963+0530][gc,phases   ] GC(22)   Merge Heap Roots: 0.6ms
[2026-05-21T19:41:40.963+0530][gc,phases   ] GC(22)   Evacuate Collection Set: 16.8ms
[2026-05-21T19:41:40.963+0530][gc,phases   ] GC(22)   Post Evacuate Collection Set: 1.2ms
[2026-05-21T19:41:40.963+0530][gc,phases   ] GC(22)   Other: 3.9ms
[2026-05-21T19:41:40.963+0530][gc,heap     ] GC(22) Eden regions: 46->0(46)
[2026-05-21T19:41:40.963+0530][gc,heap     ] GC(22) Survivor regions: 5->5(7)
[2026-05-21T19:41:40.963+0530][gc,heap     ] GC(22) Old regions: 44->46
[2026-05-21T19:41:40.963+0530][gc,heap     ] GC(22) Archive regions: 2->2
[2026-05-21T19:41:40.963+0530][gc,heap     ] GC(22) Humongous regions: 129->129
[2026-05-21T19:41:40.963+0530][gc,metaspace] GC(22) Metaspace: 42722K(43328K)->42722K(43328K) NonClass: 37583K(37952K)->37583K(37952K) Class: 5138K(5376K)->5138K(5376K)
[2026-05-21T19:41:40.964+0530][gc          ] GC(22) Pause Young (Normal) (G1 Evacuation Pause) 224M->180M(1024M) 22.503ms
[2026-05-21T19:41:40.964+0530][gc,cpu      ] GC(22) User=0.03s Sys=0.04s Real=0.02s
[2026-05-21T19:43:49.686+0530][gc,start    ] GC(23) Pause Young (Normal) (G1 Evacuation Pause)
[2026-05-21T19:43:49.687+0530][gc,task     ] GC(23) Using 8 workers of 8 for evacuation
[2026-05-21T19:43:49.712+0530][gc,mmu      ] GC(23) MMU target violated: 21.0ms (20.0ms/21.0ms)
[2026-05-21T19:43:49.712+0530][gc,phases   ] GC(23)   Pre Evacuate Collection Set: 2.3ms
[2026-05-21T19:43:49.712+0530][gc,phases   ] GC(23)   Merge Heap Roots: 1.0ms
[2026-05-21T19:43:49.712+0530][gc,phases   ] GC(23)   Evacuate Collection Set: 19.6ms
[2026-05-21T19:43:49.712+0530][gc,phases   ] GC(23)   Post Evacuate Collection Set: 1.5ms
[2026-05-21T19:43:49.713+0530][gc,phases   ] GC(23)   Other: 4.2ms
[2026-05-21T19:43:49.713+0530][gc,heap     ] GC(23) Eden regions: 46->0(46)
[2026-05-21T19:43:49.713+0530][gc,heap     ] GC(23) Survivor regions: 5->5(7)
[2026-05-21T19:43:49.713+0530][gc,heap     ] GC(23) Old regions: 46->48
[2026-05-21T19:43:49.713+0530][gc,heap     ] GC(23) Archive regions: 2->2
[2026-05-21T19:43:49.713+0530][gc,heap     ] GC(23) Humongous regions: 129->129
[2026-05-21T19:43:49.713+0530][gc,metaspace] GC(23) Metaspace: 42744K(43328K)->42744K(43328K) NonClass: 37602K(37952K)->37602K(37952K) Class: 5141K(5376K)->5141K(5376K)
[2026-05-21T19:43:49.713+0530][gc          ] GC(23) Pause Young (Normal) (G1 Evacuation Pause) 226M->181M(1024M) 27.552ms
[2026-05-21T19:43:49.713+0530][gc,cpu      ] GC(23) User=0.03s Sys=0.05s Real=0.03s
[2026-05-21T19:45:59.089+0530][gc,start    ] GC(24) Pause Young (Normal) (G1 Evacuation Pause)
[2026-05-21T19:45:59.090+0530][gc,task     ] GC(24) Using 8 workers of 8 for evacuation
[2026-05-21T19:45:59.103+0530][gc,phases   ] GC(24)   Pre Evacuate Collection Set: 0.6ms
[2026-05-21T19:45:59.104+0530][gc,phases   ] GC(24)   Merge Heap Roots: 0.3ms
[2026-05-21T19:45:59.104+0530][gc,phases   ] GC(24)   Evacuate Collection Set: 12.0ms
[2026-05-21T19:45:59.104+0530][gc,phases   ] GC(24)   Post Evacuate Collection Set: 0.4ms
[2026-05-21T19:45:59.104+0530][gc,phases   ] GC(24)   Other: 0.8ms
[2026-05-21T19:45:59.104+0530][gc,heap     ] GC(24) Eden regions: 46->0(46)
[2026-05-21T19:45:59.104+0530][gc,heap     ] GC(24) Survivor regions: 5->5(7)
[2026-05-21T19:45:59.104+0530][gc,heap     ] GC(24) Old regions: 48->50
[2026-05-21T19:45:59.104+0530][gc,heap     ] GC(24) Archive regions: 2->2
[2026-05-21T19:45:59.104+0530][gc,heap     ] GC(24) Humongous regions: 129->129
[2026-05-21T19:45:59.104+0530][gc,metaspace] GC(24) Metaspace: 42753K(43328K)->42753K(43328K) NonClass: 37611K(37952K)->37611K(37952K) Class: 5141K(5376K)->5141K(5376K)
[2026-05-21T19:45:59.104+0530][gc          ] GC(24) Pause Young (Normal) (G1 Evacuation Pause) 227M->184M(1024M) 14.262ms
[2026-05-21T19:45:59.104+0530][gc,cpu      ] GC(24) User=0.03s Sys=0.02s Real=0.02s
[2026-05-21T19:48:04.824+0530][gc,start    ] GC(25) Pause Young (Normal) (G1 Evacuation Pause)
[2026-05-21T19:48:04.824+0530][gc,task     ] GC(25) Using 8 workers of 8 for evacuation
[2026-05-21T19:48:04.849+0530][gc,mmu      ] GC(25) MMU target violated: 21.0ms (20.0ms/21.0ms)
[2026-05-21T19:48:04.850+0530][gc,phases   ] GC(25)   Pre Evacuate Collection Set: 1.0ms
[2026-05-21T19:48:04.850+0530][gc,phases   ] GC(25)   Merge Heap Roots: 0.1ms
[2026-05-21T19:48:04.850+0530][gc,phases   ] GC(25)   Evacuate Collection Set: 23.8ms
[2026-05-21T19:48:04.850+0530][gc,phases   ] GC(25)   Post Evacuate Collection Set: 0.5ms
[2026-05-21T19:48:04.850+0530][gc,phases   ] GC(25)   Other: 1.2ms
[2026-05-21T19:48:04.850+0530][gc,heap     ] GC(25) Eden regions: 46->0(46)
[2026-05-21T19:48:04.850+0530][gc,heap     ] GC(25) Survivor regions: 5->5(7)
[2026-05-21T19:48:04.850+0530][gc,heap     ] GC(25) Old regions: 50->52
[2026-05-21T19:48:04.850+0530][gc,heap     ] GC(25) Archive regions: 2->2
[2026-05-21T19:48:04.850+0530][gc,heap     ] GC(25) Humongous regions: 129->129
[2026-05-21T19:48:04.850+0530][gc,metaspace] GC(25) Metaspace: 42814K(43392K)->42814K(43392K) NonClass: 37671K(38016K)->37671K(38016K) Class: 5143K(5376K)->5143K(5376K)
[2026-05-21T19:48:04.850+0530][gc          ] GC(25) Pause Young (Normal) (G1 Evacuation Pause) 230M->185M(1024M) 26.704ms
[2026-05-21T19:48:04.850+0530][gc,cpu      ] GC(25) User=0.04s Sys=0.03s Real=0.03s
[2026-05-21T19:50:10.897+0530][gc,start    ] GC(26) Pause Young (Normal) (G1 Evacuation Pause)
[2026-05-21T19:50:10.898+0530][gc,task     ] GC(26) Using 8 workers of 8 for evacuation
[2026-05-21T19:50:10.929+0530][gc,mmu      ] GC(26) MMU target violated: 21.0ms (20.0ms/21.0ms)
[2026-05-21T19:50:10.929+0530][gc,phases   ] GC(26)   Pre Evacuate Collection Set: 2.3ms
[2026-05-21T19:50:10.929+0530][gc,phases   ] GC(26)   Merge Heap Roots: 0.6ms
[2026-05-21T19:50:10.929+0530][gc,phases   ] GC(26)   Evacuate Collection Set: 26.9ms
[2026-05-21T19:50:10.929+0530][gc,phases   ] GC(26)   Post Evacuate Collection Set: 0.8ms
[2026-05-21T19:50:10.929+0530][gc,phases   ] GC(26)   Other: 2.4ms
[2026-05-21T19:50:10.929+0530][gc,heap     ] GC(26) Eden regions: 46->0(46)
[2026-05-21T19:50:10.929+0530][gc,heap     ] GC(26) Survivor regions: 5->5(7)
[2026-05-21T19:50:10.929+0530][gc,heap     ] GC(26) Old regions: 52->54
[2026-05-21T19:50:10.930+0530][gc,heap     ] GC(26) Archive regions: 2->2
[2026-05-21T19:50:10.930+0530][gc,heap     ] GC(26) Humongous regions: 129->129
[2026-05-21T19:50:10.930+0530][gc,metaspace] GC(26) Metaspace: 42837K(43456K)->42837K(43456K) NonClass: 37693K(38080K)->37693K(38080K) Class: 5143K(5376K)->5143K(5376K)
[2026-05-21T19:50:10.930+0530][gc          ] GC(26) Pause Young (Normal) (G1 Evacuation Pause) 231M->187M(1024M) 32.921ms
[2026-05-21T19:50:10.930+0530][gc,cpu      ] GC(26) User=0.03s Sys=0.04s Real=0.04s
[2026-05-21T19:52:18.015+0530][gc,start    ] GC(27) Pause Young (Normal) (G1 Evacuation Pause)
[2026-05-21T19:52:18.015+0530][gc,task     ] GC(27) Using 8 workers of 8 for evacuation
[2026-05-21T19:52:18.050+0530][gc,mmu      ] GC(27) MMU target violated: 21.0ms (20.0ms/21.0ms)
[2026-05-21T19:52:18.050+0530][gc,phases   ] GC(27)   Pre Evacuate Collection Set: 0.9ms
[2026-05-21T19:52:18.050+0530][gc,phases   ] GC(27)   Merge Heap Roots: 0.4ms
[2026-05-21T19:52:18.050+0530][gc,phases   ] GC(27)   Evacuate Collection Set: 32.3ms
[2026-05-21T19:52:18.050+0530][gc,phases   ] GC(27)   Post Evacuate Collection Set: 0.6ms
[2026-05-21T19:52:18.050+0530][gc,phases   ] GC(27)   Other: 2.2ms
[2026-05-21T19:52:18.050+0530][gc,heap     ] GC(27) Eden regions: 46->0(46)
[2026-05-21T19:52:18.050+0530][gc,heap     ] GC(27) Survivor regions: 5->5(7)
[2026-05-21T19:52:18.050+0530][gc,heap     ] GC(27) Old regions: 54->56
[2026-05-21T19:52:18.050+0530][gc,heap     ] GC(27) Archive regions: 2->2
[2026-05-21T19:52:18.050+0530][gc,heap     ] GC(27) Humongous regions: 129->129
[2026-05-21T19:52:18.050+0530][gc,metaspace] GC(27) Metaspace: 42860K(43456K)->42860K(43456K) NonClass: 37717K(38080K)->37717K(38080K) Class: 5143K(5376K)->5143K(5376K)
[2026-05-21T19:52:18.050+0530][gc          ] GC(27) Pause Young (Normal) (G1 Evacuation Pause) 233M->189M(1024M) 36.381ms
[2026-05-21T19:52:18.050+0530][gc,cpu      ] GC(27) User=0.03s Sys=0.04s Real=0.04s
[2026-05-21T19:54:25.921+0530][gc,start    ] GC(28) Pause Young (Normal) (G1 Evacuation Pause)
[2026-05-21T19:54:25.921+0530][gc,task     ] GC(28) Using 8 workers of 8 for evacuation
[2026-05-21T19:54:25.944+0530][gc,mmu      ] GC(28) MMU target violated: 21.0ms (20.0ms/21.0ms)
[2026-05-21T19:54:25.944+0530][gc,phases   ] GC(28)   Pre Evacuate Collection Set: 1.0ms
[2026-05-21T19:54:25.944+0530][gc,phases   ] GC(28)   Merge Heap Roots: 0.7ms
[2026-05-21T19:54:25.944+0530][gc,phases   ] GC(28)   Evacuate Collection Set: 19.6ms
[2026-05-21T19:54:25.944+0530][gc,phases   ] GC(28)   Post Evacuate Collection Set: 0.6ms
[2026-05-21T19:54:25.944+0530][gc,phases   ] GC(28)   Other: 2.4ms
[2026-05-21T19:54:25.944+0530][gc,heap     ] GC(28) Eden regions: 46->0(46)
[2026-05-21T19:54:25.944+0530][gc,heap     ] GC(28) Survivor regions: 5->5(7)
[2026-05-21T19:54:25.944+0530][gc,heap     ] GC(28) Old regions: 56->58
[2026-05-21T19:54:25.944+0530][gc,heap     ] GC(28) Archive regions: 2->2
[2026-05-21T19:54:25.944+0530][gc,heap     ] GC(28) Humongous regions: 129->129
[2026-05-21T19:54:25.944+0530][gc,metaspace] GC(28) Metaspace: 42870K(43456K)->42870K(43456K) NonClass: 37727K(38080K)->37727K(38080K) Class: 5143K(5376K)->5143K(5376K)
[2026-05-21T19:54:25.944+0530][gc          ] GC(28) Pause Young (Normal) (G1 Evacuation Pause) 235M->191M(1024M) 24.303ms
[2026-05-21T19:54:25.944+0530][gc,cpu      ] GC(28) User=0.03s Sys=0.04s Real=0.02s
[2026-05-21T19:56:31.631+0530][gc,start    ] GC(29) Pause Young (Normal) (G1 Evacuation Pause)
[2026-05-21T19:56:31.632+0530][gc,task     ] GC(29) Using 8 workers of 8 for evacuation
[2026-05-21T19:56:31.651+0530][gc,phases   ] GC(29)   Pre Evacuate Collection Set: 1.2ms
[2026-05-21T19:56:31.651+0530][gc,phases   ] GC(29)   Merge Heap Roots: 0.5ms
[2026-05-21T19:56:31.651+0530][gc,phases   ] GC(29)   Evacuate Collection Set: 15.6ms
[2026-05-21T19:56:31.651+0530][gc,phases   ] GC(29)   Post Evacuate Collection Set: 0.8ms
[2026-05-21T19:56:31.651+0530][gc,phases   ] GC(29)   Other: 2.4ms
[2026-05-21T19:56:31.651+0530][gc,heap     ] GC(29) Eden regions: 46->0(46)
[2026-05-21T19:56:31.651+0530][gc,heap     ] GC(29) Survivor regions: 5->5(7)
[2026-05-21T19:56:31.651+0530][gc,heap     ] GC(29) Old regions: 58->60
[2026-05-21T19:56:31.651+0530][gc,heap     ] GC(29) Archive regions: 2->2
[2026-05-21T19:56:31.651+0530][gc,heap     ] GC(29) Humongous regions: 129->129
[2026-05-21T19:56:31.651+0530][gc,metaspace] GC(29) Metaspace: 42885K(43520K)->42885K(43520K) NonClass: 37742K(38144K)->37742K(38144K) Class: 5143K(5376K)->5143K(5376K)
[2026-05-21T19:56:31.651+0530][gc          ] GC(29) Pause Young (Normal) (G1 Evacuation Pause) 237M->193M(1024M) 20.644ms
[2026-05-21T19:56:31.651+0530][gc,cpu      ] GC(29) User=0.04s Sys=0.03s Real=0.02s
[2026-05-21T19:58:39.546+0530][gc,start    ] GC(30) Pause Young (Normal) (G1 Evacuation Pause)
[2026-05-21T19:58:39.547+0530][gc,task     ] GC(30) Using 8 workers of 8 for evacuation
[2026-05-21T19:58:39.568+0530][gc,mmu      ] GC(30) MMU target violated: 20.4ms (20.0ms/21.0ms)
[2026-05-21T19:58:39.568+0530][gc,phases   ] GC(30)   Pre Evacuate Collection Set: 0.9ms
[2026-05-21T19:58:39.568+0530][gc,phases   ] GC(30)   Merge Heap Roots: 0.3ms
[2026-05-21T19:58:39.568+0530][gc,phases   ] GC(30)   Evacuate Collection Set: 18.7ms
[2026-05-21T19:58:39.568+0530][gc,phases   ] GC(30)   Post Evacuate Collection Set: 0.6ms
[2026-05-21T19:58:39.568+0530][gc,phases   ] GC(30)   Other: 2.9ms
[2026-05-21T19:58:39.568+0530][gc,heap     ] GC(30) Eden regions: 46->0(46)
[2026-05-21T19:58:39.568+0530][gc,heap     ] GC(30) Survivor regions: 5->5(7)
[2026-05-21T19:58:39.568+0530][gc,heap     ] GC(30) Old regions: 60->62
[2026-05-21T19:58:39.568+0530][gc,heap     ] GC(30) Archive regions: 2->2
[2026-05-21T19:58:39.568+0530][gc,heap     ] GC(30) Humongous regions: 129->129
[2026-05-21T19:58:39.568+0530][gc,metaspace] GC(30) Metaspace: 42887K(43520K)->42887K(43520K) NonClass: 37744K(38144K)->37744K(38144K) Class: 5143K(5376K)->5143K(5376K)
[2026-05-21T19:58:39.568+0530][gc          ] GC(30) Pause Young (Normal) (G1 Evacuation Pause) 239M->195M(1024M) 23.346ms
[2026-05-21T19:58:39.568+0530][gc,cpu      ] GC(30) User=0.03s Sys=0.02s Real=0.02s
[2026-05-21T20:20:43.054+0530][gc,start    ] GC(31) Pause Young (Normal) (G1 Evacuation Pause)
[2026-05-21T20:20:43.055+0530][gc,task     ] GC(31) Using 8 workers of 8 for evacuation
[2026-05-21T20:20:43.078+0530][gc,mmu      ] GC(31) MMU target violated: 21.0ms (20.0ms/21.0ms)
[2026-05-21T20:20:43.078+0530][gc,phases   ] GC(31)   Pre Evacuate Collection Set: 1.0ms
[2026-05-21T20:20:43.078+0530][gc,phases   ] GC(31)   Merge Heap Roots: 0.6ms
[2026-05-21T20:20:43.078+0530][gc,phases   ] GC(31)   Evacuate Collection Set: 20.0ms
[2026-05-21T20:20:43.078+0530][gc,phases   ] GC(31)   Post Evacuate Collection Set: 1.1ms
[2026-05-21T20:20:43.079+0530][gc,phases   ] GC(31)   Other: 2.6ms
[2026-05-21T20:20:43.079+0530][gc,heap     ] GC(31) Eden regions: 46->0(46)
[2026-05-21T20:20:43.079+0530][gc,heap     ] GC(31) Survivor regions: 5->5(7)
[2026-05-21T20:20:43.079+0530][gc,heap     ] GC(31) Old regions: 62->63
[2026-05-21T20:20:43.079+0530][gc,heap     ] GC(31) Archive regions: 2->2
[2026-05-21T20:20:43.079+0530][gc,heap     ] GC(31) Humongous regions: 129->129
[2026-05-21T20:20:43.079+0530][gc,metaspace] GC(31) Metaspace: 42944K(43520K)->42944K(43520K) NonClass: 37801K(38144K)->37801K(38144K) Class: 5143K(5376K)->5143K(5376K)
[2026-05-21T20:20:43.079+0530][gc          ] GC(31) Pause Young (Normal) (G1 Evacuation Pause) 241M->197M(1024M) 24.863ms
[2026-05-21T20:20:43.079+0530][gc,cpu      ] GC(31) User=0.04s Sys=0.04s Real=0.02s
[2026-05-21T20:26:25.475+0530][gc,start    ] GC(32) Pause Young (Normal) (G1 Evacuation Pause)
[2026-05-21T20:26:25.477+0530][gc,task     ] GC(32) Using 8 workers of 8 for evacuation
[2026-05-21T20:26:25.497+0530][gc,phases   ] GC(32)   Pre Evacuate Collection Set: 0.9ms
[2026-05-21T20:26:25.497+0530][gc,phases   ] GC(32)   Merge Heap Roots: 0.4ms
[2026-05-21T20:26:25.497+0530][gc,phases   ] GC(32)   Evacuate Collection Set: 17.8ms
[2026-05-21T20:26:25.497+0530][gc,phases   ] GC(32)   Post Evacuate Collection Set: 0.6ms
[2026-05-21T20:26:25.497+0530][gc,phases   ] GC(32)   Other: 3.2ms
[2026-05-21T20:26:25.497+0530][gc,heap     ] GC(32) Eden regions: 46->0(49)
[2026-05-21T20:26:25.497+0530][gc,heap     ] GC(32) Survivor regions: 5->5(7)
[2026-05-21T20:26:25.497+0530][gc,heap     ] GC(32) Old regions: 63->66
[2026-05-21T20:26:25.497+0530][gc,heap     ] GC(32) Archive regions: 2->2
[2026-05-21T20:26:25.497+0530][gc,heap     ] GC(32) Humongous regions: 129->129
[2026-05-21T20:26:25.497+0530][gc,metaspace] GC(32) Metaspace: 42966K(43520K)->42966K(43520K) NonClass: 37822K(38144K)->37822K(38144K) Class: 5143K(5376K)->5143K(5376K)
[2026-05-21T20:26:25.497+0530][gc          ] GC(32) Pause Young (Normal) (G1 Evacuation Pause) 243M->199M(1024M) 23.022ms
[2026-05-21T20:26:25.497+0530][gc,cpu      ] GC(32) User=0.04s Sys=0.02s Real=0.02s
[2026-05-21T20:28:41.780+0530][gc,start    ] GC(33) Pause Young (Normal) (G1 Evacuation Pause)
[2026-05-21T20:28:41.781+0530][gc,task     ] GC(33) Using 8 workers of 8 for evacuation
[2026-05-21T20:28:41.802+0530][gc,mmu      ] GC(33) MMU target violated: 20.8ms (20.0ms/21.0ms)
[2026-05-21T20:28:41.802+0530][gc,phases   ] GC(33)   Pre Evacuate Collection Set: 0.9ms
[2026-05-21T20:28:41.802+0530][gc,phases   ] GC(33)   Merge Heap Roots: 0.3ms
[2026-05-21T20:28:41.802+0530][gc,phases   ] GC(33)   Evacuate Collection Set: 19.3ms
[2026-05-21T20:28:41.802+0530][gc,phases   ] GC(33)   Post Evacuate Collection Set: 0.6ms
[2026-05-21T20:28:41.802+0530][gc,phases   ] GC(33)   Other: 2.6ms
[2026-05-21T20:28:41.802+0530][gc,heap     ] GC(33) Eden regions: 49->0(50)
[2026-05-21T20:28:41.802+0530][gc,heap     ] GC(33) Survivor regions: 5->5(7)
[2026-05-21T20:28:41.802+0530][gc,heap     ] GC(33) Old regions: 66->67
[2026-05-21T20:28:41.802+0530][gc,heap     ] GC(33) Archive regions: 2->2
[2026-05-21T20:28:41.802+0530][gc,heap     ] GC(33) Humongous regions: 129->129
[2026-05-21T20:28:41.802+0530][gc,metaspace] GC(33) Metaspace: 42968K(43520K)->42968K(43520K) NonClass: 37825K(38144K)->37825K(38144K) Class: 5143K(5376K)->5143K(5376K)
[2026-05-21T20:28:41.803+0530][gc          ] GC(33) Pause Young (Normal) (G1 Evacuation Pause) 248M->201M(1024M) 23.677ms
[2026-05-21T20:28:41.803+0530][gc,cpu      ] GC(33) User=0.04s Sys=0.04s Real=0.03s
[2026-05-21T20:30:50.281+0530][gc,start    ] GC(34) Pause Young (Normal) (G1 Evacuation Pause)
[2026-05-21T20:30:50.281+0530][gc,task     ] GC(34) Using 8 workers of 8 for evacuation
[2026-05-21T20:30:50.313+0530][gc,mmu      ] GC(34) MMU target violated: 21.0ms (20.0ms/21.0ms)
[2026-05-21T20:30:50.313+0530][gc,phases   ] GC(34)   Pre Evacuate Collection Set: 0.7ms
[2026-05-21T20:30:50.313+0530][gc,phases   ] GC(34)   Merge Heap Roots: 1.1ms
[2026-05-21T20:30:50.313+0530][gc,phases   ] GC(34)   Evacuate Collection Set: 28.3ms
[2026-05-21T20:30:50.313+0530][gc,phases   ] GC(34)   Post Evacuate Collection Set: 1.4ms
[2026-05-21T20:30:50.313+0530][gc,phases   ] GC(34)   Other: 1.6ms
[2026-05-21T20:30:50.313+0530][gc,heap     ] GC(34) Eden regions: 50->0(45)
[2026-05-21T20:30:50.313+0530][gc,heap     ] GC(34) Survivor regions: 5->6(7)
[2026-05-21T20:30:50.313+0530][gc,heap     ] GC(34) Old regions: 67->70
[2026-05-21T20:30:50.313+0530][gc,heap     ] GC(34) Archive regions: 2->2
[2026-05-21T20:30:50.313+0530][gc,heap     ] GC(34) Humongous regions: 129->129
[2026-05-21T20:30:50.313+0530][gc,metaspace] GC(34) Metaspace: 43033K(43584K)->43033K(43584K) NonClass: 37886K(38208K)->37886K(38208K) Class: 5147K(5376K)->5147K(5376K)
[2026-05-21T20:30:50.313+0530][gc          ] GC(34) Pause Young (Normal) (G1 Evacuation Pause) 251M->204M(1024M) 32.770ms
[2026-05-21T20:30:50.313+0530][gc,cpu      ] GC(34) User=0.03s Sys=0.07s Real=0.03s
[2026-05-21T20:32:55.534+0530][gc,start    ] GC(35) Pause Young (Normal) (G1 Evacuation Pause)
[2026-05-21T20:32:55.534+0530][gc,task     ] GC(35) Using 8 workers of 8 for evacuation
[2026-05-21T20:32:55.567+0530][gc,mmu      ] GC(35) MMU target violated: 21.0ms (20.0ms/21.0ms)
[2026-05-21T20:32:55.567+0530][gc,phases   ] GC(35)   Pre Evacuate Collection Set: 0.6ms
[2026-05-21T20:32:55.567+0530][gc,phases   ] GC(35)   Merge Heap Roots: 0.3ms
[2026-05-21T20:32:55.567+0530][gc,phases   ] GC(35)   Evacuate Collection Set: 30.0ms
[2026-05-21T20:32:55.567+0530][gc,phases   ] GC(35)   Post Evacuate Collection Set: 0.9ms
[2026-05-21T20:32:55.567+0530][gc,phases   ] GC(35)   Other: 2.2ms
[2026-05-21T20:32:55.567+0530][gc,heap     ] GC(35) Eden regions: 45->0(46)
[2026-05-21T20:32:55.567+0530][gc,heap     ] GC(35) Survivor regions: 6->5(7)
[2026-05-21T20:32:55.567+0530][gc,heap     ] GC(35) Old regions: 70->72
[2026-05-21T20:32:55.567+0530][gc,heap     ] GC(35) Archive regions: 2->2
[2026-05-21T20:32:55.567+0530][gc,heap     ] GC(35) Humongous regions: 129->129
[2026-05-21T20:32:55.567+0530][gc,metaspace] GC(35) Metaspace: 43050K(43648K)->43050K(43648K) NonClass: 37902K(38272K)->37902K(38272K) Class: 5147K(5376K)->5147K(5376K)
[2026-05-21T20:32:55.567+0530][gc          ] GC(35) Pause Young (Normal) (G1 Evacuation Pause) 249M->205M(1024M) 33.982ms
[2026-05-21T20:32:55.567+0530][gc,cpu      ] GC(35) User=0.03s Sys=0.06s Real=0.03s
[2026-05-21T20:35:03.951+0530][gc,start    ] GC(36) Pause Young (Normal) (G1 Evacuation Pause)
[2026-05-21T20:35:03.951+0530][gc,task     ] GC(36) Using 8 workers of 8 for evacuation
[2026-05-21T20:35:03.969+0530][gc,phases   ] GC(36)   Pre Evacuate Collection Set: 0.8ms
[2026-05-21T20:35:03.969+0530][gc,phases   ] GC(36)   Merge Heap Roots: 0.1ms
[2026-05-21T20:35:03.969+0530][gc,phases   ] GC(36)   Evacuate Collection Set: 15.7ms
[2026-05-21T20:35:03.969+0530][gc,phases   ] GC(36)   Post Evacuate Collection Set: 0.5ms
[2026-05-21T20:35:03.969+0530][gc,phases   ] GC(36)   Other: 1.1ms
[2026-05-21T20:35:03.969+0530][gc,heap     ] GC(36) Eden regions: 46->0(46)
[2026-05-21T20:35:03.969+0530][gc,heap     ] GC(36) Survivor regions: 5->5(7)
[2026-05-21T20:35:03.969+0530][gc,heap     ] GC(36) Old regions: 72->73
[2026-05-21T20:35:03.969+0530][gc,heap     ] GC(36) Archive regions: 2->2
[2026-05-21T20:35:03.969+0530][gc,heap     ] GC(36) Humongous regions: 129->129
[2026-05-21T20:35:03.969+0530][gc,metaspace] GC(36) Metaspace: 43064K(43648K)->43064K(43648K) NonClass: 37917K(38272K)->37917K(38272K) Class: 5147K(5376K)->5147K(5376K)
[2026-05-21T20:35:03.969+0530][gc          ] GC(36) Pause Young (Normal) (G1 Evacuation Pause) 251M->207M(1024M) 18.362ms
[2026-05-21T20:35:03.969+0530][gc,cpu      ] GC(36) User=0.03s Sys=0.03s Real=0.01s
[2026-05-21T20:37:10.516+0530][gc,start    ] GC(37) Pause Young (Normal) (G1 Evacuation Pause)
[2026-05-21T20:37:10.517+0530][gc,task     ] GC(37) Using 8 workers of 8 for evacuation
[2026-05-21T20:37:10.542+0530][gc,mmu      ] GC(37) MMU target violated: 21.0ms (20.0ms/21.0ms)
[2026-05-21T20:37:10.543+0530][gc,phases   ] GC(37)   Pre Evacuate Collection Set: 0.6ms
[2026-05-21T20:37:10.543+0530][gc,phases   ] GC(37)   Merge Heap Roots: 0.3ms
[2026-05-21T20:37:10.543+0530][gc,phases   ] GC(37)   Evacuate Collection Set: 23.1ms
[2026-05-21T20:37:10.543+0530][gc,phases   ] GC(37)   Post Evacuate Collection Set: 0.8ms
[2026-05-21T20:37:10.543+0530][gc,phases   ] GC(37)   Other: 2.5ms
[2026-05-21T20:37:10.543+0530][gc,heap     ] GC(37) Eden regions: 46->0(46)
[2026-05-21T20:37:10.543+0530][gc,heap     ] GC(37) Survivor regions: 5->5(7)
[2026-05-21T20:37:10.543+0530][gc,heap     ] GC(37) Old regions: 73->75
[2026-05-21T20:37:10.543+0530][gc,heap     ] GC(37) Archive regions: 2->2
[2026-05-21T20:37:10.543+0530][gc,heap     ] GC(37) Humongous regions: 129->129
[2026-05-21T20:37:10.543+0530][gc,metaspace] GC(37) Metaspace: 43090K(43648K)->43090K(43648K) NonClass: 37942K(38272K)->37942K(38272K) Class: 5147K(5376K)->5147K(5376K)
[2026-05-21T20:37:10.543+0530][gc          ] GC(37) Pause Young (Normal) (G1 Evacuation Pause) 253M->208M(1024M) 27.470ms
[2026-05-21T20:37:10.543+0530][gc,cpu      ] GC(37) User=0.04s Sys=0.04s Real=0.03s
[2026-05-21T20:39:19.597+0530][gc,start    ] GC(38) Pause Young (Normal) (G1 Evacuation Pause)
[2026-05-21T20:39:19.598+0530][gc,task     ] GC(38) Using 8 workers of 8 for evacuation
[2026-05-21T20:39:19.633+0530][gc,mmu      ] GC(38) MMU target violated: 21.0ms (20.0ms/21.0ms)
[2026-05-21T20:39:19.633+0530][gc,phases   ] GC(38)   Pre Evacuate Collection Set: 3.5ms
[2026-05-21T20:39:19.633+0530][gc,phases   ] GC(38)   Merge Heap Roots: 0.7ms
[2026-05-21T20:39:19.634+0530][gc,phases   ] GC(38)   Evacuate Collection Set: 27.7ms
[2026-05-21T20:39:19.634+0530][gc,phases   ] GC(38)   Post Evacuate Collection Set: 2.8ms
[2026-05-21T20:39:19.634+0530][gc,phases   ] GC(38)   Other: 4.0ms
[2026-05-21T20:39:19.634+0530][gc,heap     ] GC(38) Eden regions: 46->0(46)
[2026-05-21T20:39:19.634+0530][gc,heap     ] GC(38) Survivor regions: 5->5(7)
[2026-05-21T20:39:19.634+0530][gc,heap     ] GC(38) Old regions: 75->77
[2026-05-21T20:39:19.634+0530][gc,heap     ] GC(38) Archive regions: 2->2
[2026-05-21T20:39:19.634+0530][gc,heap     ] GC(38) Humongous regions: 129->129
[2026-05-21T20:39:19.634+0530][gc,metaspace] GC(38) Metaspace: 43095K(43648K)->43095K(43648K) NonClass: 37947K(38272K)->37947K(38272K) Class: 5147K(5376K)->5147K(5376K)
[2026-05-21T20:39:19.634+0530][gc          ] GC(38) Pause Young (Normal) (G1 Evacuation Pause) 254M->210M(1024M) 37.132ms
[2026-05-21T20:39:19.634+0530][gc,cpu      ] GC(38) User=0.04s Sys=0.06s Real=0.04s
[2026-05-21T20:41:26.627+0530][gc,start    ] GC(39) Pause Young (Normal) (G1 Evacuation Pause)
[2026-05-21T20:41:26.628+0530][gc,task     ] GC(39) Using 8 workers of 8 for evacuation
[2026-05-21T20:41:26.654+0530][gc,mmu      ] GC(39) MMU target violated: 21.0ms (20.0ms/21.0ms)
[2026-05-21T20:41:26.654+0530][gc,phases   ] GC(39)   Pre Evacuate Collection Set: 1.0ms
[2026-05-21T20:41:26.654+0530][gc,phases   ] GC(39)   Merge Heap Roots: 0.5ms
[2026-05-21T20:41:26.654+0530][gc,phases   ] GC(39)   Evacuate Collection Set: 23.3ms
[2026-05-21T20:41:26.654+0530][gc,phases   ] GC(39)   Post Evacuate Collection Set: 0.9ms
[2026-05-21T20:41:26.654+0530][gc,phases   ] GC(39)   Other: 2.3ms
[2026-05-21T20:41:26.654+0530][gc,heap     ] GC(39) Eden regions: 46->0(46)
[2026-05-21T20:41:26.655+0530][gc,heap     ] GC(39) Survivor regions: 5->5(7)
[2026-05-21T20:41:26.655+0530][gc,heap     ] GC(39) Old regions: 77->79
[2026-05-21T20:41:26.655+0530][gc,heap     ] GC(39) Archive regions: 2->2
[2026-05-21T20:41:26.655+0530][gc,heap     ] GC(39) Humongous regions: 129->129
[2026-05-21T20:41:26.655+0530][gc,metaspace] GC(39) Metaspace: 43102K(43648K)->43102K(43648K) NonClass: 37955K(38272K)->37955K(38272K) Class: 5147K(5376K)->5147K(5376K)
[2026-05-21T20:41:26.655+0530][gc          ] GC(39) Pause Young (Normal) (G1 Evacuation Pause) 256M->212M(1024M) 27.917ms
[2026-05-21T20:41:26.655+0530][gc,cpu      ] GC(39) User=0.04s Sys=0.03s Real=0.03s
[2026-05-21T20:43:34.591+0530][gc,start    ] GC(40) Pause Young (Normal) (G1 Evacuation Pause)
[2026-05-21T20:43:34.592+0530][gc,task     ] GC(40) Using 8 workers of 8 for evacuation
[2026-05-21T20:43:34.611+0530][gc,phases   ] GC(40)   Pre Evacuate Collection Set: 0.7ms
[2026-05-21T20:43:34.611+0530][gc,phases   ] GC(40)   Merge Heap Roots: 0.4ms
[2026-05-21T20:43:34.611+0530][gc,phases   ] GC(40)   Evacuate Collection Set: 17.1ms
[2026-05-21T20:43:34.611+0530][gc,phases   ] GC(40)   Post Evacuate Collection Set: 0.7ms
[2026-05-21T20:43:34.611+0530][gc,phases   ] GC(40)   Other: 0.9ms
[2026-05-21T20:43:34.611+0530][gc,heap     ] GC(40) Eden regions: 46->0(46)
[2026-05-21T20:43:34.611+0530][gc,heap     ] GC(40) Survivor regions: 5->5(7)
[2026-05-21T20:43:34.611+0530][gc,heap     ] GC(40) Old regions: 79->80
[2026-05-21T20:43:34.611+0530][gc,heap     ] GC(40) Archive regions: 2->2
[2026-05-21T20:43:34.611+0530][gc,heap     ] GC(40) Humongous regions: 129->129
[2026-05-21T20:43:34.611+0530][gc,metaspace] GC(40) Metaspace: 43105K(43648K)->43105K(43648K) NonClass: 37957K(38272K)->37957K(38272K) Class: 5147K(5376K)->5147K(5376K)
[2026-05-21T20:43:34.611+0530][gc          ] GC(40) Pause Young (Normal) (G1 Evacuation Pause) 258M->214M(1024M) 19.839ms
[2026-05-21T20:43:34.611+0530][gc,cpu      ] GC(40) User=0.04s Sys=0.02s Real=0.02s
[2026-05-21T20:45:40.982+0530][gc,start    ] GC(41) Pause Young (Normal) (G1 Evacuation Pause)
[2026-05-21T20:45:40.983+0530][gc,task     ] GC(41) Using 8 workers of 8 for evacuation
[2026-05-21T20:45:41.008+0530][gc,mmu      ] GC(41) MMU target violated: 21.0ms (20.0ms/21.0ms)
[2026-05-21T20:45:41.008+0530][gc,phases   ] GC(41)   Pre Evacuate Collection Set: 1.2ms
[2026-05-21T20:45:41.008+0530][gc,phases   ] GC(41)   Merge Heap Roots: 1.2ms
[2026-05-21T20:45:41.008+0530][gc,phases   ] GC(41)   Evacuate Collection Set: 20.7ms
[2026-05-21T20:45:41.008+0530][gc,phases   ] GC(41)   Post Evacuate Collection Set: 1.9ms
[2026-05-21T20:45:41.008+0530][gc,phases   ] GC(41)   Other: 2.5ms
[2026-05-21T20:45:41.008+0530][gc,heap     ] GC(41) Eden regions: 46->0(46)
[2026-05-21T20:45:41.008+0530][gc,heap     ] GC(41) Survivor regions: 5->5(7)
[2026-05-21T20:45:41.008+0530][gc,heap     ] GC(41) Old regions: 80->82
[2026-05-21T20:45:41.008+0530][gc,heap     ] GC(41) Archive regions: 2->2
[2026-05-21T20:45:41.008+0530][gc,heap     ] GC(41) Humongous regions: 129->129
[2026-05-21T20:45:41.008+0530][gc,metaspace] GC(41) Metaspace: 43124K(43776K)->43124K(43776K) NonClass: 37975K(38400K)->37975K(38400K) Class: 5148K(5376K)->5148K(5376K)
[2026-05-21T20:45:41.009+0530][gc          ] GC(41) Pause Young (Normal) (G1 Evacuation Pause) 260M->216M(1024M) 27.524ms
[2026-05-21T20:45:41.009+0530][gc,cpu      ] GC(41) User=0.04s Sys=0.03s Real=0.02s
[2026-05-21T20:47:48.685+0530][gc,start    ] GC(42) Pause Young (Normal) (G1 Evacuation Pause)
[2026-05-21T20:47:48.686+0530][gc,task     ] GC(42) Using 8 workers of 8 for evacuation
[2026-05-21T20:47:48.701+0530][gc,phases   ] GC(42)   Pre Evacuate Collection Set: 0.8ms
[2026-05-21T20:47:48.701+0530][gc,phases   ] GC(42)   Merge Heap Roots: 0.4ms
[2026-05-21T20:47:48.701+0530][gc,phases   ] GC(42)   Evacuate Collection Set: 12.7ms
[2026-05-21T20:47:48.701+0530][gc,phases   ] GC(42)   Post Evacuate Collection Set: 0.6ms
[2026-05-21T20:47:48.701+0530][gc,phases   ] GC(42)   Other: 1.1ms
[2026-05-21T20:47:48.701+0530][gc,heap     ] GC(42) Eden regions: 46->0(46)
[2026-05-21T20:47:48.701+0530][gc,heap     ] GC(42) Survivor regions: 5->5(7)
[2026-05-21T20:47:48.701+0530][gc,heap     ] GC(42) Old regions: 82->84
[2026-05-21T20:47:48.701+0530][gc,heap     ] GC(42) Archive regions: 2->2
[2026-05-21T20:47:48.701+0530][gc,heap     ] GC(42) Humongous regions: 129->129
[2026-05-21T20:47:48.701+0530][gc,metaspace] GC(42) Metaspace: 43130K(43776K)->43130K(43776K) NonClass: 37982K(38400K)->37982K(38400K) Class: 5148K(5376K)->5148K(5376K)
[2026-05-21T20:47:48.701+0530][gc          ] GC(42) Pause Young (Normal) (G1 Evacuation Pause) 262M->218M(1024M) 15.766ms
[2026-05-21T20:47:48.701+0530][gc,cpu      ] GC(42) User=0.03s Sys=0.02s Real=0.02s
[2026-05-21T20:49:55.024+0530][gc,start    ] GC(43) Pause Young (Normal) (G1 Evacuation Pause)
[2026-05-21T20:49:55.026+0530][gc,task     ] GC(43) Using 8 workers of 8 for evacuation
[2026-05-21T20:49:55.049+0530][gc,mmu      ] GC(43) MMU target violated: 21.0ms (20.0ms/21.0ms)
[2026-05-21T20:49:55.049+0530][gc,phases   ] GC(43)   Pre Evacuate Collection Set: 1.3ms
[2026-05-21T20:49:55.049+0530][gc,phases   ] GC(43)   Merge Heap Roots: 0.4ms
[2026-05-21T20:49:55.050+0530][gc,phases   ] GC(43)   Evacuate Collection Set: 20.7ms
[2026-05-21T20:49:55.050+0530][gc,phases   ] GC(43)   Post Evacuate Collection Set: 1.1ms
[2026-05-21T20:49:55.050+0530][gc,phases   ] GC(43)   Other: 2.8ms
[2026-05-21T20:49:55.050+0530][gc,heap     ] GC(43) Eden regions: 46->0(46)
[2026-05-21T20:49:55.050+0530][gc,heap     ] GC(43) Survivor regions: 5->5(7)
[2026-05-21T20:49:55.050+0530][gc,heap     ] GC(43) Old regions: 84->86
[2026-05-21T20:49:55.050+0530][gc,heap     ] GC(43) Archive regions: 2->2
[2026-05-21T20:49:55.050+0530][gc,heap     ] GC(43) Humongous regions: 129->129
[2026-05-21T20:49:55.050+0530][gc,metaspace] GC(43) Metaspace: 43140K(43776K)->43140K(43776K) NonClass: 37991K(38400K)->37991K(38400K) Class: 5148K(5376K)->5148K(5376K)
[2026-05-21T20:49:55.050+0530][gc          ] GC(43) Pause Young (Normal) (G1 Evacuation Pause) 264M->220M(1024M) 26.230ms
[2026-05-21T20:49:55.050+0530][gc,cpu      ] GC(43) User=0.03s Sys=0.03s Real=0.03s
[2026-05-21T20:52:00.469+0530][gc,start    ] GC(44) Pause Young (Normal) (G1 Evacuation Pause)
[2026-05-21T20:52:00.470+0530][gc,task     ] GC(44) Using 8 workers of 8 for evacuation
[2026-05-21T20:52:00.494+0530][gc,mmu      ] GC(44) MMU target violated: 21.0ms (20.0ms/21.0ms)
[2026-05-21T20:52:00.494+0530][gc,phases   ] GC(44)   Pre Evacuate Collection Set: 1.0ms
[2026-05-21T20:52:00.494+0530][gc,phases   ] GC(44)   Merge Heap Roots: 0.8ms
[2026-05-21T20:52:00.494+0530][gc,phases   ] GC(44)   Evacuate Collection Set: 21.1ms
[2026-05-21T20:52:00.494+0530][gc,phases   ] GC(44)   Post Evacuate Collection Set: 0.9ms
[2026-05-21T20:52:00.494+0530][gc,phases   ] GC(44)   Other: 2.4ms
[2026-05-21T20:52:00.494+0530][gc,heap     ] GC(44) Eden regions: 46->0(46)
[2026-05-21T20:52:00.494+0530][gc,heap     ] GC(44) Survivor regions: 5->5(7)
[2026-05-21T20:52:00.494+0530][gc,heap     ] GC(44) Old regions: 86->88
[2026-05-21T20:52:00.494+0530][gc,heap     ] GC(44) Archive regions: 2->2
[2026-05-21T20:52:00.494+0530][gc,heap     ] GC(44) Humongous regions: 129->129
[2026-05-21T20:52:00.494+0530][gc,metaspace] GC(44) Metaspace: 43142K(43776K)->43142K(43776K) NonClass: 37993K(38400K)->37993K(38400K) Class: 5148K(5376K)->5148K(5376K)
[2026-05-21T20:52:00.495+0530][gc          ] GC(44) Pause Young (Normal) (G1 Evacuation Pause) 266M->222M(1024M) 26.189ms
[2026-05-21T20:52:00.495+0530][gc,cpu      ] GC(44) User=0.04s Sys=0.04s Real=0.03s
[2026-05-21T20:54:07.938+0530][gc,start    ] GC(45) Pause Young (Normal) (G1 Evacuation Pause)
[2026-05-21T20:54:07.939+0530][gc,task     ] GC(45) Using 8 workers of 8 for evacuation
[2026-05-21T20:54:07.959+0530][gc,mmu      ] GC(45) MMU target violated: 20.2ms (20.0ms/21.0ms)
[2026-05-21T20:54:07.959+0530][gc,phases   ] GC(45)   Pre Evacuate Collection Set: 0.4ms
[2026-05-21T20:54:07.959+0530][gc,phases   ] GC(45)   Merge Heap Roots: 0.3ms
[2026-05-21T20:54:07.959+0530][gc,phases   ] GC(45)   Evacuate Collection Set: 18.9ms
[2026-05-21T20:54:07.959+0530][gc,phases   ] GC(45)   Post Evacuate Collection Set: 0.6ms
[2026-05-21T20:54:07.959+0530][gc,phases   ] GC(45)   Other: 1.6ms
[2026-05-21T20:54:07.959+0530][gc,heap     ] GC(45) Eden regions: 46->0(46)
[2026-05-21T20:54:07.959+0530][gc,heap     ] GC(45) Survivor regions: 5->5(7)
[2026-05-21T20:54:07.960+0530][gc,heap     ] GC(45) Old regions: 88->90
[2026-05-21T20:54:07.960+0530][gc,heap     ] GC(45) Archive regions: 2->2
[2026-05-21T20:54:07.960+0530][gc,heap     ] GC(45) Humongous regions: 129->129
[2026-05-21T20:54:07.960+0530][gc,metaspace] GC(45) Metaspace: 43145K(43776K)->43145K(43776K) NonClass: 37996K(38400K)->37996K(38400K) Class: 5148K(5376K)->5148K(5376K)
[2026-05-21T20:54:07.960+0530][gc          ] GC(45) Pause Young (Normal) (G1 Evacuation Pause) 268M->223M(1024M) 21.866ms
[2026-05-21T20:54:07.960+0530][gc,cpu      ] GC(45) User=0.04s Sys=0.03s Real=0.03s
[2026-05-21T20:56:15.248+0530][gc,start    ] GC(46) Pause Young (Normal) (G1 Evacuation Pause)
[2026-05-21T20:56:15.249+0530][gc,task     ] GC(46) Using 8 workers of 8 for evacuation
[2026-05-21T20:56:15.273+0530][gc,mmu      ] GC(46) MMU target violated: 21.0ms (20.0ms/21.0ms)
[2026-05-21T20:56:15.273+0530][gc,phases   ] GC(46)   Pre Evacuate Collection Set: 0.8ms
[2026-05-21T20:56:15.273+0530][gc,phases   ] GC(46)   Merge Heap Roots: 0.6ms
[2026-05-21T20:56:15.274+0530][gc,phases   ] GC(46)   Evacuate Collection Set: 21.4ms
[2026-05-21T20:56:15.274+0530][gc,phases   ] GC(46)   Post Evacuate Collection Set: 1.1ms
[2026-05-21T20:56:15.274+0530][gc,phases   ] GC(46)   Other: 2.1ms
[2026-05-21T20:56:15.274+0530][gc,heap     ] GC(46) Eden regions: 46->0(46)
[2026-05-21T20:56:15.274+0530][gc,heap     ] GC(46) Survivor regions: 5->5(7)
[2026-05-21T20:56:15.274+0530][gc,heap     ] GC(46) Old regions: 90->92
[2026-05-21T20:56:15.274+0530][gc,heap     ] GC(46) Archive regions: 2->2
[2026-05-21T20:56:15.274+0530][gc,heap     ] GC(46) Humongous regions: 129->129
[2026-05-21T20:56:15.274+0530][gc,metaspace] GC(46) Metaspace: 43147K(43776K)->43147K(43776K) NonClass: 37998K(38400K)->37998K(38400K) Class: 5148K(5376K)->5148K(5376K)
[2026-05-21T20:56:15.274+0530][gc          ] GC(46) Pause Young (Normal) (G1 Evacuation Pause) 269M->225M(1024M) 26.578ms
[2026-05-21T20:56:15.274+0530][gc,cpu      ] GC(46) User=0.04s Sys=0.03s Real=0.03s
[2026-05-21T20:58:22.593+0530][gc,start    ] GC(47) Pause Young (Normal) (G1 Evacuation Pause)
[2026-05-21T20:58:22.594+0530][gc,task     ] GC(47) Using 8 workers of 8 for evacuation
[2026-05-21T20:58:22.619+0530][gc,mmu      ] GC(47) MMU target violated: 21.0ms (20.0ms/21.0ms)
[2026-05-21T20:58:22.619+0530][gc,phases   ] GC(47)   Pre Evacuate Collection Set: 0.7ms
[2026-05-21T20:58:22.619+0530][gc,phases   ] GC(47)   Merge Heap Roots: 0.6ms
[2026-05-21T20:58:22.619+0530][gc,phases   ] GC(47)   Evacuate Collection Set: 21.2ms
[2026-05-21T20:58:22.619+0530][gc,phases   ] GC(47)   Post Evacuate Collection Set: 1.6ms
[2026-05-21T20:58:22.619+0530][gc,phases   ] GC(47)   Other: 2.9ms
[2026-05-21T20:58:22.619+0530][gc,heap     ] GC(47) Eden regions: 46->0(45)
[2026-05-21T20:58:22.619+0530][gc,heap     ] GC(47) Survivor regions: 5->6(7)
[2026-05-21T20:58:22.619+0530][gc,heap     ] GC(47) Old regions: 92->94
[2026-05-21T20:58:22.619+0530][gc,heap     ] GC(47) Archive regions: 2->2
[2026-05-21T20:58:22.619+0530][gc,heap     ] GC(47) Humongous regions: 129->129
[2026-05-21T20:58:22.619+0530][gc,metaspace] GC(47) Metaspace: 43147K(43776K)->43147K(43776K) NonClass: 37998K(38400K)->37998K(38400K) Class: 5148K(5376K)->5148K(5376K)
[2026-05-21T20:58:22.619+0530][gc          ] GC(47) Pause Young (Normal) (G1 Evacuation Pause) 271M->228M(1024M) 26.595ms
[2026-05-21T20:58:22.619+0530][gc,cpu      ] GC(47) User=0.03s Sys=0.04s Real=0.02s
[2026-05-21T21:00:26.428+0530][gc,start    ] GC(48) Pause Young (Normal) (G1 Evacuation Pause)
[2026-05-21T21:00:26.429+0530][gc,task     ] GC(48) Using 8 workers of 8 for evacuation
[2026-05-21T21:00:26.455+0530][gc,mmu      ] GC(48) MMU target violated: 21.0ms (20.0ms/21.0ms)
[2026-05-21T21:00:26.455+0530][gc,phases   ] GC(48)   Pre Evacuate Collection Set: 0.9ms
[2026-05-21T21:00:26.455+0530][gc,phases   ] GC(48)   Merge Heap Roots: 0.7ms
[2026-05-21T21:00:26.455+0530][gc,phases   ] GC(48)   Evacuate Collection Set: 22.9ms
[2026-05-21T21:00:26.455+0530][gc,phases   ] GC(48)   Post Evacuate Collection Set: 1.1ms
[2026-05-21T21:00:26.455+0530][gc,phases   ] GC(48)   Other: 1.8ms
[2026-05-21T21:00:26.455+0530][gc,heap     ] GC(48) Eden regions: 45->0(46)
[2026-05-21T21:00:26.455+0530][gc,heap     ] GC(48) Survivor regions: 6->5(7)
[2026-05-21T21:00:26.455+0530][gc,heap     ] GC(48) Old regions: 94->96
[2026-05-21T21:00:26.455+0530][gc,heap     ] GC(48) Archive regions: 2->2
[2026-05-21T21:00:26.455+0530][gc,heap     ] GC(48) Humongous regions: 129->129
[2026-05-21T21:00:26.455+0530][gc,metaspace] GC(48) Metaspace: 43154K(43776K)->43154K(43776K) NonClass: 38005K(38400K)->38005K(38400K) Class: 5148K(5376K)->5148K(5376K)
[2026-05-21T21:00:26.455+0530][gc          ] GC(48) Pause Young (Normal) (G1 Evacuation Pause) 273M->230M(1024M) 27.380ms
[2026-05-21T21:00:26.455+0530][gc,cpu      ] GC(48) User=0.02s Sys=0.04s Real=0.03s
[2026-05-21T21:02:35.532+0530][gc,start    ] GC(49) Pause Young (Normal) (G1 Evacuation Pause)
[2026-05-21T21:02:35.533+0530][gc,task     ] GC(49) Using 8 workers of 8 for evacuation
[2026-05-21T21:02:35.603+0530][gc,mmu      ] GC(49) MMU target violated: 21.0ms (20.0ms/21.0ms)
[2026-05-21T21:02:35.603+0530][gc,phases   ] GC(49)   Pre Evacuate Collection Set: 3.7ms
[2026-05-21T21:02:35.603+0530][gc,phases   ] GC(49)   Merge Heap Roots: 1.1ms
[2026-05-21T21:02:35.603+0530][gc,phases   ] GC(49)   Evacuate Collection Set: 56.8ms
[2026-05-21T21:02:35.603+0530][gc,phases   ] GC(49)   Post Evacuate Collection Set: 6.3ms
[2026-05-21T21:02:35.604+0530][gc,phases   ] GC(49)   Other: 7.5ms
[2026-05-21T21:02:35.604+0530][gc,heap     ] GC(49) Eden regions: 46->0(46)
[2026-05-21T21:02:35.604+0530][gc,heap     ] GC(49) Survivor regions: 5->5(7)
[2026-05-21T21:02:35.604+0530][gc,heap     ] GC(49) Old regions: 96->98
[2026-05-21T21:02:35.604+0530][gc,heap     ] GC(49) Archive regions: 2->2
[2026-05-21T21:02:35.604+0530][gc,heap     ] GC(49) Humongous regions: 129->129
[2026-05-21T21:02:35.604+0530][gc,metaspace] GC(49) Metaspace: 43162K(43776K)->43162K(43776K) NonClass: 38012K(38400K)->38012K(38400K) Class: 5149K(5376K)->5149K(5376K)
[2026-05-21T21:02:35.605+0530][gc          ] GC(49) Pause Young (Normal) (G1 Evacuation Pause) 276M->231M(1024M) 73.296ms
[2026-05-21T21:02:35.605+0530][gc,cpu      ] GC(49) User=0.04s Sys=0.09s Real=0.07s
[2026-05-21T21:04:40.161+0530][gc,start    ] GC(50) Pause Young (Normal) (G1 Evacuation Pause)
[2026-05-21T21:04:40.162+0530][gc,task     ] GC(50) Using 8 workers of 8 for evacuation
[2026-05-21T21:04:40.199+0530][gc,mmu      ] GC(50) MMU target violated: 21.0ms (20.0ms/21.0ms)
[2026-05-21T21:04:40.199+0530][gc,phases   ] GC(50)   Pre Evacuate Collection Set: 2.6ms
[2026-05-21T21:04:40.199+0530][gc,phases   ] GC(50)   Merge Heap Roots: 0.9ms
[2026-05-21T21:04:40.199+0530][gc,phases   ] GC(50)   Evacuate Collection Set: 31.2ms
[2026-05-21T21:04:40.199+0530][gc,phases   ] GC(50)   Post Evacuate Collection Set: 1.3ms
[2026-05-21T21:04:40.199+0530][gc,phases   ] GC(50)   Other: 3.2ms
[2026-05-21T21:04:40.199+0530][gc,heap     ] GC(50) Eden regions: 46->0(46)
[2026-05-21T21:04:40.199+0530][gc,heap     ] GC(50) Survivor regions: 5->5(7)
[2026-05-21T21:04:40.199+0530][gc,heap     ] GC(50) Old regions: 98->99
[2026-05-21T21:04:40.199+0530][gc,heap     ] GC(50) Archive regions: 2->2
[2026-05-21T21:04:40.199+0530][gc,heap     ] GC(50) Humongous regions: 129->129
[2026-05-21T21:04:40.199+0530][gc,metaspace] GC(50) Metaspace: 43175K(43776K)->43175K(43776K) NonClass: 38025K(38400K)->38025K(38400K) Class: 5149K(5376K)->5149K(5376K)
[2026-05-21T21:04:40.199+0530][gc          ] GC(50) Pause Young (Normal) (G1 Evacuation Pause) 277M->233M(1024M) 38.735ms
[2026-05-21T21:04:40.199+0530][gc,cpu      ] GC(50) User=0.04s Sys=0.06s Real=0.03s
[2026-05-21T21:06:48.882+0530][gc,start    ] GC(51) Pause Young (Normal) (G1 Evacuation Pause)
[2026-05-21T21:06:48.883+0530][gc,task     ] GC(51) Using 8 workers of 8 for evacuation
[2026-05-21T21:06:48.914+0530][gc,mmu      ] GC(51) MMU target violated: 21.0ms (20.0ms/21.0ms)
[2026-05-21T21:06:48.914+0530][gc,phases   ] GC(51)   Pre Evacuate Collection Set: 2.3ms
[2026-05-21T21:06:48.914+0530][gc,phases   ] GC(51)   Merge Heap Roots: 1.0ms
[2026-05-21T21:06:48.914+0530][gc,phases   ] GC(51)   Evacuate Collection Set: 26.2ms
[2026-05-21T21:06:48.914+0530][gc,phases   ] GC(51)   Post Evacuate Collection Set: 0.8ms
[2026-05-21T21:06:48.914+0530][gc,phases   ] GC(51)   Other: 2.3ms
[2026-05-21T21:06:48.914+0530][gc,heap     ] GC(51) Eden regions: 46->0(46)
[2026-05-21T21:06:48.914+0530][gc,heap     ] GC(51) Survivor regions: 5->5(7)
[2026-05-21T21:06:48.914+0530][gc,heap     ] GC(51) Old regions: 99->101
[2026-05-21T21:06:48.914+0530][gc,heap     ] GC(51) Archive regions: 2->2
[2026-05-21T21:06:48.914+0530][gc,heap     ] GC(51) Humongous regions: 129->129
[2026-05-21T21:06:48.914+0530][gc,metaspace] GC(51) Metaspace: 43186K(43776K)->43186K(43776K) NonClass: 38037K(38400K)->38037K(38400K) Class: 5149K(5376K)->5149K(5376K)
[2026-05-21T21:06:48.915+0530][gc          ] GC(51) Pause Young (Normal) (G1 Evacuation Pause) 279M->235M(1024M) 32.535ms
[2026-05-21T21:06:48.915+0530][gc,cpu      ] GC(51) User=0.03s Sys=0.04s Real=0.03s
[2026-05-21T21:08:56.648+0530][gc,start    ] GC(52) Pause Young (Normal) (G1 Evacuation Pause)
[2026-05-21T21:08:56.648+0530][gc,task     ] GC(52) Using 8 workers of 8 for evacuation
[2026-05-21T21:08:56.676+0530][gc,mmu      ] GC(52) MMU target violated: 21.0ms (20.0ms/21.0ms)
[2026-05-21T21:08:56.676+0530][gc,phases   ] GC(52)   Pre Evacuate Collection Set: 0.5ms
[2026-05-21T21:08:56.676+0530][gc,phases   ] GC(52)   Merge Heap Roots: 0.2ms
[2026-05-21T21:08:56.676+0530][gc,phases   ] GC(52)   Evacuate Collection Set: 24.4ms
[2026-05-21T21:08:56.676+0530][gc,phases   ] GC(52)   Post Evacuate Collection Set: 1.3ms
[2026-05-21T21:08:56.676+0530][gc,phases   ] GC(52)   Other: 2.7ms
[2026-05-21T21:08:56.676+0530][gc,heap     ] GC(52) Eden regions: 46->0(46)
[2026-05-21T21:08:56.676+0530][gc,heap     ] GC(52) Survivor regions: 5->5(7)
[2026-05-21T21:08:56.676+0530][gc,heap     ] GC(52) Old regions: 101->103
[2026-05-21T21:08:56.676+0530][gc,heap     ] GC(52) Archive regions: 2->2
[2026-05-21T21:08:56.676+0530][gc,heap     ] GC(52) Humongous regions: 129->129
[2026-05-21T21:08:56.676+0530][gc,metaspace] GC(52) Metaspace: 43187K(43776K)->43187K(43776K) NonClass: 38037K(38400K)->38037K(38400K) Class: 5149K(5376K)->5149K(5376K)
[2026-05-21T21:08:56.677+0530][gc          ] GC(52) Pause Young (Normal) (G1 Evacuation Pause) 281M->237M(1024M) 29.158ms
[2026-05-21T21:08:56.677+0530][gc,cpu      ] GC(52) User=0.03s Sys=0.04s Real=0.03s
[2026-05-21T21:11:14.327+0530][gc,start    ] GC(53) Pause Young (Normal) (G1 Evacuation Pause)
[2026-05-21T21:11:14.327+0530][gc,task     ] GC(53) Using 8 workers of 8 for evacuation
[2026-05-21T21:11:14.347+0530][gc,phases   ] GC(53)   Pre Evacuate Collection Set: 1.2ms
[2026-05-21T21:11:14.347+0530][gc,phases   ] GC(53)   Merge Heap Roots: 0.5ms
[2026-05-21T21:11:14.347+0530][gc,phases   ] GC(53)   Evacuate Collection Set: 17.2ms
[2026-05-21T21:11:14.347+0530][gc,phases   ] GC(53)   Post Evacuate Collection Set: 0.8ms
[2026-05-21T21:11:14.347+0530][gc,phases   ] GC(53)   Other: 2.0ms
[2026-05-21T21:11:14.347+0530][gc,heap     ] GC(53) Eden regions: 46->0(46)
[2026-05-21T21:11:14.347+0530][gc,heap     ] GC(53) Survivor regions: 5->5(7)
[2026-05-21T21:11:14.347+0530][gc,heap     ] GC(53) Old regions: 103->105
[2026-05-21T21:11:14.347+0530][gc,heap     ] GC(53) Archive regions: 2->2
[2026-05-21T21:11:14.347+0530][gc,heap     ] GC(53) Humongous regions: 129->129
[2026-05-21T21:11:14.347+0530][gc,metaspace] GC(53) Metaspace: 43354K(43968K)->43354K(43968K) NonClass: 38156K(38528K)->38156K(38528K) Class: 5197K(5440K)->5197K(5440K)
[2026-05-21T21:11:14.348+0530][gc          ] GC(53) Pause Young (Normal) (G1 Evacuation Pause) 283M->238M(1024M) 21.699ms
[2026-05-21T21:11:14.348+0530][gc,cpu      ] GC(53) User=0.03s Sys=0.05s Real=0.02s
[2026-05-21T21:11:21.381+0530][gc,heap,exit] Heap
[2026-05-21T21:11:21.381+0530][gc,heap,exit]  garbage-first heap   total 1048576K, used 258190K [0x00000007c0000000, 0x0000000800000000)
[2026-05-21T21:11:21.381+0530][gc,heap,exit]   region size 1024K, 19 young (19456K), 5 survivors (5120K)
[2026-05-21T21:11:21.381+0530][gc,heap,exit]  Metaspace       used 44226K, committed 44928K, reserved 1114112K
[2026-05-21T21:11:21.381+0530][gc,heap,exit]   class space    used 5380K, committed 5696K, reserved 1048576K
