[2025-05-07T08:39:36.765+0530][gc] Using G1
[2025-05-07T08:39:36.767+0530][gc,init] Version: 17.0.10+7-LTS (release)
[2025-05-07T08:39:36.767+0530][gc,init] CPUs: 8 total, 8 available
[2025-05-07T08:39:36.767+0530][gc,init] Memory: 8192M
[2025-05-07T08:39:36.767+0530][gc,init] Large Page Support: Disabled
[2025-05-07T08:39:36.767+0530][gc,init] NUMA Support: Disabled
[2025-05-07T08:39:36.767+0530][gc,init] Compressed Oops: Enabled (Zero based)
[2025-05-07T08:39:36.767+0530][gc,init] Heap Region Size: 1M
[2025-05-07T08:39:36.767+0530][gc,init] Heap Min Capacity: 1G
[2025-05-07T08:39:36.767+0530][gc,init] Heap Initial Capacity: 1G
[2025-05-07T08:39:36.767+0530][gc,init] Heap Max Capacity: 1G
[2025-05-07T08:39:36.767+0530][gc,init] Pre-touch: Disabled
[2025-05-07T08:39:36.767+0530][gc,init] Parallel Workers: 8
[2025-05-07T08:39:36.767+0530][gc,init] Concurrent Workers: 2
[2025-05-07T08:39:36.767+0530][gc,init] Concurrent Refinement Workers: 8
[2025-05-07T08:39:36.767+0530][gc,init] Periodic GC: Disabled
[2025-05-07T08:39:36.771+0530][gc,metaspace] CDS archive(s) mapped at: [0x0000009800000000-0x0000009800bc0000-0x0000009800bc0000), size 12320768, SharedBaseAddress: 0x0000009800000000, ArchiveRelocationMode: 1.
[2025-05-07T08:39:36.771+0530][gc,metaspace] Compressed class space mapped at: 0x0000009801000000-0x0000009841000000, reserved size: 1073741824
[2025-05-07T08:39:36.771+0530][gc,metaspace] Narrow klass base: 0x0000009800000000, Narrow klass shift: 0, Narrow klass range: 0x100000000
[2025-05-07T08:39:42.637+0530][gc,start    ] GC(0) Pause Young (Normal) (G1 Evacuation Pause)
[2025-05-07T08:39:42.637+0530][gc,task     ] GC(0) Using 8 workers of 8 for evacuation
[2025-05-07T08:39:42.641+0530][gc,phases   ] GC(0)   Pre Evacuate Collection Set: 0.1ms
[2025-05-07T08:39:42.641+0530][gc,phases   ] GC(0)   Merge Heap Roots: 0.1ms
[2025-05-07T08:39:42.641+0530][gc,phases   ] GC(0)   Evacuate Collection Set: 3.1ms
[2025-05-07T08:39:42.641+0530][gc,phases   ] GC(0)   Post Evacuate Collection Set: 0.3ms
[2025-05-07T08:39:42.641+0530][gc,phases   ] GC(0)   Other: 0.3ms
[2025-05-07T08:39:42.641+0530][gc,heap     ] GC(0) Eden regions: 51->0(44)
[2025-05-07T08:39:42.641+0530][gc,heap     ] GC(0) Survivor regions: 0->7(7)
[2025-05-07T08:39:42.641+0530][gc,heap     ] GC(0) Old regions: 0->1
[2025-05-07T08:39:42.641+0530][gc,heap     ] GC(0) Archive regions: 2->2
[2025-05-07T08:39:42.641+0530][gc,heap     ] GC(0) Humongous regions: 0->0
[2025-05-07T08:39:42.641+0530][gc,metaspace] GC(0) Metaspace: 17800K(17920K)->17800K(17920K) NonClass: 15672K(15744K)->15672K(15744K) Class: 2128K(2176K)->2128K(2176K)
[2025-05-07T08:39:42.641+0530][gc          ] GC(0) Pause Young (Normal) (G1 Evacuation Pause) 51M->8M(1024M) 4.056ms
[2025-05-07T08:39:42.641+0530][gc,cpu      ] GC(0) User=0.01s Sys=0.00s Real=0.01s
[2025-05-07T08:39:42.848+0530][gc,start    ] GC(1) Pause Young (Concurrent Start) (Metadata GC Threshold)
[2025-05-07T08:39:42.848+0530][gc,task     ] GC(1) Using 8 workers of 8 for evacuation
[2025-05-07T08:39:42.852+0530][gc,phases   ] GC(1)   Pre Evacuate Collection Set: 0.1ms
[2025-05-07T08:39:42.852+0530][gc,phases   ] GC(1)   Merge Heap Roots: 0.0ms
[2025-05-07T08:39:42.852+0530][gc,phases   ] GC(1)   Evacuate Collection Set: 3.5ms
[2025-05-07T08:39:42.852+0530][gc,phases   ] GC(1)   Post Evacuate Collection Set: 0.3ms
[2025-05-07T08:39:42.852+0530][gc,phases   ] GC(1)   Other: 0.3ms
[2025-05-07T08:39:42.852+0530][gc,heap     ] GC(1) Eden regions: 15->0(49)
[2025-05-07T08:39:42.852+0530][gc,heap     ] GC(1) Survivor regions: 7->2(7)
[2025-05-07T08:39:42.852+0530][gc,heap     ] GC(1) Old regions: 1->9
[2025-05-07T08:39:42.852+0530][gc,heap     ] GC(1) Archive regions: 2->2
[2025-05-07T08:39:42.852+0530][gc,heap     ] GC(1) Humongous regions: 129->129
[2025-05-07T08:39:42.852+0530][gc,metaspace] GC(1) Metaspace: 21331K(21504K)->21331K(21504K) NonClass: 18747K(18816K)->18747K(18816K) Class: 2583K(2688K)->2583K(2688K)
[2025-05-07T08:39:42.852+0530][gc          ] GC(1) Pause Young (Concurrent Start) (Metadata GC Threshold) 152M->139M(1024M) 4.427ms
[2025-05-07T08:39:42.852+0530][gc,cpu      ] GC(1) User=0.01s Sys=0.00s Real=0.01s
[2025-05-07T08:39:42.852+0530][gc          ] GC(2) Concurrent Mark Cycle
[2025-05-07T08:39:42.852+0530][gc,marking  ] GC(2) Concurrent Clear Claimed Marks
[2025-05-07T08:39:42.852+0530][gc,marking  ] GC(2) Concurrent Clear Claimed Marks 0.016ms
[2025-05-07T08:39:42.852+0530][gc,marking  ] GC(2) Concurrent Scan Root Regions
[2025-05-07T08:39:42.855+0530][gc,marking  ] GC(2) Concurrent Scan Root Regions 2.521ms
[2025-05-07T08:39:42.855+0530][gc,marking  ] GC(2) Concurrent Mark
[2025-05-07T08:39:42.855+0530][gc,marking  ] GC(2) Concurrent Mark From Roots
[2025-05-07T08:39:42.855+0530][gc,task     ] GC(2) Using 2 workers of 2 for marking
[2025-05-07T08:39:42.857+0530][gc,marking  ] GC(2) Concurrent Mark From Roots 1.998ms
[2025-05-07T08:39:42.857+0530][gc,marking  ] GC(2) Concurrent Preclean
[2025-05-07T08:39:42.857+0530][gc,marking  ] GC(2) Concurrent Preclean 0.019ms
[2025-05-07T08:39:42.857+0530][gc,start    ] GC(2) Pause Remark
[2025-05-07T08:39:42.859+0530][gc          ] GC(2) Pause Remark 140M->140M(1024M) 1.465ms
[2025-05-07T08:39:42.859+0530][gc,cpu      ] GC(2) User=0.01s Sys=0.00s Real=0.00s
[2025-05-07T08:39:42.859+0530][gc,marking  ] GC(2) Concurrent Mark 3.797ms
[2025-05-07T08:39:42.859+0530][gc,marking  ] GC(2) Concurrent Rebuild Remembered Sets
[2025-05-07T08:39:42.862+0530][gc,marking  ] GC(2) Concurrent Rebuild Remembered Sets 2.915ms
[2025-05-07T08:39:42.862+0530][gc,start    ] GC(2) Pause Cleanup
[2025-05-07T08:39:42.862+0530][gc          ] GC(2) Pause Cleanup 140M->140M(1024M) 0.157ms
[2025-05-07T08:39:42.862+0530][gc,cpu      ] GC(2) User=0.00s Sys=0.00s Real=0.00s
[2025-05-07T08:39:42.862+0530][gc,marking  ] GC(2) Concurrent Cleanup for Next Mark
[2025-05-07T08:39:42.864+0530][gc,marking  ] GC(2) Concurrent Cleanup for Next Mark 2.295ms
[2025-05-07T08:39:42.864+0530][gc          ] GC(2) Concurrent Mark Cycle 12.017ms
[2025-05-07T08:39:43.248+0530][gc,start    ] GC(3) Pause Young (Normal) (G1 Evacuation Pause)
[2025-05-07T08:39:43.248+0530][gc,task     ] GC(3) Using 8 workers of 8 for evacuation
[2025-05-07T08:39:43.253+0530][gc,phases   ] GC(3)   Pre Evacuate Collection Set: 0.1ms
[2025-05-07T08:39:43.253+0530][gc,phases   ] GC(3)   Merge Heap Roots: 0.0ms
[2025-05-07T08:39:43.253+0530][gc,phases   ] GC(3)   Evacuate Collection Set: 3.8ms
[2025-05-07T08:39:43.253+0530][gc,phases   ] GC(3)   Post Evacuate Collection Set: 0.2ms
[2025-05-07T08:39:43.253+0530][gc,phases   ] GC(3)   Other: 0.1ms
[2025-05-07T08:39:43.253+0530][gc,heap     ] GC(3) Eden regions: 49->0(44)
[2025-05-07T08:39:43.253+0530][gc,heap     ] GC(3) Survivor regions: 2->7(7)
[2025-05-07T08:39:43.253+0530][gc,heap     ] GC(3) Old regions: 9->9
[2025-05-07T08:39:43.253+0530][gc,heap     ] GC(3) Archive regions: 2->2
[2025-05-07T08:39:43.253+0530][gc,heap     ] GC(3) Humongous regions: 129->129
[2025-05-07T08:39:43.253+0530][gc,metaspace] GC(3) Metaspace: 32740K(32960K)->32740K(32960K) NonClass: 29105K(29248K)->29105K(29248K) Class: 3635K(3712K)->3635K(3712K)
[2025-05-07T08:39:43.253+0530][gc          ] GC(3) Pause Young (Normal) (G1 Evacuation Pause) 188M->144M(1024M) 4.295ms
[2025-05-07T08:39:43.253+0530][gc,cpu      ] GC(3) User=0.02s Sys=0.00s Real=0.01s
[2025-05-07T08:40:58.606+0530][gc,start    ] GC(4) Pause Young (Concurrent Start) (Metadata GC Threshold)
[2025-05-07T08:40:58.606+0530][gc,task     ] GC(4) Using 8 workers of 8 for evacuation
[2025-05-07T08:40:58.618+0530][gc,phases   ] GC(4)   Pre Evacuate Collection Set: 0.5ms
[2025-05-07T08:40:58.618+0530][gc,phases   ] GC(4)   Merge Heap Roots: 0.1ms
[2025-05-07T08:40:58.618+0530][gc,phases   ] GC(4)   Evacuate Collection Set: 10.6ms
[2025-05-07T08:40:58.618+0530][gc,phases   ] GC(4)   Post Evacuate Collection Set: 0.7ms
[2025-05-07T08:40:58.619+0530][gc,phases   ] GC(4)   Other: 0.9ms
[2025-05-07T08:40:58.619+0530][gc,heap     ] GC(4) Eden regions: 16->0(49)
[2025-05-07T08:40:58.619+0530][gc,heap     ] GC(4) Survivor regions: 7->2(7)
[2025-05-07T08:40:58.619+0530][gc,heap     ] GC(4) Old regions: 9->15
[2025-05-07T08:40:58.619+0530][gc,heap     ] GC(4) Archive regions: 2->2
[2025-05-07T08:40:58.619+0530][gc,heap     ] GC(4) Humongous regions: 129->129
[2025-05-07T08:40:58.619+0530][gc,metaspace] GC(4) Metaspace: 35833K(36160K)->35833K(36160K) NonClass: 31719K(31872K)->31719K(31872K) Class: 4113K(4288K)->4113K(4288K)
[2025-05-07T08:40:58.619+0530][gc          ] GC(4) Pause Young (Concurrent Start) (Metadata GC Threshold) 159M->145M(1024M) 13.009ms
[2025-05-07T08:40:58.619+0530][gc,cpu      ] GC(4) User=0.03s Sys=0.03s Real=0.01s
[2025-05-07T08:40:58.619+0530][gc          ] GC(5) Concurrent Mark Cycle
[2025-05-07T08:40:58.619+0530][gc,marking  ] GC(5) Concurrent Clear Claimed Marks
[2025-05-07T08:40:58.619+0530][gc,marking  ] GC(5) Concurrent Clear Claimed Marks 0.027ms
[2025-05-07T08:40:58.619+0530][gc,marking  ] GC(5) Concurrent Scan Root Regions
[2025-05-07T08:40:58.623+0530][gc,marking  ] GC(5) Concurrent Scan Root Regions 4.509ms
[2025-05-07T08:40:58.623+0530][gc,marking  ] GC(5) Concurrent Mark
[2025-05-07T08:40:58.623+0530][gc,marking  ] GC(5) Concurrent Mark From Roots
[2025-05-07T08:40:58.623+0530][gc,task     ] GC(5) Using 2 workers of 2 for marking
[2025-05-07T08:40:58.634+0530][gc,marking  ] GC(5) Concurrent Mark From Roots 11.023ms
[2025-05-07T08:40:58.634+0530][gc,marking  ] GC(5) Concurrent Preclean
[2025-05-07T08:40:58.635+0530][gc,marking  ] GC(5) Concurrent Preclean 0.111ms
[2025-05-07T08:40:58.635+0530][gc,start    ] GC(5) Pause Remark
[2025-05-07T08:40:58.638+0530][gc          ] GC(5) Pause Remark 145M->145M(1024M) 2.891ms
[2025-05-07T08:40:58.638+0530][gc,cpu      ] GC(5) User=0.01s Sys=0.00s Real=0.00s
[2025-05-07T08:40:58.638+0530][gc,marking  ] GC(5) Concurrent Mark 14.583ms
[2025-05-07T08:40:58.638+0530][gc,marking  ] GC(5) Concurrent Rebuild Remembered Sets
[2025-05-07T08:40:58.648+0530][gc,marking  ] GC(5) Concurrent Rebuild Remembered Sets 10.309ms
[2025-05-07T08:40:58.648+0530][gc,start    ] GC(5) Pause Cleanup
[2025-05-07T08:40:58.649+0530][gc          ] GC(5) Pause Cleanup 145M->145M(1024M) 0.271ms
[2025-05-07T08:40:58.649+0530][gc,cpu      ] GC(5) User=0.00s Sys=0.00s Real=0.00s
[2025-05-07T08:40:58.649+0530][gc,marking  ] GC(5) Concurrent Cleanup for Next Mark
[2025-05-07T08:40:58.652+0530][gc,marking  ] GC(5) Concurrent Cleanup for Next Mark 3.439ms
[2025-05-07T08:40:58.652+0530][gc          ] GC(5) Concurrent Mark Cycle 33.564ms
[2025-05-07T08:46:54.085+0530][gc,start    ] GC(6) Pause Young (Normal) (G1 Evacuation Pause)
[2025-05-07T08:46:54.086+0530][gc,task     ] GC(6) Using 8 workers of 8 for evacuation
[2025-05-07T08:46:54.112+0530][gc,mmu      ] GC(6) MMU target violated: 21.0ms (20.0ms/21.0ms)
[2025-05-07T08:46:54.112+0530][gc,phases   ] GC(6)   Pre Evacuate Collection Set: 0.7ms
[2025-05-07T08:46:54.112+0530][gc,phases   ] GC(6)   Merge Heap Roots: 0.2ms
[2025-05-07T08:46:54.112+0530][gc,phases   ] GC(6)   Evacuate Collection Set: 24.0ms
[2025-05-07T08:46:54.112+0530][gc,phases   ] GC(6)   Post Evacuate Collection Set: 1.0ms
[2025-05-07T08:46:54.112+0530][gc,phases   ] GC(6)   Other: 1.1ms
[2025-05-07T08:46:54.112+0530][gc,heap     ] GC(6) Eden regions: 49->0(47)
[2025-05-07T08:46:54.112+0530][gc,heap     ] GC(6) Survivor regions: 2->4(7)
[2025-05-07T08:46:54.112+0530][gc,heap     ] GC(6) Old regions: 15->15
[2025-05-07T08:46:54.112+0530][gc,heap     ] GC(6) Archive regions: 2->2
[2025-05-07T08:46:54.112+0530][gc,heap     ] GC(6) Humongous regions: 129->129
[2025-05-07T08:46:54.112+0530][gc,metaspace] GC(6) Metaspace: 41609K(42304K)->41609K(42304K) NonClass: 36389K(36800K)->36389K(36800K) Class: 5219K(5504K)->5219K(5504K)
[2025-05-07T08:46:54.112+0530][gc          ] GC(6) Pause Young (Normal) (G1 Evacuation Pause) 194M->147M(1024M) 27.088ms
[2025-05-07T08:46:54.112+0530][gc,cpu      ] GC(6) User=0.03s Sys=0.03s Real=0.03s
[2025-05-07T08:51:10.655+0530][gc,start    ] GC(7) Pause Young (Normal) (G1 Evacuation Pause)
[2025-05-07T08:51:10.655+0530][gc,task     ] GC(7) Using 8 workers of 8 for evacuation
[2025-05-07T08:51:10.675+0530][gc,phases   ] GC(7)   Pre Evacuate Collection Set: 0.9ms
[2025-05-07T08:51:10.675+0530][gc,phases   ] GC(7)   Merge Heap Roots: 0.1ms
[2025-05-07T08:51:10.675+0530][gc,phases   ] GC(7)   Evacuate Collection Set: 17.8ms
[2025-05-07T08:51:10.675+0530][gc,phases   ] GC(7)   Post Evacuate Collection Set: 0.9ms
[2025-05-07T08:51:10.675+0530][gc,phases   ] GC(7)   Other: 1.8ms
[2025-05-07T08:51:10.675+0530][gc,heap     ] GC(7) Eden regions: 47->0(45)
[2025-05-07T08:51:10.675+0530][gc,heap     ] GC(7) Survivor regions: 4->6(7)
[2025-05-07T08:51:10.675+0530][gc,heap     ] GC(7) Old regions: 15->15
[2025-05-07T08:51:10.675+0530][gc,heap     ] GC(7) Archive regions: 2->2
[2025-05-07T08:51:10.675+0530][gc,heap     ] GC(7) Humongous regions: 129->129
[2025-05-07T08:51:10.675+0530][gc,metaspace] GC(7) Metaspace: 43113K(43840K)->43113K(43840K) NonClass: 37775K(38208K)->37775K(38208K) Class: 5337K(5632K)->5337K(5632K)
[2025-05-07T08:51:10.675+0530][gc          ] GC(7) Pause Young (Normal) (G1 Evacuation Pause) 194M->150M(1024M) 21.645ms
[2025-05-07T08:51:10.675+0530][gc,cpu      ] GC(7) User=0.03s Sys=0.03s Real=0.02s
[2025-05-07T08:56:26.704+0530][gc,start    ] GC(8) Pause Young (Normal) (G1 Evacuation Pause)
[2025-05-07T08:56:26.705+0530][gc,task     ] GC(8) Using 8 workers of 8 for evacuation
[2025-05-07T08:56:26.724+0530][gc,phases   ] GC(8)   Pre Evacuate Collection Set: 0.7ms
[2025-05-07T08:56:26.724+0530][gc,phases   ] GC(8)   Merge Heap Roots: 0.1ms
[2025-05-07T08:56:26.724+0530][gc,phases   ] GC(8)   Evacuate Collection Set: 18.0ms
[2025-05-07T08:56:26.724+0530][gc,phases   ] GC(8)   Post Evacuate Collection Set: 0.6ms
[2025-05-07T08:56:26.724+0530][gc,phases   ] GC(8)   Other: 1.5ms
[2025-05-07T08:56:26.724+0530][gc,heap     ] GC(8) Eden regions: 45->0(47)
[2025-05-07T08:56:26.724+0530][gc,heap     ] GC(8) Survivor regions: 6->4(7)
[2025-05-07T08:56:26.724+0530][gc,heap     ] GC(8) Old regions: 15->18
[2025-05-07T08:56:26.724+0530][gc,heap     ] GC(8) Archive regions: 2->2
[2025-05-07T08:56:26.724+0530][gc,heap     ] GC(8) Humongous regions: 129->129
[2025-05-07T08:56:26.724+0530][gc,metaspace] GC(8) Metaspace: 43387K(44096K)->43387K(44096K) NonClass: 38003K(38400K)->38003K(38400K) Class: 5383K(5696K)->5383K(5696K)
[2025-05-07T08:56:26.725+0530][gc          ] GC(8) Pause Young (Normal) (G1 Evacuation Pause) 195M->150M(1024M) 21.098ms
[2025-05-07T08:56:26.725+0530][gc,cpu      ] GC(8) User=0.03s Sys=0.02s Real=0.02s
[2025-05-07T09:02:37.723+0530][gc,start    ] GC(9) Pause Young (Normal) (G1 Evacuation Pause)
[2025-05-07T09:02:37.724+0530][gc,task     ] GC(9) Using 8 workers of 8 for evacuation
[2025-05-07T09:02:37.753+0530][gc,mmu      ] GC(9) MMU target violated: 21.0ms (20.0ms/21.0ms)
[2025-05-07T09:02:37.753+0530][gc,phases   ] GC(9)   Pre Evacuate Collection Set: 2.0ms
[2025-05-07T09:02:37.753+0530][gc,phases   ] GC(9)   Merge Heap Roots: 0.5ms
[2025-05-07T09:02:37.753+0530][gc,phases   ] GC(9)   Evacuate Collection Set: 24.2ms
[2025-05-07T09:02:37.753+0530][gc,phases   ] GC(9)   Post Evacuate Collection Set: 0.9ms
[2025-05-07T09:02:37.753+0530][gc,phases   ] GC(9)   Other: 3.8ms
[2025-05-07T09:02:37.753+0530][gc,heap     ] GC(9) Eden regions: 47->0(47)
[2025-05-07T09:02:37.753+0530][gc,heap     ] GC(9) Survivor regions: 4->4(7)
[2025-05-07T09:02:37.753+0530][gc,heap     ] GC(9) Old regions: 18->18
[2025-05-07T09:02:37.753+0530][gc,heap     ] GC(9) Archive regions: 2->2
[2025-05-07T09:02:37.753+0530][gc,heap     ] GC(9) Humongous regions: 129->129
[2025-05-07T09:02:37.753+0530][gc,metaspace] GC(9) Metaspace: 43419K(44160K)->43419K(44160K) NonClass: 38032K(38464K)->38032K(38464K) Class: 5387K(5696K)->5387K(5696K)
[2025-05-07T09:02:37.753+0530][gc          ] GC(9) Pause Young (Normal) (G1 Evacuation Pause) 197M->151M(1024M) 30.399ms
[2025-05-07T09:02:37.753+0530][gc,cpu      ] GC(9) User=0.01s Sys=0.04s Real=0.03s
[2025-05-07T09:08:58.800+0530][gc,start    ] GC(10) Pause Young (Normal) (G1 Evacuation Pause)
[2025-05-07T09:08:58.802+0530][gc,task     ] GC(10) Using 8 workers of 8 for evacuation
[2025-05-07T09:08:58.822+0530][gc,phases   ] GC(10)   Pre Evacuate Collection Set: 2.9ms
[2025-05-07T09:08:58.823+0530][gc,phases   ] GC(10)   Merge Heap Roots: 0.3ms
[2025-05-07T09:08:58.823+0530][gc,phases   ] GC(10)   Evacuate Collection Set: 15.0ms
[2025-05-07T09:08:58.823+0530][gc,phases   ] GC(10)   Post Evacuate Collection Set: 0.7ms
[2025-05-07T09:08:58.823+0530][gc,phases   ] GC(10)   Other: 3.7ms
[2025-05-07T09:08:58.823+0530][gc,heap     ] GC(10) Eden regions: 47->0(46)
[2025-05-07T09:08:58.823+0530][gc,heap     ] GC(10) Survivor regions: 4->5(7)
[2025-05-07T09:08:58.823+0530][gc,heap     ] GC(10) Old regions: 18->18
[2025-05-07T09:08:58.823+0530][gc,heap     ] GC(10) Archive regions: 2->2
[2025-05-07T09:08:58.823+0530][gc,heap     ] GC(10) Humongous regions: 129->129
[2025-05-07T09:08:58.823+0530][gc,metaspace] GC(10) Metaspace: 43470K(44224K)->43470K(44224K) NonClass: 38081K(38528K)->38081K(38528K) Class: 5388K(5696K)->5388K(5696K)
[2025-05-07T09:08:58.823+0530][gc          ] GC(10) Pause Young (Normal) (G1 Evacuation Pause) 198M->151M(1024M) 23.317ms
[2025-05-07T09:08:58.823+0530][gc,cpu      ] GC(10) User=0.02s Sys=0.03s Real=0.02s
[2025-05-07T09:15:10.663+0530][gc,start    ] GC(11) Pause Young (Normal) (G1 Evacuation Pause)
[2025-05-07T09:15:10.664+0530][gc,task     ] GC(11) Using 8 workers of 8 for evacuation
[2025-05-07T09:15:10.681+0530][gc,phases   ] GC(11)   Pre Evacuate Collection Set: 1.8ms
[2025-05-07T09:15:10.681+0530][gc,phases   ] GC(11)   Merge Heap Roots: 0.1ms
[2025-05-07T09:15:10.681+0530][gc,phases   ] GC(11)   Evacuate Collection Set: 12.8ms
[2025-05-07T09:15:10.681+0530][gc,phases   ] GC(11)   Post Evacuate Collection Set: 1.7ms
[2025-05-07T09:15:10.681+0530][gc,phases   ] GC(11)   Other: 3.0ms
[2025-05-07T09:15:10.681+0530][gc,heap     ] GC(11) Eden regions: 46->0(48)
[2025-05-07T09:15:10.681+0530][gc,heap     ] GC(11) Survivor regions: 5->3(7)
[2025-05-07T09:15:10.681+0530][gc,heap     ] GC(11) Old regions: 18->19
[2025-05-07T09:15:10.681+0530][gc,heap     ] GC(11) Archive regions: 2->2
[2025-05-07T09:15:10.681+0530][gc,heap     ] GC(11) Humongous regions: 129->129
[2025-05-07T09:15:10.681+0530][gc,metaspace] GC(11) Metaspace: 43507K(44288K)->43507K(44288K) NonClass: 38119K(38592K)->38119K(38592K) Class: 5388K(5696K)->5388K(5696K)
[2025-05-07T09:15:10.682+0530][gc          ] GC(11) Pause Young (Normal) (G1 Evacuation Pause) 197M->150M(1024M) 19.487ms
[2025-05-07T09:15:10.682+0530][gc,cpu      ] GC(11) User=0.02s Sys=0.02s Real=0.02s
[2025-05-07T09:21:40.955+0530][gc,start    ] GC(12) Pause Young (Normal) (G1 Evacuation Pause)
[2025-05-07T09:21:40.955+0530][gc,task     ] GC(12) Using 8 workers of 8 for evacuation
[2025-05-07T09:21:40.970+0530][gc,phases   ] GC(12)   Pre Evacuate Collection Set: 0.8ms
[2025-05-07T09:21:40.970+0530][gc,phases   ] GC(12)   Merge Heap Roots: 0.5ms
[2025-05-07T09:21:40.970+0530][gc,phases   ] GC(12)   Evacuate Collection Set: 10.7ms
[2025-05-07T09:21:40.970+0530][gc,phases   ] GC(12)   Post Evacuate Collection Set: 1.7ms
[2025-05-07T09:21:40.970+0530][gc,phases   ] GC(12)   Other: 2.9ms
[2025-05-07T09:21:40.970+0530][gc,heap     ] GC(12) Eden regions: 48->0(47)
[2025-05-07T09:21:40.970+0530][gc,heap     ] GC(12) Survivor regions: 3->4(7)
[2025-05-07T09:21:40.970+0530][gc,heap     ] GC(12) Old regions: 19->19
[2025-05-07T09:21:40.970+0530][gc,heap     ] GC(12) Archive regions: 2->2
[2025-05-07T09:21:40.970+0530][gc,heap     ] GC(12) Humongous regions: 129->129
[2025-05-07T09:21:40.970+0530][gc,metaspace] GC(12) Metaspace: 43540K(44288K)->43540K(44288K) NonClass: 38152K(38592K)->38152K(38592K) Class: 5388K(5696K)->5388K(5696K)
[2025-05-07T09:21:40.971+0530][gc          ] GC(12) Pause Young (Normal) (G1 Evacuation Pause) 198M->151M(1024M) 16.381ms
[2025-05-07T09:21:40.971+0530][gc,cpu      ] GC(12) User=0.02s Sys=0.02s Real=0.02s
[2025-05-07T09:27:59.628+0530][gc,start    ] GC(13) Pause Young (Normal) (G1 Evacuation Pause)
[2025-05-07T09:27:59.629+0530][gc,task     ] GC(13) Using 8 workers of 8 for evacuation
[2025-05-07T09:27:59.654+0530][gc,mmu      ] GC(13) MMU target violated: 21.0ms (20.0ms/21.0ms)
[2025-05-07T09:27:59.655+0530][gc,phases   ] GC(13)   Pre Evacuate Collection Set: 3.6ms
[2025-05-07T09:27:59.655+0530][gc,phases   ] GC(13)   Merge Heap Roots: 0.9ms
[2025-05-07T09:27:59.655+0530][gc,phases   ] GC(13)   Evacuate Collection Set: 19.9ms
[2025-05-07T09:27:59.655+0530][gc,phases   ] GC(13)   Post Evacuate Collection Set: 0.6ms
[2025-05-07T09:27:59.655+0530][gc,phases   ] GC(13)   Other: 3.4ms
[2025-05-07T09:27:59.655+0530][gc,heap     ] GC(13) Eden regions: 47->0(47)
[2025-05-07T09:27:59.655+0530][gc,heap     ] GC(13) Survivor regions: 4->4(7)
[2025-05-07T09:27:59.655+0530][gc,heap     ] GC(13) Old regions: 19->19
[2025-05-07T09:27:59.655+0530][gc,heap     ] GC(13) Archive regions: 2->2
[2025-05-07T09:27:59.655+0530][gc,heap     ] GC(13) Humongous regions: 129->129
[2025-05-07T09:27:59.655+0530][gc,metaspace] GC(13) Metaspace: 43583K(44352K)->43583K(44352K) NonClass: 38195K(38656K)->38195K(38656K) Class: 5388K(5696K)->5388K(5696K)
[2025-05-07T09:27:59.655+0530][gc          ] GC(13) Pause Young (Normal) (G1 Evacuation Pause) 198M->151M(1024M) 28.149ms
[2025-05-07T09:27:59.655+0530][gc,cpu      ] GC(13) User=0.02s Sys=0.04s Real=0.03s
[2025-05-07T09:34:20.283+0530][gc,start    ] GC(14) Pause Young (Normal) (G1 Evacuation Pause)
[2025-05-07T09:34:20.284+0530][gc,task     ] GC(14) Using 8 workers of 8 for evacuation
[2025-05-07T09:34:20.329+0530][gc,mmu      ] GC(14) MMU target violated: 21.0ms (20.0ms/21.0ms)
[2025-05-07T09:34:20.329+0530][gc,phases   ] GC(14)   Pre Evacuate Collection Set: 0.7ms
[2025-05-07T09:34:20.329+0530][gc,phases   ] GC(14)   Merge Heap Roots: 0.4ms
[2025-05-07T09:34:20.329+0530][gc,phases   ] GC(14)   Evacuate Collection Set: 41.4ms
[2025-05-07T09:34:20.329+0530][gc,phases   ] GC(14)   Post Evacuate Collection Set: 2.0ms
[2025-05-07T09:34:20.329+0530][gc,phases   ] GC(14)   Other: 2.2ms
[2025-05-07T09:34:20.329+0530][gc,heap     ] GC(14) Eden regions: 47->0(46)
[2025-05-07T09:34:20.329+0530][gc,heap     ] GC(14) Survivor regions: 4->5(7)
[2025-05-07T09:34:20.329+0530][gc,heap     ] GC(14) Old regions: 19->19
[2025-05-07T09:34:20.329+0530][gc,heap     ] GC(14) Archive regions: 2->2
[2025-05-07T09:34:20.329+0530][gc,heap     ] GC(14) Humongous regions: 129->129
[2025-05-07T09:34:20.329+0530][gc,metaspace] GC(14) Metaspace: 43601K(44352K)->43601K(44352K) NonClass: 38212K(38656K)->38212K(38656K) Class: 5388K(5696K)->5388K(5696K)
[2025-05-07T09:34:20.329+0530][gc          ] GC(14) Pause Young (Normal) (G1 Evacuation Pause) 198M->152M(1024M) 46.327ms
[2025-05-07T09:34:20.329+0530][gc,cpu      ] GC(14) User=0.02s Sys=0.02s Real=0.04s
[2025-05-07T09:40:08.930+0530][gc,start    ] GC(15) Pause Young (Normal) (G1 Evacuation Pause)
[2025-05-07T09:40:08.932+0530][gc,task     ] GC(15) Using 8 workers of 8 for evacuation
[2025-05-07T09:40:09.088+0530][gc,mmu      ] GC(15) MMU target violated: 21.0ms (20.0ms/21.0ms)
[2025-05-07T09:40:09.088+0530][gc,phases   ] GC(15)   Pre Evacuate Collection Set: 3.5ms
[2025-05-07T09:40:09.088+0530][gc,phases   ] GC(15)   Merge Heap Roots: 1.0ms
[2025-05-07T09:40:09.088+0530][gc,phases   ] GC(15)   Evacuate Collection Set: 144.4ms
[2025-05-07T09:40:09.088+0530][gc,phases   ] GC(15)   Post Evacuate Collection Set: 4.4ms
[2025-05-07T09:40:09.089+0530][gc,phases   ] GC(15)   Other: 7.2ms
[2025-05-07T09:40:09.090+0530][gc,heap     ] GC(15) Eden regions: 46->0(48)
[2025-05-07T09:40:09.090+0530][gc,heap     ] GC(15) Survivor regions: 5->3(7)
[2025-05-07T09:40:09.090+0530][gc,heap     ] GC(15) Old regions: 19->20
[2025-05-07T09:40:09.091+0530][gc,heap     ] GC(15) Archive regions: 2->2
[2025-05-07T09:40:09.091+0530][gc,heap     ] GC(15) Humongous regions: 129->129
[2025-05-07T09:40:09.091+0530][gc,metaspace] GC(15) Metaspace: 43640K(44352K)->43640K(44352K) NonClass: 38248K(38656K)->38248K(38656K) Class: 5391K(5696K)->5391K(5696K)
[2025-05-07T09:40:09.092+0530][gc          ] GC(15) Pause Young (Normal) (G1 Evacuation Pause) 198M->151M(1024M) 162.170ms
[2025-05-07T09:40:09.092+0530][gc,cpu      ] GC(15) User=0.02s Sys=0.03s Real=0.17s
[2025-05-07T09:46:38.467+0530][gc,start    ] GC(16) Pause Young (Normal) (G1 Evacuation Pause)
[2025-05-07T09:46:38.468+0530][gc,task     ] GC(16) Using 8 workers of 8 for evacuation
[2025-05-07T09:46:38.484+0530][gc,phases   ] GC(16)   Pre Evacuate Collection Set: 1.1ms
[2025-05-07T09:46:38.484+0530][gc,phases   ] GC(16)   Merge Heap Roots: 0.3ms
[2025-05-07T09:46:38.484+0530][gc,phases   ] GC(16)   Evacuate Collection Set: 13.5ms
[2025-05-07T09:46:38.484+0530][gc,phases   ] GC(16)   Post Evacuate Collection Set: 0.6ms
[2025-05-07T09:46:38.484+0530][gc,phases   ] GC(16)   Other: 1.8ms
[2025-05-07T09:46:38.484+0530][gc,heap     ] GC(16) Eden regions: 48->0(47)
[2025-05-07T09:46:38.484+0530][gc,heap     ] GC(16) Survivor regions: 3->4(7)
[2025-05-07T09:46:38.484+0530][gc,heap     ] GC(16) Old regions: 20->20
[2025-05-07T09:46:38.484+0530][gc,heap     ] GC(16) Archive regions: 2->2
[2025-05-07T09:46:38.484+0530][gc,heap     ] GC(16) Humongous regions: 129->129
[2025-05-07T09:46:38.484+0530][gc,metaspace] GC(16) Metaspace: 43675K(44416K)->43675K(44416K) NonClass: 38283K(38720K)->38283K(38720K) Class: 5391K(5696K)->5391K(5696K)
[2025-05-07T09:46:38.484+0530][gc          ] GC(16) Pause Young (Normal) (G1 Evacuation Pause) 199M->152M(1024M) 17.432ms
[2025-05-07T09:46:38.484+0530][gc,cpu      ] GC(16) User=0.02s Sys=0.02s Real=0.02s
[2025-05-07T10:03:42.334+0530][gc,start    ] GC(17) Pause Young (Normal) (G1 Evacuation Pause)
[2025-05-07T10:03:42.335+0530][gc,task     ] GC(17) Using 8 workers of 8 for evacuation
[2025-05-07T10:03:42.352+0530][gc,phases   ] GC(17)   Pre Evacuate Collection Set: 1.1ms
[2025-05-07T10:03:42.352+0530][gc,phases   ] GC(17)   Merge Heap Roots: 0.2ms
[2025-05-07T10:03:42.352+0530][gc,phases   ] GC(17)   Evacuate Collection Set: 15.6ms
[2025-05-07T10:03:42.352+0530][gc,phases   ] GC(17)   Post Evacuate Collection Set: 0.4ms
[2025-05-07T10:03:42.352+0530][gc,phases   ] GC(17)   Other: 0.9ms
[2025-05-07T10:03:42.352+0530][gc,heap     ] GC(17) Eden regions: 47->0(47)
[2025-05-07T10:03:42.352+0530][gc,heap     ] GC(17) Survivor regions: 4->4(7)
[2025-05-07T10:03:42.352+0530][gc,heap     ] GC(17) Old regions: 20->20
[2025-05-07T10:03:42.352+0530][gc,heap     ] GC(17) Archive regions: 2->2
[2025-05-07T10:03:42.352+0530][gc,heap     ] GC(17) Humongous regions: 129->129
[2025-05-07T10:03:42.352+0530][gc,metaspace] GC(17) Metaspace: 43971K(44736K)->43971K(44736K) NonClass: 38515K(38976K)->38515K(38976K) Class: 5456K(5760K)->5456K(5760K)
[2025-05-07T10:03:42.353+0530][gc          ] GC(17) Pause Young (Normal) (G1 Evacuation Pause) 199M->152M(1024M) 18.346ms
[2025-05-07T10:03:42.353+0530][gc,cpu      ] GC(17) User=0.02s Sys=0.02s Real=0.02s
[2025-05-07T10:03:42.910+0530][gc,heap,exit] Heap
[2025-05-07T10:03:42.910+0530][gc,heap,exit]  garbage-first heap   total 1048576K, used 165648K [0x00000007c0000000, 0x0000000800000000)
[2025-05-07T10:03:42.910+0530][gc,heap,exit]   region size 1024K, 14 young (14336K), 4 survivors (4096K)
[2025-05-07T10:03:42.910+0530][gc,heap,exit]  Metaspace       used 44732K, committed 45504K, reserved 1114112K
[2025-05-07T10:03:42.910+0530][gc,heap,exit]   class space    used 5614K, committed 5952K, reserved 1048576K
