[2026-03-23T10:46:28.685+0530][gc] Using G1
[2026-03-23T10:46:28.687+0530][gc,init] Version: 17.0.10+7-LTS (release)
[2026-03-23T10:46:28.687+0530][gc,init] CPUs: 8 total, 8 available
[2026-03-23T10:46:28.687+0530][gc,init] Memory: 8192M
[2026-03-23T10:46:28.687+0530][gc,init] Large Page Support: Disabled
[2026-03-23T10:46:28.687+0530][gc,init] NUMA Support: Disabled
[2026-03-23T10:46:28.687+0530][gc,init] Compressed Oops: Enabled (Zero based)
[2026-03-23T10:46:28.687+0530][gc,init] Heap Region Size: 1M
[2026-03-23T10:46:28.687+0530][gc,init] Heap Min Capacity: 1G
[2026-03-23T10:46:28.687+0530][gc,init] Heap Initial Capacity: 1G
[2026-03-23T10:46:28.687+0530][gc,init] Heap Max Capacity: 1G
[2026-03-23T10:46:28.687+0530][gc,init] Pre-touch: Disabled
[2026-03-23T10:46:28.687+0530][gc,init] Parallel Workers: 8
[2026-03-23T10:46:28.687+0530][gc,init] Concurrent Workers: 2
[2026-03-23T10:46:28.687+0530][gc,init] Concurrent Refinement Workers: 8
[2026-03-23T10:46:28.687+0530][gc,init] Periodic GC: Disabled
[2026-03-23T10:46:28.692+0530][gc,metaspace] CDS archive(s) mapped at: [0x000000d000000000-0x000000d000bc0000-0x000000d000bc0000), size 12320768, SharedBaseAddress: 0x000000d000000000, ArchiveRelocationMode: 1.
[2026-03-23T10:46:28.692+0530][gc,metaspace] Compressed class space mapped at: 0x000000d001000000-0x000000d041000000, reserved size: 1073741824
[2026-03-23T10:46:28.692+0530][gc,metaspace] Narrow klass base: 0x000000d000000000, Narrow klass shift: 0, Narrow klass range: 0x100000000
[2026-03-23T10:46:34.617+0530][gc,start    ] GC(0) Pause Young (Normal) (G1 Evacuation Pause)
[2026-03-23T10:46:34.617+0530][gc,task     ] GC(0) Using 8 workers of 8 for evacuation
[2026-03-23T10:46:34.621+0530][gc,phases   ] GC(0)   Pre Evacuate Collection Set: 0.2ms
[2026-03-23T10:46:34.621+0530][gc,phases   ] GC(0)   Merge Heap Roots: 0.1ms
[2026-03-23T10:46:34.621+0530][gc,phases   ] GC(0)   Evacuate Collection Set: 3.0ms
[2026-03-23T10:46:34.621+0530][gc,phases   ] GC(0)   Post Evacuate Collection Set: 0.3ms
[2026-03-23T10:46:34.621+0530][gc,phases   ] GC(0)   Other: 0.3ms
[2026-03-23T10:46:34.621+0530][gc,heap     ] GC(0) Eden regions: 51->0(44)
[2026-03-23T10:46:34.621+0530][gc,heap     ] GC(0) Survivor regions: 0->7(7)
[2026-03-23T10:46:34.621+0530][gc,heap     ] GC(0) Old regions: 0->1
[2026-03-23T10:46:34.621+0530][gc,heap     ] GC(0) Archive regions: 2->2
[2026-03-23T10:46:34.621+0530][gc,heap     ] GC(0) Humongous regions: 0->0
[2026-03-23T10:46:34.621+0530][gc,metaspace] GC(0) Metaspace: 17823K(17984K)->17823K(17984K) NonClass: 15692K(15808K)->15692K(15808K) Class: 2130K(2176K)->2130K(2176K)
[2026-03-23T10:46:34.621+0530][gc          ] GC(0) Pause Young (Normal) (G1 Evacuation Pause) 51M->8M(1024M) 4.005ms
[2026-03-23T10:46:34.621+0530][gc,cpu      ] GC(0) User=0.02s Sys=0.01s Real=0.01s
[2026-03-23T10:46:34.818+0530][gc,start    ] GC(1) Pause Young (Concurrent Start) (Metadata GC Threshold)
[2026-03-23T10:46:34.818+0530][gc,task     ] GC(1) Using 8 workers of 8 for evacuation
[2026-03-23T10:46:34.822+0530][gc,phases   ] GC(1)   Pre Evacuate Collection Set: 0.1ms
[2026-03-23T10:46:34.822+0530][gc,phases   ] GC(1)   Merge Heap Roots: 0.1ms
[2026-03-23T10:46:34.822+0530][gc,phases   ] GC(1)   Evacuate Collection Set: 2.7ms
[2026-03-23T10:46:34.822+0530][gc,phases   ] GC(1)   Post Evacuate Collection Set: 0.2ms
[2026-03-23T10:46:34.822+0530][gc,phases   ] GC(1)   Other: 0.1ms
[2026-03-23T10:46:34.822+0530][gc,heap     ] GC(1) Eden regions: 15->0(48)
[2026-03-23T10:46:34.822+0530][gc,heap     ] GC(1) Survivor regions: 7->3(7)
[2026-03-23T10:46:34.822+0530][gc,heap     ] GC(1) Old regions: 1->8
[2026-03-23T10:46:34.822+0530][gc,heap     ] GC(1) Archive regions: 2->2
[2026-03-23T10:46:34.822+0530][gc,heap     ] GC(1) Humongous regions: 129->129
[2026-03-23T10:46:34.822+0530][gc,metaspace] GC(1) Metaspace: 21333K(21504K)->21333K(21504K) NonClass: 18749K(18816K)->18749K(18816K) Class: 2583K(2688K)->2583K(2688K)
[2026-03-23T10:46:34.822+0530][gc          ] GC(1) Pause Young (Concurrent Start) (Metadata GC Threshold) 152M->139M(1024M) 3.328ms
[2026-03-23T10:46:34.822+0530][gc,cpu      ] GC(1) User=0.01s Sys=0.00s Real=0.01s
[2026-03-23T10:46:34.822+0530][gc          ] GC(2) Concurrent Mark Cycle
[2026-03-23T10:46:34.822+0530][gc,marking  ] GC(2) Concurrent Clear Claimed Marks
[2026-03-23T10:46:34.822+0530][gc,marking  ] GC(2) Concurrent Clear Claimed Marks 0.016ms
[2026-03-23T10:46:34.822+0530][gc,marking  ] GC(2) Concurrent Scan Root Regions
[2026-03-23T10:46:34.824+0530][gc,marking  ] GC(2) Concurrent Scan Root Regions 2.281ms
[2026-03-23T10:46:34.824+0530][gc,marking  ] GC(2) Concurrent Mark
[2026-03-23T10:46:34.824+0530][gc,marking  ] GC(2) Concurrent Mark From Roots
[2026-03-23T10:46:34.824+0530][gc,task     ] GC(2) Using 2 workers of 2 for marking
[2026-03-23T10:46:34.825+0530][gc,marking  ] GC(2) Concurrent Mark From Roots 1.341ms
[2026-03-23T10:46:34.825+0530][gc,marking  ] GC(2) Concurrent Preclean
[2026-03-23T10:46:34.826+0530][gc,marking  ] GC(2) Concurrent Preclean 0.019ms
[2026-03-23T10:46:34.826+0530][gc,start    ] GC(2) Pause Remark
[2026-03-23T10:46:34.827+0530][gc          ] GC(2) Pause Remark 140M->140M(1024M) 1.559ms
[2026-03-23T10:46:34.827+0530][gc,cpu      ] GC(2) User=0.01s Sys=0.00s Real=0.00s
[2026-03-23T10:46:34.827+0530][gc,marking  ] GC(2) Concurrent Mark 3.126ms
[2026-03-23T10:46:34.827+0530][gc,marking  ] GC(2) Concurrent Rebuild Remembered Sets
[2026-03-23T10:46:34.830+0530][gc,marking  ] GC(2) Concurrent Rebuild Remembered Sets 2.324ms
[2026-03-23T10:46:34.830+0530][gc,start    ] GC(2) Pause Cleanup
[2026-03-23T10:46:34.830+0530][gc          ] GC(2) Pause Cleanup 140M->140M(1024M) 0.103ms
[2026-03-23T10:46:34.830+0530][gc,cpu      ] GC(2) User=0.00s Sys=0.00s Real=0.00s
[2026-03-23T10:46:34.830+0530][gc,marking  ] GC(2) Concurrent Cleanup for Next Mark
[2026-03-23T10:46:34.832+0530][gc,marking  ] GC(2) Concurrent Cleanup for Next Mark 1.901ms
[2026-03-23T10:46:34.832+0530][gc          ] GC(2) Concurrent Mark Cycle 9.964ms
[2026-03-23T10:46:35.228+0530][gc,start    ] GC(3) Pause Young (Normal) (GCLocker Initiated GC)
[2026-03-23T10:46:35.228+0530][gc,task     ] GC(3) Using 8 workers of 8 for evacuation
[2026-03-23T10:46:35.231+0530][gc,phases   ] GC(3)   Pre Evacuate Collection Set: 0.1ms
[2026-03-23T10:46:35.231+0530][gc,phases   ] GC(3)   Merge Heap Roots: 0.0ms
[2026-03-23T10:46:35.231+0530][gc,phases   ] GC(3)   Evacuate Collection Set: 2.9ms
[2026-03-23T10:46:35.231+0530][gc,phases   ] GC(3)   Post Evacuate Collection Set: 0.3ms
[2026-03-23T10:46:35.231+0530][gc,phases   ] GC(3)   Other: 0.1ms
[2026-03-23T10:46:35.231+0530][gc,heap     ] GC(3) Eden regions: 48->0(44)
[2026-03-23T10:46:35.231+0530][gc,heap     ] GC(3) Survivor regions: 3->7(7)
[2026-03-23T10:46:35.231+0530][gc,heap     ] GC(3) Old regions: 8->8
[2026-03-23T10:46:35.231+0530][gc,heap     ] GC(3) Archive regions: 2->2
[2026-03-23T10:46:35.231+0530][gc,heap     ] GC(3) Humongous regions: 129->129
[2026-03-23T10:46:35.231+0530][gc,metaspace] GC(3) Metaspace: 32390K(32640K)->32390K(32640K) NonClass: 28802K(28928K)->28802K(28928K) Class: 3587K(3712K)->3587K(3712K)
[2026-03-23T10:46:35.231+0530][gc          ] GC(3) Pause Young (Normal) (GCLocker Initiated GC) 187M->143M(1024M) 3.569ms
[2026-03-23T10:46:35.231+0530][gc,cpu      ] GC(3) User=0.02s Sys=0.00s Real=0.01s
[2026-03-23T10:46:35.548+0530][gc,start    ] GC(4) Pause Young (Concurrent Start) (Metadata GC Threshold)
[2026-03-23T10:46:35.550+0530][gc,task     ] GC(4) Using 8 workers of 8 for evacuation
[2026-03-23T10:46:35.563+0530][gc,phases   ] GC(4)   Pre Evacuate Collection Set: 0.2ms
[2026-03-23T10:46:35.563+0530][gc,phases   ] GC(4)   Merge Heap Roots: 0.1ms
[2026-03-23T10:46:35.563+0530][gc,phases   ] GC(4)   Evacuate Collection Set: 11.8ms
[2026-03-23T10:46:35.563+0530][gc,phases   ] GC(4)   Post Evacuate Collection Set: 0.6ms
[2026-03-23T10:46:35.563+0530][gc,phases   ] GC(4)   Other: 1.6ms
[2026-03-23T10:46:35.563+0530][gc,heap     ] GC(4) Eden regions: 17->0(49)
[2026-03-23T10:46:35.563+0530][gc,heap     ] GC(4) Survivor regions: 7->2(7)
[2026-03-23T10:46:35.563+0530][gc,heap     ] GC(4) Old regions: 8->15
[2026-03-23T10:46:35.563+0530][gc,heap     ] GC(4) Archive regions: 2->2
[2026-03-23T10:46:35.563+0530][gc,heap     ] GC(4) Humongous regions: 129->129
[2026-03-23T10:46:35.563+0530][gc,metaspace] GC(4) Metaspace: 35840K(36160K)->35840K(36160K) NonClass: 31666K(31808K)->31666K(31808K) Class: 4174K(4352K)->4174K(4352K)
[2026-03-23T10:46:35.563+0530][gc          ] GC(4) Pause Young (Concurrent Start) (Metadata GC Threshold) 160M->145M(1024M) 14.864ms
[2026-03-23T10:46:35.563+0530][gc,cpu      ] GC(4) User=0.03s Sys=0.01s Real=0.02s
[2026-03-23T10:46:35.563+0530][gc          ] GC(5) Concurrent Mark Cycle
[2026-03-23T10:46:35.563+0530][gc,marking  ] GC(5) Concurrent Clear Claimed Marks
[2026-03-23T10:46:35.563+0530][gc,marking  ] GC(5) Concurrent Clear Claimed Marks 0.033ms
[2026-03-23T10:46:35.563+0530][gc,marking  ] GC(5) Concurrent Scan Root Regions
[2026-03-23T10:46:35.568+0530][gc,marking  ] GC(5) Concurrent Scan Root Regions 4.887ms
[2026-03-23T10:46:35.568+0530][gc,marking  ] GC(5) Concurrent Mark
[2026-03-23T10:46:35.568+0530][gc,marking  ] GC(5) Concurrent Mark From Roots
[2026-03-23T10:46:35.568+0530][gc,task     ] GC(5) Using 2 workers of 2 for marking
[2026-03-23T10:46:35.576+0530][gc,marking  ] GC(5) Concurrent Mark From Roots 8.176ms
[2026-03-23T10:46:35.577+0530][gc,marking  ] GC(5) Concurrent Preclean
[2026-03-23T10:46:35.577+0530][gc,marking  ] GC(5) Concurrent Preclean 0.184ms
[2026-03-23T10:46:35.577+0530][gc,start    ] GC(5) Pause Remark
[2026-03-23T10:46:35.582+0530][gc          ] GC(5) Pause Remark 146M->146M(1024M) 4.305ms
[2026-03-23T10:46:35.582+0530][gc,cpu      ] GC(5) User=0.01s Sys=0.00s Real=0.01s
[2026-03-23T10:46:35.582+0530][gc,marking  ] GC(5) Concurrent Mark 13.678ms
[2026-03-23T10:46:35.582+0530][gc,marking  ] GC(5) Concurrent Rebuild Remembered Sets
[2026-03-23T10:46:35.590+0530][gc,marking  ] GC(5) Concurrent Rebuild Remembered Sets 8.381ms
[2026-03-23T10:46:35.591+0530][gc,start    ] GC(5) Pause Cleanup
[2026-03-23T10:46:35.591+0530][gc          ] GC(5) Pause Cleanup 146M->146M(1024M) 0.295ms
[2026-03-23T10:46:35.591+0530][gc,cpu      ] GC(5) User=0.00s Sys=0.00s Real=0.00s
[2026-03-23T10:46:35.591+0530][gc,marking  ] GC(5) Concurrent Cleanup for Next Mark
[2026-03-23T10:46:35.595+0530][gc,marking  ] GC(5) Concurrent Cleanup for Next Mark 4.169ms
[2026-03-23T10:46:35.595+0530][gc          ] GC(5) Concurrent Mark Cycle 32.231ms
[2026-03-23T10:47:26.931+0530][gc,start    ] GC(6) Pause Young (Prepare Mixed) (G1 Evacuation Pause)
[2026-03-23T10:47:26.931+0530][gc,task     ] GC(6) Using 8 workers of 8 for evacuation
[2026-03-23T10:47:26.953+0530][gc,mmu      ] GC(6) MMU target violated: 21.0ms (20.0ms/21.0ms)
[2026-03-23T10:47:26.953+0530][gc,phases   ] GC(6)   Pre Evacuate Collection Set: 0.5ms
[2026-03-23T10:47:26.954+0530][gc,phases   ] GC(6)   Merge Heap Roots: 0.2ms
[2026-03-23T10:47:26.954+0530][gc,phases   ] GC(6)   Evacuate Collection Set: 20.4ms
[2026-03-23T10:47:26.954+0530][gc,phases   ] GC(6)   Post Evacuate Collection Set: 0.9ms
[2026-03-23T10:47:26.954+0530][gc,phases   ] GC(6)   Other: 1.6ms
[2026-03-23T10:47:26.954+0530][gc,heap     ] GC(6) Eden regions: 49->0(46)
[2026-03-23T10:47:26.954+0530][gc,heap     ] GC(6) Survivor regions: 2->5(7)
[2026-03-23T10:47:26.954+0530][gc,heap     ] GC(6) Old regions: 15->15
[2026-03-23T10:47:26.954+0530][gc,heap     ] GC(6) Archive regions: 2->2
[2026-03-23T10:47:26.954+0530][gc,heap     ] GC(6) Humongous regions: 129->129
[2026-03-23T10:47:26.954+0530][gc,metaspace] GC(6) Metaspace: 41756K(42368K)->41756K(42368K) NonClass: 36689K(37056K)->36689K(37056K) Class: 5067K(5312K)->5067K(5312K)
[2026-03-23T10:47:26.954+0530][gc          ] GC(6) Pause Young (Prepare Mixed) (G1 Evacuation Pause) 194M->148M(1024M) 23.679ms
[2026-03-23T10:47:26.954+0530][gc,cpu      ] GC(6) User=0.02s Sys=0.06s Real=0.02s
[2026-03-23T10:49:23.115+0530][gc,start    ] GC(7) Pause Young (Mixed) (G1 Evacuation Pause)
[2026-03-23T10:49:23.115+0530][gc,task     ] GC(7) Using 8 workers of 8 for evacuation
[2026-03-23T10:49:23.146+0530][gc,mmu      ] GC(7) MMU target violated: 21.0ms (20.0ms/21.0ms)
[2026-03-23T10:49:23.147+0530][gc,phases   ] GC(7)   Pre Evacuate Collection Set: 0.7ms
[2026-03-23T10:49:23.147+0530][gc,phases   ] GC(7)   Merge Heap Roots: 1.6ms
[2026-03-23T10:49:23.147+0530][gc,phases   ] GC(7)   Evacuate Collection Set: 26.8ms
[2026-03-23T10:49:23.147+0530][gc,phases   ] GC(7)   Post Evacuate Collection Set: 1.5ms
[2026-03-23T10:49:23.147+0530][gc,phases   ] GC(7)   Other: 2.4ms
[2026-03-23T10:49:23.147+0530][gc,heap     ] GC(7) Eden regions: 46->0(48)
[2026-03-23T10:49:23.147+0530][gc,heap     ] GC(7) Survivor regions: 5->3(7)
[2026-03-23T10:49:23.147+0530][gc,heap     ] GC(7) Old regions: 15->18
[2026-03-23T10:49:23.147+0530][gc,heap     ] GC(7) Archive regions: 2->2
[2026-03-23T10:49:23.147+0530][gc,heap     ] GC(7) Humongous regions: 129->129
[2026-03-23T10:49:23.147+0530][gc,metaspace] GC(7) Metaspace: 42066K(42624K)->42066K(42624K) NonClass: 36988K(37312K)->36988K(37312K) Class: 5078K(5312K)->5078K(5312K)
[2026-03-23T10:49:23.147+0530][gc          ] GC(7) Pause Young (Mixed) (G1 Evacuation Pause) 194M->150M(1024M) 32.543ms
[2026-03-23T10:49:23.147+0530][gc,cpu      ] GC(7) User=0.03s Sys=0.05s Real=0.03s
[2026-03-23T10:51:22.406+0530][gc,start    ] GC(8) Pause Young (Normal) (G1 Evacuation Pause)
[2026-03-23T10:51:22.406+0530][gc,task     ] GC(8) Using 8 workers of 8 for evacuation
[2026-03-23T10:51:22.416+0530][gc,phases   ] GC(8)   Pre Evacuate Collection Set: 0.8ms
[2026-03-23T10:51:22.416+0530][gc,phases   ] GC(8)   Merge Heap Roots: 0.2ms
[2026-03-23T10:51:22.416+0530][gc,phases   ] GC(8)   Evacuate Collection Set: 8.3ms
[2026-03-23T10:51:22.416+0530][gc,phases   ] GC(8)   Post Evacuate Collection Set: 0.4ms
[2026-03-23T10:51:22.416+0530][gc,phases   ] GC(8)   Other: 1.6ms
[2026-03-23T10:51:22.416+0530][gc,heap     ] GC(8) Eden regions: 48->0(47)
[2026-03-23T10:51:22.416+0530][gc,heap     ] GC(8) Survivor regions: 3->4(7)
[2026-03-23T10:51:22.416+0530][gc,heap     ] GC(8) Old regions: 18->18
[2026-03-23T10:51:22.416+0530][gc,heap     ] GC(8) Archive regions: 2->2
[2026-03-23T10:51:22.416+0530][gc,heap     ] GC(8) Humongous regions: 129->129
[2026-03-23T10:51:22.416+0530][gc,metaspace] GC(8) Metaspace: 42239K(42816K)->42239K(42816K) NonClass: 37154K(37504K)->37154K(37504K) Class: 5085K(5312K)->5085K(5312K)
[2026-03-23T10:51:22.416+0530][gc          ] GC(8) Pause Young (Normal) (G1 Evacuation Pause) 198M->151M(1024M) 11.455ms
[2026-03-23T10:51:22.416+0530][gc,cpu      ] GC(8) User=0.03s Sys=0.01s Real=0.01s
[2026-03-23T10:53:35.108+0530][gc,start    ] GC(9) Pause Young (Normal) (G1 Evacuation Pause)
[2026-03-23T10:53:35.108+0530][gc,task     ] GC(9) Using 8 workers of 8 for evacuation
[2026-03-23T10:53:35.127+0530][gc,phases   ] GC(9)   Pre Evacuate Collection Set: 1.1ms
[2026-03-23T10:53:35.127+0530][gc,phases   ] GC(9)   Merge Heap Roots: 0.2ms
[2026-03-23T10:53:35.127+0530][gc,phases   ] GC(9)   Evacuate Collection Set: 16.6ms
[2026-03-23T10:53:35.127+0530][gc,phases   ] GC(9)   Post Evacuate Collection Set: 0.6ms
[2026-03-23T10:53:35.127+0530][gc,phases   ] GC(9)   Other: 1.0ms
[2026-03-23T10:53:35.127+0530][gc,heap     ] GC(9) Eden regions: 47->0(46)
[2026-03-23T10:53:35.127+0530][gc,heap     ] GC(9) Survivor regions: 4->5(7)
[2026-03-23T10:53:35.127+0530][gc,heap     ] GC(9) Old regions: 18->20
[2026-03-23T10:53:35.127+0530][gc,heap     ] GC(9) Archive regions: 2->2
[2026-03-23T10:53:35.127+0530][gc,heap     ] GC(9) Humongous regions: 129->129
[2026-03-23T10:53:35.127+0530][gc,metaspace] GC(9) Metaspace: 42260K(42816K)->42260K(42816K) NonClass: 37175K(37504K)->37175K(37504K) Class: 5085K(5312K)->5085K(5312K)
[2026-03-23T10:53:35.127+0530][gc          ] GC(9) Pause Young (Normal) (G1 Evacuation Pause) 198M->153M(1024M) 19.675ms
[2026-03-23T10:53:35.127+0530][gc,cpu      ] GC(9) User=0.04s Sys=0.02s Real=0.02s
[2026-03-23T10:55:50.486+0530][gc,start    ] GC(10) Pause Young (Normal) (G1 Evacuation Pause)
[2026-03-23T10:55:50.486+0530][gc,task     ] GC(10) Using 8 workers of 8 for evacuation
[2026-03-23T10:55:50.501+0530][gc,phases   ] GC(10)   Pre Evacuate Collection Set: 0.6ms
[2026-03-23T10:55:50.501+0530][gc,phases   ] GC(10)   Merge Heap Roots: 0.3ms
[2026-03-23T10:55:50.501+0530][gc,phases   ] GC(10)   Evacuate Collection Set: 13.2ms
[2026-03-23T10:55:50.501+0530][gc,phases   ] GC(10)   Post Evacuate Collection Set: 0.5ms
[2026-03-23T10:55:50.501+0530][gc,phases   ] GC(10)   Other: 1.0ms
[2026-03-23T10:55:50.501+0530][gc,heap     ] GC(10) Eden regions: 46->0(46)
[2026-03-23T10:55:50.501+0530][gc,heap     ] GC(10) Survivor regions: 5->5(7)
[2026-03-23T10:55:50.501+0530][gc,heap     ] GC(10) Old regions: 20->21
[2026-03-23T10:55:50.501+0530][gc,heap     ] GC(10) Archive regions: 2->2
[2026-03-23T10:55:50.501+0530][gc,heap     ] GC(10) Humongous regions: 129->129
[2026-03-23T10:55:50.501+0530][gc,metaspace] GC(10) Metaspace: 42272K(42816K)->42272K(42816K) NonClass: 37187K(37504K)->37187K(37504K) Class: 5085K(5312K)->5085K(5312K)
[2026-03-23T10:55:50.501+0530][gc          ] GC(10) Pause Young (Normal) (G1 Evacuation Pause) 199M->155M(1024M) 15.806ms
[2026-03-23T10:55:50.501+0530][gc,cpu      ] GC(10) User=0.04s Sys=0.02s Real=0.02s
[2026-03-23T10:57:52.698+0530][gc,start    ] GC(11) Pause Young (Normal) (G1 Evacuation Pause)
[2026-03-23T10:57:52.699+0530][gc,task     ] GC(11) Using 8 workers of 8 for evacuation
[2026-03-23T10:57:52.724+0530][gc,mmu      ] GC(11) MMU target violated: 21.0ms (20.0ms/21.0ms)
[2026-03-23T10:57:52.724+0530][gc,phases   ] GC(11)   Pre Evacuate Collection Set: 1.0ms
[2026-03-23T10:57:52.724+0530][gc,phases   ] GC(11)   Merge Heap Roots: 0.2ms
[2026-03-23T10:57:52.724+0530][gc,phases   ] GC(11)   Evacuate Collection Set: 23.3ms
[2026-03-23T10:57:52.724+0530][gc,phases   ] GC(11)   Post Evacuate Collection Set: 0.7ms
[2026-03-23T10:57:52.724+0530][gc,phases   ] GC(11)   Other: 1.4ms
[2026-03-23T10:57:52.724+0530][gc,heap     ] GC(11) Eden regions: 46->0(45)
[2026-03-23T10:57:52.724+0530][gc,heap     ] GC(11) Survivor regions: 5->6(7)
[2026-03-23T10:57:52.724+0530][gc,heap     ] GC(11) Old regions: 21->23
[2026-03-23T10:57:52.725+0530][gc,heap     ] GC(11) Archive regions: 2->2
[2026-03-23T10:57:52.725+0530][gc,heap     ] GC(11) Humongous regions: 129->129
[2026-03-23T10:57:52.725+0530][gc,metaspace] GC(11) Metaspace: 42885K(43520K)->42885K(43520K) NonClass: 37683K(38080K)->37683K(38080K) Class: 5201K(5440K)->5201K(5440K)
[2026-03-23T10:57:52.725+0530][gc          ] GC(11) Pause Young (Normal) (G1 Evacuation Pause) 201M->157M(1024M) 26.699ms
[2026-03-23T10:57:52.725+0530][gc,cpu      ] GC(11) User=0.03s Sys=0.02s Real=0.03s
[2026-03-23T10:59:58.597+0530][gc,start    ] GC(12) Pause Young (Normal) (G1 Evacuation Pause)
[2026-03-23T10:59:58.598+0530][gc,task     ] GC(12) Using 8 workers of 8 for evacuation
[2026-03-23T10:59:58.615+0530][gc,phases   ] GC(12)   Pre Evacuate Collection Set: 0.8ms
[2026-03-23T10:59:58.615+0530][gc,phases   ] GC(12)   Merge Heap Roots: 0.4ms
[2026-03-23T10:59:58.615+0530][gc,phases   ] GC(12)   Evacuate Collection Set: 14.2ms
[2026-03-23T10:59:58.615+0530][gc,phases   ] GC(12)   Post Evacuate Collection Set: 0.5ms
[2026-03-23T10:59:58.615+0530][gc,phases   ] GC(12)   Other: 1.7ms
[2026-03-23T10:59:58.615+0530][gc,heap     ] GC(12) Eden regions: 45->0(46)
[2026-03-23T10:59:58.615+0530][gc,heap     ] GC(12) Survivor regions: 6->5(7)
[2026-03-23T10:59:58.615+0530][gc,heap     ] GC(12) Old regions: 23->25
[2026-03-23T10:59:58.615+0530][gc,heap     ] GC(12) Archive regions: 2->2
[2026-03-23T10:59:58.615+0530][gc,heap     ] GC(12) Humongous regions: 129->129
[2026-03-23T10:59:58.615+0530][gc,metaspace] GC(12) Metaspace: 42891K(43520K)->42891K(43520K) NonClass: 37689K(38080K)->37689K(38080K) Class: 5201K(5440K)->5201K(5440K)
[2026-03-23T10:59:58.615+0530][gc          ] GC(12) Pause Young (Normal) (G1 Evacuation Pause) 202M->159M(1024M) 17.739ms
[2026-03-23T10:59:58.615+0530][gc,cpu      ] GC(12) User=0.03s Sys=0.01s Real=0.02s
[2026-03-23T11:02:07.552+0530][gc,start    ] GC(13) Pause Young (Normal) (G1 Evacuation Pause)
[2026-03-23T11:02:07.553+0530][gc,task     ] GC(13) Using 8 workers of 8 for evacuation
[2026-03-23T11:02:07.570+0530][gc,phases   ] GC(13)   Pre Evacuate Collection Set: 0.7ms
[2026-03-23T11:02:07.570+0530][gc,phases   ] GC(13)   Merge Heap Roots: 0.4ms
[2026-03-23T11:02:07.570+0530][gc,phases   ] GC(13)   Evacuate Collection Set: 15.8ms
[2026-03-23T11:02:07.570+0530][gc,phases   ] GC(13)   Post Evacuate Collection Set: 0.5ms
[2026-03-23T11:02:07.570+0530][gc,phases   ] GC(13)   Other: 0.9ms
[2026-03-23T11:02:07.570+0530][gc,heap     ] GC(13) Eden regions: 46->0(46)
[2026-03-23T11:02:07.570+0530][gc,heap     ] GC(13) Survivor regions: 5->5(7)
[2026-03-23T11:02:07.570+0530][gc,heap     ] GC(13) Old regions: 25->27
[2026-03-23T11:02:07.570+0530][gc,heap     ] GC(13) Archive regions: 2->2
[2026-03-23T11:02:07.571+0530][gc,heap     ] GC(13) Humongous regions: 129->129
[2026-03-23T11:02:07.571+0530][gc,metaspace] GC(13) Metaspace: 42901K(43520K)->42901K(43520K) NonClass: 37699K(38080K)->37699K(38080K) Class: 5201K(5440K)->5201K(5440K)
[2026-03-23T11:02:07.571+0530][gc          ] GC(13) Pause Young (Normal) (G1 Evacuation Pause) 205M->161M(1024M) 18.504ms
[2026-03-23T11:02:07.571+0530][gc,cpu      ] GC(13) User=0.05s Sys=0.01s Real=0.02s
[2026-03-23T11:04:18.097+0530][gc,start    ] GC(14) Pause Young (Normal) (G1 Evacuation Pause)
[2026-03-23T11:04:18.098+0530][gc,task     ] GC(14) Using 8 workers of 8 for evacuation
[2026-03-23T11:04:18.119+0530][gc,mmu      ] GC(14) MMU target violated: 20.8ms (20.0ms/21.0ms)
[2026-03-23T11:04:18.119+0530][gc,phases   ] GC(14)   Pre Evacuate Collection Set: 0.5ms
[2026-03-23T11:04:18.119+0530][gc,phases   ] GC(14)   Merge Heap Roots: 0.8ms
[2026-03-23T11:04:18.119+0530][gc,phases   ] GC(14)   Evacuate Collection Set: 17.4ms
[2026-03-23T11:04:18.119+0530][gc,phases   ] GC(14)   Post Evacuate Collection Set: 1.8ms
[2026-03-23T11:04:18.120+0530][gc,phases   ] GC(14)   Other: 2.7ms
[2026-03-23T11:04:18.120+0530][gc,heap     ] GC(14) Eden regions: 46->0(45)
[2026-03-23T11:04:18.120+0530][gc,heap     ] GC(14) Survivor regions: 5->6(7)
[2026-03-23T11:04:18.120+0530][gc,heap     ] GC(14) Old regions: 27->29
[2026-03-23T11:04:18.120+0530][gc,heap     ] GC(14) Archive regions: 2->2
[2026-03-23T11:04:18.120+0530][gc,heap     ] GC(14) Humongous regions: 129->129
[2026-03-23T11:04:18.120+0530][gc,metaspace] GC(14) Metaspace: 42903K(43520K)->42903K(43520K) NonClass: 37701K(38080K)->37701K(38080K) Class: 5201K(5440K)->5201K(5440K)
[2026-03-23T11:04:18.120+0530][gc          ] GC(14) Pause Young (Normal) (G1 Evacuation Pause) 207M->163M(1024M) 22.853ms
[2026-03-23T11:04:18.120+0530][gc,cpu      ] GC(14) User=0.03s Sys=0.02s Real=0.03s
[2026-03-23T11:06:26.401+0530][gc,start    ] GC(15) Pause Young (Normal) (G1 Evacuation Pause)
[2026-03-23T11:06:26.402+0530][gc,task     ] GC(15) Using 8 workers of 8 for evacuation
[2026-03-23T11:06:26.419+0530][gc,phases   ] GC(15)   Pre Evacuate Collection Set: 0.7ms
[2026-03-23T11:06:26.419+0530][gc,phases   ] GC(15)   Merge Heap Roots: 0.4ms
[2026-03-23T11:06:26.419+0530][gc,phases   ] GC(15)   Evacuate Collection Set: 14.6ms
[2026-03-23T11:06:26.419+0530][gc,phases   ] GC(15)   Post Evacuate Collection Set: 0.6ms
[2026-03-23T11:06:26.419+0530][gc,phases   ] GC(15)   Other: 1.6ms
[2026-03-23T11:06:26.419+0530][gc,heap     ] GC(15) Eden regions: 45->0(51)
[2026-03-23T11:06:26.419+0530][gc,heap     ] GC(15) Survivor regions: 6->5(7)
[2026-03-23T11:06:26.419+0530][gc,heap     ] GC(15) Old regions: 29->31
[2026-03-23T11:06:26.419+0530][gc,heap     ] GC(15) Archive regions: 2->2
[2026-03-23T11:06:26.419+0530][gc,heap     ] GC(15) Humongous regions: 129->129
[2026-03-23T11:06:26.419+0530][gc,metaspace] GC(15) Metaspace: 42912K(43520K)->42912K(43520K) NonClass: 37710K(38080K)->37710K(38080K) Class: 5201K(5440K)->5201K(5440K)
[2026-03-23T11:06:26.419+0530][gc          ] GC(15) Pause Young (Normal) (G1 Evacuation Pause) 208M->165M(1024M) 18.001ms
[2026-03-23T11:06:26.419+0530][gc,cpu      ] GC(15) User=0.04s Sys=0.02s Real=0.01s
[2026-03-23T11:09:33.392+0530][gc,start    ] GC(16) Pause Young (Normal) (G1 Evacuation Pause)
[2026-03-23T11:09:33.392+0530][gc,task     ] GC(16) Using 8 workers of 8 for evacuation
[2026-03-23T11:09:33.413+0530][gc,mmu      ] GC(16) MMU target violated: 21.0ms (20.0ms/21.0ms)
[2026-03-23T11:09:33.414+0530][gc,phases   ] GC(16)   Pre Evacuate Collection Set: 0.4ms
[2026-03-23T11:09:33.414+0530][gc,phases   ] GC(16)   Merge Heap Roots: 0.2ms
[2026-03-23T11:09:33.414+0530][gc,phases   ] GC(16)   Evacuate Collection Set: 20.1ms
[2026-03-23T11:09:33.414+0530][gc,phases   ] GC(16)   Post Evacuate Collection Set: 0.5ms
[2026-03-23T11:09:33.414+0530][gc,phases   ] GC(16)   Other: 1.1ms
[2026-03-23T11:09:33.414+0530][gc,heap     ] GC(16) Eden regions: 51->0(45)
[2026-03-23T11:09:33.414+0530][gc,heap     ] GC(16) Survivor regions: 5->6(7)
[2026-03-23T11:09:33.414+0530][gc,heap     ] GC(16) Old regions: 31->33
[2026-03-23T11:09:33.414+0530][gc,heap     ] GC(16) Archive regions: 2->2
[2026-03-23T11:09:33.414+0530][gc,heap     ] GC(16) Humongous regions: 129->129
[2026-03-23T11:09:33.414+0530][gc,metaspace] GC(16) Metaspace: 43136K(43776K)->43136K(43776K) NonClass: 37883K(38272K)->37883K(38272K) Class: 5252K(5504K)->5252K(5504K)
[2026-03-23T11:09:33.414+0530][gc          ] GC(16) Pause Young (Normal) (G1 Evacuation Pause) 216M->168M(1024M) 22.379ms
[2026-03-23T11:09:33.414+0530][gc,cpu      ] GC(16) User=0.04s Sys=0.03s Real=0.02s
[2026-03-23T11:11:38.504+0530][gc,start    ] GC(17) Pause Young (Normal) (G1 Evacuation Pause)
[2026-03-23T11:11:38.504+0530][gc,task     ] GC(17) Using 8 workers of 8 for evacuation
[2026-03-23T11:11:38.521+0530][gc,phases   ] GC(17)   Pre Evacuate Collection Set: 0.7ms
[2026-03-23T11:11:38.521+0530][gc,phases   ] GC(17)   Merge Heap Roots: 0.4ms
[2026-03-23T11:11:38.521+0530][gc,phases   ] GC(17)   Evacuate Collection Set: 15.3ms
[2026-03-23T11:11:38.521+0530][gc,phases   ] GC(17)   Post Evacuate Collection Set: 0.4ms
[2026-03-23T11:11:38.522+0530][gc,phases   ] GC(17)   Other: 1.4ms
[2026-03-23T11:11:38.522+0530][gc,heap     ] GC(17) Eden regions: 45->0(48)
[2026-03-23T11:11:38.522+0530][gc,heap     ] GC(17) Survivor regions: 6->6(7)
[2026-03-23T11:11:38.522+0530][gc,heap     ] GC(17) Old regions: 33->35
[2026-03-23T11:11:38.522+0530][gc,heap     ] GC(17) Archive regions: 2->2
[2026-03-23T11:11:38.522+0530][gc,heap     ] GC(17) Humongous regions: 129->129
[2026-03-23T11:11:38.522+0530][gc,metaspace] GC(17) Metaspace: 43156K(43840K)->43156K(43840K) NonClass: 37902K(38336K)->37902K(38336K) Class: 5254K(5504K)->5254K(5504K)
[2026-03-23T11:11:38.522+0530][gc          ] GC(17) Pause Young (Normal) (G1 Evacuation Pause) 213M->169M(1024M) 18.450ms
[2026-03-23T11:11:38.522+0530][gc,cpu      ] GC(17) User=0.04s Sys=0.02s Real=0.02s
[2026-03-23T11:13:53.080+0530][gc,start    ] GC(18) Pause Young (Normal) (G1 Evacuation Pause)
[2026-03-23T11:13:53.081+0530][gc,task     ] GC(18) Using 8 workers of 8 for evacuation
[2026-03-23T11:13:53.103+0530][gc,mmu      ] GC(18) MMU target violated: 21.0ms (20.0ms/21.0ms)
[2026-03-23T11:13:53.103+0530][gc,phases   ] GC(18)   Pre Evacuate Collection Set: 0.6ms
[2026-03-23T11:13:53.103+0530][gc,phases   ] GC(18)   Merge Heap Roots: 0.3ms
[2026-03-23T11:13:53.103+0530][gc,phases   ] GC(18)   Evacuate Collection Set: 20.6ms
[2026-03-23T11:13:53.103+0530][gc,phases   ] GC(18)   Post Evacuate Collection Set: 0.6ms
[2026-03-23T11:13:53.103+0530][gc,phases   ] GC(18)   Other: 1.0ms
[2026-03-23T11:13:53.103+0530][gc,heap     ] GC(18) Eden regions: 48->0(45)
[2026-03-23T11:13:53.103+0530][gc,heap     ] GC(18) Survivor regions: 6->6(7)
[2026-03-23T11:13:53.103+0530][gc,heap     ] GC(18) Old regions: 35->37
[2026-03-23T11:13:53.103+0530][gc,heap     ] GC(18) Archive regions: 2->2
[2026-03-23T11:13:53.103+0530][gc,heap     ] GC(18) Humongous regions: 129->129
[2026-03-23T11:13:53.103+0530][gc,metaspace] GC(18) Metaspace: 43191K(43840K)->43191K(43840K) NonClass: 37937K(38336K)->37937K(38336K) Class: 5254K(5504K)->5254K(5504K)
[2026-03-23T11:13:53.103+0530][gc          ] GC(18) Pause Young (Normal) (G1 Evacuation Pause) 217M->172M(1024M) 22.959ms
[2026-03-23T11:13:53.103+0530][gc,cpu      ] GC(18) User=0.04s Sys=0.03s Real=0.02s
[2026-03-23T11:15:58.049+0530][gc,start    ] GC(19) Pause Young (Normal) (G1 Evacuation Pause)
[2026-03-23T11:15:58.049+0530][gc,task     ] GC(19) Using 8 workers of 8 for evacuation
[2026-03-23T11:15:58.073+0530][gc,mmu      ] GC(19) MMU target violated: 21.0ms (20.0ms/21.0ms)
[2026-03-23T11:15:58.073+0530][gc,phases   ] GC(19)   Pre Evacuate Collection Set: 2.7ms
[2026-03-23T11:15:58.073+0530][gc,phases   ] GC(19)   Merge Heap Roots: 0.9ms
[2026-03-23T11:15:58.073+0530][gc,phases   ] GC(19)   Evacuate Collection Set: 19.0ms
[2026-03-23T11:15:58.073+0530][gc,phases   ] GC(19)   Post Evacuate Collection Set: 0.7ms
[2026-03-23T11:15:58.073+0530][gc,phases   ] GC(19)   Other: 1.3ms
[2026-03-23T11:15:58.073+0530][gc,heap     ] GC(19) Eden regions: 45->0(45)
[2026-03-23T11:15:58.073+0530][gc,heap     ] GC(19) Survivor regions: 6->6(7)
[2026-03-23T11:15:58.073+0530][gc,heap     ] GC(19) Old regions: 37->39
[2026-03-23T11:15:58.073+0530][gc,heap     ] GC(19) Archive regions: 2->2
[2026-03-23T11:15:58.074+0530][gc,heap     ] GC(19) Humongous regions: 129->129
[2026-03-23T11:15:58.074+0530][gc,metaspace] GC(19) Metaspace: 43195K(43840K)->43195K(43840K) NonClass: 37940K(38336K)->37940K(38336K) Class: 5254K(5504K)->5254K(5504K)
[2026-03-23T11:15:58.074+0530][gc          ] GC(19) Pause Young (Normal) (G1 Evacuation Pause) 217M->174M(1024M) 24.687ms
[2026-03-23T11:15:58.074+0530][gc,cpu      ] GC(19) User=0.04s Sys=0.04s Real=0.03s
[2026-03-23T11:18:23.077+0530][gc,start    ] GC(20) Pause Young (Normal) (G1 Evacuation Pause)
[2026-03-23T11:18:23.079+0530][gc,task     ] GC(20) Using 8 workers of 8 for evacuation
[2026-03-23T11:18:23.103+0530][gc,mmu      ] GC(20) MMU target violated: 21.0ms (20.0ms/21.0ms)
[2026-03-23T11:18:23.103+0530][gc,phases   ] GC(20)   Pre Evacuate Collection Set: 0.9ms
[2026-03-23T11:18:23.103+0530][gc,phases   ] GC(20)   Merge Heap Roots: 0.8ms
[2026-03-23T11:18:23.103+0530][gc,phases   ] GC(20)   Evacuate Collection Set: 21.3ms
[2026-03-23T11:18:23.103+0530][gc,phases   ] GC(20)   Post Evacuate Collection Set: 0.7ms
[2026-03-23T11:18:23.103+0530][gc,phases   ] GC(20)   Other: 2.5ms
[2026-03-23T11:18:23.103+0530][gc,heap     ] GC(20) Eden regions: 45->0(55)
[2026-03-23T11:18:23.103+0530][gc,heap     ] GC(20) Survivor regions: 6->5(7)
[2026-03-23T11:18:23.103+0530][gc,heap     ] GC(20) Old regions: 39->41
[2026-03-23T11:18:23.103+0530][gc,heap     ] GC(20) Archive regions: 2->2
[2026-03-23T11:18:23.103+0530][gc,heap     ] GC(20) Humongous regions: 129->129
[2026-03-23T11:18:23.103+0530][gc,metaspace] GC(20) Metaspace: 43239K(43904K)->43239K(43904K) NonClass: 37978K(38400K)->37978K(38400K) Class: 5260K(5504K)->5260K(5504K)
[2026-03-23T11:18:23.103+0530][gc          ] GC(20) Pause Young (Normal) (G1 Evacuation Pause) 219M->175M(1024M) 26.030ms
[2026-03-23T11:18:23.104+0530][gc,cpu      ] GC(20) User=0.03s Sys=0.03s Real=0.03s
[2026-03-23T11:21:42.860+0530][gc,start    ] GC(21) Pause Young (Normal) (G1 Evacuation Pause)
[2026-03-23T11:21:42.861+0530][gc,task     ] GC(21) Using 8 workers of 8 for evacuation
[2026-03-23T11:21:42.896+0530][gc,mmu      ] GC(21) MMU target violated: 21.0ms (20.0ms/21.0ms)
[2026-03-23T11:21:42.896+0530][gc,phases   ] GC(21)   Pre Evacuate Collection Set: 1.9ms
[2026-03-23T11:21:42.897+0530][gc,phases   ] GC(21)   Merge Heap Roots: 0.4ms
[2026-03-23T11:21:42.897+0530][gc,phases   ] GC(21)   Evacuate Collection Set: 31.9ms
[2026-03-23T11:21:42.897+0530][gc,phases   ] GC(21)   Post Evacuate Collection Set: 0.7ms
[2026-03-23T11:21:42.897+0530][gc,phases   ] GC(21)   Other: 1.8ms
[2026-03-23T11:21:42.897+0530][gc,heap     ] GC(21) Eden regions: 55->0(43)
[2026-03-23T11:21:42.897+0530][gc,heap     ] GC(21) Survivor regions: 5->8(8)
[2026-03-23T11:21:42.897+0530][gc,heap     ] GC(21) Old regions: 41->43
[2026-03-23T11:21:42.897+0530][gc,heap     ] GC(21) Archive regions: 2->2
[2026-03-23T11:21:42.897+0530][gc,heap     ] GC(21) Humongous regions: 129->129
[2026-03-23T11:21:42.897+0530][gc,metaspace] GC(21) Metaspace: 43265K(43904K)->43265K(43904K) NonClass: 38002K(38400K)->38002K(38400K) Class: 5262K(5504K)->5262K(5504K)
[2026-03-23T11:21:42.897+0530][gc          ] GC(21) Pause Young (Normal) (G1 Evacuation Pause) 230M->180M(1024M) 36.778ms
[2026-03-23T11:21:42.897+0530][gc,cpu      ] GC(21) User=0.04s Sys=0.07s Real=0.03s
[2026-03-23T11:23:43.355+0530][gc,start    ] GC(22) Pause Young (Normal) (G1 Evacuation Pause)
[2026-03-23T11:23:43.356+0530][gc,task     ] GC(22) Using 8 workers of 8 for evacuation
[2026-03-23T11:23:43.387+0530][gc,mmu      ] GC(22) MMU target violated: 21.0ms (20.0ms/21.0ms)
[2026-03-23T11:23:43.387+0530][gc,phases   ] GC(22)   Pre Evacuate Collection Set: 0.9ms
[2026-03-23T11:23:43.388+0530][gc,phases   ] GC(22)   Merge Heap Roots: 0.2ms
[2026-03-23T11:23:43.388+0530][gc,phases   ] GC(22)   Evacuate Collection Set: 29.7ms
[2026-03-23T11:23:43.388+0530][gc,phases   ] GC(22)   Post Evacuate Collection Set: 0.7ms
[2026-03-23T11:23:43.388+0530][gc,phases   ] GC(22)   Other: 2.1ms
[2026-03-23T11:23:43.388+0530][gc,heap     ] GC(22) Eden regions: 43->0(45)
[2026-03-23T11:23:43.388+0530][gc,heap     ] GC(22) Survivor regions: 8->6(7)
[2026-03-23T11:23:43.388+0530][gc,heap     ] GC(22) Old regions: 43->46
[2026-03-23T11:23:43.388+0530][gc,heap     ] GC(22) Archive regions: 2->2
[2026-03-23T11:23:43.388+0530][gc,heap     ] GC(22) Humongous regions: 129->129
[2026-03-23T11:23:43.388+0530][gc,metaspace] GC(22) Metaspace: 43303K(43904K)->43303K(43904K) NonClass: 38040K(38400K)->38040K(38400K) Class: 5263K(5504K)->5263K(5504K)
[2026-03-23T11:23:43.388+0530][gc          ] GC(22) Pause Young (Normal) (G1 Evacuation Pause) 223M->180M(1024M) 33.227ms
[2026-03-23T11:23:43.388+0530][gc,cpu      ] GC(22) User=0.03s Sys=0.05s Real=0.03s
[2026-03-23T11:25:50.985+0530][gc,start    ] GC(23) Pause Young (Normal) (G1 Evacuation Pause)
[2026-03-23T11:25:50.986+0530][gc,task     ] GC(23) Using 8 workers of 8 for evacuation
[2026-03-23T11:25:51.009+0530][gc,mmu      ] GC(23) MMU target violated: 21.0ms (20.0ms/21.0ms)
[2026-03-23T11:25:51.012+0530][gc,phases   ] GC(23)   Pre Evacuate Collection Set: 0.4ms
[2026-03-23T11:25:51.012+0530][gc,phases   ] GC(23)   Merge Heap Roots: 0.2ms
[2026-03-23T11:25:51.012+0530][gc,phases   ] GC(23)   Evacuate Collection Set: 22.5ms
[2026-03-23T11:25:51.012+0530][gc,phases   ] GC(23)   Post Evacuate Collection Set: 0.7ms
[2026-03-23T11:25:51.013+0530][gc,phases   ] GC(23)   Other: 4.4ms
[2026-03-23T11:25:51.013+0530][gc,heap     ] GC(23) Eden regions: 45->0(46)
[2026-03-23T11:25:51.013+0530][gc,heap     ] GC(23) Survivor regions: 6->5(7)
[2026-03-23T11:25:51.013+0530][gc,heap     ] GC(23) Old regions: 46->47
[2026-03-23T11:25:51.013+0530][gc,heap     ] GC(23) Archive regions: 2->2
[2026-03-23T11:25:51.013+0530][gc,heap     ] GC(23) Humongous regions: 129->129
[2026-03-23T11:25:51.013+0530][gc,metaspace] GC(23) Metaspace: 43304K(43904K)->43304K(43904K) NonClass: 38041K(38400K)->38041K(38400K) Class: 5263K(5504K)->5263K(5504K)
[2026-03-23T11:25:51.013+0530][gc          ] GC(23) Pause Young (Normal) (G1 Evacuation Pause) 225M->181M(1024M) 28.265ms
[2026-03-23T11:25:51.013+0530][gc,cpu      ] GC(23) User=0.03s Sys=0.03s Real=0.03s
[2026-03-23T11:27:59.908+0530][gc,start    ] GC(24) Pause Young (Normal) (G1 Evacuation Pause)
[2026-03-23T11:27:59.908+0530][gc,task     ] GC(24) Using 8 workers of 8 for evacuation
[2026-03-23T11:27:59.923+0530][gc,phases   ] GC(24)   Pre Evacuate Collection Set: 0.5ms
[2026-03-23T11:27:59.923+0530][gc,phases   ] GC(24)   Merge Heap Roots: 0.2ms
[2026-03-23T11:27:59.923+0530][gc,phases   ] GC(24)   Evacuate Collection Set: 13.3ms
[2026-03-23T11:27:59.923+0530][gc,phases   ] GC(24)   Post Evacuate Collection Set: 0.6ms
[2026-03-23T11:27:59.923+0530][gc,phases   ] GC(24)   Other: 0.8ms
[2026-03-23T11:27:59.923+0530][gc,heap     ] GC(24) Eden regions: 46->0(46)
[2026-03-23T11:27:59.923+0530][gc,heap     ] GC(24) Survivor regions: 5->5(7)
[2026-03-23T11:27:59.923+0530][gc,heap     ] GC(24) Old regions: 47->49
[2026-03-23T11:27:59.923+0530][gc,heap     ] GC(24) Archive regions: 2->2
[2026-03-23T11:27:59.923+0530][gc,heap     ] GC(24) Humongous regions: 129->129
[2026-03-23T11:27:59.923+0530][gc,metaspace] GC(24) Metaspace: 43376K(43968K)->43376K(43968K) NonClass: 38113K(38464K)->38113K(38464K) Class: 5263K(5504K)->5263K(5504K)
[2026-03-23T11:27:59.923+0530][gc          ] GC(24) Pause Young (Normal) (G1 Evacuation Pause) 227M->183M(1024M) 15.603ms
[2026-03-23T11:27:59.924+0530][gc,cpu      ] GC(24) User=0.03s Sys=0.01s Real=0.02s
[2026-03-23T11:30:18.484+0530][gc,start    ] GC(25) Pause Young (Normal) (G1 Evacuation Pause)
[2026-03-23T11:30:18.485+0530][gc,task     ] GC(25) Using 8 workers of 8 for evacuation
[2026-03-23T11:30:18.511+0530][gc,mmu      ] GC(25) MMU target violated: 21.0ms (20.0ms/21.0ms)
[2026-03-23T11:30:18.511+0530][gc,phases   ] GC(25)   Pre Evacuate Collection Set: 1.9ms
[2026-03-23T11:30:18.511+0530][gc,phases   ] GC(25)   Merge Heap Roots: 0.6ms
[2026-03-23T11:30:18.511+0530][gc,phases   ] GC(25)   Evacuate Collection Set: 22.3ms
[2026-03-23T11:30:18.511+0530][gc,phases   ] GC(25)   Post Evacuate Collection Set: 1.2ms
[2026-03-23T11:30:18.511+0530][gc,phases   ] GC(25)   Other: 1.7ms
[2026-03-23T11:30:18.511+0530][gc,heap     ] GC(25) Eden regions: 46->0(46)
[2026-03-23T11:30:18.511+0530][gc,heap     ] GC(25) Survivor regions: 5->5(7)
[2026-03-23T11:30:18.511+0530][gc,heap     ] GC(25) Old regions: 49->51
[2026-03-23T11:30:18.511+0530][gc,heap     ] GC(25) Archive regions: 2->2
[2026-03-23T11:30:18.511+0530][gc,heap     ] GC(25) Humongous regions: 129->129
[2026-03-23T11:30:18.511+0530][gc,metaspace] GC(25) Metaspace: 43389K(43968K)->43389K(43968K) NonClass: 38126K(38464K)->38126K(38464K) Class: 5263K(5504K)->5263K(5504K)
[2026-03-23T11:30:18.511+0530][gc          ] GC(25) Pause Young (Normal) (G1 Evacuation Pause) 229M->185M(1024M) 27.564ms
[2026-03-23T11:30:18.511+0530][gc,cpu      ] GC(25) User=0.03s Sys=0.04s Real=0.03s
[2026-03-23T11:32:32.050+0530][gc,start    ] GC(26) Pause Young (Normal) (G1 Evacuation Pause)
[2026-03-23T11:32:32.050+0530][gc,task     ] GC(26) Using 8 workers of 8 for evacuation
[2026-03-23T11:32:32.076+0530][gc,mmu      ] GC(26) MMU target violated: 21.0ms (20.0ms/21.0ms)
[2026-03-23T11:32:32.076+0530][gc,phases   ] GC(26)   Pre Evacuate Collection Set: 1.0ms
[2026-03-23T11:32:32.076+0530][gc,phases   ] GC(26)   Merge Heap Roots: 0.3ms
[2026-03-23T11:32:32.076+0530][gc,phases   ] GC(26)   Evacuate Collection Set: 23.2ms
[2026-03-23T11:32:32.076+0530][gc,phases   ] GC(26)   Post Evacuate Collection Set: 1.4ms
[2026-03-23T11:32:32.076+0530][gc,phases   ] GC(26)   Other: 1.5ms
[2026-03-23T11:32:32.076+0530][gc,heap     ] GC(26) Eden regions: 46->0(46)
[2026-03-23T11:32:32.077+0530][gc,heap     ] GC(26) Survivor regions: 5->5(7)
[2026-03-23T11:32:32.077+0530][gc,heap     ] GC(26) Old regions: 51->53
[2026-03-23T11:32:32.077+0530][gc,heap     ] GC(26) Archive regions: 2->2
[2026-03-23T11:32:32.077+0530][gc,heap     ] GC(26) Humongous regions: 129->129
[2026-03-23T11:32:32.077+0530][gc,metaspace] GC(26) Metaspace: 43441K(44096K)->43441K(44096K) NonClass: 38177K(38592K)->38177K(38592K) Class: 5263K(5504K)->5263K(5504K)
[2026-03-23T11:32:32.077+0530][gc          ] GC(26) Pause Young (Normal) (G1 Evacuation Pause) 231M->186M(1024M) 27.606ms
[2026-03-23T11:32:32.077+0530][gc,cpu      ] GC(26) User=0.03s Sys=0.03s Real=0.03s
[2026-03-23T11:34:43.050+0530][gc,start    ] GC(27) Pause Young (Normal) (G1 Evacuation Pause)
[2026-03-23T11:34:43.050+0530][gc,task     ] GC(27) Using 8 workers of 8 for evacuation
[2026-03-23T11:34:43.064+0530][gc,phases   ] GC(27)   Pre Evacuate Collection Set: 0.5ms
[2026-03-23T11:34:43.064+0530][gc,phases   ] GC(27)   Merge Heap Roots: 0.2ms
[2026-03-23T11:34:43.064+0530][gc,phases   ] GC(27)   Evacuate Collection Set: 12.4ms
[2026-03-23T11:34:43.064+0530][gc,phases   ] GC(27)   Post Evacuate Collection Set: 0.6ms
[2026-03-23T11:34:43.065+0530][gc,phases   ] GC(27)   Other: 1.5ms
[2026-03-23T11:34:43.065+0530][gc,heap     ] GC(27) Eden regions: 46->0(46)
[2026-03-23T11:34:43.065+0530][gc,heap     ] GC(27) Survivor regions: 5->5(7)
[2026-03-23T11:34:43.065+0530][gc,heap     ] GC(27) Old regions: 53->55
[2026-03-23T11:34:43.065+0530][gc,heap     ] GC(27) Archive regions: 2->2
[2026-03-23T11:34:43.065+0530][gc,heap     ] GC(27) Humongous regions: 129->129
[2026-03-23T11:34:43.065+0530][gc,metaspace] GC(27) Metaspace: 43456K(44096K)->43456K(44096K) NonClass: 38193K(38592K)->38193K(38592K) Class: 5263K(5504K)->5263K(5504K)
[2026-03-23T11:34:43.065+0530][gc          ] GC(27) Pause Young (Normal) (G1 Evacuation Pause) 232M->188M(1024M) 15.389ms
[2026-03-23T11:34:43.065+0530][gc,cpu      ] GC(27) User=0.03s Sys=0.03s Real=0.02s
[2026-03-23T11:36:53.363+0530][gc,start    ] GC(28) Pause Young (Normal) (G1 Evacuation Pause)
[2026-03-23T11:36:53.364+0530][gc,task     ] GC(28) Using 8 workers of 8 for evacuation
[2026-03-23T11:36:53.388+0530][gc,mmu      ] GC(28) MMU target violated: 21.0ms (20.0ms/21.0ms)
[2026-03-23T11:36:53.388+0530][gc,phases   ] GC(28)   Pre Evacuate Collection Set: 1.0ms
[2026-03-23T11:36:53.388+0530][gc,phases   ] GC(28)   Merge Heap Roots: 0.4ms
[2026-03-23T11:36:53.388+0530][gc,phases   ] GC(28)   Evacuate Collection Set: 22.0ms
[2026-03-23T11:36:53.388+0530][gc,phases   ] GC(28)   Post Evacuate Collection Set: 0.9ms
[2026-03-23T11:36:53.388+0530][gc,phases   ] GC(28)   Other: 2.0ms
[2026-03-23T11:36:53.388+0530][gc,heap     ] GC(28) Eden regions: 46->0(46)
[2026-03-23T11:36:53.388+0530][gc,heap     ] GC(28) Survivor regions: 5->5(7)
[2026-03-23T11:36:53.388+0530][gc,heap     ] GC(28) Old regions: 55->57
[2026-03-23T11:36:53.388+0530][gc,heap     ] GC(28) Archive regions: 2->2
[2026-03-23T11:36:53.389+0530][gc,heap     ] GC(28) Humongous regions: 129->129
[2026-03-23T11:36:53.389+0530][gc,metaspace] GC(28) Metaspace: 43477K(44096K)->43477K(44096K) NonClass: 38214K(38592K)->38214K(38592K) Class: 5263K(5504K)->5263K(5504K)
[2026-03-23T11:36:53.389+0530][gc          ] GC(28) Pause Young (Normal) (G1 Evacuation Pause) 234M->190M(1024M) 26.386ms
[2026-03-23T11:36:53.389+0530][gc,cpu      ] GC(28) User=0.04s Sys=0.03s Real=0.02s
[2026-03-23T11:39:03.253+0530][gc,start    ] GC(29) Pause Young (Normal) (G1 Evacuation Pause)
[2026-03-23T11:39:03.254+0530][gc,task     ] GC(29) Using 8 workers of 8 for evacuation
[2026-03-23T11:39:03.270+0530][gc,phases   ] GC(29)   Pre Evacuate Collection Set: 0.6ms
[2026-03-23T11:39:03.270+0530][gc,phases   ] GC(29)   Merge Heap Roots: 0.5ms
[2026-03-23T11:39:03.270+0530][gc,phases   ] GC(29)   Evacuate Collection Set: 14.0ms
[2026-03-23T11:39:03.270+0530][gc,phases   ] GC(29)   Post Evacuate Collection Set: 0.7ms
[2026-03-23T11:39:03.270+0530][gc,phases   ] GC(29)   Other: 1.5ms
[2026-03-23T11:39:03.270+0530][gc,heap     ] GC(29) Eden regions: 46->0(53)
[2026-03-23T11:39:03.270+0530][gc,heap     ] GC(29) Survivor regions: 5->5(7)
[2026-03-23T11:39:03.270+0530][gc,heap     ] GC(29) Old regions: 57->59
[2026-03-23T11:39:03.270+0530][gc,heap     ] GC(29) Archive regions: 2->2
[2026-03-23T11:39:03.270+0530][gc,heap     ] GC(29) Humongous regions: 129->129
[2026-03-23T11:39:03.270+0530][gc,metaspace] GC(29) Metaspace: 43481K(44096K)->43481K(44096K) NonClass: 38218K(38592K)->38218K(38592K) Class: 5263K(5504K)->5263K(5504K)
[2026-03-23T11:39:03.270+0530][gc          ] GC(29) Pause Young (Normal) (G1 Evacuation Pause) 236M->192M(1024M) 17.546ms
[2026-03-23T11:39:03.270+0530][gc,cpu      ] GC(29) User=0.02s Sys=0.02s Real=0.02s
[2026-03-23T11:41:12.629+0530][gc,start    ] GC(30) Pause Young (Normal) (G1 Evacuation Pause)
[2026-03-23T11:41:12.629+0530][gc,task     ] GC(30) Using 8 workers of 8 for evacuation
[2026-03-23T11:41:12.649+0530][gc,phases   ] GC(30)   Pre Evacuate Collection Set: 0.7ms
[2026-03-23T11:41:12.649+0530][gc,phases   ] GC(30)   Merge Heap Roots: 0.5ms
[2026-03-23T11:41:12.649+0530][gc,phases   ] GC(30)   Evacuate Collection Set: 18.0ms
[2026-03-23T11:41:12.650+0530][gc,phases   ] GC(30)   Post Evacuate Collection Set: 0.6ms
[2026-03-23T11:41:12.650+0530][gc,phases   ] GC(30)   Other: 1.5ms
[2026-03-23T11:41:12.650+0530][gc,heap     ] GC(30) Eden regions: 46->0(58)
[2026-03-23T11:41:12.650+0530][gc,heap     ] GC(30) Survivor regions: 5->5(7)
[2026-03-23T11:41:12.650+0530][gc,heap     ] GC(30) Old regions: 59->61
[2026-03-23T11:41:12.650+0530][gc,heap     ] GC(30) Archive regions: 2->2
[2026-03-23T11:41:12.650+0530][gc,heap     ] GC(30) Humongous regions: 129->129
[2026-03-23T11:41:12.650+0530][gc,metaspace] GC(30) Metaspace: 43487K(44096K)->43487K(44096K) NonClass: 38224K(38592K)->38224K(38592K) Class: 5263K(5504K)->5263K(5504K)
[2026-03-23T11:41:12.650+0530][gc          ] GC(30) Pause Young (Normal) (G1 Evacuation Pause) 238M->194M(1024M) 21.460ms
[2026-03-23T11:41:12.650+0530][gc,cpu      ] GC(30) User=0.03s Sys=0.01s Real=0.03s
[2026-03-23T11:43:30.677+0530][gc,start    ] GC(31) Pause Young (Normal) (G1 Evacuation Pause)
[2026-03-23T11:43:30.677+0530][gc,task     ] GC(31) Using 8 workers of 8 for evacuation
[2026-03-23T11:43:30.708+0530][gc,mmu      ] GC(31) MMU target violated: 21.0ms (20.0ms/21.0ms)
[2026-03-23T11:43:30.708+0530][gc,phases   ] GC(31)   Pre Evacuate Collection Set: 0.5ms
[2026-03-23T11:43:30.708+0530][gc,phases   ] GC(31)   Merge Heap Roots: 0.2ms
[2026-03-23T11:43:30.708+0530][gc,phases   ] GC(31)   Evacuate Collection Set: 29.1ms
[2026-03-23T11:43:30.708+0530][gc,phases   ] GC(31)   Post Evacuate Collection Set: 0.7ms
[2026-03-23T11:43:30.708+0530][gc,phases   ] GC(31)   Other: 1.6ms
[2026-03-23T11:43:30.708+0530][gc,heap     ] GC(31) Eden regions: 49->0(46)
[2026-03-23T11:43:30.708+0530][gc,heap     ] GC(31) Survivor regions: 5->6(7)
[2026-03-23T11:43:30.708+0530][gc,heap     ] GC(31) Old regions: 61->63
[2026-03-23T11:43:30.708+0530][gc,heap     ] GC(31) Archive regions: 2->2
[2026-03-23T11:43:30.708+0530][gc,heap     ] GC(31) Humongous regions: 129->129
[2026-03-23T11:43:30.708+0530][gc,metaspace] GC(31) Metaspace: 43505K(44096K)->43505K(44096K) NonClass: 38242K(38592K)->38242K(38592K) Class: 5263K(5504K)->5263K(5504K)
[2026-03-23T11:43:30.708+0530][gc          ] GC(31) Pause Young (Normal) (G1 Evacuation Pause) 243M->197M(1024M) 32.020ms
[2026-03-23T11:43:30.708+0530][gc,cpu      ] GC(31) User=0.03s Sys=0.05s Real=0.03s
[2026-03-23T11:45:41.159+0530][gc,start    ] GC(32) Pause Young (Normal) (G1 Evacuation Pause)
[2026-03-23T11:45:41.159+0530][gc,task     ] GC(32) Using 8 workers of 8 for evacuation
[2026-03-23T11:45:41.181+0530][gc,mmu      ] GC(32) MMU target violated: 21.0ms (20.0ms/21.0ms)
[2026-03-23T11:45:41.181+0530][gc,phases   ] GC(32)   Pre Evacuate Collection Set: 0.5ms
[2026-03-23T11:45:41.181+0530][gc,phases   ] GC(32)   Merge Heap Roots: 0.2ms
[2026-03-23T11:45:41.181+0530][gc,phases   ] GC(32)   Evacuate Collection Set: 19.1ms
[2026-03-23T11:45:41.181+0530][gc,phases   ] GC(32)   Post Evacuate Collection Set: 1.8ms
[2026-03-23T11:45:41.181+0530][gc,phases   ] GC(32)   Other: 1.7ms
[2026-03-23T11:45:41.181+0530][gc,heap     ] GC(32) Eden regions: 46->0(46)
[2026-03-23T11:45:41.181+0530][gc,heap     ] GC(32) Survivor regions: 6->6(7)
[2026-03-23T11:45:41.181+0530][gc,heap     ] GC(32) Old regions: 63->65
[2026-03-23T11:45:41.181+0530][gc,heap     ] GC(32) Archive regions: 2->2
[2026-03-23T11:45:41.181+0530][gc,heap     ] GC(32) Humongous regions: 129->129
[2026-03-23T11:45:41.181+0530][gc,metaspace] GC(32) Metaspace: 43508K(44096K)->43508K(44096K) NonClass: 38245K(38592K)->38245K(38592K) Class: 5263K(5504K)->5263K(5504K)
[2026-03-23T11:45:41.182+0530][gc          ] GC(32) Pause Young (Normal) (G1 Evacuation Pause) 243M->199M(1024M) 23.467ms
[2026-03-23T11:45:41.182+0530][gc,cpu      ] GC(32) User=0.03s Sys=0.03s Real=0.03s
[2026-03-23T11:47:42.891+0530][gc,start    ] GC(33) Pause Young (Normal) (G1 Evacuation Pause)
[2026-03-23T11:47:42.891+0530][gc,task     ] GC(33) Using 8 workers of 8 for evacuation
[2026-03-23T11:47:42.914+0530][gc,mmu      ] GC(33) MMU target violated: 21.0ms (20.0ms/21.0ms)
[2026-03-23T11:47:42.914+0530][gc,phases   ] GC(33)   Pre Evacuate Collection Set: 0.4ms
[2026-03-23T11:47:42.914+0530][gc,phases   ] GC(33)   Merge Heap Roots: 0.1ms
[2026-03-23T11:47:42.914+0530][gc,phases   ] GC(33)   Evacuate Collection Set: 20.9ms
[2026-03-23T11:47:42.914+0530][gc,phases   ] GC(33)   Post Evacuate Collection Set: 0.5ms
[2026-03-23T11:47:42.914+0530][gc,phases   ] GC(33)   Other: 1.8ms
[2026-03-23T11:47:42.914+0530][gc,heap     ] GC(33) Eden regions: 46->0(44)
[2026-03-23T11:47:42.914+0530][gc,heap     ] GC(33) Survivor regions: 6->7(7)
[2026-03-23T11:47:42.914+0530][gc,heap     ] GC(33) Old regions: 65->67
[2026-03-23T11:47:42.914+0530][gc,heap     ] GC(33) Archive regions: 2->2
[2026-03-23T11:47:42.914+0530][gc,heap     ] GC(33) Humongous regions: 129->129
[2026-03-23T11:47:42.914+0530][gc,metaspace] GC(33) Metaspace: 43537K(44160K)->43537K(44160K) NonClass: 38270K(38656K)->38270K(38656K) Class: 5266K(5504K)->5266K(5504K)
[2026-03-23T11:47:42.914+0530][gc          ] GC(33) Pause Young (Normal) (G1 Evacuation Pause) 245M->202M(1024M) 23.677ms
[2026-03-23T11:47:42.914+0530][gc,cpu      ] GC(33) User=0.04s Sys=0.03s Real=0.02s
[2026-03-23T11:49:44.309+0530][gc,start    ] GC(34) Pause Young (Normal) (G1 Evacuation Pause)
[2026-03-23T11:49:44.310+0530][gc,task     ] GC(34) Using 8 workers of 8 for evacuation
[2026-03-23T11:49:44.339+0530][gc,mmu      ] GC(34) MMU target violated: 21.0ms (20.0ms/21.0ms)
[2026-03-23T11:49:44.339+0530][gc,phases   ] GC(34)   Pre Evacuate Collection Set: 0.7ms
[2026-03-23T11:49:44.339+0530][gc,phases   ] GC(34)   Merge Heap Roots: 0.4ms
[2026-03-23T11:49:44.339+0530][gc,phases   ] GC(34)   Evacuate Collection Set: 27.0ms
[2026-03-23T11:49:44.339+0530][gc,phases   ] GC(34)   Post Evacuate Collection Set: 0.5ms
[2026-03-23T11:49:44.339+0530][gc,phases   ] GC(34)   Other: 1.8ms
[2026-03-23T11:49:44.339+0530][gc,heap     ] GC(34) Eden regions: 44->0(45)
[2026-03-23T11:49:44.339+0530][gc,heap     ] GC(34) Survivor regions: 7->6(7)
[2026-03-23T11:49:44.339+0530][gc,heap     ] GC(34) Old regions: 67->69
[2026-03-23T11:49:44.339+0530][gc,heap     ] GC(34) Archive regions: 2->2
[2026-03-23T11:49:44.339+0530][gc,heap     ] GC(34) Humongous regions: 129->129
[2026-03-23T11:49:44.339+0530][gc,metaspace] GC(34) Metaspace: 43562K(44160K)->43562K(44160K) NonClass: 38295K(38656K)->38295K(38656K) Class: 5266K(5504K)->5266K(5504K)
[2026-03-23T11:49:44.339+0530][gc          ] GC(34) Pause Young (Normal) (G1 Evacuation Pause) 246M->203M(1024M) 30.405ms
[2026-03-23T11:49:44.339+0530][gc,cpu      ] GC(34) User=0.04s Sys=0.04s Real=0.03s
[2026-03-23T11:51:52.359+0530][gc,start    ] GC(35) Pause Young (Normal) (G1 Evacuation Pause)
[2026-03-23T11:51:52.360+0530][gc,task     ] GC(35) Using 8 workers of 8 for evacuation
[2026-03-23T11:51:52.387+0530][gc,mmu      ] GC(35) MMU target violated: 21.0ms (20.0ms/21.0ms)
[2026-03-23T11:51:52.387+0530][gc,phases   ] GC(35)   Pre Evacuate Collection Set: 0.4ms
[2026-03-23T11:51:52.387+0530][gc,phases   ] GC(35)   Merge Heap Roots: 0.4ms
[2026-03-23T11:51:52.387+0530][gc,phases   ] GC(35)   Evacuate Collection Set: 25.7ms
[2026-03-23T11:51:52.387+0530][gc,phases   ] GC(35)   Post Evacuate Collection Set: 0.8ms
[2026-03-23T11:51:52.388+0530][gc,phases   ] GC(35)   Other: 1.6ms
[2026-03-23T11:51:52.388+0530][gc,heap     ] GC(35) Eden regions: 45->0(46)
[2026-03-23T11:51:52.388+0530][gc,heap     ] GC(35) Survivor regions: 6->5(7)
[2026-03-23T11:51:52.388+0530][gc,heap     ] GC(35) Old regions: 69->71
[2026-03-23T11:51:52.388+0530][gc,heap     ] GC(35) Archive regions: 2->2
[2026-03-23T11:51:52.388+0530][gc,heap     ] GC(35) Humongous regions: 129->129
[2026-03-23T11:51:52.388+0530][gc,metaspace] GC(35) Metaspace: 43578K(44160K)->43578K(44160K) NonClass: 38312K(38656K)->38312K(38656K) Class: 5266K(5504K)->5266K(5504K)
[2026-03-23T11:51:52.388+0530][gc          ] GC(35) Pause Young (Normal) (G1 Evacuation Pause) 248M->205M(1024M) 29.027ms
[2026-03-23T11:51:52.388+0530][gc,cpu      ] GC(35) User=0.03s Sys=0.04s Real=0.03s
[2026-03-23T11:54:02.697+0530][gc,start    ] GC(36) Pause Young (Normal) (G1 Evacuation Pause)
[2026-03-23T11:54:02.698+0530][gc,task     ] GC(36) Using 8 workers of 8 for evacuation
[2026-03-23T11:54:02.720+0530][gc,mmu      ] GC(36) MMU target violated: 20.8ms (20.0ms/21.0ms)
[2026-03-23T11:54:02.720+0530][gc,phases   ] GC(36)   Pre Evacuate Collection Set: 1.1ms
[2026-03-23T11:54:02.720+0530][gc,phases   ] GC(36)   Merge Heap Roots: 1.1ms
[2026-03-23T11:54:02.720+0530][gc,phases   ] GC(36)   Evacuate Collection Set: 16.4ms
[2026-03-23T11:54:02.720+0530][gc,phases   ] GC(36)   Post Evacuate Collection Set: 2.3ms
[2026-03-23T11:54:02.720+0530][gc,phases   ] GC(36)   Other: 3.8ms
[2026-03-23T11:54:02.720+0530][gc,heap     ] GC(36) Eden regions: 46->0(45)
[2026-03-23T11:54:02.720+0530][gc,heap     ] GC(36) Survivor regions: 5->6(7)
[2026-03-23T11:54:02.720+0530][gc,heap     ] GC(36) Old regions: 71->73
[2026-03-23T11:54:02.720+0530][gc,heap     ] GC(36) Archive regions: 2->2
[2026-03-23T11:54:02.720+0530][gc,heap     ] GC(36) Humongous regions: 129->129
[2026-03-23T11:54:02.720+0530][gc,metaspace] GC(36) Metaspace: 43581K(44160K)->43581K(44160K) NonClass: 38314K(38656K)->38314K(38656K) Class: 5266K(5504K)->5266K(5504K)
[2026-03-23T11:54:02.721+0530][gc          ] GC(36) Pause Young (Normal) (G1 Evacuation Pause) 251M->207M(1024M) 23.692ms
[2026-03-23T11:54:02.721+0530][gc,cpu      ] GC(36) User=0.03s Sys=0.04s Real=0.03s
[2026-03-23T11:56:11.162+0530][gc,start    ] GC(37) Pause Young (Normal) (G1 Evacuation Pause)
[2026-03-23T11:56:11.163+0530][gc,task     ] GC(37) Using 8 workers of 8 for evacuation
[2026-03-23T11:56:11.195+0530][gc,mmu      ] GC(37) MMU target violated: 21.0ms (20.0ms/21.0ms)
[2026-03-23T11:56:11.195+0530][gc,phases   ] GC(37)   Pre Evacuate Collection Set: 0.9ms
[2026-03-23T11:56:11.195+0530][gc,phases   ] GC(37)   Merge Heap Roots: 0.9ms
[2026-03-23T11:56:11.195+0530][gc,phases   ] GC(37)   Evacuate Collection Set: 27.3ms
[2026-03-23T11:56:11.195+0530][gc,phases   ] GC(37)   Post Evacuate Collection Set: 1.6ms
[2026-03-23T11:56:11.196+0530][gc,phases   ] GC(37)   Other: 4.0ms
[2026-03-23T11:56:11.196+0530][gc,heap     ] GC(37) Eden regions: 45->0(45)
[2026-03-23T11:56:11.196+0530][gc,heap     ] GC(37) Survivor regions: 6->6(7)
[2026-03-23T11:56:11.196+0530][gc,heap     ] GC(37) Old regions: 73->75
[2026-03-23T11:56:11.196+0530][gc,heap     ] GC(37) Archive regions: 2->2
[2026-03-23T11:56:11.196+0530][gc,heap     ] GC(37) Humongous regions: 129->129
[2026-03-23T11:56:11.196+0530][gc,metaspace] GC(37) Metaspace: 43582K(44160K)->43582K(44160K) NonClass: 38315K(38656K)->38315K(38656K) Class: 5266K(5504K)->5266K(5504K)
[2026-03-23T11:56:11.197+0530][gc          ] GC(37) Pause Young (Normal) (G1 Evacuation Pause) 252M->209M(1024M) 34.831ms
[2026-03-23T11:56:11.197+0530][gc,cpu      ] GC(37) User=0.04s Sys=0.06s Real=0.03s
[2026-03-23T11:58:18.854+0530][gc,start    ] GC(38) Pause Young (Normal) (G1 Evacuation Pause)
[2026-03-23T11:58:18.855+0530][gc,task     ] GC(38) Using 8 workers of 8 for evacuation
[2026-03-23T11:58:18.880+0530][gc,mmu      ] GC(38) MMU target violated: 21.0ms (20.0ms/21.0ms)
[2026-03-23T11:58:18.881+0530][gc,phases   ] GC(38)   Pre Evacuate Collection Set: 0.8ms
[2026-03-23T11:58:18.881+0530][gc,phases   ] GC(38)   Merge Heap Roots: 0.4ms
[2026-03-23T11:58:18.881+0530][gc,phases   ] GC(38)   Evacuate Collection Set: 23.7ms
[2026-03-23T11:58:18.881+0530][gc,phases   ] GC(38)   Post Evacuate Collection Set: 0.6ms
[2026-03-23T11:58:18.881+0530][gc,phases   ] GC(38)   Other: 1.0ms
[2026-03-23T11:58:18.881+0530][gc,heap     ] GC(38) Eden regions: 45->0(45)
[2026-03-23T11:58:18.881+0530][gc,heap     ] GC(38) Survivor regions: 6->6(7)
[2026-03-23T11:58:18.881+0530][gc,heap     ] GC(38) Old regions: 75->77
[2026-03-23T11:58:18.881+0530][gc,heap     ] GC(38) Archive regions: 2->2
[2026-03-23T11:58:18.881+0530][gc,heap     ] GC(38) Humongous regions: 129->129
[2026-03-23T11:58:18.881+0530][gc,metaspace] GC(38) Metaspace: 43594K(44224K)->43594K(44224K) NonClass: 38327K(38720K)->38327K(38720K) Class: 5266K(5504K)->5266K(5504K)
[2026-03-23T11:58:18.881+0530][gc          ] GC(38) Pause Young (Normal) (G1 Evacuation Pause) 254M->211M(1024M) 26.380ms
[2026-03-23T11:58:18.881+0530][gc,cpu      ] GC(38) User=0.04s Sys=0.04s Real=0.03s
[2026-03-23T12:00:27.089+0530][gc,start    ] GC(39) Pause Young (Normal) (G1 Evacuation Pause)
[2026-03-23T12:00:27.090+0530][gc,task     ] GC(39) Using 8 workers of 8 for evacuation
[2026-03-23T12:00:27.112+0530][gc,mmu      ] GC(39) MMU target violated: 21.0ms (20.0ms/21.0ms)
[2026-03-23T12:00:27.112+0530][gc,phases   ] GC(39)   Pre Evacuate Collection Set: 0.9ms
[2026-03-23T12:00:27.112+0530][gc,phases   ] GC(39)   Merge Heap Roots: 0.3ms
[2026-03-23T12:00:27.112+0530][gc,phases   ] GC(39)   Evacuate Collection Set: 20.1ms
[2026-03-23T12:00:27.112+0530][gc,phases   ] GC(39)   Post Evacuate Collection Set: 0.6ms
[2026-03-23T12:00:27.112+0530][gc,phases   ] GC(39)   Other: 1.5ms
[2026-03-23T12:00:27.112+0530][gc,heap     ] GC(39) Eden regions: 45->0(45)
[2026-03-23T12:00:27.112+0530][gc,heap     ] GC(39) Survivor regions: 6->6(7)
[2026-03-23T12:00:27.112+0530][gc,heap     ] GC(39) Old regions: 77->79
[2026-03-23T12:00:27.112+0530][gc,heap     ] GC(39) Archive regions: 2->2
[2026-03-23T12:00:27.112+0530][gc,heap     ] GC(39) Humongous regions: 129->129
[2026-03-23T12:00:27.112+0530][gc,metaspace] GC(39) Metaspace: 43614K(44224K)->43614K(44224K) NonClass: 38347K(38720K)->38347K(38720K) Class: 5266K(5504K)->5266K(5504K)
[2026-03-23T12:00:27.113+0530][gc          ] GC(39) Pause Young (Normal) (G1 Evacuation Pause) 256M->213M(1024M) 23.523ms
[2026-03-23T12:00:27.113+0530][gc,cpu      ] GC(39) User=0.04s Sys=0.02s Real=0.03s
[2026-03-23T12:02:37.259+0530][gc,start    ] GC(40) Pause Young (Normal) (G1 Evacuation Pause)
[2026-03-23T12:02:37.260+0530][gc,task     ] GC(40) Using 8 workers of 8 for evacuation
[2026-03-23T12:02:37.295+0530][gc,mmu      ] GC(40) MMU target violated: 21.0ms (20.0ms/21.0ms)
[2026-03-23T12:02:37.295+0530][gc,phases   ] GC(40)   Pre Evacuate Collection Set: 1.3ms
[2026-03-23T12:02:37.296+0530][gc,phases   ] GC(40)   Merge Heap Roots: 0.5ms
[2026-03-23T12:02:37.296+0530][gc,phases   ] GC(40)   Evacuate Collection Set: 31.5ms
[2026-03-23T12:02:37.296+0530][gc,phases   ] GC(40)   Post Evacuate Collection Set: 1.8ms
[2026-03-23T12:02:37.296+0530][gc,phases   ] GC(40)   Other: 2.1ms
[2026-03-23T12:02:37.296+0530][gc,heap     ] GC(40) Eden regions: 45->0(45)
[2026-03-23T12:02:37.296+0530][gc,heap     ] GC(40) Survivor regions: 6->6(7)
[2026-03-23T12:02:37.296+0530][gc,heap     ] GC(40) Old regions: 79->81
[2026-03-23T12:02:37.296+0530][gc,heap     ] GC(40) Archive regions: 2->2
[2026-03-23T12:02:37.296+0530][gc,heap     ] GC(40) Humongous regions: 129->129
[2026-03-23T12:02:37.296+0530][gc,metaspace] GC(40) Metaspace: 43614K(44224K)->43614K(44224K) NonClass: 38348K(38720K)->38348K(38720K) Class: 5266K(5504K)->5266K(5504K)
[2026-03-23T12:02:37.296+0530][gc          ] GC(40) Pause Young (Normal) (G1 Evacuation Pause) 258M->215M(1024M) 37.206ms
[2026-03-23T12:02:37.296+0530][gc,cpu      ] GC(40) User=0.04s Sys=0.06s Real=0.04s
[2026-03-23T12:04:45.877+0530][gc,start    ] GC(41) Pause Young (Normal) (G1 Evacuation Pause)
[2026-03-23T12:04:45.878+0530][gc,task     ] GC(41) Using 8 workers of 8 for evacuation
[2026-03-23T12:04:45.910+0530][gc,mmu      ] GC(41) MMU target violated: 21.0ms (20.0ms/21.0ms)
[2026-03-23T12:04:45.910+0530][gc,phases   ] GC(41)   Pre Evacuate Collection Set: 0.9ms
[2026-03-23T12:04:45.910+0530][gc,phases   ] GC(41)   Merge Heap Roots: 0.5ms
[2026-03-23T12:04:45.910+0530][gc,phases   ] GC(41)   Evacuate Collection Set: 29.8ms
[2026-03-23T12:04:45.910+0530][gc,phases   ] GC(41)   Post Evacuate Collection Set: 0.7ms
[2026-03-23T12:04:45.910+0530][gc,phases   ] GC(41)   Other: 2.0ms
[2026-03-23T12:04:45.910+0530][gc,heap     ] GC(41) Eden regions: 45->0(45)
[2026-03-23T12:04:45.910+0530][gc,heap     ] GC(41) Survivor regions: 6->6(7)
[2026-03-23T12:04:45.910+0530][gc,heap     ] GC(41) Old regions: 81->83
[2026-03-23T12:04:45.910+0530][gc,heap     ] GC(41) Archive regions: 2->2
[2026-03-23T12:04:45.910+0530][gc,heap     ] GC(41) Humongous regions: 129->129
[2026-03-23T12:04:45.911+0530][gc,metaspace] GC(41) Metaspace: 43619K(44224K)->43619K(44224K) NonClass: 38353K(38720K)->38353K(38720K) Class: 5266K(5504K)->5266K(5504K)
[2026-03-23T12:04:45.911+0530][gc          ] GC(41) Pause Young (Normal) (G1 Evacuation Pause) 260M->217M(1024M) 33.726ms
[2026-03-23T12:04:45.911+0530][gc,cpu      ] GC(41) User=0.03s Sys=0.04s Real=0.04s
[2026-03-23T12:06:57.703+0530][gc,start    ] GC(42) Pause Young (Normal) (G1 Evacuation Pause)
[2026-03-23T12:06:57.703+0530][gc,task     ] GC(42) Using 8 workers of 8 for evacuation
[2026-03-23T12:06:57.741+0530][gc,mmu      ] GC(42) MMU target violated: 21.0ms (20.0ms/21.0ms)
[2026-03-23T12:06:57.741+0530][gc,phases   ] GC(42)   Pre Evacuate Collection Set: 1.5ms
[2026-03-23T12:06:57.741+0530][gc,phases   ] GC(42)   Merge Heap Roots: 0.2ms
[2026-03-23T12:06:57.741+0530][gc,phases   ] GC(42)   Evacuate Collection Set: 34.3ms
[2026-03-23T12:06:57.741+0530][gc,phases   ] GC(42)   Post Evacuate Collection Set: 1.1ms
[2026-03-23T12:06:57.741+0530][gc,phases   ] GC(42)   Other: 2.1ms
[2026-03-23T12:06:57.741+0530][gc,heap     ] GC(42) Eden regions: 45->0(46)
[2026-03-23T12:06:57.741+0530][gc,heap     ] GC(42) Survivor regions: 6->5(7)
[2026-03-23T12:06:57.741+0530][gc,heap     ] GC(42) Old regions: 83->85
[2026-03-23T12:06:57.741+0530][gc,heap     ] GC(42) Archive regions: 2->2
[2026-03-23T12:06:57.741+0530][gc,heap     ] GC(42) Humongous regions: 129->129
[2026-03-23T12:06:57.741+0530][gc,metaspace] GC(42) Metaspace: 43625K(44224K)->43625K(44224K) NonClass: 38358K(38720K)->38358K(38720K) Class: 5266K(5504K)->5266K(5504K)
[2026-03-23T12:06:57.741+0530][gc          ] GC(42) Pause Young (Normal) (G1 Evacuation Pause) 262M->218M(1024M) 39.114ms
[2026-03-23T12:06:57.741+0530][gc,cpu      ] GC(42) User=0.03s Sys=0.04s Real=0.04s
[2026-03-23T12:09:08.528+0530][gc,start    ] GC(43) Pause Young (Normal) (G1 Evacuation Pause)
[2026-03-23T12:09:08.529+0530][gc,task     ] GC(43) Using 8 workers of 8 for evacuation
[2026-03-23T12:09:08.537+0530][gc,phases   ] GC(43)   Pre Evacuate Collection Set: 0.5ms
[2026-03-23T12:09:08.538+0530][gc,phases   ] GC(43)   Merge Heap Roots: 0.3ms
[2026-03-23T12:09:08.538+0530][gc,phases   ] GC(43)   Evacuate Collection Set: 7.1ms
[2026-03-23T12:09:08.538+0530][gc,phases   ] GC(43)   Post Evacuate Collection Set: 0.7ms
[2026-03-23T12:09:08.538+0530][gc,phases   ] GC(43)   Other: 1.6ms
[2026-03-23T12:09:08.538+0530][gc,heap     ] GC(43) Eden regions: 46->0(48)
[2026-03-23T12:09:08.538+0530][gc,heap     ] GC(43) Survivor regions: 5->3(7)
[2026-03-23T12:09:08.538+0530][gc,heap     ] GC(43) Old regions: 85->87
[2026-03-23T12:09:08.538+0530][gc,heap     ] GC(43) Archive regions: 2->2
[2026-03-23T12:09:08.538+0530][gc,heap     ] GC(43) Humongous regions: 129->129
[2026-03-23T12:09:08.538+0530][gc,metaspace] GC(43) Metaspace: 43630K(44224K)->43630K(44224K) NonClass: 38363K(38720K)->38363K(38720K) Class: 5266K(5504K)->5266K(5504K)
[2026-03-23T12:09:08.538+0530][gc          ] GC(43) Pause Young (Normal) (G1 Evacuation Pause) 264M->218M(1024M) 10.530ms
[2026-03-23T12:09:08.538+0530][gc,cpu      ] GC(43) User=0.02s Sys=0.01s Real=0.01s
[2026-03-23T12:11:25.130+0530][gc,start    ] GC(44) Pause Young (Normal) (G1 Evacuation Pause)
[2026-03-23T12:11:25.131+0530][gc,task     ] GC(44) Using 8 workers of 8 for evacuation
[2026-03-23T12:11:25.146+0530][gc,phases   ] GC(44)   Pre Evacuate Collection Set: 0.6ms
[2026-03-23T12:11:25.146+0530][gc,phases   ] GC(44)   Merge Heap Roots: 0.4ms
[2026-03-23T12:11:25.146+0530][gc,phases   ] GC(44)   Evacuate Collection Set: 12.3ms
[2026-03-23T12:11:25.146+0530][gc,phases   ] GC(44)   Post Evacuate Collection Set: 0.7ms
[2026-03-23T12:11:25.146+0530][gc,phases   ] GC(44)   Other: 2.8ms
[2026-03-23T12:11:25.146+0530][gc,heap     ] GC(44) Eden regions: 48->0(46)
[2026-03-23T12:11:25.146+0530][gc,heap     ] GC(44) Survivor regions: 3->5(7)
[2026-03-23T12:11:25.146+0530][gc,heap     ] GC(44) Old regions: 87->87
[2026-03-23T12:11:25.146+0530][gc,heap     ] GC(44) Archive regions: 2->2
[2026-03-23T12:11:25.146+0530][gc,heap     ] GC(44) Humongous regions: 129->129
[2026-03-23T12:11:25.146+0530][gc,metaspace] GC(44) Metaspace: 43632K(44224K)->43632K(44224K) NonClass: 38366K(38720K)->38366K(38720K) Class: 5266K(5504K)->5266K(5504K)
[2026-03-23T12:11:25.147+0530][gc          ] GC(44) Pause Young (Normal) (G1 Evacuation Pause) 266M->220M(1024M) 16.811ms
[2026-03-23T12:11:25.147+0530][gc,cpu      ] GC(44) User=0.03s Sys=0.02s Real=0.02s
[2026-03-23T12:13:36.673+0530][gc,start    ] GC(45) Pause Young (Normal) (G1 Evacuation Pause)
[2026-03-23T12:13:36.673+0530][gc,task     ] GC(45) Using 8 workers of 8 for evacuation
[2026-03-23T12:13:36.689+0530][gc,phases   ] GC(45)   Pre Evacuate Collection Set: 0.8ms
[2026-03-23T12:13:36.689+0530][gc,phases   ] GC(45)   Merge Heap Roots: 0.2ms
[2026-03-23T12:13:36.689+0530][gc,phases   ] GC(45)   Evacuate Collection Set: 13.7ms
[2026-03-23T12:13:36.689+0530][gc,phases   ] GC(45)   Post Evacuate Collection Set: 0.6ms
[2026-03-23T12:13:36.689+0530][gc,phases   ] GC(45)   Other: 1.5ms
[2026-03-23T12:13:36.689+0530][gc,heap     ] GC(45) Eden regions: 46->0(46)
[2026-03-23T12:13:36.689+0530][gc,heap     ] GC(45) Survivor regions: 5->5(7)
[2026-03-23T12:13:36.689+0530][gc,heap     ] GC(45) Old regions: 87->88
[2026-03-23T12:13:36.689+0530][gc,heap     ] GC(45) Archive regions: 2->2
[2026-03-23T12:13:36.689+0530][gc,heap     ] GC(45) Humongous regions: 129->129
[2026-03-23T12:13:36.689+0530][gc,metaspace] GC(45) Metaspace: 43632K(44224K)->43632K(44224K) NonClass: 38366K(38720K)->38366K(38720K) Class: 5266K(5504K)->5266K(5504K)
[2026-03-23T12:13:36.689+0530][gc          ] GC(45) Pause Young (Normal) (G1 Evacuation Pause) 266M->222M(1024M) 16.896ms
[2026-03-23T12:13:36.689+0530][gc,cpu      ] GC(45) User=0.02s Sys=0.02s Real=0.01s
[2026-03-23T12:15:47.309+0530][gc,start    ] GC(46) Pause Young (Normal) (G1 Evacuation Pause)
[2026-03-23T12:15:47.309+0530][gc,task     ] GC(46) Using 8 workers of 8 for evacuation
[2026-03-23T12:15:47.329+0530][gc,phases   ] GC(46)   Pre Evacuate Collection Set: 0.9ms
[2026-03-23T12:15:47.329+0530][gc,phases   ] GC(46)   Merge Heap Roots: 0.4ms
[2026-03-23T12:15:47.329+0530][gc,phases   ] GC(46)   Evacuate Collection Set: 16.5ms
[2026-03-23T12:15:47.329+0530][gc,phases   ] GC(46)   Post Evacuate Collection Set: 0.9ms
[2026-03-23T12:15:47.329+0530][gc,phases   ] GC(46)   Other: 1.2ms
[2026-03-23T12:15:47.329+0530][gc,heap     ] GC(46) Eden regions: 46->0(46)
[2026-03-23T12:15:47.329+0530][gc,heap     ] GC(46) Survivor regions: 5->5(7)
[2026-03-23T12:15:47.329+0530][gc,heap     ] GC(46) Old regions: 88->90
[2026-03-23T12:15:47.329+0530][gc,heap     ] GC(46) Archive regions: 2->2
[2026-03-23T12:15:47.329+0530][gc,heap     ] GC(46) Humongous regions: 129->129
[2026-03-23T12:15:47.329+0530][gc,metaspace] GC(46) Metaspace: 43634K(44224K)->43634K(44224K) NonClass: 38367K(38720K)->38367K(38720K) Class: 5266K(5504K)->5266K(5504K)
[2026-03-23T12:15:47.329+0530][gc          ] GC(46) Pause Young (Normal) (G1 Evacuation Pause) 268M->224M(1024M) 19.970ms
[2026-03-23T12:15:47.329+0530][gc,cpu      ] GC(46) User=0.04s Sys=0.02s Real=0.02s
[2026-03-23T12:17:58.070+0530][gc,start    ] GC(47) Pause Young (Normal) (G1 Evacuation Pause)
[2026-03-23T12:17:58.071+0530][gc,task     ] GC(47) Using 8 workers of 8 for evacuation
[2026-03-23T12:17:58.092+0530][gc,mmu      ] GC(47) MMU target violated: 21.0ms (20.0ms/21.0ms)
[2026-03-23T12:17:58.093+0530][gc,phases   ] GC(47)   Pre Evacuate Collection Set: 0.5ms
[2026-03-23T12:17:58.093+0530][gc,phases   ] GC(47)   Merge Heap Roots: 0.5ms
[2026-03-23T12:17:58.093+0530][gc,phases   ] GC(47)   Evacuate Collection Set: 17.5ms
[2026-03-23T12:17:58.093+0530][gc,phases   ] GC(47)   Post Evacuate Collection Set: 3.1ms
[2026-03-23T12:17:58.093+0530][gc,phases   ] GC(47)   Other: 0.7ms
[2026-03-23T12:17:58.093+0530][gc,heap     ] GC(47) Eden regions: 46->0(46)
[2026-03-23T12:17:58.093+0530][gc,heap     ] GC(47) Survivor regions: 5->5(7)
[2026-03-23T12:17:58.093+0530][gc,heap     ] GC(47) Old regions: 90->92
[2026-03-23T12:17:58.093+0530][gc,heap     ] GC(47) Archive regions: 2->2
[2026-03-23T12:17:58.093+0530][gc,heap     ] GC(47) Humongous regions: 129->129
[2026-03-23T12:17:58.093+0530][gc,metaspace] GC(47) Metaspace: 43634K(44224K)->43634K(44224K) NonClass: 38367K(38720K)->38367K(38720K) Class: 5266K(5504K)->5266K(5504K)
[2026-03-23T12:17:58.093+0530][gc          ] GC(47) Pause Young (Normal) (G1 Evacuation Pause) 270M->226M(1024M) 22.355ms
[2026-03-23T12:17:58.093+0530][gc,cpu      ] GC(47) User=0.03s Sys=0.02s Real=0.02s
[2026-03-23T12:20:17.090+0530][gc,start    ] GC(48) Pause Young (Normal) (G1 Evacuation Pause)
[2026-03-23T12:20:17.090+0530][gc,task     ] GC(48) Using 8 workers of 8 for evacuation
[2026-03-23T12:20:17.108+0530][gc,phases   ] GC(48)   Pre Evacuate Collection Set: 0.3ms
[2026-03-23T12:20:17.108+0530][gc,phases   ] GC(48)   Merge Heap Roots: 0.1ms
[2026-03-23T12:20:17.108+0530][gc,phases   ] GC(48)   Evacuate Collection Set: 17.1ms
[2026-03-23T12:20:17.108+0530][gc,phases   ] GC(48)   Post Evacuate Collection Set: 0.3ms
[2026-03-23T12:20:17.108+0530][gc,phases   ] GC(48)   Other: 0.4ms
[2026-03-23T12:20:17.108+0530][gc,heap     ] GC(48) Eden regions: 46->0(44)
[2026-03-23T12:20:17.108+0530][gc,heap     ] GC(48) Survivor regions: 5->7(7)
[2026-03-23T12:20:17.108+0530][gc,heap     ] GC(48) Old regions: 92->94
[2026-03-23T12:20:17.108+0530][gc,heap     ] GC(48) Archive regions: 2->2
[2026-03-23T12:20:17.108+0530][gc,heap     ] GC(48) Humongous regions: 129->129
[2026-03-23T12:20:17.108+0530][gc,metaspace] GC(48) Metaspace: 44479K(45184K)->44479K(45184K) NonClass: 39040K(39424K)->39040K(39424K) Class: 5439K(5760K)->5439K(5760K)
[2026-03-23T12:20:17.108+0530][gc          ] GC(48) Pause Young (Normal) (G1 Evacuation Pause) 272M->230M(1024M) 18.322ms
[2026-03-23T12:20:17.108+0530][gc,cpu      ] GC(48) User=0.04s Sys=0.05s Real=0.01s
[2026-03-23T12:20:17.114+0530][gc,heap,exit] Heap
[2026-03-23T12:20:17.114+0530][gc,heap,exit]  garbage-first heap   total 1048576K, used 237280K [0x00000007c0000000, 0x0000000800000000)
[2026-03-23T12:20:17.114+0530][gc,heap,exit]   region size 1024K, 9 young (9216K), 7 survivors (7168K)
[2026-03-23T12:20:17.114+0530][gc,heap,exit]  Metaspace       used 44502K, committed 45184K, reserved 1114112K
[2026-03-23T12:20:17.114+0530][gc,heap,exit]   class space    used 5446K, committed 5760K, reserved 1048576K
