[2025-05-04T15:29:08.471+0530][gc] Using G1
[2025-05-04T15:29:08.473+0530][gc,init] Version: 17.0.10+7-LTS (release)
[2025-05-04T15:29:08.473+0530][gc,init] CPUs: 8 total, 8 available
[2025-05-04T15:29:08.473+0530][gc,init] Memory: 8192M
[2025-05-04T15:29:08.473+0530][gc,init] Large Page Support: Disabled
[2025-05-04T15:29:08.473+0530][gc,init] NUMA Support: Disabled
[2025-05-04T15:29:08.473+0530][gc,init] Compressed Oops: Enabled (Zero based)
[2025-05-04T15:29:08.473+0530][gc,init] Heap Region Size: 1M
[2025-05-04T15:29:08.473+0530][gc,init] Heap Min Capacity: 1G
[2025-05-04T15:29:08.473+0530][gc,init] Heap Initial Capacity: 1G
[2025-05-04T15:29:08.473+0530][gc,init] Heap Max Capacity: 1G
[2025-05-04T15:29:08.473+0530][gc,init] Pre-touch: Disabled
[2025-05-04T15:29:08.473+0530][gc,init] Parallel Workers: 8
[2025-05-04T15:29:08.473+0530][gc,init] Concurrent Workers: 2
[2025-05-04T15:29:08.473+0530][gc,init] Concurrent Refinement Workers: 8
[2025-05-04T15:29:08.473+0530][gc,init] Periodic GC: Disabled
[2025-05-04T15:29:08.477+0530][gc,metaspace] CDS archive(s) mapped at: [0x000000c800000000-0x000000c800bc0000-0x000000c800bc0000), size 12320768, SharedBaseAddress: 0x000000c800000000, ArchiveRelocationMode: 1.
[2025-05-04T15:29:08.477+0530][gc,metaspace] Compressed class space mapped at: 0x000000c801000000-0x000000c841000000, reserved size: 1073741824
[2025-05-04T15:29:08.477+0530][gc,metaspace] Narrow klass base: 0x000000c800000000, Narrow klass shift: 0, Narrow klass range: 0x100000000
[2025-05-04T15:29:14.408+0530][gc,start    ] GC(0) Pause Young (Normal) (G1 Evacuation Pause)
[2025-05-04T15:29:14.408+0530][gc,task     ] GC(0) Using 8 workers of 8 for evacuation
[2025-05-04T15:29:14.411+0530][gc,phases   ] GC(0)   Pre Evacuate Collection Set: 0.1ms
[2025-05-04T15:29:14.411+0530][gc,phases   ] GC(0)   Merge Heap Roots: 0.1ms
[2025-05-04T15:29:14.411+0530][gc,phases   ] GC(0)   Evacuate Collection Set: 2.9ms
[2025-05-04T15:29:14.411+0530][gc,phases   ] GC(0)   Post Evacuate Collection Set: 0.3ms
[2025-05-04T15:29:14.411+0530][gc,phases   ] GC(0)   Other: 0.3ms
[2025-05-04T15:29:14.411+0530][gc,heap     ] GC(0) Eden regions: 51->0(44)
[2025-05-04T15:29:14.411+0530][gc,heap     ] GC(0) Survivor regions: 0->7(7)
[2025-05-04T15:29:14.411+0530][gc,heap     ] GC(0) Old regions: 0->1
[2025-05-04T15:29:14.411+0530][gc,heap     ] GC(0) Archive regions: 2->2
[2025-05-04T15:29:14.411+0530][gc,heap     ] GC(0) Humongous regions: 0->0
[2025-05-04T15:29:14.411+0530][gc,metaspace] GC(0) Metaspace: 18170K(18304K)->18170K(18304K) NonClass: 15996K(16064K)->15996K(16064K) Class: 2174K(2240K)->2174K(2240K)
[2025-05-04T15:29:14.411+0530][gc          ] GC(0) Pause Young (Normal) (G1 Evacuation Pause) 51M->8M(1024M) 3.860ms
[2025-05-04T15:29:14.411+0530][gc,cpu      ] GC(0) User=0.02s Sys=0.00s Real=0.01s
[2025-05-04T15:29:14.606+0530][gc,start    ] GC(1) Pause Young (Concurrent Start) (Metadata GC Threshold)
[2025-05-04T15:29:14.606+0530][gc,task     ] GC(1) Using 8 workers of 8 for evacuation
[2025-05-04T15:29:14.609+0530][gc,phases   ] GC(1)   Pre Evacuate Collection Set: 0.1ms
[2025-05-04T15:29:14.609+0530][gc,phases   ] GC(1)   Merge Heap Roots: 0.1ms
[2025-05-04T15:29:14.610+0530][gc,phases   ] GC(1)   Evacuate Collection Set: 2.8ms
[2025-05-04T15:29:14.610+0530][gc,phases   ] GC(1)   Post Evacuate Collection Set: 0.4ms
[2025-05-04T15:29:14.610+0530][gc,phases   ] GC(1)   Other: 0.2ms
[2025-05-04T15:29:14.610+0530][gc,heap     ] GC(1) Eden regions: 14->0(48)
[2025-05-04T15:29:14.610+0530][gc,heap     ] GC(1) Survivor regions: 7->3(7)
[2025-05-04T15:29:14.610+0530][gc,heap     ] GC(1) Old regions: 1->8
[2025-05-04T15:29:14.610+0530][gc,heap     ] GC(1) Archive regions: 2->2
[2025-05-04T15:29:14.610+0530][gc,heap     ] GC(1) Humongous regions: 129->129
[2025-05-04T15:29:14.610+0530][gc,metaspace] GC(1) Metaspace: 21329K(21504K)->21329K(21504K) NonClass: 18745K(18816K)->18745K(18816K) Class: 2583K(2688K)->2583K(2688K)
[2025-05-04T15:29:14.610+0530][gc          ] GC(1) Pause Young (Concurrent Start) (Metadata GC Threshold) 150M->139M(1024M) 3.687ms
[2025-05-04T15:29:14.610+0530][gc,cpu      ] GC(1) User=0.02s Sys=0.01s Real=0.01s
[2025-05-04T15:29:14.610+0530][gc          ] GC(2) Concurrent Mark Cycle
[2025-05-04T15:29:14.610+0530][gc,marking  ] GC(2) Concurrent Clear Claimed Marks
[2025-05-04T15:29:14.610+0530][gc,marking  ] GC(2) Concurrent Clear Claimed Marks 0.015ms
[2025-05-04T15:29:14.610+0530][gc,marking  ] GC(2) Concurrent Scan Root Regions
[2025-05-04T15:29:14.613+0530][gc,marking  ] GC(2) Concurrent Scan Root Regions 2.883ms
[2025-05-04T15:29:14.613+0530][gc,marking  ] GC(2) Concurrent Mark
[2025-05-04T15:29:14.613+0530][gc,marking  ] GC(2) Concurrent Mark From Roots
[2025-05-04T15:29:14.613+0530][gc,task     ] GC(2) Using 2 workers of 2 for marking
[2025-05-04T15:29:14.615+0530][gc,marking  ] GC(2) Concurrent Mark From Roots 1.882ms
[2025-05-04T15:29:14.615+0530][gc,marking  ] GC(2) Concurrent Preclean
[2025-05-04T15:29:14.615+0530][gc,marking  ] GC(2) Concurrent Preclean 0.022ms
[2025-05-04T15:29:14.615+0530][gc,start    ] GC(2) Pause Remark
[2025-05-04T15:29:14.616+0530][gc          ] GC(2) Pause Remark 140M->140M(1024M) 1.517ms
[2025-05-04T15:29:14.616+0530][gc,cpu      ] GC(2) User=0.01s Sys=0.00s Real=0.00s
[2025-05-04T15:29:14.616+0530][gc,marking  ] GC(2) Concurrent Mark 3.617ms
[2025-05-04T15:29:14.616+0530][gc,marking  ] GC(2) Concurrent Rebuild Remembered Sets
[2025-05-04T15:29:14.619+0530][gc,marking  ] GC(2) Concurrent Rebuild Remembered Sets 2.564ms
[2025-05-04T15:29:14.619+0530][gc,start    ] GC(2) Pause Cleanup
[2025-05-04T15:29:14.619+0530][gc          ] GC(2) Pause Cleanup 140M->140M(1024M) 0.104ms
[2025-05-04T15:29:14.619+0530][gc,cpu      ] GC(2) User=0.00s Sys=0.00s Real=0.00s
[2025-05-04T15:29:14.619+0530][gc,marking  ] GC(2) Concurrent Cleanup for Next Mark
[2025-05-04T15:29:14.621+0530][gc,marking  ] GC(2) Concurrent Cleanup for Next Mark 1.977ms
[2025-05-04T15:29:14.621+0530][gc          ] GC(2) Concurrent Mark Cycle 11.547ms
[2025-05-04T15:29:15.110+0530][gc,start    ] GC(3) Pause Young (Normal) (G1 Evacuation Pause)
[2025-05-04T15:29:15.110+0530][gc,task     ] GC(3) Using 8 workers of 8 for evacuation
[2025-05-04T15:29:15.116+0530][gc,phases   ] GC(3)   Pre Evacuate Collection Set: 0.1ms
[2025-05-04T15:29:15.116+0530][gc,phases   ] GC(3)   Merge Heap Roots: 0.1ms
[2025-05-04T15:29:15.116+0530][gc,phases   ] GC(3)   Evacuate Collection Set: 4.8ms
[2025-05-04T15:29:15.116+0530][gc,phases   ] GC(3)   Post Evacuate Collection Set: 0.5ms
[2025-05-04T15:29:15.116+0530][gc,phases   ] GC(3)   Other: 0.1ms
[2025-05-04T15:29:15.116+0530][gc,heap     ] GC(3) Eden regions: 48->0(44)
[2025-05-04T15:29:15.116+0530][gc,heap     ] GC(3) Survivor regions: 3->7(7)
[2025-05-04T15:29:15.116+0530][gc,heap     ] GC(3) Old regions: 8->8
[2025-05-04T15:29:15.116+0530][gc,heap     ] GC(3) Archive regions: 2->2
[2025-05-04T15:29:15.116+0530][gc,heap     ] GC(3) Humongous regions: 129->129
[2025-05-04T15:29:15.116+0530][gc,metaspace] GC(3) Metaspace: 32436K(32704K)->32436K(32704K) NonClass: 28834K(28992K)->28834K(28992K) Class: 3602K(3712K)->3602K(3712K)
[2025-05-04T15:29:15.116+0530][gc          ] GC(3) Pause Young (Normal) (G1 Evacuation Pause) 187M->143M(1024M) 5.802ms
[2025-05-04T15:29:15.116+0530][gc,cpu      ] GC(3) User=0.02s Sys=0.00s Real=0.00s
[2025-05-04T15:59:45.203+0530][gc,start    ] GC(4) Pause Young (Concurrent Start) (Metadata GC Threshold)
[2025-05-04T15:59:45.205+0530][gc,task     ] GC(4) Using 8 workers of 8 for evacuation
[2025-05-04T15:59:45.247+0530][gc,mmu      ] GC(4) MMU target violated: 21.0ms (20.0ms/21.0ms)
[2025-05-04T15:59:45.247+0530][gc,phases   ] GC(4)   Pre Evacuate Collection Set: 4.3ms
[2025-05-04T15:59:45.247+0530][gc,phases   ] GC(4)   Merge Heap Roots: 0.7ms
[2025-05-04T15:59:45.247+0530][gc,phases   ] GC(4)   Evacuate Collection Set: 35.6ms
[2025-05-04T15:59:45.247+0530][gc,phases   ] GC(4)   Post Evacuate Collection Set: 0.8ms
[2025-05-04T15:59:45.247+0530][gc,phases   ] GC(4)   Other: 5.2ms
[2025-05-04T15:59:45.247+0530][gc,heap     ] GC(4) Eden regions: 28->0(49)
[2025-05-04T15:59:45.247+0530][gc,heap     ] GC(4) Survivor regions: 7->2(7)
[2025-05-04T15:59:45.247+0530][gc,heap     ] GC(4) Old regions: 8->14
[2025-05-04T15:59:45.247+0530][gc,heap     ] GC(4) Archive regions: 2->2
[2025-05-04T15:59:45.247+0530][gc,heap     ] GC(4) Humongous regions: 129->129
[2025-05-04T15:59:45.247+0530][gc,metaspace] GC(4) Metaspace: 35901K(36160K)->35901K(36160K) NonClass: 31815K(31936K)->31815K(31936K) Class: 4085K(4224K)->4085K(4224K)
[2025-05-04T15:59:45.247+0530][gc          ] GC(4) Pause Young (Concurrent Start) (Metadata GC Threshold) 171M->144M(1024M) 45.361ms
[2025-05-04T15:59:45.247+0530][gc,cpu      ] GC(4) User=0.03s Sys=0.06s Real=0.04s
[2025-05-04T15:59:45.247+0530][gc          ] GC(5) Concurrent Mark Cycle
[2025-05-04T15:59:45.247+0530][gc,marking  ] GC(5) Concurrent Clear Claimed Marks
[2025-05-04T15:59:45.247+0530][gc,marking  ] GC(5) Concurrent Clear Claimed Marks 0.027ms
[2025-05-04T15:59:45.247+0530][gc,marking  ] GC(5) Concurrent Scan Root Regions
[2025-05-04T15:59:45.252+0530][gc,marking  ] GC(5) Concurrent Scan Root Regions 4.846ms
[2025-05-04T15:59:45.252+0530][gc,marking  ] GC(5) Concurrent Mark
[2025-05-04T15:59:45.252+0530][gc,marking  ] GC(5) Concurrent Mark From Roots
[2025-05-04T15:59:45.252+0530][gc,task     ] GC(5) Using 2 workers of 2 for marking
[2025-05-04T15:59:45.261+0530][gc,marking  ] GC(5) Concurrent Mark From Roots 8.132ms
[2025-05-04T15:59:45.261+0530][gc,marking  ] GC(5) Concurrent Preclean
[2025-05-04T15:59:45.261+0530][gc,marking  ] GC(5) Concurrent Preclean 0.105ms
[2025-05-04T15:59:45.261+0530][gc,start    ] GC(5) Pause Remark
[2025-05-04T15:59:45.296+0530][gc,mmu      ] GC(5) MMU target violated: 21.0ms (20.0ms/21.0ms)
[2025-05-04T15:59:45.297+0530][gc          ] GC(5) Pause Remark 145M->145M(1024M) 35.807ms
[2025-05-04T15:59:45.297+0530][gc,cpu      ] GC(5) User=0.01s Sys=0.03s Real=0.03s
[2025-05-04T15:59:45.297+0530][gc,marking  ] GC(5) Concurrent Mark 44.198ms
[2025-05-04T15:59:45.297+0530][gc,marking  ] GC(5) Concurrent Rebuild Remembered Sets
[2025-05-04T15:59:45.301+0530][gc,marking  ] GC(5) Concurrent Rebuild Remembered Sets 4.497ms
[2025-05-04T15:59:45.302+0530][gc,start    ] GC(5) Pause Cleanup
[2025-05-04T15:59:45.302+0530][gc          ] GC(5) Pause Cleanup 145M->145M(1024M) 0.137ms
[2025-05-04T15:59:45.302+0530][gc,cpu      ] GC(5) User=0.00s Sys=0.00s Real=0.00s
[2025-05-04T15:59:45.302+0530][gc,marking  ] GC(5) Concurrent Cleanup for Next Mark
[2025-05-04T15:59:45.304+0530][gc,marking  ] GC(5) Concurrent Cleanup for Next Mark 1.674ms
[2025-05-04T15:59:45.304+0530][gc          ] GC(5) Concurrent Mark Cycle 56.560ms
[2025-05-04T16:23:09.665+0530][gc,start    ] GC(6) Pause Young (Normal) (G1 Evacuation Pause)
[2025-05-04T16:23:09.666+0530][gc,task     ] GC(6) Using 8 workers of 8 for evacuation
[2025-05-04T16:23:09.675+0530][gc,phases   ] GC(6)   Pre Evacuate Collection Set: 0.9ms
[2025-05-04T16:23:09.675+0530][gc,phases   ] GC(6)   Merge Heap Roots: 0.1ms
[2025-05-04T16:23:09.675+0530][gc,phases   ] GC(6)   Evacuate Collection Set: 8.0ms
[2025-05-04T16:23:09.675+0530][gc,phases   ] GC(6)   Post Evacuate Collection Set: 0.7ms
[2025-05-04T16:23:09.676+0530][gc,phases   ] GC(6)   Other: 0.8ms
[2025-05-04T16:23:09.676+0530][gc,heap     ] GC(6) Eden regions: 49->0(46)
[2025-05-04T16:23:09.676+0530][gc,heap     ] GC(6) Survivor regions: 2->5(7)
[2025-05-04T16:23:09.676+0530][gc,heap     ] GC(6) Old regions: 14->14
[2025-05-04T16:23:09.676+0530][gc,heap     ] GC(6) Archive regions: 2->2
[2025-05-04T16:23:09.676+0530][gc,heap     ] GC(6) Humongous regions: 129->129
[2025-05-04T16:23:09.676+0530][gc,metaspace] GC(6) Metaspace: 40526K(41088K)->40526K(41088K) NonClass: 35564K(35904K)->35564K(35904K) Class: 4962K(5184K)->4962K(5184K)
[2025-05-04T16:23:09.676+0530][gc          ] GC(6) Pause Young (Normal) (G1 Evacuation Pause) 193M->147M(1024M) 10.954ms
[2025-05-04T16:23:09.676+0530][gc,cpu      ] GC(6) User=0.03s Sys=0.01s Real=0.01s
[2025-05-04T16:24:51.461+0530][gc,start    ] GC(7) Pause Young (Normal) (G1 Evacuation Pause)
[2025-05-04T16:24:51.461+0530][gc,task     ] GC(7) Using 8 workers of 8 for evacuation
[2025-05-04T16:24:51.492+0530][gc,mmu      ] GC(7) MMU target violated: 21.0ms (20.0ms/21.0ms)
[2025-05-04T16:24:51.492+0530][gc,phases   ] GC(7)   Pre Evacuate Collection Set: 0.6ms
[2025-05-04T16:24:51.492+0530][gc,phases   ] GC(7)   Merge Heap Roots: 0.2ms
[2025-05-04T16:24:51.492+0530][gc,phases   ] GC(7)   Evacuate Collection Set: 29.1ms
[2025-05-04T16:24:51.492+0530][gc,phases   ] GC(7)   Post Evacuate Collection Set: 0.9ms
[2025-05-04T16:24:51.492+0530][gc,phases   ] GC(7)   Other: 2.1ms
[2025-05-04T16:24:51.492+0530][gc,heap     ] GC(7) Eden regions: 46->0(44)
[2025-05-04T16:24:51.492+0530][gc,heap     ] GC(7) Survivor regions: 5->7(7)
[2025-05-04T16:24:51.492+0530][gc,heap     ] GC(7) Old regions: 14->15
[2025-05-04T16:24:51.492+0530][gc,heap     ] GC(7) Archive regions: 2->2
[2025-05-04T16:24:51.492+0530][gc,heap     ] GC(7) Humongous regions: 129->129
[2025-05-04T16:24:51.492+0530][gc,metaspace] GC(7) Metaspace: 43040K(43840K)->43040K(43840K) NonClass: 37681K(38144K)->37681K(38144K) Class: 5358K(5696K)->5358K(5696K)
[2025-05-04T16:24:51.493+0530][gc          ] GC(7) Pause Young (Normal) (G1 Evacuation Pause) 193M->151M(1024M) 33.002ms
[2025-05-04T16:24:51.493+0530][gc,cpu      ] GC(7) User=0.04s Sys=0.05s Real=0.04s
[2025-05-04T16:26:48.008+0530][gc,start    ] GC(8) Pause Young (Normal) (G1 Evacuation Pause)
[2025-05-04T16:26:48.008+0530][gc,task     ] GC(8) Using 8 workers of 8 for evacuation
[2025-05-04T16:26:48.020+0530][gc,phases   ] GC(8)   Pre Evacuate Collection Set: 0.3ms
[2025-05-04T16:26:48.020+0530][gc,phases   ] GC(8)   Merge Heap Roots: 0.1ms
[2025-05-04T16:26:48.020+0530][gc,phases   ] GC(8)   Evacuate Collection Set: 10.2ms
[2025-05-04T16:26:48.020+0530][gc,phases   ] GC(8)   Post Evacuate Collection Set: 0.6ms
[2025-05-04T16:26:48.020+0530][gc,phases   ] GC(8)   Other: 0.8ms
[2025-05-04T16:26:48.020+0530][gc,heap     ] GC(8) Eden regions: 44->0(46)
[2025-05-04T16:26:48.020+0530][gc,heap     ] GC(8) Survivor regions: 7->5(7)
[2025-05-04T16:26:48.020+0530][gc,heap     ] GC(8) Old regions: 15->19
[2025-05-04T16:26:48.020+0530][gc,heap     ] GC(8) Archive regions: 2->2
[2025-05-04T16:26:48.020+0530][gc,heap     ] GC(8) Humongous regions: 129->129
[2025-05-04T16:26:48.020+0530][gc,metaspace] GC(8) Metaspace: 43325K(44096K)->43325K(44096K) NonClass: 37913K(38400K)->37913K(38400K) Class: 5411K(5696K)->5411K(5696K)
[2025-05-04T16:26:48.020+0530][gc          ] GC(8) Pause Young (Normal) (G1 Evacuation Pause) 195M->152M(1024M) 12.151ms
[2025-05-04T16:26:48.020+0530][gc,cpu      ] GC(8) User=0.02s Sys=0.02s Real=0.02s
[2025-05-04T16:28:52.323+0530][gc,start    ] GC(9) Pause Young (Normal) (G1 Evacuation Pause)
[2025-05-04T16:28:52.324+0530][gc,task     ] GC(9) Using 8 workers of 8 for evacuation
[2025-05-04T16:28:52.340+0530][gc,phases   ] GC(9)   Pre Evacuate Collection Set: 1.4ms
[2025-05-04T16:28:52.340+0530][gc,phases   ] GC(9)   Merge Heap Roots: 0.1ms
[2025-05-04T16:28:52.340+0530][gc,phases   ] GC(9)   Evacuate Collection Set: 13.6ms
[2025-05-04T16:28:52.340+0530][gc,phases   ] GC(9)   Post Evacuate Collection Set: 0.6ms
[2025-05-04T16:28:52.340+0530][gc,phases   ] GC(9)   Other: 0.6ms
[2025-05-04T16:28:52.340+0530][gc,heap     ] GC(9) Eden regions: 46->0(46)
[2025-05-04T16:28:52.340+0530][gc,heap     ] GC(9) Survivor regions: 5->5(7)
[2025-05-04T16:28:52.340+0530][gc,heap     ] GC(9) Old regions: 19->20
[2025-05-04T16:28:52.340+0530][gc,heap     ] GC(9) Archive regions: 2->2
[2025-05-04T16:28:52.340+0530][gc,heap     ] GC(9) Humongous regions: 129->129
[2025-05-04T16:28:52.340+0530][gc,metaspace] GC(9) Metaspace: 43406K(44160K)->43406K(44160K) NonClass: 37987K(38464K)->37987K(38464K) Class: 5418K(5696K)->5418K(5696K)
[2025-05-04T16:28:52.340+0530][gc          ] GC(9) Pause Young (Normal) (G1 Evacuation Pause) 198M->154M(1024M) 16.585ms
[2025-05-04T16:28:52.340+0530][gc,cpu      ] GC(9) User=0.03s Sys=0.02s Real=0.02s
[2025-05-04T16:31:01.481+0530][gc,start    ] GC(10) Pause Young (Normal) (G1 Evacuation Pause)
[2025-05-04T16:31:01.482+0530][gc,task     ] GC(10) Using 8 workers of 8 for evacuation
[2025-05-04T16:31:01.522+0530][gc,mmu      ] GC(10) MMU target violated: 21.0ms (20.0ms/21.0ms)
[2025-05-04T16:31:01.523+0530][gc,phases   ] GC(10)   Pre Evacuate Collection Set: 1.6ms
[2025-05-04T16:31:01.523+0530][gc,phases   ] GC(10)   Merge Heap Roots: 0.5ms
[2025-05-04T16:31:01.523+0530][gc,phases   ] GC(10)   Evacuate Collection Set: 35.8ms
[2025-05-04T16:31:01.523+0530][gc,phases   ] GC(10)   Post Evacuate Collection Set: 2.0ms
[2025-05-04T16:31:01.523+0530][gc,phases   ] GC(10)   Other: 2.0ms
[2025-05-04T16:31:01.523+0530][gc,heap     ] GC(10) Eden regions: 46->0(45)
[2025-05-04T16:31:01.523+0530][gc,heap     ] GC(10) Survivor regions: 5->6(7)
[2025-05-04T16:31:01.523+0530][gc,heap     ] GC(10) Old regions: 20->22
[2025-05-04T16:31:01.523+0530][gc,heap     ] GC(10) Archive regions: 2->2
[2025-05-04T16:31:01.523+0530][gc,heap     ] GC(10) Humongous regions: 129->129
[2025-05-04T16:31:01.523+0530][gc,metaspace] GC(10) Metaspace: 43680K(44480K)->43680K(44480K) NonClass: 38195K(38656K)->38195K(38656K) Class: 5485K(5824K)->5485K(5824K)
[2025-05-04T16:31:01.523+0530][gc          ] GC(10) Pause Young (Normal) (G1 Evacuation Pause) 200M->156M(1024M) 42.358ms
[2025-05-04T16:31:01.523+0530][gc,cpu      ] GC(10) User=0.04s Sys=0.07s Real=0.04s
[2025-05-04T16:33:09.699+0530][gc,start    ] GC(11) Pause Young (Normal) (G1 Evacuation Pause)
[2025-05-04T16:33:09.701+0530][gc,task     ] GC(11) Using 8 workers of 8 for evacuation
[2025-05-04T16:33:09.763+0530][gc,mmu      ] GC(11) MMU target violated: 21.0ms (20.0ms/21.0ms)
[2025-05-04T16:33:09.763+0530][gc,phases   ] GC(11)   Pre Evacuate Collection Set: 3.7ms
[2025-05-04T16:33:09.763+0530][gc,phases   ] GC(11)   Merge Heap Roots: 1.5ms
[2025-05-04T16:33:09.763+0530][gc,phases   ] GC(11)   Evacuate Collection Set: 54.4ms
[2025-05-04T16:33:09.763+0530][gc,phases   ] GC(11)   Post Evacuate Collection Set: 1.9ms
[2025-05-04T16:33:09.763+0530][gc,phases   ] GC(11)   Other: 3.7ms
[2025-05-04T16:33:09.763+0530][gc,heap     ] GC(11) Eden regions: 45->0(48)
[2025-05-04T16:33:09.763+0530][gc,heap     ] GC(11) Survivor regions: 6->3(7)
[2025-05-04T16:33:09.763+0530][gc,heap     ] GC(11) Old regions: 22->24
[2025-05-04T16:33:09.763+0530][gc,heap     ] GC(11) Archive regions: 2->2
[2025-05-04T16:33:09.763+0530][gc,heap     ] GC(11) Humongous regions: 129->129
[2025-05-04T16:33:09.763+0530][gc,metaspace] GC(11) Metaspace: 44106K(44928K)->44106K(44928K) NonClass: 38540K(39040K)->38540K(39040K) Class: 5566K(5888K)->5566K(5888K)
[2025-05-04T16:33:09.763+0530][gc          ] GC(11) Pause Young (Normal) (G1 Evacuation Pause) 201M->156M(1024M) 64.783ms
[2025-05-04T16:33:09.763+0530][gc,cpu      ] GC(11) User=0.02s Sys=0.06s Real=0.07s
[2025-05-04T16:35:57.787+0530][gc,start    ] GC(12) Pause Young (Normal) (G1 Evacuation Pause)
[2025-05-04T16:35:57.790+0530][gc,task     ] GC(12) Using 8 workers of 8 for evacuation
[2025-05-04T16:35:57.837+0530][gc,mmu      ] GC(12) MMU target violated: 21.0ms (20.0ms/21.0ms)
[2025-05-04T16:35:57.837+0530][gc,phases   ] GC(12)   Pre Evacuate Collection Set: 12.6ms
[2025-05-04T16:35:57.837+0530][gc,phases   ] GC(12)   Merge Heap Roots: 0.9ms
[2025-05-04T16:35:57.837+0530][gc,phases   ] GC(12)   Evacuate Collection Set: 30.4ms
[2025-05-04T16:35:57.837+0530][gc,phases   ] GC(12)   Post Evacuate Collection Set: 1.0ms
[2025-05-04T16:35:57.837+0530][gc,phases   ] GC(12)   Other: 6.4ms
[2025-05-04T16:35:57.837+0530][gc,heap     ] GC(12) Eden regions: 48->0(44)
[2025-05-04T16:35:57.837+0530][gc,heap     ] GC(12) Survivor regions: 3->7(7)
[2025-05-04T16:35:57.837+0530][gc,heap     ] GC(12) Old regions: 24->24
[2025-05-04T16:35:57.837+0530][gc,heap     ] GC(12) Archive regions: 2->2
[2025-05-04T16:35:57.837+0530][gc,heap     ] GC(12) Humongous regions: 129->129
[2025-05-04T16:35:57.837+0530][gc,metaspace] GC(12) Metaspace: 44149K(44928K)->44149K(44928K) NonClass: 38583K(39040K)->38583K(39040K) Class: 5566K(5888K)->5566K(5888K)
[2025-05-04T16:35:57.837+0530][gc          ] GC(12) Pause Young (Normal) (G1 Evacuation Pause) 204M->160M(1024M) 50.514ms
[2025-05-04T16:35:57.837+0530][gc,cpu      ] GC(12) User=0.02s Sys=0.05s Real=0.05s
[2025-05-04T16:38:53.498+0530][gc,start    ] GC(13) Pause Young (Normal) (G1 Evacuation Pause)
[2025-05-04T16:38:53.499+0530][gc,task     ] GC(13) Using 8 workers of 8 for evacuation
[2025-05-04T16:38:53.560+0530][gc,mmu      ] GC(13) MMU target violated: 21.0ms (20.0ms/21.0ms)
[2025-05-04T16:38:53.560+0530][gc,phases   ] GC(13)   Pre Evacuate Collection Set: 4.0ms
[2025-05-04T16:38:53.560+0530][gc,phases   ] GC(13)   Merge Heap Roots: 1.0ms
[2025-05-04T16:38:53.560+0530][gc,phases   ] GC(13)   Evacuate Collection Set: 49.1ms
[2025-05-04T16:38:53.560+0530][gc,phases   ] GC(13)   Post Evacuate Collection Set: 5.0ms
[2025-05-04T16:38:53.560+0530][gc,phases   ] GC(13)   Other: 4.3ms
[2025-05-04T16:38:53.561+0530][gc,heap     ] GC(13) Eden regions: 44->0(49)
[2025-05-04T16:38:53.561+0530][gc,heap     ] GC(13) Survivor regions: 7->2(7)
[2025-05-04T16:38:53.561+0530][gc,heap     ] GC(13) Old regions: 24->27
[2025-05-04T16:38:53.561+0530][gc,heap     ] GC(13) Archive regions: 2->2
[2025-05-04T16:38:53.561+0530][gc,heap     ] GC(13) Humongous regions: 129->129
[2025-05-04T16:38:53.561+0530][gc,metaspace] GC(13) Metaspace: 44169K(44928K)->44169K(44928K) NonClass: 38603K(39040K)->38603K(39040K) Class: 5566K(5888K)->5566K(5888K)
[2025-05-04T16:38:53.561+0530][gc          ] GC(13) Pause Young (Normal) (G1 Evacuation Pause) 204M->157M(1024M) 63.322ms
[2025-05-04T16:38:53.561+0530][gc,cpu      ] GC(13) User=0.02s Sys=0.06s Real=0.07s
[2025-05-04T16:42:09.186+0530][gc,start    ] GC(14) Pause Young (Normal) (G1 Evacuation Pause)
[2025-05-04T16:42:09.187+0530][gc,task     ] GC(14) Using 8 workers of 8 for evacuation
[2025-05-04T16:42:09.279+0530][gc,mmu      ] GC(14) MMU target violated: 21.0ms (20.0ms/21.0ms)
[2025-05-04T16:42:09.279+0530][gc,phases   ] GC(14)   Pre Evacuate Collection Set: 4.7ms
[2025-05-04T16:42:09.279+0530][gc,phases   ] GC(14)   Merge Heap Roots: 0.5ms
[2025-05-04T16:42:09.279+0530][gc,phases   ] GC(14)   Evacuate Collection Set: 77.7ms
[2025-05-04T16:42:09.279+0530][gc,phases   ] GC(14)   Post Evacuate Collection Set: 9.1ms
[2025-05-04T16:42:09.279+0530][gc,phases   ] GC(14)   Other: 2.5ms
[2025-05-04T16:42:09.279+0530][gc,heap     ] GC(14) Eden regions: 49->0(45)
[2025-05-04T16:42:09.279+0530][gc,heap     ] GC(14) Survivor regions: 2->6(7)
[2025-05-04T16:42:09.279+0530][gc,heap     ] GC(14) Old regions: 27->27
[2025-05-04T16:42:09.279+0530][gc,heap     ] GC(14) Archive regions: 2->2
[2025-05-04T16:42:09.279+0530][gc,heap     ] GC(14) Humongous regions: 129->129
[2025-05-04T16:42:09.279+0530][gc,metaspace] GC(14) Metaspace: 44198K(44928K)->44198K(44928K) NonClass: 38626K(39040K)->38626K(39040K) Class: 5571K(5888K)->5571K(5888K)
[2025-05-04T16:42:09.279+0530][gc          ] GC(14) Pause Young (Normal) (G1 Evacuation Pause) 206M->161M(1024M) 94.025ms
[2025-05-04T16:42:09.279+0530][gc,cpu      ] GC(14) User=0.03s Sys=0.08s Real=0.09s
[2025-05-04T16:45:09.831+0530][gc,start    ] GC(15) Pause Young (Normal) (G1 Evacuation Pause)
[2025-05-04T16:45:09.832+0530][gc,task     ] GC(15) Using 8 workers of 8 for evacuation
[2025-05-04T16:45:09.910+0530][gc,mmu      ] GC(15) MMU target violated: 21.0ms (20.0ms/21.0ms)
[2025-05-04T16:45:09.910+0530][gc,phases   ] GC(15)   Pre Evacuate Collection Set: 4.0ms
[2025-05-04T16:45:09.910+0530][gc,phases   ] GC(15)   Merge Heap Roots: 0.5ms
[2025-05-04T16:45:09.910+0530][gc,phases   ] GC(15)   Evacuate Collection Set: 72.0ms
[2025-05-04T16:45:09.910+0530][gc,phases   ] GC(15)   Post Evacuate Collection Set: 1.5ms
[2025-05-04T16:45:09.910+0530][gc,phases   ] GC(15)   Other: 2.3ms
[2025-05-04T16:45:09.910+0530][gc,heap     ] GC(15) Eden regions: 45->0(46)
[2025-05-04T16:45:09.910+0530][gc,heap     ] GC(15) Survivor regions: 6->5(7)
[2025-05-04T16:45:09.910+0530][gc,heap     ] GC(15) Old regions: 27->32
[2025-05-04T16:45:09.910+0530][gc,heap     ] GC(15) Archive regions: 2->2
[2025-05-04T16:45:09.910+0530][gc,heap     ] GC(15) Humongous regions: 129->129
[2025-05-04T16:45:09.910+0530][gc,metaspace] GC(15) Metaspace: 44220K(44992K)->44220K(44992K) NonClass: 38648K(39104K)->38648K(39104K) Class: 5571K(5888K)->5571K(5888K)
[2025-05-04T16:45:09.911+0530][gc          ] GC(15) Pause Young (Normal) (G1 Evacuation Pause) 206M->165M(1024M) 79.761ms
[2025-05-04T16:45:09.911+0530][gc,cpu      ] GC(15) User=0.04s Sys=0.10s Real=0.08s
[2025-05-04T16:48:09.887+0530][gc,start    ] GC(16) Pause Young (Normal) (G1 Evacuation Pause)
[2025-05-04T16:48:09.888+0530][gc,task     ] GC(16) Using 8 workers of 8 for evacuation
[2025-05-04T16:48:09.929+0530][gc,mmu      ] GC(16) MMU target violated: 21.0ms (20.0ms/21.0ms)
[2025-05-04T16:48:09.929+0530][gc,phases   ] GC(16)   Pre Evacuate Collection Set: 2.1ms
[2025-05-04T16:48:09.929+0530][gc,phases   ] GC(16)   Merge Heap Roots: 0.7ms
[2025-05-04T16:48:09.929+0530][gc,phases   ] GC(16)   Evacuate Collection Set: 37.0ms
[2025-05-04T16:48:09.929+0530][gc,phases   ] GC(16)   Post Evacuate Collection Set: 1.6ms
[2025-05-04T16:48:09.929+0530][gc,phases   ] GC(16)   Other: 1.9ms
[2025-05-04T16:48:09.929+0530][gc,heap     ] GC(16) Eden regions: 46->0(48)
[2025-05-04T16:48:09.929+0530][gc,heap     ] GC(16) Survivor regions: 5->3(7)
[2025-05-04T16:48:09.929+0530][gc,heap     ] GC(16) Old regions: 32->34
[2025-05-04T16:48:09.929+0530][gc,heap     ] GC(16) Archive regions: 2->2
[2025-05-04T16:48:09.929+0530][gc,heap     ] GC(16) Humongous regions: 129->129
[2025-05-04T16:48:09.929+0530][gc,metaspace] GC(16) Metaspace: 44265K(45056K)->44265K(45056K) NonClass: 38691K(39168K)->38691K(39168K) Class: 5573K(5888K)->5573K(5888K)
[2025-05-04T16:48:09.930+0530][gc          ] GC(16) Pause Young (Normal) (G1 Evacuation Pause) 211M->165M(1024M) 43.325ms
[2025-05-04T16:48:09.930+0530][gc,cpu      ] GC(16) User=0.02s Sys=0.05s Real=0.05s
[2025-05-04T16:51:11.208+0530][gc,start    ] GC(17) Pause Young (Normal) (G1 Evacuation Pause)
[2025-05-04T16:51:11.212+0530][gc,task     ] GC(17) Using 8 workers of 8 for evacuation
[2025-05-04T16:51:11.245+0530][gc,mmu      ] GC(17) MMU target violated: 21.0ms (20.0ms/21.0ms)
[2025-05-04T16:51:11.245+0530][gc,phases   ] GC(17)   Pre Evacuate Collection Set: 1.8ms
[2025-05-04T16:51:11.245+0530][gc,phases   ] GC(17)   Merge Heap Roots: 0.3ms
[2025-05-04T16:51:11.245+0530][gc,phases   ] GC(17)   Evacuate Collection Set: 29.8ms
[2025-05-04T16:51:11.245+0530][gc,phases   ] GC(17)   Post Evacuate Collection Set: 0.4ms
[2025-05-04T16:51:11.245+0530][gc,phases   ] GC(17)   Other: 5.3ms
[2025-05-04T16:51:11.245+0530][gc,heap     ] GC(17) Eden regions: 48->0(44)
[2025-05-04T16:51:11.245+0530][gc,heap     ] GC(17) Survivor regions: 3->7(7)
[2025-05-04T16:51:11.245+0530][gc,heap     ] GC(17) Old regions: 34->34
[2025-05-04T16:51:11.245+0530][gc,heap     ] GC(17) Archive regions: 2->2
[2025-05-04T16:51:11.245+0530][gc,heap     ] GC(17) Humongous regions: 129->129
[2025-05-04T16:51:11.245+0530][gc,metaspace] GC(17) Metaspace: 44319K(45120K)->44319K(45120K) NonClass: 38739K(39232K)->38739K(39232K) Class: 5579K(5888K)->5579K(5888K)
[2025-05-04T16:51:11.245+0530][gc          ] GC(17) Pause Young (Normal) (G1 Evacuation Pause) 213M->169M(1024M) 37.701ms
[2025-05-04T16:51:11.245+0530][gc,cpu      ] GC(17) User=0.03s Sys=0.07s Real=0.04s
[2025-05-04T16:53:48.521+0530][gc,start    ] GC(18) Pause Young (Normal) (G1 Evacuation Pause)
[2025-05-04T16:53:48.522+0530][gc,task     ] GC(18) Using 8 workers of 8 for evacuation
[2025-05-04T16:53:48.565+0530][gc,mmu      ] GC(18) MMU target violated: 21.0ms (20.0ms/21.0ms)
[2025-05-04T16:53:48.565+0530][gc,phases   ] GC(18)   Pre Evacuate Collection Set: 3.7ms
[2025-05-04T16:53:48.565+0530][gc,phases   ] GC(18)   Merge Heap Roots: 1.2ms
[2025-05-04T16:53:48.565+0530][gc,phases   ] GC(18)   Evacuate Collection Set: 37.1ms
[2025-05-04T16:53:48.565+0530][gc,phases   ] GC(18)   Post Evacuate Collection Set: 0.6ms
[2025-05-04T16:53:48.565+0530][gc,phases   ] GC(18)   Other: 2.3ms
[2025-05-04T16:53:48.565+0530][gc,heap     ] GC(18) Eden regions: 44->0(46)
[2025-05-04T16:53:48.565+0530][gc,heap     ] GC(18) Survivor regions: 7->5(7)
[2025-05-04T16:53:48.565+0530][gc,heap     ] GC(18) Old regions: 34->40
[2025-05-04T16:53:48.565+0530][gc,heap     ] GC(18) Archive regions: 2->2
[2025-05-04T16:53:48.565+0530][gc,heap     ] GC(18) Humongous regions: 129->129
[2025-05-04T16:53:48.565+0530][gc,metaspace] GC(18) Metaspace: 44356K(45120K)->44356K(45120K) NonClass: 38777K(39232K)->38777K(39232K) Class: 5579K(5888K)->5579K(5888K)
[2025-05-04T16:53:48.565+0530][gc          ] GC(18) Pause Young (Normal) (G1 Evacuation Pause) 213M->173M(1024M) 44.792ms
[2025-05-04T16:53:48.565+0530][gc,cpu      ] GC(18) User=0.05s Sys=0.07s Real=0.04s
[2025-05-04T16:56:08.702+0530][gc,start    ] GC(19) Pause Young (Normal) (G1 Evacuation Pause)
[2025-05-04T16:56:08.703+0530][gc,task     ] GC(19) Using 8 workers of 8 for evacuation
[2025-05-04T16:56:08.722+0530][gc,phases   ] GC(19)   Pre Evacuate Collection Set: 0.8ms
[2025-05-04T16:56:08.722+0530][gc,phases   ] GC(19)   Merge Heap Roots: 0.3ms
[2025-05-04T16:56:08.722+0530][gc,phases   ] GC(19)   Evacuate Collection Set: 17.3ms
[2025-05-04T16:56:08.722+0530][gc,phases   ] GC(19)   Post Evacuate Collection Set: 0.6ms
[2025-05-04T16:56:08.722+0530][gc,phases   ] GC(19)   Other: 1.7ms
[2025-05-04T16:56:08.722+0530][gc,heap     ] GC(19) Eden regions: 46->0(46)
[2025-05-04T16:56:08.722+0530][gc,heap     ] GC(19) Survivor regions: 5->5(7)
[2025-05-04T16:56:08.722+0530][gc,heap     ] GC(19) Old regions: 40->41
[2025-05-04T16:56:08.722+0530][gc,heap     ] GC(19) Archive regions: 2->2
[2025-05-04T16:56:08.722+0530][gc,heap     ] GC(19) Humongous regions: 129->129
[2025-05-04T16:56:08.722+0530][gc,metaspace] GC(19) Metaspace: 44532K(45312K)->44532K(45312K) NonClass: 38916K(39360K)->38916K(39360K) Class: 5616K(5952K)->5616K(5952K)
[2025-05-04T16:56:08.722+0530][gc          ] GC(19) Pause Young (Normal) (G1 Evacuation Pause) 219M->175M(1024M) 19.860ms
[2025-05-04T16:56:08.722+0530][gc,cpu      ] GC(19) User=0.02s Sys=0.03s Real=0.02s
[2025-05-04T16:58:21.511+0530][gc,start    ] GC(20) Pause Young (Normal) (G1 Evacuation Pause)
[2025-05-04T16:58:21.512+0530][gc,task     ] GC(20) Using 8 workers of 8 for evacuation
[2025-05-04T16:58:21.537+0530][gc,mmu      ] GC(20) MMU target violated: 21.0ms (20.0ms/21.0ms)
[2025-05-04T16:58:21.538+0530][gc,phases   ] GC(20)   Pre Evacuate Collection Set: 2.4ms
[2025-05-04T16:58:21.538+0530][gc,phases   ] GC(20)   Merge Heap Roots: 0.8ms
[2025-05-04T16:58:21.538+0530][gc,phases   ] GC(20)   Evacuate Collection Set: 20.9ms
[2025-05-04T16:58:21.538+0530][gc,phases   ] GC(20)   Post Evacuate Collection Set: 1.0ms
[2025-05-04T16:58:21.538+0530][gc,phases   ] GC(20)   Other: 2.6ms
[2025-05-04T16:58:21.538+0530][gc,heap     ] GC(20) Eden regions: 46->0(47)
[2025-05-04T16:58:21.538+0530][gc,heap     ] GC(20) Survivor regions: 5->4(7)
[2025-05-04T16:58:21.538+0530][gc,heap     ] GC(20) Old regions: 41->43
[2025-05-04T16:58:21.538+0530][gc,heap     ] GC(20) Archive regions: 2->2
[2025-05-04T16:58:21.538+0530][gc,heap     ] GC(20) Humongous regions: 129->129
[2025-05-04T16:58:21.538+0530][gc,metaspace] GC(20) Metaspace: 44601K(45376K)->44601K(45376K) NonClass: 38973K(39424K)->38973K(39424K) Class: 5627K(5952K)->5627K(5952K)
[2025-05-04T16:58:21.538+0530][gc          ] GC(20) Pause Young (Normal) (G1 Evacuation Pause) 221M->176M(1024M) 27.804ms
[2025-05-04T16:58:21.538+0530][gc,cpu      ] GC(20) User=0.03s Sys=0.05s Real=0.02s
[2025-05-04T17:00:39.582+0530][gc,start    ] GC(21) Pause Young (Normal) (G1 Evacuation Pause)
[2025-05-04T17:00:39.583+0530][gc,task     ] GC(21) Using 8 workers of 8 for evacuation
[2025-05-04T17:00:39.616+0530][gc,mmu      ] GC(21) MMU target violated: 21.0ms (20.0ms/21.0ms)
[2025-05-04T17:00:39.617+0530][gc,phases   ] GC(21)   Pre Evacuate Collection Set: 5.0ms
[2025-05-04T17:00:39.617+0530][gc,phases   ] GC(21)   Merge Heap Roots: 0.9ms
[2025-05-04T17:00:39.617+0530][gc,phases   ] GC(21)   Evacuate Collection Set: 26.0ms
[2025-05-04T17:00:39.617+0530][gc,phases   ] GC(21)   Post Evacuate Collection Set: 1.2ms
[2025-05-04T17:00:39.617+0530][gc,phases   ] GC(21)   Other: 1.8ms
[2025-05-04T17:00:39.617+0530][gc,heap     ] GC(21) Eden regions: 47->0(45)
[2025-05-04T17:00:39.617+0530][gc,heap     ] GC(21) Survivor regions: 4->6(7)
[2025-05-04T17:00:39.617+0530][gc,heap     ] GC(21) Old regions: 43->43
[2025-05-04T17:00:39.617+0530][gc,heap     ] GC(21) Archive regions: 2->2
[2025-05-04T17:00:39.617+0530][gc,heap     ] GC(21) Humongous regions: 129->129
[2025-05-04T17:00:39.617+0530][gc,metaspace] GC(21) Metaspace: 44616K(45376K)->44616K(45376K) NonClass: 38987K(39424K)->38987K(39424K) Class: 5628K(5952K)->5628K(5952K)
[2025-05-04T17:00:39.617+0530][gc          ] GC(21) Pause Young (Normal) (G1 Evacuation Pause) 223M->177M(1024M) 34.921ms
[2025-05-04T17:00:39.617+0530][gc,cpu      ] GC(21) User=0.03s Sys=0.05s Real=0.03s
[2025-05-04T17:27:03.717+0530][gc,start    ] GC(22) Pause Young (Normal) (G1 Evacuation Pause)
[2025-05-04T17:27:03.717+0530][gc,task     ] GC(22) Using 8 workers of 8 for evacuation
[2025-05-04T17:27:03.745+0530][gc,mmu      ] GC(22) MMU target violated: 21.0ms (20.0ms/21.0ms)
[2025-05-04T17:27:03.745+0530][gc,phases   ] GC(22)   Pre Evacuate Collection Set: 0.9ms
[2025-05-04T17:27:03.745+0530][gc,phases   ] GC(22)   Merge Heap Roots: 0.4ms
[2025-05-04T17:27:03.745+0530][gc,phases   ] GC(22)   Evacuate Collection Set: 24.1ms
[2025-05-04T17:27:03.745+0530][gc,phases   ] GC(22)   Post Evacuate Collection Set: 1.3ms
[2025-05-04T17:27:03.745+0530][gc,phases   ] GC(22)   Other: 1.9ms
[2025-05-04T17:27:03.745+0530][gc,heap     ] GC(22) Eden regions: 45->0(44)
[2025-05-04T17:27:03.745+0530][gc,heap     ] GC(22) Survivor regions: 6->7(7)
[2025-05-04T17:27:03.745+0530][gc,heap     ] GC(22) Old regions: 43->45
[2025-05-04T17:27:03.745+0530][gc,heap     ] GC(22) Archive regions: 2->2
[2025-05-04T17:27:03.745+0530][gc,heap     ] GC(22) Humongous regions: 129->129
[2025-05-04T17:27:03.745+0530][gc,metaspace] GC(22) Metaspace: 44622K(45376K)->44622K(45376K) NonClass: 38993K(39424K)->38993K(39424K) Class: 5628K(5952K)->5628K(5952K)
[2025-05-04T17:27:03.745+0530][gc          ] GC(22) Pause Young (Normal) (G1 Evacuation Pause) 222M->181M(1024M) 28.678ms
[2025-05-04T17:27:03.745+0530][gc,cpu      ] GC(22) User=0.05s Sys=0.05s Real=0.03s
[2025-05-04T17:29:58.975+0530][gc,start    ] GC(23) Pause Young (Normal) (G1 Evacuation Pause)
[2025-05-04T17:29:58.976+0530][gc,task     ] GC(23) Using 8 workers of 8 for evacuation
[2025-05-04T17:29:58.992+0530][gc,phases   ] GC(23)   Pre Evacuate Collection Set: 1.0ms
[2025-05-04T17:29:58.992+0530][gc,phases   ] GC(23)   Merge Heap Roots: 0.6ms
[2025-05-04T17:29:58.992+0530][gc,phases   ] GC(23)   Evacuate Collection Set: 11.6ms
[2025-05-04T17:29:58.992+0530][gc,phases   ] GC(23)   Post Evacuate Collection Set: 1.1ms
[2025-05-04T17:29:58.992+0530][gc,phases   ] GC(23)   Other: 4.0ms
[2025-05-04T17:29:58.992+0530][gc,heap     ] GC(23) Eden regions: 44->0(48)
[2025-05-04T17:29:58.992+0530][gc,heap     ] GC(23) Survivor regions: 7->3(7)
[2025-05-04T17:29:58.992+0530][gc,heap     ] GC(23) Old regions: 45->47
[2025-05-04T17:29:58.992+0530][gc,heap     ] GC(23) Archive regions: 2->2
[2025-05-04T17:29:58.992+0530][gc,heap     ] GC(23) Humongous regions: 129->129
[2025-05-04T17:29:58.992+0530][gc,metaspace] GC(23) Metaspace: 44632K(45440K)->44632K(45440K) NonClass: 39003K(39488K)->39003K(39488K) Class: 5628K(5952K)->5628K(5952K)
[2025-05-04T17:29:58.993+0530][gc          ] GC(23) Pause Young (Normal) (G1 Evacuation Pause) 225M->179M(1024M) 17.852ms
[2025-05-04T17:29:58.993+0530][gc,cpu      ] GC(23) User=0.03s Sys=0.02s Real=0.02s
[2025-05-04T17:33:10.376+0530][gc,start    ] GC(24) Pause Young (Normal) (G1 Evacuation Pause)
[2025-05-04T17:33:10.377+0530][gc,task     ] GC(24) Using 8 workers of 8 for evacuation
[2025-05-04T17:33:10.420+0530][gc,mmu      ] GC(24) MMU target violated: 21.0ms (20.0ms/21.0ms)
[2025-05-04T17:33:10.420+0530][gc,phases   ] GC(24)   Pre Evacuate Collection Set: 0.8ms
[2025-05-04T17:33:10.420+0530][gc,phases   ] GC(24)   Merge Heap Roots: 0.4ms
[2025-05-04T17:33:10.420+0530][gc,phases   ] GC(24)   Evacuate Collection Set: 41.2ms
[2025-05-04T17:33:10.420+0530][gc,phases   ] GC(24)   Post Evacuate Collection Set: 0.9ms
[2025-05-04T17:33:10.421+0530][gc,phases   ] GC(24)   Other: 1.0ms
[2025-05-04T17:33:10.421+0530][gc,heap     ] GC(24) Eden regions: 48->0(44)
[2025-05-04T17:33:10.421+0530][gc,heap     ] GC(24) Survivor regions: 3->7(7)
[2025-05-04T17:33:10.421+0530][gc,heap     ] GC(24) Old regions: 47->47
[2025-05-04T17:33:10.421+0530][gc,heap     ] GC(24) Archive regions: 2->2
[2025-05-04T17:33:10.421+0530][gc,heap     ] GC(24) Humongous regions: 129->129
[2025-05-04T17:33:10.421+0530][gc,metaspace] GC(24) Metaspace: 44643K(45440K)->44643K(45440K) NonClass: 39013K(39488K)->39013K(39488K) Class: 5630K(5952K)->5630K(5952K)
[2025-05-04T17:33:10.421+0530][gc          ] GC(24) Pause Young (Normal) (G1 Evacuation Pause) 227M->182M(1024M) 44.329ms
[2025-05-04T17:33:10.421+0530][gc,cpu      ] GC(24) User=0.03s Sys=0.07s Real=0.05s
[2025-05-04T17:36:05.757+0530][gc,start    ] GC(25) Pause Young (Normal) (G1 Evacuation Pause)
[2025-05-04T17:36:05.758+0530][gc,task     ] GC(25) Using 8 workers of 8 for evacuation
[2025-05-04T17:36:05.783+0530][gc,mmu      ] GC(25) MMU target violated: 21.0ms (20.0ms/21.0ms)
[2025-05-04T17:36:05.783+0530][gc,phases   ] GC(25)   Pre Evacuate Collection Set: 1.0ms
[2025-05-04T17:36:05.783+0530][gc,phases   ] GC(25)   Merge Heap Roots: 0.4ms
[2025-05-04T17:36:05.783+0530][gc,phases   ] GC(25)   Evacuate Collection Set: 22.6ms
[2025-05-04T17:36:05.783+0530][gc,phases   ] GC(25)   Post Evacuate Collection Set: 0.8ms
[2025-05-04T17:36:05.783+0530][gc,phases   ] GC(25)   Other: 1.1ms
[2025-05-04T17:36:05.783+0530][gc,heap     ] GC(25) Eden regions: 44->0(46)
[2025-05-04T17:36:05.783+0530][gc,heap     ] GC(25) Survivor regions: 7->5(7)
[2025-05-04T17:36:05.783+0530][gc,heap     ] GC(25) Old regions: 47->53
[2025-05-04T17:36:05.783+0530][gc,heap     ] GC(25) Archive regions: 2->2
[2025-05-04T17:36:05.783+0530][gc,heap     ] GC(25) Humongous regions: 129->129
[2025-05-04T17:36:05.783+0530][gc,metaspace] GC(25) Metaspace: 44643K(45440K)->44643K(45440K) NonClass: 39013K(39488K)->39013K(39488K) Class: 5630K(5952K)->5630K(5952K)
[2025-05-04T17:36:05.783+0530][gc          ] GC(25) Pause Young (Normal) (G1 Evacuation Pause) 226M->186M(1024M) 26.035ms
[2025-05-04T17:36:05.783+0530][gc,cpu      ] GC(25) User=0.04s Sys=0.05s Real=0.03s
[2025-05-04T17:39:08.762+0530][gc,start    ] GC(26) Pause Young (Normal) (G1 Evacuation Pause)
[2025-05-04T17:39:08.763+0530][gc,task     ] GC(26) Using 8 workers of 8 for evacuation
[2025-05-04T17:39:08.772+0530][gc,phases   ] GC(26)   Pre Evacuate Collection Set: 0.4ms
[2025-05-04T17:39:08.772+0530][gc,phases   ] GC(26)   Merge Heap Roots: 0.2ms
[2025-05-04T17:39:08.772+0530][gc,phases   ] GC(26)   Evacuate Collection Set: 7.9ms
[2025-05-04T17:39:08.772+0530][gc,phases   ] GC(26)   Post Evacuate Collection Set: 0.8ms
[2025-05-04T17:39:08.772+0530][gc,phases   ] GC(26)   Other: 1.4ms
[2025-05-04T17:39:08.772+0530][gc,heap     ] GC(26) Eden regions: 46->0(48)
[2025-05-04T17:39:08.772+0530][gc,heap     ] GC(26) Survivor regions: 5->3(7)
[2025-05-04T17:39:08.772+0530][gc,heap     ] GC(26) Old regions: 53->54
[2025-05-04T17:39:08.772+0530][gc,heap     ] GC(26) Archive regions: 2->2
[2025-05-04T17:39:08.772+0530][gc,heap     ] GC(26) Humongous regions: 129->129
[2025-05-04T17:39:08.772+0530][gc,metaspace] GC(26) Metaspace: 44647K(45440K)->44647K(45440K) NonClass: 39017K(39488K)->39017K(39488K) Class: 5630K(5952K)->5630K(5952K)
[2025-05-04T17:39:08.772+0530][gc          ] GC(26) Pause Young (Normal) (G1 Evacuation Pause) 232M->186M(1024M) 10.769ms
[2025-05-04T17:39:08.772+0530][gc,cpu      ] GC(26) User=0.03s Sys=0.00s Real=0.01s
[2025-05-04T17:42:20.227+0530][gc,start    ] GC(27) Pause Young (Normal) (G1 Evacuation Pause)
[2025-05-04T17:42:20.228+0530][gc,task     ] GC(27) Using 8 workers of 8 for evacuation
[2025-05-04T17:42:20.246+0530][gc,phases   ] GC(27)   Pre Evacuate Collection Set: 1.0ms
[2025-05-04T17:42:20.246+0530][gc,phases   ] GC(27)   Merge Heap Roots: 0.3ms
[2025-05-04T17:42:20.246+0530][gc,phases   ] GC(27)   Evacuate Collection Set: 15.1ms
[2025-05-04T17:42:20.246+0530][gc,phases   ] GC(27)   Post Evacuate Collection Set: 0.8ms
[2025-05-04T17:42:20.246+0530][gc,phases   ] GC(27)   Other: 1.7ms
[2025-05-04T17:42:20.246+0530][gc,heap     ] GC(27) Eden regions: 48->0(44)
[2025-05-04T17:42:20.246+0530][gc,heap     ] GC(27) Survivor regions: 3->7(7)
[2025-05-04T17:42:20.246+0530][gc,heap     ] GC(27) Old regions: 54->54
[2025-05-04T17:42:20.246+0530][gc,heap     ] GC(27) Archive regions: 2->2
[2025-05-04T17:42:20.246+0530][gc,heap     ] GC(27) Humongous regions: 129->129
[2025-05-04T17:42:20.246+0530][gc,metaspace] GC(27) Metaspace: 44648K(45440K)->44648K(45440K) NonClass: 39018K(39488K)->39018K(39488K) Class: 5630K(5952K)->5630K(5952K)
[2025-05-04T17:42:20.246+0530][gc          ] GC(27) Pause Young (Normal) (G1 Evacuation Pause) 234M->190M(1024M) 18.941ms
[2025-05-04T17:42:20.246+0530][gc,cpu      ] GC(27) User=0.04s Sys=0.03s Real=0.02s
[2025-05-04T17:45:15.809+0530][gc,start    ] GC(28) Pause Young (Normal) (G1 Evacuation Pause)
[2025-05-04T17:45:15.811+0530][gc,task     ] GC(28) Using 8 workers of 8 for evacuation
[2025-05-04T17:45:15.853+0530][gc,mmu      ] GC(28) MMU target violated: 21.0ms (20.0ms/21.0ms)
[2025-05-04T17:45:15.853+0530][gc,phases   ] GC(28)   Pre Evacuate Collection Set: 1.1ms
[2025-05-04T17:45:15.853+0530][gc,phases   ] GC(28)   Merge Heap Roots: 0.3ms
[2025-05-04T17:45:15.853+0530][gc,phases   ] GC(28)   Evacuate Collection Set: 37.0ms
[2025-05-04T17:45:15.853+0530][gc,phases   ] GC(28)   Post Evacuate Collection Set: 3.5ms
[2025-05-04T17:45:15.853+0530][gc,phases   ] GC(28)   Other: 2.3ms
[2025-05-04T17:45:15.853+0530][gc,heap     ] GC(28) Eden regions: 44->0(46)
[2025-05-04T17:45:15.853+0530][gc,heap     ] GC(28) Survivor regions: 7->5(7)
[2025-05-04T17:45:15.853+0530][gc,heap     ] GC(28) Old regions: 54->61
[2025-05-04T17:45:15.853+0530][gc,heap     ] GC(28) Archive regions: 2->2
[2025-05-04T17:45:15.853+0530][gc,heap     ] GC(28) Humongous regions: 129->129
[2025-05-04T17:45:15.853+0530][gc,metaspace] GC(28) Metaspace: 44656K(45440K)->44656K(45440K) NonClass: 39025K(39488K)->39025K(39488K) Class: 5630K(5952K)->5630K(5952K)
[2025-05-04T17:45:15.853+0530][gc          ] GC(28) Pause Young (Normal) (G1 Evacuation Pause) 234M->194M(1024M) 44.146ms
[2025-05-04T17:45:15.853+0530][gc,cpu      ] GC(28) User=0.05s Sys=0.07s Real=0.05s
[2025-05-04T17:48:18.675+0530][gc,start    ] GC(29) Pause Young (Normal) (G1 Evacuation Pause)
[2025-05-04T17:48:18.676+0530][gc,task     ] GC(29) Using 8 workers of 8 for evacuation
[2025-05-04T17:48:18.691+0530][gc,phases   ] GC(29)   Pre Evacuate Collection Set: 0.9ms
[2025-05-04T17:48:18.691+0530][gc,phases   ] GC(29)   Merge Heap Roots: 0.2ms
[2025-05-04T17:48:18.691+0530][gc,phases   ] GC(29)   Evacuate Collection Set: 13.0ms
[2025-05-04T17:48:18.691+0530][gc,phases   ] GC(29)   Post Evacuate Collection Set: 0.7ms
[2025-05-04T17:48:18.691+0530][gc,phases   ] GC(29)   Other: 1.1ms
[2025-05-04T17:48:18.691+0530][gc,heap     ] GC(29) Eden regions: 46->0(47)
[2025-05-04T17:48:18.691+0530][gc,heap     ] GC(29) Survivor regions: 5->4(7)
[2025-05-04T17:48:18.691+0530][gc,heap     ] GC(29) Old regions: 61->63
[2025-05-04T17:48:18.691+0530][gc,heap     ] GC(29) Archive regions: 2->2
[2025-05-04T17:48:18.691+0530][gc,heap     ] GC(29) Humongous regions: 129->129
[2025-05-04T17:48:18.691+0530][gc,metaspace] GC(29) Metaspace: 44656K(45440K)->44656K(45440K) NonClass: 39026K(39488K)->39026K(39488K) Class: 5630K(5952K)->5630K(5952K)
[2025-05-04T17:48:18.691+0530][gc          ] GC(29) Pause Young (Normal) (G1 Evacuation Pause) 240M->195M(1024M) 16.096ms
[2025-05-04T17:48:18.691+0530][gc,cpu      ] GC(29) User=0.03s Sys=0.02s Real=0.02s
[2025-05-04T17:51:27.032+0530][gc,start    ] GC(30) Pause Young (Normal) (G1 Evacuation Pause)
[2025-05-04T17:51:27.033+0530][gc,task     ] GC(30) Using 8 workers of 8 for evacuation
[2025-05-04T17:51:27.052+0530][gc,phases   ] GC(30)   Pre Evacuate Collection Set: 1.1ms
[2025-05-04T17:51:27.052+0530][gc,phases   ] GC(30)   Merge Heap Roots: 0.2ms
[2025-05-04T17:51:27.052+0530][gc,phases   ] GC(30)   Evacuate Collection Set: 15.9ms
[2025-05-04T17:51:27.052+0530][gc,phases   ] GC(30)   Post Evacuate Collection Set: 0.8ms
[2025-05-04T17:51:27.052+0530][gc,phases   ] GC(30)   Other: 2.0ms
[2025-05-04T17:51:27.052+0530][gc,heap     ] GC(30) Eden regions: 47->0(44)
[2025-05-04T17:51:27.052+0530][gc,heap     ] GC(30) Survivor regions: 4->7(7)
[2025-05-04T17:51:27.052+0530][gc,heap     ] GC(30) Old regions: 63->63
[2025-05-04T17:51:27.052+0530][gc,heap     ] GC(30) Archive regions: 2->2
[2025-05-04T17:51:27.052+0530][gc,heap     ] GC(30) Humongous regions: 129->129
[2025-05-04T17:51:27.052+0530][gc,metaspace] GC(30) Metaspace: 44656K(45440K)->44656K(45440K) NonClass: 39026K(39488K)->39026K(39488K) Class: 5630K(5952K)->5630K(5952K)
[2025-05-04T17:51:27.052+0530][gc          ] GC(30) Pause Young (Normal) (G1 Evacuation Pause) 242M->199M(1024M) 20.176ms
[2025-05-04T17:51:27.052+0530][gc,cpu      ] GC(30) User=0.04s Sys=0.03s Real=0.02s
[2025-05-04T17:54:14.631+0530][gc,start    ] GC(31) Pause Young (Normal) (G1 Evacuation Pause)
[2025-05-04T17:54:14.632+0530][gc,task     ] GC(31) Using 8 workers of 8 for evacuation
[2025-05-04T17:54:14.646+0530][gc,phases   ] GC(31)   Pre Evacuate Collection Set: 0.4ms
[2025-05-04T17:54:14.646+0530][gc,phases   ] GC(31)   Merge Heap Roots: 0.1ms
[2025-05-04T17:54:14.646+0530][gc,phases   ] GC(31)   Evacuate Collection Set: 12.9ms
[2025-05-04T17:54:14.646+0530][gc,phases   ] GC(31)   Post Evacuate Collection Set: 0.3ms
[2025-05-04T17:54:14.646+0530][gc,phases   ] GC(31)   Other: 1.5ms
[2025-05-04T17:54:14.646+0530][gc,heap     ] GC(31) Eden regions: 44->0(45)
[2025-05-04T17:54:14.646+0530][gc,heap     ] GC(31) Survivor regions: 7->6(7)
[2025-05-04T17:54:14.646+0530][gc,heap     ] GC(31) Old regions: 63->70
[2025-05-04T17:54:14.646+0530][gc,heap     ] GC(31) Archive regions: 2->2
[2025-05-04T17:54:14.646+0530][gc,heap     ] GC(31) Humongous regions: 129->129
[2025-05-04T17:54:14.646+0530][gc,metaspace] GC(31) Metaspace: 44656K(45440K)->44656K(45440K) NonClass: 39026K(39488K)->39026K(39488K) Class: 5630K(5952K)->5630K(5952K)
[2025-05-04T17:54:14.646+0530][gc          ] GC(31) Pause Young (Normal) (G1 Evacuation Pause) 243M->204M(1024M) 15.321ms
[2025-05-04T17:54:14.646+0530][gc,cpu      ] GC(31) User=0.05s Sys=0.00s Real=0.01s
[2025-05-04T17:57:12.383+0530][gc,start    ] GC(32) Pause Young (Normal) (G1 Evacuation Pause)
[2025-05-04T17:57:12.384+0530][gc,task     ] GC(32) Using 8 workers of 8 for evacuation
[2025-05-04T17:57:12.406+0530][gc,mmu      ] GC(32) MMU target violated: 21.0ms (20.0ms/21.0ms)
[2025-05-04T17:57:12.406+0530][gc,phases   ] GC(32)   Pre Evacuate Collection Set: 0.9ms
[2025-05-04T17:57:12.406+0530][gc,phases   ] GC(32)   Merge Heap Roots: 0.3ms
[2025-05-04T17:57:12.406+0530][gc,phases   ] GC(32)   Evacuate Collection Set: 18.9ms
[2025-05-04T17:57:12.406+0530][gc,phases   ] GC(32)   Post Evacuate Collection Set: 1.1ms
[2025-05-04T17:57:12.406+0530][gc,phases   ] GC(32)   Other: 1.8ms
[2025-05-04T17:57:12.406+0530][gc,heap     ] GC(32) Eden regions: 45->0(46)
[2025-05-04T17:57:12.406+0530][gc,heap     ] GC(32) Survivor regions: 6->5(7)
[2025-05-04T17:57:12.406+0530][gc,heap     ] GC(32) Old regions: 70->72
[2025-05-04T17:57:12.406+0530][gc,heap     ] GC(32) Archive regions: 2->2
[2025-05-04T17:57:12.406+0530][gc,heap     ] GC(32) Humongous regions: 129->129
[2025-05-04T17:57:12.406+0530][gc,metaspace] GC(32) Metaspace: 44657K(45440K)->44657K(45440K) NonClass: 39027K(39488K)->39027K(39488K) Class: 5630K(5952K)->5630K(5952K)
[2025-05-04T17:57:12.406+0530][gc          ] GC(32) Pause Young (Normal) (G1 Evacuation Pause) 249M->206M(1024M) 23.108ms
[2025-05-04T17:57:12.406+0530][gc,cpu      ] GC(32) User=0.03s Sys=0.04s Real=0.02s
[2025-05-04T18:00:16.187+0530][gc,start    ] GC(33) Pause Young (Normal) (G1 Evacuation Pause)
[2025-05-04T18:00:16.188+0530][gc,task     ] GC(33) Using 8 workers of 8 for evacuation
[2025-05-04T18:00:16.212+0530][gc,mmu      ] GC(33) MMU target violated: 21.0ms (20.0ms/21.0ms)
[2025-05-04T18:00:16.212+0530][gc,phases   ] GC(33)   Pre Evacuate Collection Set: 0.8ms
[2025-05-04T18:00:16.212+0530][gc,phases   ] GC(33)   Merge Heap Roots: 0.2ms
[2025-05-04T18:00:16.212+0530][gc,phases   ] GC(33)   Evacuate Collection Set: 22.0ms
[2025-05-04T18:00:16.212+0530][gc,phases   ] GC(33)   Post Evacuate Collection Set: 0.5ms
[2025-05-04T18:00:16.212+0530][gc,phases   ] GC(33)   Other: 1.7ms
[2025-05-04T18:00:16.212+0530][gc,heap     ] GC(33) Eden regions: 46->0(46)
[2025-05-04T18:00:16.212+0530][gc,heap     ] GC(33) Survivor regions: 5->5(7)
[2025-05-04T18:00:16.212+0530][gc,heap     ] GC(33) Old regions: 72->76
[2025-05-04T18:00:16.212+0530][gc,heap     ] GC(33) Archive regions: 2->2
[2025-05-04T18:00:16.212+0530][gc,heap     ] GC(33) Humongous regions: 129->129
[2025-05-04T18:00:16.212+0530][gc,metaspace] GC(33) Metaspace: 44668K(45440K)->44668K(45440K) NonClass: 39038K(39488K)->39038K(39488K) Class: 5630K(5952K)->5630K(5952K)
[2025-05-04T18:00:16.212+0530][gc          ] GC(33) Pause Young (Normal) (G1 Evacuation Pause) 252M->210M(1024M) 25.327ms
[2025-05-04T18:00:16.212+0530][gc,cpu      ] GC(33) User=0.04s Sys=0.05s Real=0.03s
[2025-05-04T18:03:19.462+0530][gc,start    ] GC(34) Pause Young (Normal) (G1 Evacuation Pause)
[2025-05-04T18:03:19.463+0530][gc,task     ] GC(34) Using 8 workers of 8 for evacuation
[2025-05-04T18:03:19.472+0530][gc,phases   ] GC(34)   Pre Evacuate Collection Set: 0.6ms
[2025-05-04T18:03:19.472+0530][gc,phases   ] GC(34)   Merge Heap Roots: 0.2ms
[2025-05-04T18:03:19.472+0530][gc,phases   ] GC(34)   Evacuate Collection Set: 6.6ms
[2025-05-04T18:03:19.472+0530][gc,phases   ] GC(34)   Post Evacuate Collection Set: 0.6ms
[2025-05-04T18:03:19.472+0530][gc,phases   ] GC(34)   Other: 1.6ms
[2025-05-04T18:03:19.472+0530][gc,heap     ] GC(34) Eden regions: 46->0(78)
[2025-05-04T18:03:19.472+0530][gc,heap     ] GC(34) Survivor regions: 5->2(7)
[2025-05-04T18:03:19.472+0530][gc,heap     ] GC(34) Old regions: 76->78
[2025-05-04T18:03:19.472+0530][gc,heap     ] GC(34) Archive regions: 2->2
[2025-05-04T18:03:19.472+0530][gc,heap     ] GC(34) Humongous regions: 129->129
[2025-05-04T18:03:19.472+0530][gc,metaspace] GC(34) Metaspace: 44673K(45440K)->44673K(45440K) NonClass: 39042K(39488K)->39042K(39488K) Class: 5630K(5952K)->5630K(5952K)
[2025-05-04T18:03:19.472+0530][gc          ] GC(34) Pause Young (Normal) (G1 Evacuation Pause) 256M->208M(1024M) 9.856ms
[2025-05-04T18:03:19.472+0530][gc,cpu      ] GC(34) User=0.02s Sys=0.00s Real=0.01s
[2025-05-04T18:08:33.517+0530][gc,start    ] GC(35) Pause Young (Normal) (G1 Evacuation Pause)
[2025-05-04T18:08:33.519+0530][gc,task     ] GC(35) Using 8 workers of 8 for evacuation
[2025-05-04T18:08:33.553+0530][gc,mmu      ] GC(35) MMU target violated: 21.0ms (20.0ms/21.0ms)
[2025-05-04T18:08:33.553+0530][gc,phases   ] GC(35)   Pre Evacuate Collection Set: 1.2ms
[2025-05-04T18:08:33.553+0530][gc,phases   ] GC(35)   Merge Heap Roots: 0.5ms
[2025-05-04T18:08:33.553+0530][gc,phases   ] GC(35)   Evacuate Collection Set: 29.3ms
[2025-05-04T18:08:33.553+0530][gc,phases   ] GC(35)   Post Evacuate Collection Set: 3.1ms
[2025-05-04T18:08:33.553+0530][gc,phases   ] GC(35)   Other: 2.0ms
[2025-05-04T18:08:33.553+0530][gc,heap     ] GC(35) Eden regions: 78->0(42)
[2025-05-04T18:08:33.553+0530][gc,heap     ] GC(35) Survivor regions: 2->9(10)
[2025-05-04T18:08:33.553+0530][gc,heap     ] GC(35) Old regions: 78->78
[2025-05-04T18:08:33.553+0530][gc,heap     ] GC(35) Archive regions: 2->2
[2025-05-04T18:08:33.553+0530][gc,heap     ] GC(35) Humongous regions: 129->129
[2025-05-04T18:08:33.553+0530][gc,metaspace] GC(35) Metaspace: 44674K(45440K)->44674K(45440K) NonClass: 39044K(39488K)->39044K(39488K) Class: 5630K(5952K)->5630K(5952K)
[2025-05-04T18:08:33.553+0530][gc          ] GC(35) Pause Young (Normal) (G1 Evacuation Pause) 286M->215M(1024M) 36.058ms
[2025-05-04T18:08:33.554+0530][gc,cpu      ] GC(35) User=0.04s Sys=0.05s Real=0.04s
[2025-05-04T18:11:20.708+0530][gc,start    ] GC(36) Pause Young (Normal) (G1 Evacuation Pause)
[2025-05-04T18:11:20.709+0530][gc,task     ] GC(36) Using 8 workers of 8 for evacuation
[2025-05-04T18:11:20.719+0530][gc,phases   ] GC(36)   Pre Evacuate Collection Set: 1.0ms
[2025-05-04T18:11:20.719+0530][gc,phases   ] GC(36)   Merge Heap Roots: 0.3ms
[2025-05-04T18:11:20.719+0530][gc,phases   ] GC(36)   Evacuate Collection Set: 7.6ms
[2025-05-04T18:11:20.719+0530][gc,phases   ] GC(36)   Post Evacuate Collection Set: 0.9ms
[2025-05-04T18:11:20.719+0530][gc,phases   ] GC(36)   Other: 1.5ms
[2025-05-04T18:11:20.719+0530][gc,heap     ] GC(36) Eden regions: 42->0(74)
[2025-05-04T18:11:20.719+0530][gc,heap     ] GC(36) Survivor regions: 9->2(7)
[2025-05-04T18:11:20.719+0530][gc,heap     ] GC(36) Old regions: 78->80
[2025-05-04T18:11:20.719+0530][gc,heap     ] GC(36) Archive regions: 2->2
[2025-05-04T18:11:20.719+0530][gc,heap     ] GC(36) Humongous regions: 129->129
[2025-05-04T18:11:20.719+0530][gc,metaspace] GC(36) Metaspace: 44674K(45440K)->44674K(45440K) NonClass: 39044K(39488K)->39044K(39488K) Class: 5630K(5952K)->5630K(5952K)
[2025-05-04T18:11:20.719+0530][gc          ] GC(36) Pause Young (Normal) (G1 Evacuation Pause) 257M->210M(1024M) 11.431ms
[2025-05-04T18:11:20.720+0530][gc,cpu      ] GC(36) User=0.02s Sys=0.02s Real=0.02s
[2025-05-04T18:16:19.269+0530][gc,start    ] GC(37) Pause Young (Normal) (G1 Evacuation Pause)
[2025-05-04T18:16:19.271+0530][gc,task     ] GC(37) Using 8 workers of 8 for evacuation
[2025-05-04T18:16:19.307+0530][gc,mmu      ] GC(37) MMU target violated: 21.0ms (20.0ms/21.0ms)
[2025-05-04T18:16:19.307+0530][gc,phases   ] GC(37)   Pre Evacuate Collection Set: 1.0ms
[2025-05-04T18:16:19.307+0530][gc,phases   ] GC(37)   Merge Heap Roots: 0.4ms
[2025-05-04T18:16:19.307+0530][gc,phases   ] GC(37)   Evacuate Collection Set: 33.7ms
[2025-05-04T18:16:19.307+0530][gc,phases   ] GC(37)   Post Evacuate Collection Set: 1.0ms
[2025-05-04T18:16:19.307+0530][gc,phases   ] GC(37)   Other: 1.8ms
[2025-05-04T18:16:19.307+0530][gc,heap     ] GC(37) Eden regions: 74->0(43)
[2025-05-04T18:16:19.307+0530][gc,heap     ] GC(37) Survivor regions: 2->8(10)
[2025-05-04T18:16:19.307+0530][gc,heap     ] GC(37) Old regions: 80->80
[2025-05-04T18:16:19.307+0530][gc,heap     ] GC(37) Archive regions: 2->2
[2025-05-04T18:16:19.307+0530][gc,heap     ] GC(37) Humongous regions: 129->129
[2025-05-04T18:16:19.307+0530][gc,metaspace] GC(37) Metaspace: 44674K(45440K)->44674K(45440K) NonClass: 39044K(39488K)->39044K(39488K) Class: 5630K(5952K)->5630K(5952K)
[2025-05-04T18:16:19.307+0530][gc          ] GC(37) Pause Young (Normal) (G1 Evacuation Pause) 284M->216M(1024M) 37.933ms
[2025-05-04T18:16:19.307+0530][gc,cpu      ] GC(37) User=0.04s Sys=0.06s Real=0.04s
[2025-05-04T18:19:11.021+0530][gc,start    ] GC(38) Pause Young (Normal) (G1 Evacuation Pause)
[2025-05-04T18:19:11.022+0530][gc,task     ] GC(38) Using 8 workers of 8 for evacuation
[2025-05-04T18:19:11.038+0530][gc,phases   ] GC(38)   Pre Evacuate Collection Set: 0.4ms
[2025-05-04T18:19:11.038+0530][gc,phases   ] GC(38)   Merge Heap Roots: 0.1ms
[2025-05-04T18:19:11.038+0530][gc,phases   ] GC(38)   Evacuate Collection Set: 14.1ms
[2025-05-04T18:19:11.038+0530][gc,phases   ] GC(38)   Post Evacuate Collection Set: 0.8ms
[2025-05-04T18:19:11.038+0530][gc,phases   ] GC(38)   Other: 1.6ms
[2025-05-04T18:19:11.038+0530][gc,heap     ] GC(38) Eden regions: 43->0(47)
[2025-05-04T18:19:11.038+0530][gc,heap     ] GC(38) Survivor regions: 8->4(7)
[2025-05-04T18:19:11.038+0530][gc,heap     ] GC(38) Old regions: 80->87
[2025-05-04T18:19:11.038+0530][gc,heap     ] GC(38) Archive regions: 2->2
[2025-05-04T18:19:11.038+0530][gc,heap     ] GC(38) Humongous regions: 129->129
[2025-05-04T18:19:11.038+0530][gc,metaspace] GC(38) Metaspace: 44676K(45440K)->44676K(45440K) NonClass: 39046K(39488K)->39046K(39488K) Class: 5630K(5952K)->5630K(5952K)
[2025-05-04T18:19:11.038+0530][gc          ] GC(38) Pause Young (Normal) (G1 Evacuation Pause) 259M->220M(1024M) 17.092ms
[2025-05-04T18:19:11.038+0530][gc,cpu      ] GC(38) User=0.05s Sys=0.00s Real=0.01s
[2025-05-04T18:22:18.884+0530][gc,start    ] GC(39) Pause Young (Normal) (G1 Evacuation Pause)
[2025-05-04T18:22:18.885+0530][gc,task     ] GC(39) Using 8 workers of 8 for evacuation
[2025-05-04T18:22:18.897+0530][gc,phases   ] GC(39)   Pre Evacuate Collection Set: 0.9ms
[2025-05-04T18:22:18.897+0530][gc,phases   ] GC(39)   Merge Heap Roots: 0.3ms
[2025-05-04T18:22:18.897+0530][gc,phases   ] GC(39)   Evacuate Collection Set: 9.7ms
[2025-05-04T18:22:18.897+0530][gc,phases   ] GC(39)   Post Evacuate Collection Set: 0.6ms
[2025-05-04T18:22:18.897+0530][gc,phases   ] GC(39)   Other: 1.8ms
[2025-05-04T18:22:18.897+0530][gc,heap     ] GC(39) Eden regions: 47->0(48)
[2025-05-04T18:22:18.897+0530][gc,heap     ] GC(39) Survivor regions: 4->5(7)
[2025-05-04T18:22:18.897+0530][gc,heap     ] GC(39) Old regions: 87->88
[2025-05-04T18:22:18.897+0530][gc,heap     ] GC(39) Archive regions: 2->2
[2025-05-04T18:22:18.897+0530][gc,heap     ] GC(39) Humongous regions: 129->129
[2025-05-04T18:22:18.897+0530][gc,metaspace] GC(39) Metaspace: 44677K(45440K)->44677K(45440K) NonClass: 39047K(39488K)->39047K(39488K) Class: 5630K(5952K)->5630K(5952K)
[2025-05-04T18:22:18.897+0530][gc          ] GC(39) Pause Young (Normal) (G1 Evacuation Pause) 267M->221M(1024M) 13.417ms
[2025-05-04T18:22:18.897+0530][gc,cpu      ] GC(39) User=0.03s Sys=0.01s Real=0.01s
[2025-05-04T18:25:30.737+0530][gc,start    ] GC(40) Pause Young (Normal) (G1 Evacuation Pause)
[2025-05-04T18:25:30.738+0530][gc,task     ] GC(40) Using 8 workers of 8 for evacuation
[2025-05-04T18:25:30.760+0530][gc,mmu      ] GC(40) MMU target violated: 21.0ms (20.0ms/21.0ms)
[2025-05-04T18:25:30.760+0530][gc,phases   ] GC(40)   Pre Evacuate Collection Set: 0.6ms
[2025-05-04T18:25:30.760+0530][gc,phases   ] GC(40)   Merge Heap Roots: 0.4ms
[2025-05-04T18:25:30.760+0530][gc,phases   ] GC(40)   Evacuate Collection Set: 18.5ms
[2025-05-04T18:25:30.760+0530][gc,phases   ] GC(40)   Post Evacuate Collection Set: 1.9ms
[2025-05-04T18:25:30.760+0530][gc,phases   ] GC(40)   Other: 3.0ms
[2025-05-04T18:25:30.761+0530][gc,heap     ] GC(40) Eden regions: 48->0(46)
[2025-05-04T18:25:30.761+0530][gc,heap     ] GC(40) Survivor regions: 5->5(7)
[2025-05-04T18:25:30.761+0530][gc,heap     ] GC(40) Old regions: 88->92
[2025-05-04T18:25:30.761+0530][gc,heap     ] GC(40) Archive regions: 2->2
[2025-05-04T18:25:30.761+0530][gc,heap     ] GC(40) Humongous regions: 129->129
[2025-05-04T18:25:30.761+0530][gc,metaspace] GC(40) Metaspace: 44678K(45440K)->44678K(45440K) NonClass: 39048K(39488K)->39048K(39488K) Class: 5630K(5952K)->5630K(5952K)
[2025-05-04T18:25:30.761+0530][gc          ] GC(40) Pause Young (Normal) (G1 Evacuation Pause) 269M->226M(1024M) 24.208ms
[2025-05-04T18:25:30.761+0530][gc,cpu      ] GC(40) User=0.03s Sys=0.04s Real=0.03s
[2025-05-04T18:28:33.034+0530][gc,start    ] GC(41) Pause Young (Normal) (G1 Evacuation Pause)
[2025-05-04T18:28:33.034+0530][gc,task     ] GC(41) Using 8 workers of 8 for evacuation
[2025-05-04T18:28:33.045+0530][gc,phases   ] GC(41)   Pre Evacuate Collection Set: 0.9ms
[2025-05-04T18:28:33.045+0530][gc,phases   ] GC(41)   Merge Heap Roots: 0.3ms
[2025-05-04T18:28:33.045+0530][gc,phases   ] GC(41)   Evacuate Collection Set: 8.1ms
[2025-05-04T18:28:33.045+0530][gc,phases   ] GC(41)   Post Evacuate Collection Set: 0.8ms
[2025-05-04T18:28:33.045+0530][gc,phases   ] GC(41)   Other: 1.1ms
[2025-05-04T18:28:33.045+0530][gc,heap     ] GC(41) Eden regions: 46->0(91)
[2025-05-04T18:28:33.045+0530][gc,heap     ] GC(41) Survivor regions: 5->2(7)
[2025-05-04T18:28:33.045+0530][gc,heap     ] GC(41) Old regions: 92->93
[2025-05-04T18:28:33.045+0530][gc,heap     ] GC(41) Archive regions: 2->2
[2025-05-04T18:28:33.045+0530][gc,heap     ] GC(41) Humongous regions: 129->129
[2025-05-04T18:28:33.045+0530][gc,metaspace] GC(41) Metaspace: 44678K(45440K)->44678K(45440K) NonClass: 39048K(39488K)->39048K(39488K) Class: 5630K(5952K)->5630K(5952K)
[2025-05-04T18:28:33.045+0530][gc          ] GC(41) Pause Young (Normal) (G1 Evacuation Pause) 272M->224M(1024M) 11.498ms
[2025-05-04T18:28:33.045+0530][gc,cpu      ] GC(41) User=0.02s Sys=0.01s Real=0.01s
[2025-05-04T18:34:41.446+0530][gc,start    ] GC(42) Pause Young (Normal) (G1 Evacuation Pause)
[2025-05-04T18:34:41.447+0530][gc,task     ] GC(42) Using 8 workers of 8 for evacuation
[2025-05-04T18:34:41.482+0530][gc,mmu      ] GC(42) MMU target violated: 21.0ms (20.0ms/21.0ms)
[2025-05-04T18:34:41.483+0530][gc,phases   ] GC(42)   Pre Evacuate Collection Set: 1.5ms
[2025-05-04T18:34:41.483+0530][gc,phases   ] GC(42)   Merge Heap Roots: 1.9ms
[2025-05-04T18:34:41.483+0530][gc,phases   ] GC(42)   Evacuate Collection Set: 29.7ms
[2025-05-04T18:34:41.483+0530][gc,phases   ] GC(42)   Post Evacuate Collection Set: 1.2ms
[2025-05-04T18:34:41.483+0530][gc,phases   ] GC(42)   Other: 2.4ms
[2025-05-04T18:34:41.483+0530][gc,heap     ] GC(42) Eden regions: 91->0(41)
[2025-05-04T18:34:41.483+0530][gc,heap     ] GC(42) Survivor regions: 2->10(12)
[2025-05-04T18:34:41.483+0530][gc,heap     ] GC(42) Old regions: 93->93
[2025-05-04T18:34:41.483+0530][gc,heap     ] GC(42) Archive regions: 2->2
[2025-05-04T18:34:41.483+0530][gc,heap     ] GC(42) Humongous regions: 129->129
[2025-05-04T18:34:41.483+0530][gc,metaspace] GC(42) Metaspace: 44678K(45440K)->44678K(45440K) NonClass: 39048K(39488K)->39048K(39488K) Class: 5630K(5952K)->5630K(5952K)
[2025-05-04T18:34:41.483+0530][gc          ] GC(42) Pause Young (Normal) (G1 Evacuation Pause) 315M->232M(1024M) 36.606ms
[2025-05-04T18:34:41.483+0530][gc,cpu      ] GC(42) User=0.04s Sys=0.08s Real=0.04s
[2025-05-04T18:37:23.582+0530][gc,start    ] GC(43) Pause Young (Normal) (G1 Evacuation Pause)
[2025-05-04T18:37:23.583+0530][gc,task     ] GC(43) Using 8 workers of 8 for evacuation
[2025-05-04T18:37:23.597+0530][gc,phases   ] GC(43)   Pre Evacuate Collection Set: 0.8ms
[2025-05-04T18:37:23.597+0530][gc,phases   ] GC(43)   Merge Heap Roots: 0.3ms
[2025-05-04T18:37:23.597+0530][gc,phases   ] GC(43)   Evacuate Collection Set: 11.0ms
[2025-05-04T18:37:23.597+0530][gc,phases   ] GC(43)   Post Evacuate Collection Set: 0.9ms
[2025-05-04T18:37:23.597+0530][gc,phases   ] GC(43)   Other: 1.6ms
[2025-05-04T18:37:23.597+0530][gc,heap     ] GC(43) Eden regions: 41->0(79)
[2025-05-04T18:37:23.597+0530][gc,heap     ] GC(43) Survivor regions: 10->3(7)
[2025-05-04T18:37:23.597+0530][gc,heap     ] GC(43) Old regions: 93->95
[2025-05-04T18:37:23.597+0530][gc,heap     ] GC(43) Archive regions: 2->2
[2025-05-04T18:37:23.597+0530][gc,heap     ] GC(43) Humongous regions: 129->129
[2025-05-04T18:37:23.597+0530][gc,metaspace] GC(43) Metaspace: 44679K(45440K)->44679K(45440K) NonClass: 39049K(39488K)->39049K(39488K) Class: 5630K(5952K)->5630K(5952K)
[2025-05-04T18:37:23.597+0530][gc          ] GC(43) Pause Young (Normal) (G1 Evacuation Pause) 273M->227M(1024M) 14.767ms
[2025-05-04T18:37:23.597+0530][gc,cpu      ] GC(43) User=0.02s Sys=0.01s Real=0.01s
[2025-05-04T18:42:40.894+0530][gc,start    ] GC(44) Pause Young (Normal) (G1 Evacuation Pause)
[2025-05-04T18:42:40.894+0530][gc,task     ] GC(44) Using 8 workers of 8 for evacuation
[2025-05-04T18:42:40.962+0530][gc,mmu      ] GC(44) MMU target violated: 21.0ms (20.0ms/21.0ms)
[2025-05-04T18:42:40.962+0530][gc,phases   ] GC(44)   Pre Evacuate Collection Set: 0.8ms
[2025-05-04T18:42:40.962+0530][gc,phases   ] GC(44)   Merge Heap Roots: 0.6ms
[2025-05-04T18:42:40.962+0530][gc,phases   ] GC(44)   Evacuate Collection Set: 64.8ms
[2025-05-04T18:42:40.962+0530][gc,phases   ] GC(44)   Post Evacuate Collection Set: 1.2ms
[2025-05-04T18:42:40.962+0530][gc,phases   ] GC(44)   Other: 1.3ms
[2025-05-04T18:42:40.962+0530][gc,heap     ] GC(44) Eden regions: 79->0(42)
[2025-05-04T18:42:40.962+0530][gc,heap     ] GC(44) Survivor regions: 3->9(11)
[2025-05-04T18:42:40.962+0530][gc,heap     ] GC(44) Old regions: 95->95
[2025-05-04T18:42:40.962+0530][gc,heap     ] GC(44) Archive regions: 2->2
[2025-05-04T18:42:40.962+0530][gc,heap     ] GC(44) Humongous regions: 129->129
[2025-05-04T18:42:40.962+0530][gc,metaspace] GC(44) Metaspace: 44679K(45440K)->44679K(45440K) NonClass: 39049K(39488K)->39049K(39488K) Class: 5630K(5952K)->5630K(5952K)
[2025-05-04T18:42:40.962+0530][gc          ] GC(44) Pause Young (Normal) (G1 Evacuation Pause) 306M->233M(1024M) 68.716ms
[2025-05-04T18:42:40.962+0530][gc,cpu      ] GC(44) User=0.03s Sys=0.10s Real=0.07s
[2025-05-04T18:45:29.073+0530][gc,start    ] GC(45) Pause Young (Normal) (G1 Evacuation Pause)
[2025-05-04T18:45:29.075+0530][gc,task     ] GC(45) Using 8 workers of 8 for evacuation
[2025-05-04T18:45:29.087+0530][gc,phases   ] GC(45)   Pre Evacuate Collection Set: 1.7ms
[2025-05-04T18:45:29.087+0530][gc,phases   ] GC(45)   Merge Heap Roots: 0.4ms
[2025-05-04T18:45:29.087+0530][gc,phases   ] GC(45)   Evacuate Collection Set: 8.5ms
[2025-05-04T18:45:29.087+0530][gc,phases   ] GC(45)   Post Evacuate Collection Set: 1.3ms
[2025-05-04T18:45:29.087+0530][gc,phases   ] GC(45)   Other: 4.4ms
[2025-05-04T18:45:29.087+0530][gc,heap     ] GC(45) Eden regions: 42->0(49)
[2025-05-04T18:45:29.087+0530][gc,heap     ] GC(45) Survivor regions: 9->2(7)
[2025-05-04T18:45:29.087+0530][gc,heap     ] GC(45) Old regions: 95->97
[2025-05-04T18:45:29.087+0530][gc,heap     ] GC(45) Archive regions: 2->2
[2025-05-04T18:45:29.087+0530][gc,heap     ] GC(45) Humongous regions: 129->129
[2025-05-04T18:45:29.088+0530][gc,metaspace] GC(45) Metaspace: 44679K(45440K)->44679K(45440K) NonClass: 39049K(39488K)->39049K(39488K) Class: 5630K(5952K)->5630K(5952K)
[2025-05-04T18:45:29.088+0530][gc          ] GC(45) Pause Young (Normal) (G1 Evacuation Pause) 275M->228M(1024M) 16.447ms
[2025-05-04T18:45:29.088+0530][gc,cpu      ] GC(45) User=0.02s Sys=0.01s Real=0.01s
[2025-05-04T18:48:45.139+0530][gc,start    ] GC(46) Pause Young (Normal) (G1 Evacuation Pause)
[2025-05-04T18:48:45.139+0530][gc,task     ] GC(46) Using 8 workers of 8 for evacuation
[2025-05-04T18:48:45.170+0530][gc,mmu      ] GC(46) MMU target violated: 21.0ms (20.0ms/21.0ms)
[2025-05-04T18:48:45.170+0530][gc,phases   ] GC(46)   Pre Evacuate Collection Set: 1.5ms
[2025-05-04T18:48:45.170+0530][gc,phases   ] GC(46)   Merge Heap Roots: 0.6ms
[2025-05-04T18:48:45.171+0530][gc,phases   ] GC(46)   Evacuate Collection Set: 25.5ms
[2025-05-04T18:48:45.171+0530][gc,phases   ] GC(46)   Post Evacuate Collection Set: 2.7ms
[2025-05-04T18:48:45.171+0530][gc,phases   ] GC(46)   Other: 1.5ms
[2025-05-04T18:48:45.171+0530][gc,heap     ] GC(46) Eden regions: 49->0(45)
[2025-05-04T18:48:45.171+0530][gc,heap     ] GC(46) Survivor regions: 2->6(7)
[2025-05-04T18:48:45.171+0530][gc,heap     ] GC(46) Old regions: 97->97
[2025-05-04T18:48:45.171+0530][gc,heap     ] GC(46) Archive regions: 2->2
[2025-05-04T18:48:45.171+0530][gc,heap     ] GC(46) Humongous regions: 129->129
[2025-05-04T18:48:45.171+0530][gc,metaspace] GC(46) Metaspace: 44679K(45440K)->44679K(45440K) NonClass: 39049K(39488K)->39049K(39488K) Class: 5630K(5952K)->5630K(5952K)
[2025-05-04T18:48:45.171+0530][gc          ] GC(46) Pause Young (Normal) (G1 Evacuation Pause) 277M->231M(1024M) 31.788ms
[2025-05-04T18:48:45.171+0530][gc,cpu      ] GC(46) User=0.02s Sys=0.04s Real=0.04s
[2025-05-04T18:51:46.515+0530][gc,start    ] GC(47) Pause Young (Normal) (G1 Evacuation Pause)
[2025-05-04T18:51:46.516+0530][gc,task     ] GC(47) Using 8 workers of 8 for evacuation
[2025-05-04T18:51:46.564+0530][gc,mmu      ] GC(47) MMU target violated: 21.0ms (20.0ms/21.0ms)
[2025-05-04T18:51:46.564+0530][gc,phases   ] GC(47)   Pre Evacuate Collection Set: 1.8ms
[2025-05-04T18:51:46.564+0530][gc,phases   ] GC(47)   Merge Heap Roots: 0.2ms
[2025-05-04T18:51:46.564+0530][gc,phases   ] GC(47)   Evacuate Collection Set: 44.1ms
[2025-05-04T18:51:46.564+0530][gc,phases   ] GC(47)   Post Evacuate Collection Set: 1.5ms
[2025-05-04T18:51:46.564+0530][gc,phases   ] GC(47)   Other: 1.3ms
[2025-05-04T18:51:46.564+0530][gc,heap     ] GC(47) Eden regions: 45->0(46)
[2025-05-04T18:51:46.564+0530][gc,heap     ] GC(47) Survivor regions: 6->5(7)
[2025-05-04T18:51:46.564+0530][gc,heap     ] GC(47) Old regions: 97->102
[2025-05-04T18:51:46.564+0530][gc,heap     ] GC(47) Archive regions: 2->2
[2025-05-04T18:51:46.564+0530][gc,heap     ] GC(47) Humongous regions: 129->129
[2025-05-04T18:51:46.564+0530][gc,metaspace] GC(47) Metaspace: 44679K(45440K)->44679K(45440K) NonClass: 39049K(39488K)->39049K(39488K) Class: 5630K(5952K)->5630K(5952K)
[2025-05-04T18:51:46.564+0530][gc          ] GC(47) Pause Young (Normal) (G1 Evacuation Pause) 276M->236M(1024M) 48.928ms
[2025-05-04T18:51:46.564+0530][gc,cpu      ] GC(47) User=0.04s Sys=0.07s Real=0.05s
[2025-05-04T18:54:04.642+0530][gc,start    ] GC(48) Pause Young (Normal) (G1 Evacuation Pause)
[2025-05-04T18:54:04.642+0530][gc,task     ] GC(48) Using 8 workers of 8 for evacuation
[2025-05-04T18:54:04.663+0530][gc,mmu      ] GC(48) MMU target violated: 20.5ms (20.0ms/21.0ms)
[2025-05-04T18:54:04.663+0530][gc,phases   ] GC(48)   Pre Evacuate Collection Set: 0.8ms
[2025-05-04T18:54:04.663+0530][gc,phases   ] GC(48)   Merge Heap Roots: 0.3ms
[2025-05-04T18:54:04.663+0530][gc,phases   ] GC(48)   Evacuate Collection Set: 18.0ms
[2025-05-04T18:54:04.663+0530][gc,phases   ] GC(48)   Post Evacuate Collection Set: 1.2ms
[2025-05-04T18:54:04.663+0530][gc,phases   ] GC(48)   Other: 1.7ms
[2025-05-04T18:54:04.663+0530][gc,heap     ] GC(48) Eden regions: 46->0(45)
[2025-05-04T18:54:04.663+0530][gc,heap     ] GC(48) Survivor regions: 5->6(7)
[2025-05-04T18:54:04.663+0530][gc,heap     ] GC(48) Old regions: 102->104
[2025-05-04T18:54:04.663+0530][gc,heap     ] GC(48) Archive regions: 2->2
[2025-05-04T18:54:04.663+0530][gc,heap     ] GC(48) Humongous regions: 129->129
[2025-05-04T18:54:04.663+0530][gc,metaspace] GC(48) Metaspace: 44697K(45440K)->44697K(45440K) NonClass: 39067K(39488K)->39067K(39488K) Class: 5630K(5952K)->5630K(5952K)
[2025-05-04T18:54:04.664+0530][gc          ] GC(48) Pause Young (Normal) (G1 Evacuation Pause) 282M->238M(1024M) 22.201ms
[2025-05-04T18:54:04.664+0530][gc,cpu      ] GC(48) User=0.02s Sys=0.03s Real=0.02s
[2025-05-04T18:56:31.106+0530][gc,start    ] GC(49) Pause Young (Normal) (G1 Evacuation Pause)
[2025-05-04T18:56:31.107+0530][gc,task     ] GC(49) Using 8 workers of 8 for evacuation
[2025-05-04T18:56:31.122+0530][gc,phases   ] GC(49)   Pre Evacuate Collection Set: 2.4ms
[2025-05-04T18:56:31.122+0530][gc,phases   ] GC(49)   Merge Heap Roots: 0.8ms
[2025-05-04T18:56:31.122+0530][gc,phases   ] GC(49)   Evacuate Collection Set: 10.0ms
[2025-05-04T18:56:31.122+0530][gc,phases   ] GC(49)   Post Evacuate Collection Set: 0.7ms
[2025-05-04T18:56:31.122+0530][gc,phases   ] GC(49)   Other: 1.9ms
[2025-05-04T18:56:31.122+0530][gc,heap     ] GC(49) Eden regions: 45->0(49)
[2025-05-04T18:56:31.122+0530][gc,heap     ] GC(49) Survivor regions: 6->2(7)
[2025-05-04T18:56:31.122+0530][gc,heap     ] GC(49) Old regions: 104->106
[2025-05-04T18:56:31.122+0530][gc,heap     ] GC(49) Archive regions: 2->2
[2025-05-04T18:56:31.122+0530][gc,heap     ] GC(49) Humongous regions: 129->129
[2025-05-04T18:56:31.122+0530][gc,metaspace] GC(49) Metaspace: 44703K(45504K)->44703K(45504K) NonClass: 39073K(39552K)->39073K(39552K) Class: 5630K(5952K)->5630K(5952K)
[2025-05-04T18:56:31.122+0530][gc          ] GC(49) Pause Young (Normal) (G1 Evacuation Pause) 283M->237M(1024M) 15.678ms
[2025-05-04T18:56:31.122+0530][gc,cpu      ] GC(49) User=0.02s Sys=0.02s Real=0.02s
[2025-05-04T18:58:45.815+0530][gc,start    ] GC(50) Pause Young (Normal) (G1 Evacuation Pause)
[2025-05-04T18:58:45.816+0530][gc,task     ] GC(50) Using 8 workers of 8 for evacuation
[2025-05-04T18:58:45.830+0530][gc,phases   ] GC(50)   Pre Evacuate Collection Set: 2.0ms
[2025-05-04T18:58:45.830+0530][gc,phases   ] GC(50)   Merge Heap Roots: 0.3ms
[2025-05-04T18:58:45.831+0530][gc,phases   ] GC(50)   Evacuate Collection Set: 10.6ms
[2025-05-04T18:58:45.831+0530][gc,phases   ] GC(50)   Post Evacuate Collection Set: 1.3ms
[2025-05-04T18:58:45.831+0530][gc,phases   ] GC(50)   Other: 1.4ms
[2025-05-04T18:58:45.831+0530][gc,heap     ] GC(50) Eden regions: 49->0(47)
[2025-05-04T18:58:45.831+0530][gc,heap     ] GC(50) Survivor regions: 2->4(7)
[2025-05-04T18:58:45.831+0530][gc,heap     ] GC(50) Old regions: 106->106
[2025-05-04T18:58:45.831+0530][gc,heap     ] GC(50) Archive regions: 2->2
[2025-05-04T18:58:45.831+0530][gc,heap     ] GC(50) Humongous regions: 129->129
[2025-05-04T18:58:45.831+0530][gc,metaspace] GC(50) Metaspace: 44749K(45568K)->44749K(45568K) NonClass: 39119K(39616K)->39119K(39616K) Class: 5630K(5952K)->5630K(5952K)
[2025-05-04T18:58:45.831+0530][gc          ] GC(50) Pause Young (Normal) (G1 Evacuation Pause) 286M->239M(1024M) 15.995ms
[2025-05-04T18:58:45.831+0530][gc,cpu      ] GC(50) User=0.02s Sys=0.02s Real=0.02s
[2025-05-04T19:00:58.782+0530][gc,start    ] GC(51) Pause Young (Normal) (G1 Evacuation Pause)
[2025-05-04T19:00:58.783+0530][gc,task     ] GC(51) Using 8 workers of 8 for evacuation
[2025-05-04T19:00:58.801+0530][gc,phases   ] GC(51)   Pre Evacuate Collection Set: 1.0ms
[2025-05-04T19:00:58.801+0530][gc,phases   ] GC(51)   Merge Heap Roots: 0.1ms
[2025-05-04T19:00:58.801+0530][gc,phases   ] GC(51)   Evacuate Collection Set: 15.5ms
[2025-05-04T19:00:58.801+0530][gc,phases   ] GC(51)   Post Evacuate Collection Set: 1.1ms
[2025-05-04T19:00:58.801+0530][gc,phases   ] GC(51)   Other: 1.5ms
[2025-05-04T19:00:58.801+0530][gc,heap     ] GC(51) Eden regions: 47->0(45)
[2025-05-04T19:00:58.801+0530][gc,heap     ] GC(51) Survivor regions: 4->6(7)
[2025-05-04T19:00:58.801+0530][gc,heap     ] GC(51) Old regions: 106->107
[2025-05-04T19:00:58.801+0530][gc,heap     ] GC(51) Archive regions: 2->2
[2025-05-04T19:00:58.801+0530][gc,heap     ] GC(51) Humongous regions: 129->129
[2025-05-04T19:00:58.801+0530][gc,metaspace] GC(51) Metaspace: 44754K(45568K)->44754K(45568K) NonClass: 39124K(39616K)->39124K(39616K) Class: 5630K(5952K)->5630K(5952K)
[2025-05-04T19:00:58.801+0530][gc          ] GC(51) Pause Young (Normal) (G1 Evacuation Pause) 286M->241M(1024M) 19.445ms
[2025-05-04T19:00:58.801+0530][gc,cpu      ] GC(51) User=0.02s Sys=0.02s Real=0.02s
[2025-05-04T19:03:05.123+0530][gc,start    ] GC(52) Pause Young (Normal) (G1 Evacuation Pause)
[2025-05-04T19:03:05.124+0530][gc,task     ] GC(52) Using 8 workers of 8 for evacuation
[2025-05-04T19:03:05.140+0530][gc,phases   ] GC(52)   Pre Evacuate Collection Set: 0.7ms
[2025-05-04T19:03:05.140+0530][gc,phases   ] GC(52)   Merge Heap Roots: 0.3ms
[2025-05-04T19:03:05.140+0530][gc,phases   ] GC(52)   Evacuate Collection Set: 13.4ms
[2025-05-04T19:03:05.140+0530][gc,phases   ] GC(52)   Post Evacuate Collection Set: 0.8ms
[2025-05-04T19:03:05.140+0530][gc,phases   ] GC(52)   Other: 2.3ms
[2025-05-04T19:03:05.140+0530][gc,heap     ] GC(52) Eden regions: 45->0(46)
[2025-05-04T19:03:05.140+0530][gc,heap     ] GC(52) Survivor regions: 6->5(7)
[2025-05-04T19:03:05.140+0530][gc,heap     ] GC(52) Old regions: 107->109
[2025-05-04T19:03:05.140+0530][gc,heap     ] GC(52) Archive regions: 2->2
[2025-05-04T19:03:05.140+0530][gc,heap     ] GC(52) Humongous regions: 129->129
[2025-05-04T19:03:05.140+0530][gc,metaspace] GC(52) Metaspace: 44776K(45568K)->44776K(45568K) NonClass: 39146K(39616K)->39146K(39616K) Class: 5630K(5952K)->5630K(5952K)
[2025-05-04T19:03:05.140+0530][gc          ] GC(52) Pause Young (Normal) (G1 Evacuation Pause) 286M->243M(1024M) 17.612ms
[2025-05-04T19:03:05.140+0530][gc,cpu      ] GC(52) User=0.03s Sys=0.01s Real=0.02s
[2025-05-04T19:05:15.123+0530][gc,start    ] GC(53) Pause Young (Normal) (G1 Evacuation Pause)
[2025-05-04T19:05:15.124+0530][gc,task     ] GC(53) Using 8 workers of 8 for evacuation
[2025-05-04T19:05:15.148+0530][gc,mmu      ] GC(53) MMU target violated: 21.0ms (20.0ms/21.0ms)
[2025-05-04T19:05:15.148+0530][gc,phases   ] GC(53)   Pre Evacuate Collection Set: 1.5ms
[2025-05-04T19:05:15.148+0530][gc,phases   ] GC(53)   Merge Heap Roots: 0.5ms
[2025-05-04T19:05:15.148+0530][gc,phases   ] GC(53)   Evacuate Collection Set: 18.9ms
[2025-05-04T19:05:15.148+0530][gc,phases   ] GC(53)   Post Evacuate Collection Set: 3.0ms
[2025-05-04T19:05:15.148+0530][gc,phases   ] GC(53)   Other: 1.7ms
[2025-05-04T19:05:15.148+0530][gc,heap     ] GC(53) Eden regions: 46->0(46)
[2025-05-04T19:05:15.148+0530][gc,heap     ] GC(53) Survivor regions: 5->5(7)
[2025-05-04T19:05:15.148+0530][gc,heap     ] GC(53) Old regions: 109->111
[2025-05-04T19:05:15.148+0530][gc,heap     ] GC(53) Archive regions: 2->2
[2025-05-04T19:05:15.148+0530][gc,heap     ] GC(53) Humongous regions: 129->129
[2025-05-04T19:05:15.148+0530][gc,metaspace] GC(53) Metaspace: 44784K(45632K)->44784K(45632K) NonClass: 39153K(39680K)->39153K(39680K) Class: 5630K(5952K)->5630K(5952K)
[2025-05-04T19:05:15.149+0530][gc          ] GC(53) Pause Young (Normal) (G1 Evacuation Pause) 289M->245M(1024M) 25.626ms
[2025-05-04T19:05:15.149+0530][gc,cpu      ] GC(53) User=0.03s Sys=0.03s Real=0.02s
[2025-05-04T19:07:25.833+0530][gc,start    ] GC(54) Pause Young (Normal) (G1 Evacuation Pause)
[2025-05-04T19:07:25.834+0530][gc,task     ] GC(54) Using 8 workers of 8 for evacuation
[2025-05-04T19:07:25.866+0530][gc,mmu      ] GC(54) MMU target violated: 21.0ms (20.0ms/21.0ms)
[2025-05-04T19:07:25.866+0530][gc,phases   ] GC(54)   Pre Evacuate Collection Set: 1.7ms
[2025-05-04T19:07:25.866+0530][gc,phases   ] GC(54)   Merge Heap Roots: 0.4ms
[2025-05-04T19:07:25.866+0530][gc,phases   ] GC(54)   Evacuate Collection Set: 28.3ms
[2025-05-04T19:07:25.866+0530][gc,phases   ] GC(54)   Post Evacuate Collection Set: 1.2ms
[2025-05-04T19:07:25.866+0530][gc,phases   ] GC(54)   Other: 2.2ms
[2025-05-04T19:07:25.866+0530][gc,heap     ] GC(54) Eden regions: 46->0(45)
[2025-05-04T19:07:25.866+0530][gc,heap     ] GC(54) Survivor regions: 5->6(7)
[2025-05-04T19:07:25.866+0530][gc,heap     ] GC(54) Old regions: 111->113
[2025-05-04T19:07:25.866+0530][gc,heap     ] GC(54) Archive regions: 2->2
[2025-05-04T19:07:25.866+0530][gc,heap     ] GC(54) Humongous regions: 129->129
[2025-05-04T19:07:25.866+0530][gc,metaspace] GC(54) Metaspace: 44788K(45632K)->44788K(45632K) NonClass: 39158K(39680K)->39158K(39680K) Class: 5630K(5952K)->5630K(5952K)
[2025-05-04T19:07:25.866+0530][gc          ] GC(54) Pause Young (Normal) (G1 Evacuation Pause) 291M->247M(1024M) 34.181ms
[2025-05-04T19:07:25.866+0530][gc,cpu      ] GC(54) User=0.04s Sys=0.04s Real=0.03s
[2025-05-04T19:09:33.619+0530][gc,start    ] GC(55) Pause Young (Normal) (G1 Evacuation Pause)
[2025-05-04T19:09:33.622+0530][gc,task     ] GC(55) Using 8 workers of 8 for evacuation
[2025-05-04T19:09:33.699+0530][gc,mmu      ] GC(55) MMU target violated: 21.0ms (20.0ms/21.0ms)
[2025-05-04T19:09:33.699+0530][gc,phases   ] GC(55)   Pre Evacuate Collection Set: 22.8ms
[2025-05-04T19:09:33.699+0530][gc,phases   ] GC(55)   Merge Heap Roots: 3.2ms
[2025-05-04T19:09:33.699+0530][gc,phases   ] GC(55)   Evacuate Collection Set: 43.4ms
[2025-05-04T19:09:33.699+0530][gc,phases   ] GC(55)   Post Evacuate Collection Set: 5.3ms
[2025-05-04T19:09:33.700+0530][gc,phases   ] GC(55)   Other: 8.7ms
[2025-05-04T19:09:33.700+0530][gc,heap     ] GC(55) Eden regions: 45->0(45)
[2025-05-04T19:09:33.700+0530][gc,heap     ] GC(55) Survivor regions: 6->6(7)
[2025-05-04T19:09:33.700+0530][gc,heap     ] GC(55) Old regions: 113->115
[2025-05-04T19:09:33.700+0530][gc,heap     ] GC(55) Archive regions: 2->2
[2025-05-04T19:09:33.700+0530][gc,heap     ] GC(55) Humongous regions: 129->129
[2025-05-04T19:09:33.700+0530][gc,metaspace] GC(55) Metaspace: 44804K(45632K)->44804K(45632K) NonClass: 39174K(39680K)->39174K(39680K) Class: 5630K(5952K)->5630K(5952K)
[2025-05-04T19:09:33.701+0530][gc          ] GC(55) Pause Young (Normal) (G1 Evacuation Pause) 292M->249M(1024M) 82.914ms
[2025-05-04T19:09:33.702+0530][gc,cpu      ] GC(55) User=0.04s Sys=0.06s Real=0.09s
[2025-05-04T19:11:52.299+0530][gc,start    ] GC(56) Pause Young (Normal) (G1 Evacuation Pause)
[2025-05-04T19:11:52.301+0530][gc,task     ] GC(56) Using 8 workers of 8 for evacuation
[2025-05-04T19:11:52.357+0530][gc,mmu      ] GC(56) MMU target violated: 21.0ms (20.0ms/21.0ms)
[2025-05-04T19:11:52.357+0530][gc,phases   ] GC(56)   Pre Evacuate Collection Set: 8.6ms
[2025-05-04T19:11:52.357+0530][gc,phases   ] GC(56)   Merge Heap Roots: 1.6ms
[2025-05-04T19:11:52.357+0530][gc,phases   ] GC(56)   Evacuate Collection Set: 38.7ms
[2025-05-04T19:11:52.357+0530][gc,phases   ] GC(56)   Post Evacuate Collection Set: 6.4ms
[2025-05-04T19:11:52.357+0530][gc,phases   ] GC(56)   Other: 3.6ms
[2025-05-04T19:11:52.357+0530][gc,heap     ] GC(56) Eden regions: 45->0(46)
[2025-05-04T19:11:52.357+0530][gc,heap     ] GC(56) Survivor regions: 6->5(7)
[2025-05-04T19:11:52.357+0530][gc,heap     ] GC(56) Old regions: 115->117
[2025-05-04T19:11:52.357+0530][gc,heap     ] GC(56) Archive regions: 2->2
[2025-05-04T19:11:52.357+0530][gc,heap     ] GC(56) Humongous regions: 129->129
[2025-05-04T19:11:52.357+0530][gc,metaspace] GC(56) Metaspace: 44823K(45632K)->44823K(45632K) NonClass: 39193K(39680K)->39193K(39680K) Class: 5630K(5952K)->5630K(5952K)
[2025-05-04T19:11:52.357+0530][gc          ] GC(56) Pause Young (Normal) (G1 Evacuation Pause) 294M->250M(1024M) 58.506ms
[2025-05-04T19:11:52.357+0530][gc,cpu      ] GC(56) User=0.03s Sys=0.05s Real=0.06s
[2025-05-04T19:14:09.365+0530][gc,start    ] GC(57) Pause Young (Normal) (G1 Evacuation Pause)
[2025-05-04T19:14:09.366+0530][gc,task     ] GC(57) Using 8 workers of 8 for evacuation
[2025-05-04T19:14:09.392+0530][gc,mmu      ] GC(57) MMU target violated: 21.0ms (20.0ms/21.0ms)
[2025-05-04T19:14:09.392+0530][gc,phases   ] GC(57)   Pre Evacuate Collection Set: 2.5ms
[2025-05-04T19:14:09.392+0530][gc,phases   ] GC(57)   Merge Heap Roots: 1.4ms
[2025-05-04T19:14:09.392+0530][gc,phases   ] GC(57)   Evacuate Collection Set: 17.5ms
[2025-05-04T19:14:09.392+0530][gc,phases   ] GC(57)   Post Evacuate Collection Set: 2.8ms
[2025-05-04T19:14:09.393+0530][gc,phases   ] GC(57)   Other: 3.7ms
[2025-05-04T19:14:09.393+0530][gc,heap     ] GC(57) Eden regions: 46->0(46)
[2025-05-04T19:14:09.393+0530][gc,heap     ] GC(57) Survivor regions: 5->5(7)
[2025-05-04T19:14:09.393+0530][gc,heap     ] GC(57) Old regions: 117->119
[2025-05-04T19:14:09.393+0530][gc,heap     ] GC(57) Archive regions: 2->2
[2025-05-04T19:14:09.393+0530][gc,heap     ] GC(57) Humongous regions: 129->129
[2025-05-04T19:14:09.393+0530][gc,metaspace] GC(57) Metaspace: 44826K(45632K)->44826K(45632K) NonClass: 39196K(39680K)->39196K(39680K) Class: 5630K(5952K)->5630K(5952K)
[2025-05-04T19:14:09.394+0530][gc          ] GC(57) Pause Young (Normal) (G1 Evacuation Pause) 296M->252M(1024M) 28.165ms
[2025-05-04T19:14:09.394+0530][gc,cpu      ] GC(57) User=0.03s Sys=0.04s Real=0.03s
[2025-05-04T19:16:17.942+0530][gc,start    ] GC(58) Pause Young (Normal) (G1 Evacuation Pause)
[2025-05-04T19:16:17.942+0530][gc,task     ] GC(58) Using 8 workers of 8 for evacuation
[2025-05-04T19:16:17.962+0530][gc,phases   ] GC(58)   Pre Evacuate Collection Set: 1.3ms
[2025-05-04T19:16:17.962+0530][gc,phases   ] GC(58)   Merge Heap Roots: 0.7ms
[2025-05-04T19:16:17.962+0530][gc,phases   ] GC(58)   Evacuate Collection Set: 15.0ms
[2025-05-04T19:16:17.962+0530][gc,phases   ] GC(58)   Post Evacuate Collection Set: 2.4ms
[2025-05-04T19:16:17.962+0530][gc,phases   ] GC(58)   Other: 2.4ms
[2025-05-04T19:16:17.962+0530][gc,heap     ] GC(58) Eden regions: 46->0(46)
[2025-05-04T19:16:17.962+0530][gc,heap     ] GC(58) Survivor regions: 5->5(7)
[2025-05-04T19:16:17.963+0530][gc,heap     ] GC(58) Old regions: 119->121
[2025-05-04T19:16:17.963+0530][gc,heap     ] GC(58) Archive regions: 2->2
[2025-05-04T19:16:17.963+0530][gc,heap     ] GC(58) Humongous regions: 129->129
[2025-05-04T19:16:17.963+0530][gc,metaspace] GC(58) Metaspace: 44839K(45632K)->44839K(45632K) NonClass: 39209K(39680K)->39209K(39680K) Class: 5630K(5952K)->5630K(5952K)
[2025-05-04T19:16:17.963+0530][gc          ] GC(58) Pause Young (Normal) (G1 Evacuation Pause) 298M->254M(1024M) 21.354ms
[2025-05-04T19:16:17.963+0530][gc,cpu      ] GC(58) User=0.03s Sys=0.03s Real=0.02s
[2025-05-04T19:18:27.836+0530][gc,start    ] GC(59) Pause Young (Normal) (G1 Evacuation Pause)
[2025-05-04T19:18:27.837+0530][gc,task     ] GC(59) Using 8 workers of 8 for evacuation
[2025-05-04T19:18:27.855+0530][gc,phases   ] GC(59)   Pre Evacuate Collection Set: 1.4ms
[2025-05-04T19:18:27.855+0530][gc,phases   ] GC(59)   Merge Heap Roots: 0.6ms
[2025-05-04T19:18:27.855+0530][gc,phases   ] GC(59)   Evacuate Collection Set: 14.7ms
[2025-05-04T19:18:27.855+0530][gc,phases   ] GC(59)   Post Evacuate Collection Set: 0.8ms
[2025-05-04T19:18:27.855+0530][gc,phases   ] GC(59)   Other: 2.4ms
[2025-05-04T19:18:27.855+0530][gc,heap     ] GC(59) Eden regions: 46->0(46)
[2025-05-04T19:18:27.855+0530][gc,heap     ] GC(59) Survivor regions: 5->5(7)
[2025-05-04T19:18:27.855+0530][gc,heap     ] GC(59) Old regions: 121->122
[2025-05-04T19:18:27.855+0530][gc,heap     ] GC(59) Archive regions: 2->2
[2025-05-04T19:18:27.855+0530][gc,heap     ] GC(59) Humongous regions: 129->129
[2025-05-04T19:18:27.855+0530][gc,metaspace] GC(59) Metaspace: 44841K(45632K)->44841K(45632K) NonClass: 39211K(39680K)->39211K(39680K) Class: 5630K(5952K)->5630K(5952K)
[2025-05-04T19:18:27.855+0530][gc          ] GC(59) Pause Young (Normal) (G1 Evacuation Pause) 300M->256M(1024M) 19.733ms
[2025-05-04T19:18:27.855+0530][gc,cpu      ] GC(59) User=0.03s Sys=0.02s Real=0.02s
[2025-05-04T19:20:37.220+0530][gc,start    ] GC(60) Pause Young (Normal) (G1 Evacuation Pause)
[2025-05-04T19:20:37.221+0530][gc,task     ] GC(60) Using 8 workers of 8 for evacuation
[2025-05-04T19:20:37.239+0530][gc,phases   ] GC(60)   Pre Evacuate Collection Set: 0.6ms
[2025-05-04T19:20:37.240+0530][gc,phases   ] GC(60)   Merge Heap Roots: 0.3ms
[2025-05-04T19:20:37.240+0530][gc,phases   ] GC(60)   Evacuate Collection Set: 16.5ms
[2025-05-04T19:20:37.240+0530][gc,phases   ] GC(60)   Post Evacuate Collection Set: 0.9ms
[2025-05-04T19:20:37.240+0530][gc,phases   ] GC(60)   Other: 1.5ms
[2025-05-04T19:20:37.240+0530][gc,heap     ] GC(60) Eden regions: 46->0(46)
[2025-05-04T19:20:37.240+0530][gc,heap     ] GC(60) Survivor regions: 5->5(7)
[2025-05-04T19:20:37.240+0530][gc,heap     ] GC(60) Old regions: 122->124
[2025-05-04T19:20:37.240+0530][gc,heap     ] GC(60) Archive regions: 2->2
[2025-05-04T19:20:37.240+0530][gc,heap     ] GC(60) Humongous regions: 129->129
[2025-05-04T19:20:37.240+0530][gc,metaspace] GC(60) Metaspace: 44844K(45632K)->44844K(45632K) NonClass: 39213K(39680K)->39213K(39680K) Class: 5630K(5952K)->5630K(5952K)
[2025-05-04T19:20:37.240+0530][gc          ] GC(60) Pause Young (Normal) (G1 Evacuation Pause) 302M->258M(1024M) 19.941ms
[2025-05-04T19:20:37.240+0530][gc,cpu      ] GC(60) User=0.04s Sys=0.02s Real=0.02s
[2025-05-04T19:22:46.520+0530][gc,start    ] GC(61) Pause Young (Normal) (G1 Evacuation Pause)
[2025-05-04T19:22:46.521+0530][gc,task     ] GC(61) Using 8 workers of 8 for evacuation
[2025-05-04T19:22:46.545+0530][gc,mmu      ] GC(61) MMU target violated: 21.0ms (20.0ms/21.0ms)
[2025-05-04T19:22:46.547+0530][gc,phases   ] GC(61)   Pre Evacuate Collection Set: 0.6ms
[2025-05-04T19:22:46.547+0530][gc,phases   ] GC(61)   Merge Heap Roots: 0.2ms
[2025-05-04T19:22:46.547+0530][gc,phases   ] GC(61)   Evacuate Collection Set: 13.9ms
[2025-05-04T19:22:46.547+0530][gc,phases   ] GC(61)   Post Evacuate Collection Set: 9.9ms
[2025-05-04T19:22:46.547+0530][gc,phases   ] GC(61)   Other: 3.2ms
[2025-05-04T19:22:46.547+0530][gc,heap     ] GC(61) Eden regions: 46->0(46)
[2025-05-04T19:22:46.547+0530][gc,heap     ] GC(61) Survivor regions: 5->5(7)
[2025-05-04T19:22:46.547+0530][gc,heap     ] GC(61) Old regions: 124->126
[2025-05-04T19:22:46.547+0530][gc,heap     ] GC(61) Archive regions: 2->2
[2025-05-04T19:22:46.547+0530][gc,heap     ] GC(61) Humongous regions: 129->129
[2025-05-04T19:22:46.547+0530][gc,metaspace] GC(61) Metaspace: 44847K(45632K)->44847K(45632K) NonClass: 39217K(39680K)->39217K(39680K) Class: 5630K(5952K)->5630K(5952K)
[2025-05-04T19:22:46.548+0530][gc          ] GC(61) Pause Young (Normal) (G1 Evacuation Pause) 304M->260M(1024M) 27.898ms
[2025-05-04T19:22:46.548+0530][gc,cpu      ] GC(61) User=0.03s Sys=0.02s Real=0.03s
[2025-05-04T19:24:56.220+0530][gc,start    ] GC(62) Pause Young (Normal) (G1 Evacuation Pause)
[2025-05-04T19:24:56.221+0530][gc,task     ] GC(62) Using 8 workers of 8 for evacuation
[2025-05-04T19:24:56.252+0530][gc,mmu      ] GC(62) MMU target violated: 21.0ms (20.0ms/21.0ms)
[2025-05-04T19:24:56.252+0530][gc,phases   ] GC(62)   Pre Evacuate Collection Set: 1.7ms
[2025-05-04T19:24:56.252+0530][gc,phases   ] GC(62)   Merge Heap Roots: 0.9ms
[2025-05-04T19:24:56.252+0530][gc,phases   ] GC(62)   Evacuate Collection Set: 18.7ms
[2025-05-04T19:24:56.252+0530][gc,phases   ] GC(62)   Post Evacuate Collection Set: 7.5ms
[2025-05-04T19:24:56.252+0530][gc,phases   ] GC(62)   Other: 4.6ms
[2025-05-04T19:24:56.252+0530][gc,heap     ] GC(62) Eden regions: 46->0(45)
[2025-05-04T19:24:56.252+0530][gc,heap     ] GC(62) Survivor regions: 5->6(7)
[2025-05-04T19:24:56.252+0530][gc,heap     ] GC(62) Old regions: 126->128
[2025-05-04T19:24:56.252+0530][gc,heap     ] GC(62) Archive regions: 2->2
[2025-05-04T19:24:56.252+0530][gc,heap     ] GC(62) Humongous regions: 129->129
[2025-05-04T19:24:56.252+0530][gc,metaspace] GC(62) Metaspace: 44849K(45632K)->44849K(45632K) NonClass: 39218K(39680K)->39218K(39680K) Class: 5630K(5952K)->5630K(5952K)
[2025-05-04T19:24:56.253+0530][gc          ] GC(62) Pause Young (Normal) (G1 Evacuation Pause) 306M->262M(1024M) 32.882ms
[2025-05-04T19:24:56.253+0530][gc,cpu      ] GC(62) User=0.03s Sys=0.03s Real=0.03s
[2025-05-04T19:27:04.565+0530][gc,start    ] GC(63) Pause Young (Normal) (G1 Evacuation Pause)
[2025-05-04T19:27:04.566+0530][gc,task     ] GC(63) Using 8 workers of 8 for evacuation
[2025-05-04T19:27:04.597+0530][gc,mmu      ] GC(63) MMU target violated: 21.0ms (20.0ms/21.0ms)
[2025-05-04T19:27:04.597+0530][gc,phases   ] GC(63)   Pre Evacuate Collection Set: 2.4ms
[2025-05-04T19:27:04.597+0530][gc,phases   ] GC(63)   Merge Heap Roots: 2.5ms
[2025-05-04T19:27:04.597+0530][gc,phases   ] GC(63)   Evacuate Collection Set: 22.1ms
[2025-05-04T19:27:04.597+0530][gc,phases   ] GC(63)   Post Evacuate Collection Set: 1.3ms
[2025-05-04T19:27:04.597+0530][gc,phases   ] GC(63)   Other: 4.3ms
[2025-05-04T19:27:04.597+0530][gc,heap     ] GC(63) Eden regions: 45->0(46)
[2025-05-04T19:27:04.597+0530][gc,heap     ] GC(63) Survivor regions: 6->5(7)
[2025-05-04T19:27:04.597+0530][gc,heap     ] GC(63) Old regions: 128->130
[2025-05-04T19:27:04.597+0530][gc,heap     ] GC(63) Archive regions: 2->2
[2025-05-04T19:27:04.597+0530][gc,heap     ] GC(63) Humongous regions: 129->129
[2025-05-04T19:27:04.597+0530][gc,metaspace] GC(63) Metaspace: 44849K(45632K)->44849K(45632K) NonClass: 39219K(39680K)->39219K(39680K) Class: 5630K(5952K)->5630K(5952K)
[2025-05-04T19:27:04.598+0530][gc          ] GC(63) Pause Young (Normal) (G1 Evacuation Pause) 307M->264M(1024M) 32.587ms
[2025-05-04T19:27:04.598+0530][gc,cpu      ] GC(63) User=0.03s Sys=0.04s Real=0.03s
[2025-05-04T19:29:23.074+0530][gc,start    ] GC(64) Pause Young (Normal) (G1 Evacuation Pause)
[2025-05-04T19:29:23.075+0530][gc,task     ] GC(64) Using 8 workers of 8 for evacuation
[2025-05-04T19:29:23.101+0530][gc,mmu      ] GC(64) MMU target violated: 21.0ms (20.0ms/21.0ms)
[2025-05-04T19:29:23.101+0530][gc,phases   ] GC(64)   Pre Evacuate Collection Set: 3.7ms
[2025-05-04T19:29:23.101+0530][gc,phases   ] GC(64)   Merge Heap Roots: 1.4ms
[2025-05-04T19:29:23.101+0530][gc,phases   ] GC(64)   Evacuate Collection Set: 19.7ms
[2025-05-04T19:29:23.101+0530][gc,phases   ] GC(64)   Post Evacuate Collection Set: 1.1ms
[2025-05-04T19:29:23.101+0530][gc,phases   ] GC(64)   Other: 3.1ms
[2025-05-04T19:29:23.101+0530][gc,heap     ] GC(64) Eden regions: 46->0(46)
[2025-05-04T19:29:23.101+0530][gc,heap     ] GC(64) Survivor regions: 5->5(7)
[2025-05-04T19:29:23.102+0530][gc,heap     ] GC(64) Old regions: 130->132
[2025-05-04T19:29:23.102+0530][gc,heap     ] GC(64) Archive regions: 2->2
[2025-05-04T19:29:23.102+0530][gc,heap     ] GC(64) Humongous regions: 129->129
[2025-05-04T19:29:23.102+0530][gc,metaspace] GC(64) Metaspace: 44866K(45632K)->44866K(45632K) NonClass: 39236K(39680K)->39236K(39680K) Class: 5630K(5952K)->5630K(5952K)
[2025-05-04T19:29:23.102+0530][gc          ] GC(64) Pause Young (Normal) (G1 Evacuation Pause) 310M->265M(1024M) 28.825ms
[2025-05-04T19:29:23.102+0530][gc,cpu      ] GC(64) User=0.03s Sys=0.04s Real=0.03s
[2025-05-04T19:31:32.485+0530][gc,start    ] GC(65) Pause Young (Normal) (G1 Evacuation Pause)
[2025-05-04T19:31:32.486+0530][gc,task     ] GC(65) Using 8 workers of 8 for evacuation
[2025-05-04T19:31:32.496+0530][gc,phases   ] GC(65)   Pre Evacuate Collection Set: 1.3ms
[2025-05-04T19:31:32.497+0530][gc,phases   ] GC(65)   Merge Heap Roots: 0.3ms
[2025-05-04T19:31:32.497+0530][gc,phases   ] GC(65)   Evacuate Collection Set: 7.9ms
[2025-05-04T19:31:32.497+0530][gc,phases   ] GC(65)   Post Evacuate Collection Set: 0.7ms
[2025-05-04T19:31:32.497+0530][gc,phases   ] GC(65)   Other: 1.4ms
[2025-05-04T19:31:32.497+0530][gc,heap     ] GC(65) Eden regions: 46->0(46)
[2025-05-04T19:31:32.497+0530][gc,heap     ] GC(65) Survivor regions: 5->5(7)
[2025-05-04T19:31:32.497+0530][gc,heap     ] GC(65) Old regions: 132->134
[2025-05-04T19:31:32.497+0530][gc,heap     ] GC(65) Archive regions: 2->2
[2025-05-04T19:31:32.497+0530][gc,heap     ] GC(65) Humongous regions: 129->129
[2025-05-04T19:31:32.497+0530][gc,metaspace] GC(65) Metaspace: 44867K(45632K)->44867K(45632K) NonClass: 39237K(39680K)->39237K(39680K) Class: 5630K(5952K)->5630K(5952K)
[2025-05-04T19:31:32.497+0530][gc          ] GC(65) Pause Young (Normal) (G1 Evacuation Pause) 311M->267M(1024M) 11.843ms
[2025-05-04T19:31:32.497+0530][gc,cpu      ] GC(65) User=0.03s Sys=0.02s Real=0.01s
[2025-05-04T19:33:44.444+0530][gc,start    ] GC(66) Pause Young (Normal) (G1 Evacuation Pause)
[2025-05-04T19:33:44.444+0530][gc,task     ] GC(66) Using 8 workers of 8 for evacuation
[2025-05-04T19:33:44.462+0530][gc,phases   ] GC(66)   Pre Evacuate Collection Set: 2.1ms
[2025-05-04T19:33:44.463+0530][gc,phases   ] GC(66)   Merge Heap Roots: 0.6ms
[2025-05-04T19:33:44.463+0530][gc,phases   ] GC(66)   Evacuate Collection Set: 14.2ms
[2025-05-04T19:33:44.463+0530][gc,phases   ] GC(66)   Post Evacuate Collection Set: 0.7ms
[2025-05-04T19:33:44.463+0530][gc,phases   ] GC(66)   Other: 2.3ms
[2025-05-04T19:33:44.463+0530][gc,heap     ] GC(66) Eden regions: 46->0(55)
[2025-05-04T19:33:44.463+0530][gc,heap     ] GC(66) Survivor regions: 5->5(7)
[2025-05-04T19:33:44.463+0530][gc,heap     ] GC(66) Old regions: 134->135
[2025-05-04T19:33:44.463+0530][gc,heap     ] GC(66) Archive regions: 2->2
[2025-05-04T19:33:44.463+0530][gc,heap     ] GC(66) Humongous regions: 129->129
[2025-05-04T19:33:44.463+0530][gc,metaspace] GC(66) Metaspace: 44873K(45632K)->44873K(45632K) NonClass: 39243K(39680K)->39243K(39680K) Class: 5630K(5952K)->5630K(5952K)
[2025-05-04T19:33:44.463+0530][gc          ] GC(66) Pause Young (Normal) (G1 Evacuation Pause) 313M->269M(1024M) 19.578ms
[2025-05-04T19:33:44.463+0530][gc,cpu      ] GC(66) User=0.04s Sys=0.03s Real=0.02s
[2025-05-04T19:36:20.115+0530][gc,start    ] GC(67) Pause Young (Normal) (G1 Evacuation Pause)
[2025-05-04T19:36:20.116+0530][gc,task     ] GC(67) Using 8 workers of 8 for evacuation
[2025-05-04T19:36:20.156+0530][gc,mmu      ] GC(67) MMU target violated: 21.0ms (20.0ms/21.0ms)
[2025-05-04T19:36:20.156+0530][gc,phases   ] GC(67)   Pre Evacuate Collection Set: 3.8ms
[2025-05-04T19:36:20.156+0530][gc,phases   ] GC(67)   Merge Heap Roots: 1.0ms
[2025-05-04T19:36:20.156+0530][gc,phases   ] GC(67)   Evacuate Collection Set: 31.4ms
[2025-05-04T19:36:20.156+0530][gc,phases   ] GC(67)   Post Evacuate Collection Set: 1.9ms
[2025-05-04T19:36:20.157+0530][gc,phases   ] GC(67)   Other: 5.1ms
[2025-05-04T19:36:20.157+0530][gc,heap     ] GC(67) Eden regions: 55->0(44)
[2025-05-04T19:36:20.157+0530][gc,heap     ] GC(67) Survivor regions: 5->7(8)
[2025-05-04T19:36:20.157+0530][gc,heap     ] GC(67) Old regions: 135->135
[2025-05-04T19:36:20.157+0530][gc,heap     ] GC(67) Archive regions: 2->2
[2025-05-04T19:36:20.157+0530][gc,heap     ] GC(67) Humongous regions: 129->129
[2025-05-04T19:36:20.157+0530][gc,metaspace] GC(67) Metaspace: 44875K(45696K)->44875K(45696K) NonClass: 39245K(39744K)->39245K(39744K) Class: 5630K(5952K)->5630K(5952K)
[2025-05-04T19:36:20.157+0530][gc          ] GC(67) Pause Young (Normal) (G1 Evacuation Pause) 324M->271M(1024M) 42.576ms
[2025-05-04T19:36:20.157+0530][gc,cpu      ] GC(67) User=0.03s Sys=0.05s Real=0.04s
[2025-05-04T19:38:23.540+0530][gc,start    ] GC(68) Pause Young (Normal) (G1 Evacuation Pause)
[2025-05-04T19:38:23.541+0530][gc,task     ] GC(68) Using 8 workers of 8 for evacuation
[2025-05-04T19:38:23.604+0530][gc,mmu      ] GC(68) MMU target violated: 21.0ms (20.0ms/21.0ms)
[2025-05-04T19:38:23.604+0530][gc,phases   ] GC(68)   Pre Evacuate Collection Set: 3.5ms
[2025-05-04T19:38:23.604+0530][gc,phases   ] GC(68)   Merge Heap Roots: 1.3ms
[2025-05-04T19:38:23.604+0530][gc,phases   ] GC(68)   Evacuate Collection Set: 51.8ms
[2025-05-04T19:38:23.604+0530][gc,phases   ] GC(68)   Post Evacuate Collection Set: 5.2ms
[2025-05-04T19:38:23.604+0530][gc,phases   ] GC(68)   Other: 2.4ms
[2025-05-04T19:38:23.604+0530][gc,heap     ] GC(68) Eden regions: 44->0(45)
[2025-05-04T19:38:23.604+0530][gc,heap     ] GC(68) Survivor regions: 7->6(7)
[2025-05-04T19:38:23.604+0530][gc,heap     ] GC(68) Old regions: 135->139
[2025-05-04T19:38:23.604+0530][gc,heap     ] GC(68) Archive regions: 2->2
[2025-05-04T19:38:23.604+0530][gc,heap     ] GC(68) Humongous regions: 129->129
[2025-05-04T19:38:23.604+0530][gc,metaspace] GC(68) Metaspace: 44876K(45696K)->44876K(45696K) NonClass: 39245K(39744K)->39245K(39744K) Class: 5630K(5952K)->5630K(5952K)
[2025-05-04T19:38:23.604+0530][gc          ] GC(68) Pause Young (Normal) (G1 Evacuation Pause) 315M->273M(1024M) 64.047ms
[2025-05-04T19:38:23.604+0530][gc,cpu      ] GC(68) User=0.04s Sys=0.08s Real=0.06s
[2025-05-04T19:40:31.084+0530][gc,start    ] GC(69) Pause Young (Normal) (G1 Evacuation Pause)
[2025-05-04T19:40:31.085+0530][gc,task     ] GC(69) Using 8 workers of 8 for evacuation
[2025-05-04T19:40:31.120+0530][gc,mmu      ] GC(69) MMU target violated: 21.0ms (20.0ms/21.0ms)
[2025-05-04T19:40:31.120+0530][gc,phases   ] GC(69)   Pre Evacuate Collection Set: 3.7ms
[2025-05-04T19:40:31.120+0530][gc,phases   ] GC(69)   Merge Heap Roots: 0.6ms
[2025-05-04T19:40:31.120+0530][gc,phases   ] GC(69)   Evacuate Collection Set: 24.3ms
[2025-05-04T19:40:31.120+0530][gc,phases   ] GC(69)   Post Evacuate Collection Set: 5.8ms
[2025-05-04T19:40:31.120+0530][gc,phases   ] GC(69)   Other: 2.0ms
[2025-05-04T19:40:31.120+0530][gc,heap     ] GC(69) Eden regions: 45->0(45)
[2025-05-04T19:40:31.120+0530][gc,heap     ] GC(69) Survivor regions: 6->6(7)
[2025-05-04T19:40:31.120+0530][gc,heap     ] GC(69) Old regions: 139->141
[2025-05-04T19:40:31.120+0530][gc,heap     ] GC(69) Archive regions: 2->2
[2025-05-04T19:40:31.120+0530][gc,heap     ] GC(69) Humongous regions: 129->129
[2025-05-04T19:40:31.120+0530][gc,metaspace] GC(69) Metaspace: 44882K(45696K)->44882K(45696K) NonClass: 39252K(39744K)->39252K(39744K) Class: 5630K(5952K)->5630K(5952K)
[2025-05-04T19:40:31.120+0530][gc          ] GC(69) Pause Young (Normal) (G1 Evacuation Pause) 318M->275M(1024M) 36.391ms
[2025-05-04T19:40:31.120+0530][gc,cpu      ] GC(69) User=0.03s Sys=0.05s Real=0.04s
[2025-05-04T19:42:42.745+0530][gc,start    ] GC(70) Pause Young (Normal) (G1 Evacuation Pause)
[2025-05-04T19:42:42.746+0530][gc,task     ] GC(70) Using 8 workers of 8 for evacuation
[2025-05-04T19:42:42.779+0530][gc,mmu      ] GC(70) MMU target violated: 21.0ms (20.0ms/21.0ms)
[2025-05-04T19:42:42.779+0530][gc,phases   ] GC(70)   Pre Evacuate Collection Set: 1.9ms
[2025-05-04T19:42:42.779+0530][gc,phases   ] GC(70)   Merge Heap Roots: 0.8ms
[2025-05-04T19:42:42.779+0530][gc,phases   ] GC(70)   Evacuate Collection Set: 26.6ms
[2025-05-04T19:42:42.779+0530][gc,phases   ] GC(70)   Post Evacuate Collection Set: 2.5ms
[2025-05-04T19:42:42.779+0530][gc,phases   ] GC(70)   Other: 4.4ms
[2025-05-04T19:42:42.780+0530][gc,heap     ] GC(70) Eden regions: 45->0(46)
[2025-05-04T19:42:42.780+0530][gc,heap     ] GC(70) Survivor regions: 6->5(7)
[2025-05-04T19:42:42.780+0530][gc,heap     ] GC(70) Old regions: 141->143
[2025-05-04T19:42:42.780+0530][gc,heap     ] GC(70) Archive regions: 2->2
[2025-05-04T19:42:42.780+0530][gc,heap     ] GC(70) Humongous regions: 129->129
[2025-05-04T19:42:42.780+0530][gc,metaspace] GC(70) Metaspace: 44898K(45696K)->44898K(45696K) NonClass: 39267K(39744K)->39267K(39744K) Class: 5630K(5952K)->5630K(5952K)
[2025-05-04T19:42:42.780+0530][gc          ] GC(70) Pause Young (Normal) (G1 Evacuation Pause) 320M->277M(1024M) 35.679ms
[2025-05-04T19:42:42.780+0530][gc,cpu      ] GC(70) User=0.03s Sys=0.03s Real=0.04s
[2025-05-04T19:44:50.770+0530][gc,start    ] GC(71) Pause Young (Normal) (G1 Evacuation Pause)
[2025-05-04T19:44:50.770+0530][gc,task     ] GC(71) Using 8 workers of 8 for evacuation
[2025-05-04T19:44:50.791+0530][gc,phases   ] GC(71)   Pre Evacuate Collection Set: 1.7ms
[2025-05-04T19:44:50.791+0530][gc,phases   ] GC(71)   Merge Heap Roots: 0.8ms
[2025-05-04T19:44:50.791+0530][gc,phases   ] GC(71)   Evacuate Collection Set: 14.1ms
[2025-05-04T19:44:50.791+0530][gc,phases   ] GC(71)   Post Evacuate Collection Set: 1.9ms
[2025-05-04T19:44:50.791+0530][gc,phases   ] GC(71)   Other: 3.5ms
[2025-05-04T19:44:50.791+0530][gc,heap     ] GC(71) Eden regions: 46->0(46)
[2025-05-04T19:44:50.791+0530][gc,heap     ] GC(71) Survivor regions: 5->5(7)
[2025-05-04T19:44:50.791+0530][gc,heap     ] GC(71) Old regions: 143->145
[2025-05-04T19:44:50.791+0530][gc,heap     ] GC(71) Archive regions: 2->2
[2025-05-04T19:44:50.791+0530][gc,heap     ] GC(71) Humongous regions: 129->129
[2025-05-04T19:44:50.791+0530][gc,metaspace] GC(71) Metaspace: 44914K(45696K)->44914K(45696K) NonClass: 39284K(39744K)->39284K(39744K) Class: 5630K(5952K)->5630K(5952K)
[2025-05-04T19:44:50.792+0530][gc          ] GC(71) Pause Young (Normal) (G1 Evacuation Pause) 323M->278M(1024M) 21.738ms
[2025-05-04T19:44:50.792+0530][gc,cpu      ] GC(71) User=0.03s Sys=0.03s Real=0.02s
[2025-05-04T19:47:01.819+0530][gc,start    ] GC(72) Pause Young (Normal) (G1 Evacuation Pause)
[2025-05-04T19:47:01.820+0530][gc,task     ] GC(72) Using 8 workers of 8 for evacuation
[2025-05-04T19:47:01.850+0530][gc,mmu      ] GC(72) MMU target violated: 21.0ms (20.0ms/21.0ms)
[2025-05-04T19:47:01.850+0530][gc,phases   ] GC(72)   Pre Evacuate Collection Set: 2.0ms
[2025-05-04T19:47:01.850+0530][gc,phases   ] GC(72)   Merge Heap Roots: 1.2ms
[2025-05-04T19:47:01.850+0530][gc,phases   ] GC(72)   Evacuate Collection Set: 21.1ms
[2025-05-04T19:47:01.850+0530][gc,phases   ] GC(72)   Post Evacuate Collection Set: 4.6ms
[2025-05-04T19:47:01.850+0530][gc,phases   ] GC(72)   Other: 3.7ms
[2025-05-04T19:47:01.850+0530][gc,heap     ] GC(72) Eden regions: 46->0(46)
[2025-05-04T19:47:01.850+0530][gc,heap     ] GC(72) Survivor regions: 5->5(7)
[2025-05-04T19:47:01.851+0530][gc,heap     ] GC(72) Old regions: 145->147
[2025-05-04T19:47:01.851+0530][gc,heap     ] GC(72) Archive regions: 2->2
[2025-05-04T19:47:01.851+0530][gc,heap     ] GC(72) Humongous regions: 129->129
[2025-05-04T19:47:01.851+0530][gc,metaspace] GC(72) Metaspace: 44915K(45696K)->44915K(45696K) NonClass: 39285K(39744K)->39285K(39744K) Class: 5630K(5952K)->5630K(5952K)
[2025-05-04T19:47:01.851+0530][gc          ] GC(72) Pause Young (Normal) (G1 Evacuation Pause) 324M->280M(1024M) 32.513ms
[2025-05-04T19:47:01.851+0530][gc,cpu      ] GC(72) User=0.02s Sys=0.04s Real=0.04s
[2025-05-04T19:49:11.383+0530][gc,start    ] GC(73) Pause Young (Normal) (G1 Evacuation Pause)
[2025-05-04T19:49:11.385+0530][gc,task     ] GC(73) Using 8 workers of 8 for evacuation
[2025-05-04T19:49:11.417+0530][gc,mmu      ] GC(73) MMU target violated: 21.0ms (20.0ms/21.0ms)
[2025-05-04T19:49:11.417+0530][gc,phases   ] GC(73)   Pre Evacuate Collection Set: 5.1ms
[2025-05-04T19:49:11.417+0530][gc,phases   ] GC(73)   Merge Heap Roots: 1.3ms
[2025-05-04T19:49:11.417+0530][gc,phases   ] GC(73)   Evacuate Collection Set: 19.2ms
[2025-05-04T19:49:11.417+0530][gc,phases   ] GC(73)   Post Evacuate Collection Set: 4.0ms
[2025-05-04T19:49:11.417+0530][gc,phases   ] GC(73)   Other: 7.2ms
[2025-05-04T19:49:11.418+0530][gc,heap     ] GC(73) Eden regions: 46->0(46)
[2025-05-04T19:49:11.418+0530][gc,heap     ] GC(73) Survivor regions: 5->5(7)
[2025-05-04T19:49:11.418+0530][gc,heap     ] GC(73) Old regions: 147->149
[2025-05-04T19:49:11.418+0530][gc,heap     ] GC(73) Archive regions: 2->2
[2025-05-04T19:49:11.418+0530][gc,heap     ] GC(73) Humongous regions: 129->129
[2025-05-04T19:49:11.418+0530][gc,metaspace] GC(73) Metaspace: 44917K(45696K)->44917K(45696K) NonClass: 39287K(39744K)->39287K(39744K) Class: 5630K(5952K)->5630K(5952K)
[2025-05-04T19:49:11.418+0530][gc          ] GC(73) Pause Young (Normal) (G1 Evacuation Pause) 326M->282M(1024M) 36.132ms
[2025-05-04T19:49:11.418+0530][gc,cpu      ] GC(73) User=0.04s Sys=0.05s Real=0.03s
[2025-05-04T19:51:56.997+0530][gc,start    ] GC(74) Pause Young (Normal) (G1 Evacuation Pause)
[2025-05-04T19:51:56.999+0530][gc,task     ] GC(74) Using 8 workers of 8 for evacuation
[2025-05-04T19:51:57.048+0530][gc,mmu      ] GC(74) MMU target violated: 21.0ms (20.0ms/21.0ms)
[2025-05-04T19:51:57.048+0530][gc,phases   ] GC(74)   Pre Evacuate Collection Set: 3.0ms
[2025-05-04T19:51:57.048+0530][gc,phases   ] GC(74)   Merge Heap Roots: 0.7ms
[2025-05-04T19:51:57.048+0530][gc,phases   ] GC(74)   Evacuate Collection Set: 41.6ms
[2025-05-04T19:51:57.048+0530][gc,phases   ] GC(74)   Post Evacuate Collection Set: 1.7ms
[2025-05-04T19:51:57.048+0530][gc,phases   ] GC(74)   Other: 4.8ms
[2025-05-04T19:51:57.048+0530][gc,heap     ] GC(74) Eden regions: 46->0(44)
[2025-05-04T19:51:57.048+0530][gc,heap     ] GC(74) Survivor regions: 5->7(7)
[2025-05-04T19:51:57.048+0530][gc,heap     ] GC(74) Old regions: 149->151
[2025-05-04T19:51:57.048+0530][gc,heap     ] GC(74) Archive regions: 2->2
[2025-05-04T19:51:57.048+0530][gc,heap     ] GC(74) Humongous regions: 129->129
[2025-05-04T19:51:57.048+0530][gc,metaspace] GC(74) Metaspace: 44924K(45696K)->44924K(45696K) NonClass: 39293K(39744K)->39293K(39744K) Class: 5630K(5952K)->5630K(5952K)
[2025-05-04T19:51:57.048+0530][gc          ] GC(74) Pause Young (Normal) (G1 Evacuation Pause) 328M->286M(1024M) 51.255ms
[2025-05-04T19:51:57.048+0530][gc,cpu      ] GC(74) User=0.03s Sys=0.07s Real=0.05s
[2025-05-04T19:54:27.006+0530][gc,start    ] GC(75) Pause Young (Normal) (G1 Evacuation Pause)
[2025-05-04T19:54:27.006+0530][gc,task     ] GC(75) Using 8 workers of 8 for evacuation
[2025-05-04T19:54:27.023+0530][gc,phases   ] GC(75)   Pre Evacuate Collection Set: 1.1ms
[2025-05-04T19:54:27.023+0530][gc,phases   ] GC(75)   Merge Heap Roots: 0.2ms
[2025-05-04T19:54:27.023+0530][gc,phases   ] GC(75)   Evacuate Collection Set: 13.4ms
[2025-05-04T19:54:27.023+0530][gc,phases   ] GC(75)   Post Evacuate Collection Set: 1.4ms
[2025-05-04T19:54:27.023+0530][gc,phases   ] GC(75)   Other: 2.3ms
[2025-05-04T19:54:27.023+0530][gc,heap     ] GC(75) Eden regions: 44->0(46)
[2025-05-04T19:54:27.023+0530][gc,heap     ] GC(75) Survivor regions: 7->5(7)
[2025-05-04T19:54:27.023+0530][gc,heap     ] GC(75) Old regions: 151->153
[2025-05-04T19:54:27.023+0530][gc,heap     ] GC(75) Archive regions: 2->2
[2025-05-04T19:54:27.023+0530][gc,heap     ] GC(75) Humongous regions: 129->129
[2025-05-04T19:54:27.023+0530][gc,metaspace] GC(75) Metaspace: 44970K(45760K)->44970K(45760K) NonClass: 39339K(39808K)->39339K(39808K) Class: 5631K(5952K)->5631K(5952K)
[2025-05-04T19:54:27.023+0530][gc          ] GC(75) Pause Young (Normal) (G1 Evacuation Pause) 330M->287M(1024M) 18.068ms
[2025-05-04T19:54:27.023+0530][gc,cpu      ] GC(75) User=0.03s Sys=0.03s Real=0.02s
[2025-05-04T19:57:12.452+0530][gc,start    ] GC(76) Pause Young (Normal) (G1 Evacuation Pause)
[2025-05-04T19:57:12.452+0530][gc,task     ] GC(76) Using 8 workers of 8 for evacuation
[2025-05-04T19:57:12.499+0530][gc,mmu      ] GC(76) MMU target violated: 21.0ms (20.0ms/21.0ms)
[2025-05-04T19:57:12.499+0530][gc,phases   ] GC(76)   Pre Evacuate Collection Set: 4.2ms
[2025-05-04T19:57:12.499+0530][gc,phases   ] GC(76)   Merge Heap Roots: 1.1ms
[2025-05-04T19:57:12.499+0530][gc,phases   ] GC(76)   Evacuate Collection Set: 38.5ms
[2025-05-04T19:57:12.499+0530][gc,phases   ] GC(76)   Post Evacuate Collection Set: 1.7ms
[2025-05-04T19:57:12.499+0530][gc,phases   ] GC(76)   Other: 3.9ms
[2025-05-04T19:57:12.499+0530][gc,heap     ] GC(76) Eden regions: 46->0(46)
[2025-05-04T19:57:12.499+0530][gc,heap     ] GC(76) Survivor regions: 5->5(7)
[2025-05-04T19:57:12.499+0530][gc,heap     ] GC(76) Old regions: 153->158
[2025-05-04T19:57:12.499+0530][gc,heap     ] GC(76) Archive regions: 2->2
[2025-05-04T19:57:12.499+0530][gc,heap     ] GC(76) Humongous regions: 129->129
[2025-05-04T19:57:12.499+0530][gc,metaspace] GC(76) Metaspace: 44993K(45760K)->44993K(45760K) NonClass: 39362K(39808K)->39362K(39808K) Class: 5631K(5952K)->5631K(5952K)
[2025-05-04T19:57:12.499+0530][gc          ] GC(76) Pause Young (Normal) (G1 Evacuation Pause) 333M->291M(1024M) 47.802ms
[2025-05-04T19:57:12.499+0530][gc,cpu      ] GC(76) User=0.03s Sys=0.08s Real=0.04s
[2025-05-04T19:59:39.293+0530][gc,start    ] GC(77) Pause Young (Normal) (G1 Evacuation Pause)
[2025-05-04T19:59:39.294+0530][gc,task     ] GC(77) Using 8 workers of 8 for evacuation
[2025-05-04T19:59:39.331+0530][gc,mmu      ] GC(77) MMU target violated: 21.0ms (20.0ms/21.0ms)
[2025-05-04T19:59:39.331+0530][gc,phases   ] GC(77)   Pre Evacuate Collection Set: 5.2ms
[2025-05-04T19:59:39.331+0530][gc,phases   ] GC(77)   Merge Heap Roots: 1.5ms
[2025-05-04T19:59:39.331+0530][gc,phases   ] GC(77)   Evacuate Collection Set: 24.1ms
[2025-05-04T19:59:39.331+0530][gc,phases   ] GC(77)   Post Evacuate Collection Set: 4.6ms
[2025-05-04T19:59:39.331+0530][gc,phases   ] GC(77)   Other: 2.9ms
[2025-05-04T19:59:39.331+0530][gc,heap     ] GC(77) Eden regions: 46->0(48)
[2025-05-04T19:59:39.331+0530][gc,heap     ] GC(77) Survivor regions: 5->3(7)
[2025-05-04T19:59:39.331+0530][gc,heap     ] GC(77) Old regions: 158->159
[2025-05-04T19:59:39.331+0530][gc,heap     ] GC(77) Archive regions: 2->2
[2025-05-04T19:59:39.331+0530][gc,heap     ] GC(77) Humongous regions: 129->129
[2025-05-04T19:59:39.331+0530][gc,metaspace] GC(77) Metaspace: 45019K(45824K)->45019K(45824K) NonClass: 39386K(39872K)->39386K(39872K) Class: 5633K(5952K)->5633K(5952K)
[2025-05-04T19:59:39.332+0530][gc          ] GC(77) Pause Young (Normal) (G1 Evacuation Pause) 337M->291M(1024M) 37.971ms
[2025-05-04T19:59:39.332+0530][gc,cpu      ] GC(77) User=0.02s Sys=0.05s Real=0.04s
[2025-05-04T20:02:19.697+0530][gc,start    ] GC(78) Pause Young (Normal) (G1 Evacuation Pause)
[2025-05-04T20:02:19.698+0530][gc,task     ] GC(78) Using 8 workers of 8 for evacuation
[2025-05-04T20:02:19.781+0530][gc,mmu      ] GC(78) MMU target violated: 21.0ms (20.0ms/21.0ms)
[2025-05-04T20:02:19.781+0530][gc,phases   ] GC(78)   Pre Evacuate Collection Set: 3.2ms
[2025-05-04T20:02:19.781+0530][gc,phases   ] GC(78)   Merge Heap Roots: 1.6ms
[2025-05-04T20:02:19.781+0530][gc,phases   ] GC(78)   Evacuate Collection Set: 74.2ms
[2025-05-04T20:02:19.781+0530][gc,phases   ] GC(78)   Post Evacuate Collection Set: 2.4ms
[2025-05-04T20:02:19.781+0530][gc,phases   ] GC(78)   Other: 4.5ms
[2025-05-04T20:02:19.781+0530][gc,heap     ] GC(78) Eden regions: 48->0(44)
[2025-05-04T20:02:19.781+0530][gc,heap     ] GC(78) Survivor regions: 3->7(7)
[2025-05-04T20:02:19.781+0530][gc,heap     ] GC(78) Old regions: 159->159
[2025-05-04T20:02:19.781+0530][gc,heap     ] GC(78) Archive regions: 2->2
[2025-05-04T20:02:19.781+0530][gc,heap     ] GC(78) Humongous regions: 129->129
[2025-05-04T20:02:19.781+0530][gc,metaspace] GC(78) Metaspace: 45032K(45824K)->45032K(45824K) NonClass: 39398K(39872K)->39398K(39872K) Class: 5633K(5952K)->5633K(5952K)
[2025-05-04T20:02:19.782+0530][gc          ] GC(78) Pause Young (Normal) (G1 Evacuation Pause) 339M->294M(1024M) 85.280ms
[2025-05-04T20:02:19.782+0530][gc,cpu      ] GC(78) User=0.03s Sys=0.12s Real=0.09s
[2025-05-04T20:04:21.669+0530][gc,start    ] GC(79) Pause Young (Normal) (G1 Evacuation Pause)
[2025-05-04T20:04:21.670+0530][gc,task     ] GC(79) Using 8 workers of 8 for evacuation
[2025-05-04T20:04:21.737+0530][gc,mmu      ] GC(79) MMU target violated: 21.0ms (20.0ms/21.0ms)
[2025-05-04T20:04:21.737+0530][gc,phases   ] GC(79)   Pre Evacuate Collection Set: 4.1ms
[2025-05-04T20:04:21.737+0530][gc,phases   ] GC(79)   Merge Heap Roots: 1.2ms
[2025-05-04T20:04:21.737+0530][gc,phases   ] GC(79)   Evacuate Collection Set: 56.6ms
[2025-05-04T20:04:21.737+0530][gc,phases   ] GC(79)   Post Evacuate Collection Set: 4.2ms
[2025-05-04T20:04:21.737+0530][gc,phases   ] GC(79)   Other: 2.8ms
[2025-05-04T20:04:21.737+0530][gc,heap     ] GC(79) Eden regions: 44->0(46)
[2025-05-04T20:04:21.737+0530][gc,heap     ] GC(79) Survivor regions: 7->5(7)
[2025-05-04T20:04:21.737+0530][gc,heap     ] GC(79) Old regions: 159->162
[2025-05-04T20:04:21.737+0530][gc,heap     ] GC(79) Archive regions: 2->2
[2025-05-04T20:04:21.737+0530][gc,heap     ] GC(79) Humongous regions: 129->129
[2025-05-04T20:04:21.737+0530][gc,metaspace] GC(79) Metaspace: 45039K(45824K)->45039K(45824K) NonClass: 39406K(39872K)->39406K(39872K) Class: 5633K(5952K)->5633K(5952K)
[2025-05-04T20:04:21.738+0530][gc          ] GC(79) Pause Young (Normal) (G1 Evacuation Pause) 338M->295M(1024M) 69.365ms
[2025-05-04T20:04:21.738+0530][gc,cpu      ] GC(79) User=0.04s Sys=0.06s Real=0.07s
[2025-05-04T20:06:27.251+0530][gc,start    ] GC(80) Pause Young (Normal) (G1 Evacuation Pause)
[2025-05-04T20:06:27.252+0530][gc,task     ] GC(80) Using 8 workers of 8 for evacuation
[2025-05-04T20:06:27.277+0530][gc,mmu      ] GC(80) MMU target violated: 21.0ms (20.0ms/21.0ms)
[2025-05-04T20:06:27.277+0530][gc,phases   ] GC(80)   Pre Evacuate Collection Set: 4.2ms
[2025-05-04T20:06:27.277+0530][gc,phases   ] GC(80)   Merge Heap Roots: 0.8ms
[2025-05-04T20:06:27.277+0530][gc,phases   ] GC(80)   Evacuate Collection Set: 18.4ms
[2025-05-04T20:06:27.277+0530][gc,phases   ] GC(80)   Post Evacuate Collection Set: 1.5ms
[2025-05-04T20:06:27.277+0530][gc,phases   ] GC(80)   Other: 2.9ms
[2025-05-04T20:06:27.277+0530][gc,heap     ] GC(80) Eden regions: 46->0(46)
[2025-05-04T20:06:27.277+0530][gc,heap     ] GC(80) Survivor regions: 5->5(7)
[2025-05-04T20:06:27.277+0530][gc,heap     ] GC(80) Old regions: 162->164
[2025-05-04T20:06:27.277+0530][gc,heap     ] GC(80) Archive regions: 2->2
[2025-05-04T20:06:27.277+0530][gc,heap     ] GC(80) Humongous regions: 129->129
[2025-05-04T20:06:27.277+0530][gc,metaspace] GC(80) Metaspace: 45051K(45888K)->45051K(45888K) NonClass: 39417K(39936K)->39417K(39936K) Class: 5633K(5952K)->5633K(5952K)
[2025-05-04T20:06:27.277+0530][gc          ] GC(80) Pause Young (Normal) (G1 Evacuation Pause) 341M->297M(1024M) 27.245ms
[2025-05-04T20:06:27.277+0530][gc,cpu      ] GC(80) User=0.02s Sys=0.03s Real=0.02s
[2025-05-04T20:08:33.923+0530][gc,start    ] GC(81) Pause Young (Normal) (G1 Evacuation Pause)
[2025-05-04T20:08:33.924+0530][gc,task     ] GC(81) Using 8 workers of 8 for evacuation
[2025-05-04T20:08:33.951+0530][gc,mmu      ] GC(81) MMU target violated: 21.0ms (20.0ms/21.0ms)
[2025-05-04T20:08:33.951+0530][gc,phases   ] GC(81)   Pre Evacuate Collection Set: 2.5ms
[2025-05-04T20:08:33.951+0530][gc,phases   ] GC(81)   Merge Heap Roots: 0.7ms
[2025-05-04T20:08:33.951+0530][gc,phases   ] GC(81)   Evacuate Collection Set: 20.4ms
[2025-05-04T20:08:33.951+0530][gc,phases   ] GC(81)   Post Evacuate Collection Set: 3.3ms
[2025-05-04T20:08:33.951+0530][gc,phases   ] GC(81)   Other: 2.1ms
[2025-05-04T20:08:33.951+0530][gc,heap     ] GC(81) Eden regions: 46->0(46)
[2025-05-04T20:08:33.951+0530][gc,heap     ] GC(81) Survivor regions: 5->5(7)
[2025-05-04T20:08:33.951+0530][gc,heap     ] GC(81) Old regions: 164->165
[2025-05-04T20:08:33.951+0530][gc,heap     ] GC(81) Archive regions: 2->2
[2025-05-04T20:08:33.951+0530][gc,heap     ] GC(81) Humongous regions: 129->129
[2025-05-04T20:08:33.951+0530][gc,metaspace] GC(81) Metaspace: 45059K(45888K)->45059K(45888K) NonClass: 39425K(39936K)->39425K(39936K) Class: 5633K(5952K)->5633K(5952K)
[2025-05-04T20:08:33.952+0530][gc          ] GC(81) Pause Young (Normal) (G1 Evacuation Pause) 343M->298M(1024M) 29.238ms
[2025-05-04T20:08:33.952+0530][gc,cpu      ] GC(81) User=0.02s Sys=0.04s Real=0.03s
[2025-05-04T20:10:45.900+0530][gc,start    ] GC(82) Pause Young (Normal) (G1 Evacuation Pause)
[2025-05-04T20:10:45.901+0530][gc,task     ] GC(82) Using 8 workers of 8 for evacuation
[2025-05-04T20:10:45.964+0530][gc,mmu      ] GC(82) MMU target violated: 21.0ms (20.0ms/21.0ms)
[2025-05-04T20:10:45.972+0530][gc,phases   ] GC(82)   Pre Evacuate Collection Set: 7.2ms
[2025-05-04T20:10:45.972+0530][gc,phases   ] GC(82)   Merge Heap Roots: 2.0ms
[2025-05-04T20:10:45.972+0530][gc,phases   ] GC(82)   Evacuate Collection Set: 44.6ms
[2025-05-04T20:10:45.972+0530][gc,phases   ] GC(82)   Post Evacuate Collection Set: 7.5ms
[2025-05-04T20:10:45.973+0530][gc,phases   ] GC(82)   Other: 12.4ms
[2025-05-04T20:10:45.973+0530][gc,heap     ] GC(82) Eden regions: 46->0(47)
[2025-05-04T20:10:45.973+0530][gc,heap     ] GC(82) Survivor regions: 5->4(7)
[2025-05-04T20:10:45.973+0530][gc,heap     ] GC(82) Old regions: 165->167
[2025-05-04T20:10:45.973+0530][gc,heap     ] GC(82) Archive regions: 2->2
[2025-05-04T20:10:45.973+0530][gc,heap     ] GC(82) Humongous regions: 129->129
[2025-05-04T20:10:45.973+0530][gc,metaspace] GC(82) Metaspace: 45066K(45888K)->45066K(45888K) NonClass: 39432K(39936K)->39432K(39936K) Class: 5633K(5952K)->5633K(5952K)
[2025-05-04T20:10:45.974+0530][gc          ] GC(82) Pause Young (Normal) (G1 Evacuation Pause) 344M->300M(1024M) 74.259ms
[2025-05-04T20:10:45.974+0530][gc,cpu      ] GC(82) User=0.03s Sys=0.06s Real=0.08s
[2025-05-04T20:12:54.913+0530][gc,start    ] GC(83) Pause Young (Normal) (G1 Evacuation Pause)
[2025-05-04T20:12:54.914+0530][gc,task     ] GC(83) Using 8 workers of 8 for evacuation
[2025-05-04T20:12:54.949+0530][gc,mmu      ] GC(83) MMU target violated: 21.0ms (20.0ms/21.0ms)
[2025-05-04T20:12:54.949+0530][gc,phases   ] GC(83)   Pre Evacuate Collection Set: 2.6ms
[2025-05-04T20:12:54.949+0530][gc,phases   ] GC(83)   Merge Heap Roots: 1.2ms
[2025-05-04T20:12:54.949+0530][gc,phases   ] GC(83)   Evacuate Collection Set: 28.7ms
[2025-05-04T20:12:54.949+0530][gc,phases   ] GC(83)   Post Evacuate Collection Set: 1.5ms
[2025-05-04T20:12:54.949+0530][gc,phases   ] GC(83)   Other: 3.3ms
[2025-05-04T20:12:54.949+0530][gc,heap     ] GC(83) Eden regions: 47->0(45)
[2025-05-04T20:12:54.949+0530][gc,heap     ] GC(83) Survivor regions: 4->6(7)
[2025-05-04T20:12:54.949+0530][gc,heap     ] GC(83) Old regions: 167->167
[2025-05-04T20:12:54.949+0530][gc,heap     ] GC(83) Archive regions: 2->2
[2025-05-04T20:12:54.949+0530][gc,heap     ] GC(83) Humongous regions: 129->129
[2025-05-04T20:12:54.949+0530][gc,metaspace] GC(83) Metaspace: 45066K(45888K)->45066K(45888K) NonClass: 39432K(39936K)->39432K(39936K) Class: 5633K(5952K)->5633K(5952K)
[2025-05-04T20:12:54.949+0530][gc          ] GC(83) Pause Young (Normal) (G1 Evacuation Pause) 347M->302M(1024M) 37.033ms
[2025-05-04T20:12:54.949+0530][gc,cpu      ] GC(83) User=0.02s Sys=0.04s Real=0.03s
[2025-05-04T20:14:58.300+0530][gc,start    ] GC(84) Pause Young (Normal) (G1 Evacuation Pause)
[2025-05-04T20:14:58.301+0530][gc,task     ] GC(84) Using 8 workers of 8 for evacuation
[2025-05-04T20:14:58.325+0530][gc,mmu      ] GC(84) MMU target violated: 21.0ms (20.0ms/21.0ms)
[2025-05-04T20:14:58.325+0530][gc,phases   ] GC(84)   Pre Evacuate Collection Set: 2.3ms
[2025-05-04T20:14:58.325+0530][gc,phases   ] GC(84)   Merge Heap Roots: 1.0ms
[2025-05-04T20:14:58.325+0530][gc,phases   ] GC(84)   Evacuate Collection Set: 19.0ms
[2025-05-04T20:14:58.325+0530][gc,phases   ] GC(84)   Post Evacuate Collection Set: 1.0ms
[2025-05-04T20:14:58.325+0530][gc,phases   ] GC(84)   Other: 2.7ms
[2025-05-04T20:14:58.325+0530][gc,heap     ] GC(84) Eden regions: 45->0(47)
[2025-05-04T20:14:58.325+0530][gc,heap     ] GC(84) Survivor regions: 6->4(7)
[2025-05-04T20:14:58.325+0530][gc,heap     ] GC(84) Old regions: 167->171
[2025-05-04T20:14:58.325+0530][gc,heap     ] GC(84) Archive regions: 2->2
[2025-05-04T20:14:58.325+0530][gc,heap     ] GC(84) Humongous regions: 129->129
[2025-05-04T20:14:58.325+0530][gc,metaspace] GC(84) Metaspace: 45066K(45888K)->45066K(45888K) NonClass: 39432K(39936K)->39432K(39936K) Class: 5633K(5952K)->5633K(5952K)
[2025-05-04T20:14:58.325+0530][gc          ] GC(84) Pause Young (Normal) (G1 Evacuation Pause) 347M->304M(1024M) 25.715ms
[2025-05-04T20:14:58.325+0530][gc,cpu      ] GC(84) User=0.04s Sys=0.03s Real=0.02s
[2025-05-04T20:17:06.150+0530][gc,start    ] GC(85) Pause Young (Normal) (G1 Evacuation Pause)
[2025-05-04T20:17:06.151+0530][gc,task     ] GC(85) Using 8 workers of 8 for evacuation
[2025-05-04T20:17:06.184+0530][gc,mmu      ] GC(85) MMU target violated: 21.0ms (20.0ms/21.0ms)
[2025-05-04T20:17:06.184+0530][gc,phases   ] GC(85)   Pre Evacuate Collection Set: 2.0ms
[2025-05-04T20:17:06.184+0530][gc,phases   ] GC(85)   Merge Heap Roots: 0.6ms
[2025-05-04T20:17:06.184+0530][gc,phases   ] GC(85)   Evacuate Collection Set: 27.3ms
[2025-05-04T20:17:06.184+0530][gc,phases   ] GC(85)   Post Evacuate Collection Set: 1.9ms
[2025-05-04T20:17:06.184+0530][gc,phases   ] GC(85)   Other: 2.4ms
[2025-05-04T20:17:06.184+0530][gc,heap     ] GC(85) Eden regions: 47->0(45)
[2025-05-04T20:17:06.184+0530][gc,heap     ] GC(85) Survivor regions: 4->6(7)
[2025-05-04T20:17:06.184+0530][gc,heap     ] GC(85) Old regions: 171->171
[2025-05-04T20:17:06.184+0530][gc,heap     ] GC(85) Archive regions: 2->2
[2025-05-04T20:17:06.184+0530][gc,heap     ] GC(85) Humongous regions: 129->129
[2025-05-04T20:17:06.184+0530][gc,metaspace] GC(85) Metaspace: 45067K(45888K)->45067K(45888K) NonClass: 39433K(39936K)->39433K(39936K) Class: 5633K(5952K)->5633K(5952K)
[2025-05-04T20:17:06.184+0530][gc          ] GC(85) Pause Young (Normal) (G1 Evacuation Pause) 351M->305M(1024M) 34.250ms
[2025-05-04T20:17:06.184+0530][gc,cpu      ] GC(85) User=0.03s Sys=0.03s Real=0.03s
[2025-05-04T20:19:08.942+0530][gc,start    ] GC(86) Pause Young (Normal) (G1 Evacuation Pause)
[2025-05-04T20:19:08.943+0530][gc,task     ] GC(86) Using 8 workers of 8 for evacuation
[2025-05-04T20:19:09.011+0530][gc,mmu      ] GC(86) MMU target violated: 21.0ms (20.0ms/21.0ms)
[2025-05-04T20:19:09.011+0530][gc,phases   ] GC(86)   Pre Evacuate Collection Set: 1.5ms
[2025-05-04T20:19:09.011+0530][gc,phases   ] GC(86)   Merge Heap Roots: 0.4ms
[2025-05-04T20:19:09.011+0530][gc,phases   ] GC(86)   Evacuate Collection Set: 59.4ms
[2025-05-04T20:19:09.011+0530][gc,phases   ] GC(86)   Post Evacuate Collection Set: 5.7ms
[2025-05-04T20:19:09.011+0530][gc,phases   ] GC(86)   Other: 2.8ms
[2025-05-04T20:19:09.011+0530][gc,heap     ] GC(86) Eden regions: 45->0(45)
[2025-05-04T20:19:09.011+0530][gc,heap     ] GC(86) Survivor regions: 6->6(7)
[2025-05-04T20:19:09.012+0530][gc,heap     ] GC(86) Old regions: 171->172
[2025-05-04T20:19:09.012+0530][gc,heap     ] GC(86) Archive regions: 2->2
[2025-05-04T20:19:09.012+0530][gc,heap     ] GC(86) Humongous regions: 129->129
[2025-05-04T20:19:09.012+0530][gc,metaspace] GC(86) Metaspace: 45082K(45888K)->45082K(45888K) NonClass: 39448K(39936K)->39448K(39936K) Class: 5633K(5952K)->5633K(5952K)
[2025-05-04T20:19:09.012+0530][gc          ] GC(86) Pause Young (Normal) (G1 Evacuation Pause) 350M->307M(1024M) 70.167ms
[2025-05-04T20:19:09.013+0530][gc,cpu      ] GC(86) User=0.04s Sys=0.06s Real=0.07s
[2025-05-04T20:21:11.007+0530][gc,start    ] GC(87) Pause Young (Normal) (G1 Evacuation Pause)
[2025-05-04T20:21:11.008+0530][gc,task     ] GC(87) Using 8 workers of 8 for evacuation
[2025-05-04T20:21:11.041+0530][gc,mmu      ] GC(87) MMU target violated: 21.0ms (20.0ms/21.0ms)
[2025-05-04T20:21:11.041+0530][gc,phases   ] GC(87)   Pre Evacuate Collection Set: 2.9ms
[2025-05-04T20:21:11.041+0530][gc,phases   ] GC(87)   Merge Heap Roots: 0.6ms
[2025-05-04T20:21:11.041+0530][gc,phases   ] GC(87)   Evacuate Collection Set: 26.3ms
[2025-05-04T20:21:11.041+0530][gc,phases   ] GC(87)   Post Evacuate Collection Set: 2.6ms
[2025-05-04T20:21:11.041+0530][gc,phases   ] GC(87)   Other: 2.2ms
[2025-05-04T20:21:11.041+0530][gc,heap     ] GC(87) Eden regions: 45->0(45)
[2025-05-04T20:21:11.041+0530][gc,heap     ] GC(87) Survivor regions: 6->6(7)
[2025-05-04T20:21:11.041+0530][gc,heap     ] GC(87) Old regions: 172->174
[2025-05-04T20:21:11.041+0530][gc,heap     ] GC(87) Archive regions: 2->2
[2025-05-04T20:21:11.041+0530][gc,heap     ] GC(87) Humongous regions: 129->129
[2025-05-04T20:21:11.041+0530][gc,metaspace] GC(87) Metaspace: 45086K(45888K)->45086K(45888K) NonClass: 39452K(39936K)->39452K(39936K) Class: 5633K(5952K)->5633K(5952K)
[2025-05-04T20:21:11.042+0530][gc          ] GC(87) Pause Young (Normal) (G1 Evacuation Pause) 352M->309M(1024M) 34.700ms
[2025-05-04T20:21:11.042+0530][gc,cpu      ] GC(87) User=0.03s Sys=0.03s Real=0.04s
[2025-05-04T20:23:12.516+0530][gc,start    ] GC(88) Pause Young (Normal) (G1 Evacuation Pause)
[2025-05-04T20:23:12.516+0530][gc,task     ] GC(88) Using 8 workers of 8 for evacuation
[2025-05-04T20:23:12.542+0530][gc,mmu      ] GC(88) MMU target violated: 21.0ms (20.0ms/21.0ms)
[2025-05-04T20:23:12.542+0530][gc,phases   ] GC(88)   Pre Evacuate Collection Set: 1.1ms
[2025-05-04T20:23:12.542+0530][gc,phases   ] GC(88)   Merge Heap Roots: 0.4ms
[2025-05-04T20:23:12.542+0530][gc,phases   ] GC(88)   Evacuate Collection Set: 20.3ms
[2025-05-04T20:23:12.542+0530][gc,phases   ] GC(88)   Post Evacuate Collection Set: 3.7ms
[2025-05-04T20:23:12.542+0530][gc,phases   ] GC(88)   Other: 1.5ms
[2025-05-04T20:23:12.542+0530][gc,heap     ] GC(88) Eden regions: 45->0(46)
[2025-05-04T20:23:12.542+0530][gc,heap     ] GC(88) Survivor regions: 6->5(7)
[2025-05-04T20:23:12.542+0530][gc,heap     ] GC(88) Old regions: 174->176
[2025-05-04T20:23:12.542+0530][gc,heap     ] GC(88) Archive regions: 2->2
[2025-05-04T20:23:12.542+0530][gc,heap     ] GC(88) Humongous regions: 129->129
[2025-05-04T20:23:12.542+0530][gc,metaspace] GC(88) Metaspace: 45096K(45888K)->45096K(45888K) NonClass: 39462K(39936K)->39462K(39936K) Class: 5633K(5952K)->5633K(5952K)
[2025-05-04T20:23:12.543+0530][gc          ] GC(88) Pause Young (Normal) (G1 Evacuation Pause) 354M->310M(1024M) 27.121ms
[2025-05-04T20:23:12.543+0530][gc,cpu      ] GC(88) User=0.03s Sys=0.04s Real=0.03s
[2025-05-04T20:24:05.961+0530][gc,heap,exit] Heap
[2025-05-04T20:24:05.961+0530][gc,heap,exit]  garbage-first heap   total 1048576K, used 343217K [0x00000007c0000000, 0x0000000800000000)
[2025-05-04T20:24:05.961+0530][gc,heap,exit]   region size 1024K, 30 young (30720K), 5 survivors (5120K)
[2025-05-04T20:24:05.961+0530][gc,heap,exit]  Metaspace       used 45978K, committed 46848K, reserved 1114112K
[2025-05-04T20:24:05.961+0530][gc,heap,exit]   class space    used 5816K, committed 6208K, reserved 1048576K
