[2026-05-21 21:10:22,007] INFO [GroupCoordinator 0]: Preparing to rebalance group FRAUD1_CONSUMER_GROUP in state PreparingRebalance with old generation 2 (__consumer_offsets-8) (reason: Removing member fraud1-consumer-sync-1-e1e138c8-f273-4b4e-8097-5d5d6e008967 on LeaveGroup; client reason: the consumer unsubscribed from all topics) (kafka.coordinator.group.GroupCoordinator)
[2026-05-21 21:10:22,007] INFO [GroupCoordinator 0]: Preparing to rebalance group FRAUD_CONSUMER_GROUP in state PreparingRebalance with old generation 2 (__consumer_offsets-21) (reason: Removing member fraud-consumer-sync-2-c425a97c-fa24-424d-82c0-4122216010c4 on LeaveGroup; client reason: the consumer unsubscribed from all topics) (kafka.coordinator.group.GroupCoordinator)
[2026-05-21 21:10:22,007] INFO [GroupCoordinator 0]: Preparing to rebalance group TRANSACTION_CONSUMER_GROUP in state PreparingRebalance with old generation 2 (__consumer_offsets-43) (reason: Removing member transaction-consumer-sync-1-8cba4142-391e-4acf-95f2-78597b6c6aa7 on LeaveGroup; client reason: the consumer unsubscribed from all topics) (kafka.coordinator.group.GroupCoordinator)
[2026-05-21 21:10:22,023] INFO [GroupCoordinator 0]: Member MemberMetadata(memberId=fraud-consumer-sync-2-c425a97c-fa24-424d-82c0-4122216010c4, groupInstanceId=None, clientId=fraud-consumer-sync-2, clientHost=/192.168.1.15, sessionTimeoutMs=60000, rebalanceTimeoutMs=30000, supportedProtocols=List(cooperative-sticky)) has left group FRAUD_CONSUMER_GROUP through explicit `LeaveGroup`; client reason: the consumer unsubscribed from all topics (kafka.coordinator.group.GroupCoordinator)
[2026-05-21 21:10:22,023] INFO [GroupCoordinator 0]: Member MemberMetadata(memberId=fraud1-consumer-sync-1-e1e138c8-f273-4b4e-8097-5d5d6e008967, groupInstanceId=None, clientId=fraud1-consumer-sync-1, clientHost=/192.168.1.15, sessionTimeoutMs=60000, rebalanceTimeoutMs=30000, supportedProtocols=List(cooperative-sticky)) has left group FRAUD1_CONSUMER_GROUP through explicit `LeaveGroup`; client reason: the consumer unsubscribed from all topics (kafka.coordinator.group.GroupCoordinator)
[2026-05-21 21:10:22,034] INFO [GroupCoordinator 0]: Member MemberMetadata(memberId=transaction-consumer-sync-1-8cba4142-391e-4acf-95f2-78597b6c6aa7, groupInstanceId=None, clientId=transaction-consumer-sync-1, clientHost=/192.168.1.15, sessionTimeoutMs=60000, rebalanceTimeoutMs=30000, supportedProtocols=List(cooperative-sticky)) has left group TRANSACTION_CONSUMER_GROUP through explicit `LeaveGroup`; client reason: the consumer unsubscribed from all topics (kafka.coordinator.group.GroupCoordinator)
[2026-05-21 21:10:22,037] INFO [GroupCoordinator 0]: Member MemberMetadata(memberId=fraud-consumer-sync-1-58ccb729-3576-4f61-9b6f-38202b6d576b, groupInstanceId=None, clientId=fraud-consumer-sync-1, clientHost=/192.168.1.15, sessionTimeoutMs=60000, rebalanceTimeoutMs=30000, supportedProtocols=List(cooperative-sticky)) has left group FRAUD_CONSUMER_GROUP through explicit `LeaveGroup`; client reason: the consumer unsubscribed from all topics (kafka.coordinator.group.GroupCoordinator)
[2026-05-21 21:10:22,037] INFO [GroupCoordinator 0]: Member MemberMetadata(memberId=transaction-consumer-sync-0-b5f9da3b-6754-4c05-8f41-678a0f832935, groupInstanceId=None, clientId=transaction-consumer-sync-0, clientHost=/192.168.1.15, sessionTimeoutMs=60000, rebalanceTimeoutMs=30000, supportedProtocols=List(cooperative-sticky)) has left group TRANSACTION_CONSUMER_GROUP through explicit `LeaveGroup`; client reason: the consumer unsubscribed from all topics (kafka.coordinator.group.GroupCoordinator)
[2026-05-21 21:10:22,037] INFO [GroupCoordinator 0]: Member MemberMetadata(memberId=fraud1-consumer-sync-2-6f9f8dc5-bb0d-4641-be2d-c24d1ad4ee8e, groupInstanceId=None, clientId=fraud1-consumer-sync-2, clientHost=/192.168.1.15, sessionTimeoutMs=60000, rebalanceTimeoutMs=30000, supportedProtocols=List(cooperative-sticky)) has left group FRAUD1_CONSUMER_GROUP through explicit `LeaveGroup`; client reason: the consumer unsubscribed from all topics (kafka.coordinator.group.GroupCoordinator)
[2026-05-21 21:10:22,039] INFO [GroupCoordinator 0]: Group TRANSACTION_CONSUMER_GROUP with generation 3 is now empty (__consumer_offsets-43) (kafka.coordinator.group.GroupCoordinator)
[2026-05-21 21:10:22,039] INFO [GroupCoordinator 0]: Group FRAUD_CONSUMER_GROUP with generation 3 is now empty (__consumer_offsets-21) (kafka.coordinator.group.GroupCoordinator)
[2026-05-21 21:10:22,058] INFO [GroupCoordinator 0]: Group FRAUD1_CONSUMER_GROUP with generation 3 is now empty (__consumer_offsets-8) (kafka.coordinator.group.GroupCoordinator)
[2026-05-21 21:10:22,071] INFO [GroupCoordinator 0]: Member MemberMetadata(memberId=transaction-consumer-sync-2-8fc05512-9538-4d4b-ac37-190bb816a082, groupInstanceId=None, clientId=transaction-consumer-sync-2, clientHost=/192.168.1.15, sessionTimeoutMs=60000, rebalanceTimeoutMs=30000, supportedProtocols=List(cooperative-sticky)) has left group TRANSACTION_CONSUMER_GROUP through explicit `LeaveGroup`; client reason: the consumer unsubscribed from all topics (kafka.coordinator.group.GroupCoordinator)
[2026-05-21 21:10:22,071] INFO [GroupCoordinator 0]: Member MemberMetadata(memberId=fraud-consumer-sync-0-668d5c5c-d0b2-42b9-a290-711d4ec458bf, groupInstanceId=None, clientId=fraud-consumer-sync-0, clientHost=/192.168.1.15, sessionTimeoutMs=60000, rebalanceTimeoutMs=30000, supportedProtocols=List(cooperative-sticky)) has left group FRAUD_CONSUMER_GROUP through explicit `LeaveGroup`; client reason: the consumer unsubscribed from all topics (kafka.coordinator.group.GroupCoordinator)
[2026-05-21 21:10:22,071] INFO [GroupCoordinator 0]: Member MemberMetadata(memberId=fraud1-consumer-sync-0-ea15e3d5-1ea0-424e-b230-e878cd441cd4, groupInstanceId=None, clientId=fraud1-consumer-sync-0, clientHost=/192.168.1.15, sessionTimeoutMs=60000, rebalanceTimeoutMs=30000, supportedProtocols=List(cooperative-sticky)) has left group FRAUD1_CONSUMER_GROUP through explicit `LeaveGroup`; client reason: the consumer unsubscribed from all topics (kafka.coordinator.group.GroupCoordinator)
[2026-05-21 21:11:16,089] WARN Session 0x100003fc02c0000 for server localhost/[0:0:0:0:0:0:0:1]:2181, Closing socket connection. Attempting reconnect except it is a SessionExpiredException. (org.apache.zookeeper.ClientCnxn)
EndOfStreamException: Unable to read additional data from server sessionid 0x100003fc02c0000, likely server has closed socket
	at org.apache.zookeeper.ClientCnxnSocketNIO.doIO(ClientCnxnSocketNIO.java:77)
	at org.apache.zookeeper.ClientCnxnSocketNIO.doTransport(ClientCnxnSocketNIO.java:350)
	at org.apache.zookeeper.ClientCnxn$SendThread.run(ClientCnxn.java:1289)
[2026-05-21 21:11:17,996] INFO Opening socket connection to server localhost/127.0.0.1:2181. (org.apache.zookeeper.ClientCnxn)
[2026-05-21 21:11:17,999] WARN Session 0x100003fc02c0000 for server localhost/127.0.0.1:2181, Closing socket connection. Attempting reconnect except it is a SessionExpiredException. (org.apache.zookeeper.ClientCnxn)
java.net.ConnectException: Connection refused
	at java.base/sun.nio.ch.Net.pollConnect(Native Method)
	at java.base/sun.nio.ch.Net.pollConnectNow(Net.java:672)
	at java.base/sun.nio.ch.SocketChannelImpl.finishConnect(SocketChannelImpl.java:946)
	at org.apache.zookeeper.ClientCnxnSocketNIO.doTransport(ClientCnxnSocketNIO.java:344)
	at org.apache.zookeeper.ClientCnxn$SendThread.run(ClientCnxn.java:1289)
[2026-05-21 21:11:19,318] INFO Opening socket connection to server localhost/[0:0:0:0:0:0:0:1]:2181. (org.apache.zookeeper.ClientCnxn)
[2026-05-21 21:11:19,319] WARN Session 0x100003fc02c0000 for server localhost/[0:0:0:0:0:0:0:1]:2181, Closing socket connection. Attempting reconnect except it is a SessionExpiredException. (org.apache.zookeeper.ClientCnxn)
java.net.ConnectException: Connection refused
	at java.base/sun.nio.ch.Net.pollConnect(Native Method)
	at java.base/sun.nio.ch.Net.pollConnectNow(Net.java:672)
	at java.base/sun.nio.ch.SocketChannelImpl.finishConnect(SocketChannelImpl.java:946)
	at org.apache.zookeeper.ClientCnxnSocketNIO.doTransport(ClientCnxnSocketNIO.java:344)
	at org.apache.zookeeper.ClientCnxn$SendThread.run(ClientCnxn.java:1289)
[2026-05-21 21:11:19,920] INFO Terminating process due to signal SIGHUP (org.apache.kafka.common.utils.LoggingSignalHandler)
[2026-05-21 21:11:19,926] INFO [KafkaServer id=0] shutting down (kafka.server.KafkaServer)
[2026-05-21 21:11:19,933] INFO [KafkaServer id=0] Starting controlled shutdown (kafka.server.KafkaServer)
[2026-05-21 21:11:19,975] INFO [KafkaServer id=0] Controlled shutdown request returned successfully after 29ms (kafka.server.KafkaServer)
[2026-05-21 21:11:19,979] INFO [/config/changes-event-process-thread]: Shutting down (kafka.common.ZkNodeChangeNotificationListener$ChangeEventProcessThread)
[2026-05-21 21:11:19,980] INFO [/config/changes-event-process-thread]: Stopped (kafka.common.ZkNodeChangeNotificationListener$ChangeEventProcessThread)
[2026-05-21 21:11:19,980] INFO [/config/changes-event-process-thread]: Shutdown completed (kafka.common.ZkNodeChangeNotificationListener$ChangeEventProcessThread)
[2026-05-21 21:11:19,981] INFO [SocketServer listenerType=ZK_BROKER, nodeId=0] Stopping socket server request processors (kafka.network.SocketServer)
[2026-05-21 21:11:19,986] INFO [SocketServer listenerType=ZK_BROKER, nodeId=0] Stopped socket server request processors (kafka.network.SocketServer)
[2026-05-21 21:11:19,986] INFO [data-plane Kafka Request Handler on Broker 0], shutting down (kafka.server.KafkaRequestHandlerPool)
[2026-05-21 21:11:19,987] INFO [data-plane Kafka Request Handler on Broker 0], shut down completely (kafka.server.KafkaRequestHandlerPool)
[2026-05-21 21:11:19,988] INFO [ExpirationReaper-0-AlterAcls]: Shutting down (kafka.server.DelayedOperationPurgatory$ExpiredOperationReaper)
[2026-05-21 21:11:19,989] INFO [ExpirationReaper-0-AlterAcls]: Stopped (kafka.server.DelayedOperationPurgatory$ExpiredOperationReaper)
[2026-05-21 21:11:19,989] INFO [ExpirationReaper-0-AlterAcls]: Shutdown completed (kafka.server.DelayedOperationPurgatory$ExpiredOperationReaper)
[2026-05-21 21:11:19,990] INFO [KafkaApi-0] Shutdown complete. (kafka.server.KafkaApis)
[2026-05-21 21:11:19,990] INFO [ExpirationReaper-0-topic]: Shutting down (kafka.server.DelayedOperationPurgatory$ExpiredOperationReaper)
[2026-05-21 21:11:19,990] INFO [ExpirationReaper-0-topic]: Stopped (kafka.server.DelayedOperationPurgatory$ExpiredOperationReaper)
[2026-05-21 21:11:19,990] INFO [ExpirationReaper-0-topic]: Shutdown completed (kafka.server.DelayedOperationPurgatory$ExpiredOperationReaper)
[2026-05-21 21:11:19,992] INFO [TransactionCoordinator id=0] Shutting down. (kafka.coordinator.transaction.TransactionCoordinator)
[2026-05-21 21:11:19,992] INFO [Transaction State Manager 0]: Shutdown complete (kafka.coordinator.transaction.TransactionStateManager)
[2026-05-21 21:11:19,992] INFO [TxnMarkerSenderThread-0]: Shutting down (kafka.coordinator.transaction.TransactionMarkerChannelManager)
[2026-05-21 21:11:19,992] INFO [TxnMarkerSenderThread-0]: Shutdown completed (kafka.coordinator.transaction.TransactionMarkerChannelManager)
[2026-05-21 21:11:19,992] INFO [TxnMarkerSenderThread-0]: Stopped (kafka.coordinator.transaction.TransactionMarkerChannelManager)
[2026-05-21 21:11:19,993] INFO [TransactionCoordinator id=0] Shutdown complete. (kafka.coordinator.transaction.TransactionCoordinator)
[2026-05-21 21:11:19,993] INFO [GroupCoordinator 0]: Shutting down. (kafka.coordinator.group.GroupCoordinator)
[2026-05-21 21:11:19,993] INFO [ExpirationReaper-0-Heartbeat]: Shutting down (kafka.server.DelayedOperationPurgatory$ExpiredOperationReaper)
[2026-05-21 21:11:19,993] INFO [ExpirationReaper-0-Heartbeat]: Stopped (kafka.server.DelayedOperationPurgatory$ExpiredOperationReaper)
[2026-05-21 21:11:19,993] INFO [ExpirationReaper-0-Heartbeat]: Shutdown completed (kafka.server.DelayedOperationPurgatory$ExpiredOperationReaper)
[2026-05-21 21:11:19,993] INFO [ExpirationReaper-0-Rebalance]: Shutting down (kafka.server.DelayedOperationPurgatory$ExpiredOperationReaper)
[2026-05-21 21:11:19,994] INFO [ExpirationReaper-0-Rebalance]: Stopped (kafka.server.DelayedOperationPurgatory$ExpiredOperationReaper)
[2026-05-21 21:11:19,994] INFO [ExpirationReaper-0-Rebalance]: Shutdown completed (kafka.server.DelayedOperationPurgatory$ExpiredOperationReaper)
[2026-05-21 21:11:19,994] INFO [GroupCoordinator 0]: Shutdown complete. (kafka.coordinator.group.GroupCoordinator)
[2026-05-21 21:11:19,995] INFO [ReplicaManager broker=0] Shutting down (kafka.server.ReplicaManager)
[2026-05-21 21:11:19,995] INFO [LogDirFailureHandler]: Shutting down (kafka.server.ReplicaManager$LogDirFailureHandler)
[2026-05-21 21:11:19,995] INFO [LogDirFailureHandler]: Stopped (kafka.server.ReplicaManager$LogDirFailureHandler)
[2026-05-21 21:11:19,995] INFO [LogDirFailureHandler]: Shutdown completed (kafka.server.ReplicaManager$LogDirFailureHandler)
[2026-05-21 21:11:19,996] INFO [ReplicaFetcherManager on broker 0] shutting down (kafka.server.ReplicaFetcherManager)
[2026-05-21 21:11:19,996] INFO [ReplicaFetcherManager on broker 0] shutdown completed (kafka.server.ReplicaFetcherManager)
[2026-05-21 21:11:19,997] INFO [ReplicaAlterLogDirsManager on broker 0] shutting down (kafka.server.ReplicaAlterLogDirsManager)
[2026-05-21 21:11:19,997] INFO [ReplicaAlterLogDirsManager on broker 0] shutdown completed (kafka.server.ReplicaAlterLogDirsManager)
[2026-05-21 21:11:19,997] INFO [ExpirationReaper-0-Fetch]: Shutting down (kafka.server.DelayedOperationPurgatory$ExpiredOperationReaper)
[2026-05-21 21:11:19,997] INFO [ExpirationReaper-0-Fetch]: Stopped (kafka.server.DelayedOperationPurgatory$ExpiredOperationReaper)
[2026-05-21 21:11:19,997] INFO [ExpirationReaper-0-Fetch]: Shutdown completed (kafka.server.DelayedOperationPurgatory$ExpiredOperationReaper)
[2026-05-21 21:11:19,997] INFO [ExpirationReaper-0-RemoteFetch]: Shutting down (kafka.server.DelayedOperationPurgatory$ExpiredOperationReaper)
[2026-05-21 21:11:19,997] INFO [ExpirationReaper-0-RemoteFetch]: Shutdown completed (kafka.server.DelayedOperationPurgatory$ExpiredOperationReaper)
[2026-05-21 21:11:19,997] INFO [ExpirationReaper-0-RemoteFetch]: Stopped (kafka.server.DelayedOperationPurgatory$ExpiredOperationReaper)
[2026-05-21 21:11:19,997] INFO [ExpirationReaper-0-Produce]: Shutting down (kafka.server.DelayedOperationPurgatory$ExpiredOperationReaper)
[2026-05-21 21:11:19,998] INFO [ExpirationReaper-0-Produce]: Stopped (kafka.server.DelayedOperationPurgatory$ExpiredOperationReaper)
[2026-05-21 21:11:19,998] INFO [ExpirationReaper-0-Produce]: Shutdown completed (kafka.server.DelayedOperationPurgatory$ExpiredOperationReaper)
[2026-05-21 21:11:19,998] INFO [ExpirationReaper-0-DeleteRecords]: Shutting down (kafka.server.DelayedOperationPurgatory$ExpiredOperationReaper)
[2026-05-21 21:11:19,998] INFO [ExpirationReaper-0-DeleteRecords]: Shutdown completed (kafka.server.DelayedOperationPurgatory$ExpiredOperationReaper)
[2026-05-21 21:11:19,998] INFO [ExpirationReaper-0-DeleteRecords]: Stopped (kafka.server.DelayedOperationPurgatory$ExpiredOperationReaper)
[2026-05-21 21:11:19,998] INFO [ExpirationReaper-0-ElectLeader]: Shutting down (kafka.server.DelayedOperationPurgatory$ExpiredOperationReaper)
[2026-05-21 21:11:19,998] INFO [ExpirationReaper-0-ElectLeader]: Stopped (kafka.server.DelayedOperationPurgatory$ExpiredOperationReaper)
[2026-05-21 21:11:19,998] INFO [ExpirationReaper-0-ElectLeader]: Shutdown completed (kafka.server.DelayedOperationPurgatory$ExpiredOperationReaper)
[2026-05-21 21:11:20,008] INFO [AddPartitionsToTxnSenderThread-0]: Shutting down (kafka.server.AddPartitionsToTxnManager)
[2026-05-21 21:11:20,008] INFO [AddPartitionsToTxnSenderThread-0]: Stopped (kafka.server.AddPartitionsToTxnManager)
[2026-05-21 21:11:20,008] INFO [AddPartitionsToTxnSenderThread-0]: Shutdown completed (kafka.server.AddPartitionsToTxnManager)
[2026-05-21 21:11:20,009] INFO [ReplicaManager broker=0] Shut down completely (kafka.server.ReplicaManager)
[2026-05-21 21:11:20,009] INFO [zk-broker-0-to-controller-alter-partition-channel-manager]: Shutting down (kafka.server.NodeToControllerRequestThread)
[2026-05-21 21:11:20,009] INFO [zk-broker-0-to-controller-alter-partition-channel-manager]: Stopped (kafka.server.NodeToControllerRequestThread)
[2026-05-21 21:11:20,009] INFO [zk-broker-0-to-controller-alter-partition-channel-manager]: Shutdown completed (kafka.server.NodeToControllerRequestThread)
[2026-05-21 21:11:20,010] INFO Node to controller channel manager for alter-partition shutdown (kafka.server.NodeToControllerChannelManagerImpl)
[2026-05-21 21:11:20,011] INFO [zk-broker-0-to-controller-forwarding-channel-manager]: Shutting down (kafka.server.NodeToControllerRequestThread)
[2026-05-21 21:11:20,011] INFO [zk-broker-0-to-controller-forwarding-channel-manager]: Stopped (kafka.server.NodeToControllerRequestThread)
[2026-05-21 21:11:20,011] INFO [zk-broker-0-to-controller-forwarding-channel-manager]: Shutdown completed (kafka.server.NodeToControllerRequestThread)
[2026-05-21 21:11:20,011] INFO Node to controller channel manager for forwarding shutdown (kafka.server.NodeToControllerChannelManagerImpl)
[2026-05-21 21:11:20,012] INFO Shutting down. (kafka.log.LogManager)
[2026-05-21 21:11:20,013] INFO [kafka-log-cleaner-thread-0]: Shutting down (kafka.log.LogCleaner$CleanerThread)
[2026-05-21 21:11:20,013] INFO [kafka-log-cleaner-thread-0]: Stopped (kafka.log.LogCleaner$CleanerThread)
[2026-05-21 21:11:20,013] INFO [kafka-log-cleaner-thread-0]: Shutdown completed (kafka.log.LogCleaner$CleanerThread)
[2026-05-21 21:11:20,058] INFO [ProducerStateManager partition=__consumer_offsets-43] Wrote producer snapshot at offset 38 with 0 producer ids in 14 ms. (org.apache.kafka.storage.internals.log.ProducerStateManager)
[2026-05-21 21:11:20,120] INFO [ProducerStateManager partition=__consumer_offsets-21] Wrote producer snapshot at offset 3 with 0 producer ids in 4 ms. (org.apache.kafka.storage.internals.log.ProducerStateManager)
[2026-05-21 21:11:20,167] INFO [ProducerStateManager partition=__consumer_offsets-8] Wrote producer snapshot at offset 3 with 0 producer ids in 5 ms. (org.apache.kafka.storage.internals.log.ProducerStateManager)
[2026-05-21 21:11:20,189] INFO [ProducerStateManager partition=transaction-notification-0] Wrote producer snapshot at offset 18 with 0 producer ids in 5 ms. (org.apache.kafka.storage.internals.log.ProducerStateManager)
[2026-05-21 21:11:20,203] INFO [ProducerStateManager partition=rollback-transactions-0] Wrote producer snapshot at offset 10 with 2 producer ids in 6 ms. (org.apache.kafka.storage.internals.log.ProducerStateManager)
[2026-05-21 21:11:20,257] INFO [ProducerStateManager partition=notification-0] Wrote producer snapshot at offset 18 with 2 producer ids in 6 ms. (org.apache.kafka.storage.internals.log.ProducerStateManager)
[2026-05-21 21:11:20,307] INFO [ProducerStateManager partition=fraud-alerts-0] Wrote producer snapshot at offset 12 with 2 producer ids in 5 ms. (org.apache.kafka.storage.internals.log.ProducerStateManager)
[2026-05-21 21:11:20,357] INFO [ProducerStateManager partition=valid-transactions-0] Wrote producer snapshot at offset 8 with 2 producer ids in 5 ms. (org.apache.kafka.storage.internals.log.ProducerStateManager)
[2026-05-21 21:11:20,498] INFO Shutdown complete. (kafka.log.LogManager)
[2026-05-21 21:11:20,501] INFO [feature-zk-node-event-process-thread]: Shutting down (kafka.server.FinalizedFeatureChangeListener$ChangeNotificationProcessorThread)
[2026-05-21 21:11:20,501] INFO [feature-zk-node-event-process-thread]: Stopped (kafka.server.FinalizedFeatureChangeListener$ChangeNotificationProcessorThread)
[2026-05-21 21:11:20,501] INFO [feature-zk-node-event-process-thread]: Shutdown completed (kafka.server.FinalizedFeatureChangeListener$ChangeNotificationProcessorThread)
[2026-05-21 21:11:20,502] INFO [ZooKeeperClient Kafka server] Closing. (kafka.zookeeper.ZooKeeperClient)
[2026-05-21 21:11:21,244] INFO Opening socket connection to server localhost/127.0.0.1:2181. (org.apache.zookeeper.ClientCnxn)
[2026-05-21 21:11:21,354] INFO Session: 0x100003fc02c0000 closed (org.apache.zookeeper.ZooKeeper)
[2026-05-21 21:11:21,354] INFO EventThread shut down for session: 0x100003fc02c0000 (org.apache.zookeeper.ClientCnxn)
[2026-05-21 21:11:21,355] INFO [ZooKeeperClient Kafka server] Closed. (kafka.zookeeper.ZooKeeperClient)
[2026-05-21 21:11:21,356] INFO [ThrottledChannelReaper-Fetch]: Shutting down (kafka.server.ClientQuotaManager$ThrottledChannelReaper)
[2026-05-21 21:11:21,359] INFO [ThrottledChannelReaper-Fetch]: Stopped (kafka.server.ClientQuotaManager$ThrottledChannelReaper)
[2026-05-21 21:11:21,359] INFO [ThrottledChannelReaper-Fetch]: Shutdown completed (kafka.server.ClientQuotaManager$ThrottledChannelReaper)
[2026-05-21 21:11:21,359] INFO [ThrottledChannelReaper-Produce]: Shutting down (kafka.server.ClientQuotaManager$ThrottledChannelReaper)
[2026-05-21 21:11:21,360] INFO [ThrottledChannelReaper-Produce]: Stopped (kafka.server.ClientQuotaManager$ThrottledChannelReaper)
[2026-05-21 21:11:21,360] INFO [ThrottledChannelReaper-Produce]: Shutdown completed (kafka.server.ClientQuotaManager$ThrottledChannelReaper)
[2026-05-21 21:11:21,360] INFO [ThrottledChannelReaper-Request]: Shutting down (kafka.server.ClientQuotaManager$ThrottledChannelReaper)
[2026-05-21 21:11:21,360] INFO [ThrottledChannelReaper-Request]: Stopped (kafka.server.ClientQuotaManager$ThrottledChannelReaper)
[2026-05-21 21:11:21,360] INFO [ThrottledChannelReaper-Request]: Shutdown completed (kafka.server.ClientQuotaManager$ThrottledChannelReaper)
[2026-05-21 21:11:21,360] INFO [ThrottledChannelReaper-ControllerMutation]: Shutting down (kafka.server.ClientQuotaManager$ThrottledChannelReaper)
[2026-05-21 21:11:21,361] INFO [ThrottledChannelReaper-ControllerMutation]: Stopped (kafka.server.ClientQuotaManager$ThrottledChannelReaper)
[2026-05-21 21:11:21,361] INFO [ThrottledChannelReaper-ControllerMutation]: Shutdown completed (kafka.server.ClientQuotaManager$ThrottledChannelReaper)
[2026-05-21 21:11:21,362] INFO [SocketServer listenerType=ZK_BROKER, nodeId=0] Shutting down socket server (kafka.network.SocketServer)
[2026-05-21 21:11:21,378] INFO [SocketServer listenerType=ZK_BROKER, nodeId=0] Shutdown completed (kafka.network.SocketServer)
[2026-05-21 21:11:21,378] INFO Metrics scheduler closed (org.apache.kafka.common.metrics.Metrics)
[2026-05-21 21:11:21,378] INFO Closing reporter org.apache.kafka.common.metrics.JmxReporter (org.apache.kafka.common.metrics.Metrics)
[2026-05-21 21:11:21,378] INFO Metrics reporters closed (org.apache.kafka.common.metrics.Metrics)
[2026-05-21 21:11:21,379] INFO Broker and topic stats closed (kafka.server.BrokerTopicStats)
[2026-05-21 21:11:21,380] INFO App info kafka.server for 0 unregistered (org.apache.kafka.common.utils.AppInfoParser)
[2026-05-21 21:11:21,380] INFO [KafkaServer id=0] shut down completed (kafka.server.KafkaServer)
