[2025-05-07T21:44:54.657+0530][gc] Using G1
[2025-05-07T21:44:54.659+0530][gc,init] Version: 17.0.10+7-LTS (release)
[2025-05-07T21:44:54.659+0530][gc,init] CPUs: 8 total, 8 available
[2025-05-07T21:44:54.659+0530][gc,init] Memory: 8192M
[2025-05-07T21:44:54.659+0530][gc,init] Large Page Support: Disabled
[2025-05-07T21:44:54.659+0530][gc,init] NUMA Support: Disabled
[2025-05-07T21:44:54.659+0530][gc,init] Compressed Oops: Enabled (Zero based)
[2025-05-07T21:44:54.659+0530][gc,init] Heap Region Size: 1M
[2025-05-07T21:44:54.659+0530][gc,init] Heap Min Capacity: 512M
[2025-05-07T21:44:54.659+0530][gc,init] Heap Initial Capacity: 512M
[2025-05-07T21:44:54.659+0530][gc,init] Heap Max Capacity: 512M
[2025-05-07T21:44:54.659+0530][gc,init] Pre-touch: Disabled
[2025-05-07T21:44:54.659+0530][gc,init] Parallel Workers: 8
[2025-05-07T21:44:54.659+0530][gc,init] Concurrent Workers: 2
[2025-05-07T21:44:54.659+0530][gc,init] Concurrent Refinement Workers: 8
[2025-05-07T21:44:54.659+0530][gc,init] Periodic GC: Disabled
[2025-05-07T21:44:54.667+0530][gc,metaspace] CDS archive(s) mapped at: [0x0000000300000000-0x0000000300bc0000-0x0000000300bc0000), size 12320768, SharedBaseAddress: 0x0000000300000000, ArchiveRelocationMode: 1.
[2025-05-07T21:44:54.667+0530][gc,metaspace] Compressed class space mapped at: 0x0000000301000000-0x0000000341000000, reserved size: 1073741824
[2025-05-07T21:44:54.667+0530][gc,metaspace] Narrow klass base: 0x0000000300000000, Narrow klass shift: 0, Narrow klass range: 0x100000000
[2025-05-07T21:45:08.490+0530][gc,start    ] GC(0) Pause Young (Normal) (G1 Evacuation Pause)
[2025-05-07T21:45:08.490+0530][gc,task     ] GC(0) Using 8 workers of 8 for evacuation
[2025-05-07T21:45:08.493+0530][gc,phases   ] GC(0)   Pre Evacuate Collection Set: 0.2ms
[2025-05-07T21:45:08.493+0530][gc,phases   ] GC(0)   Merge Heap Roots: 0.0ms
[2025-05-07T21:45:08.493+0530][gc,phases   ] GC(0)   Evacuate Collection Set: 2.9ms
[2025-05-07T21:45:08.493+0530][gc,phases   ] GC(0)   Post Evacuate Collection Set: 0.2ms
[2025-05-07T21:45:08.493+0530][gc,phases   ] GC(0)   Other: 0.5ms
[2025-05-07T21:45:08.493+0530][gc,heap     ] GC(0) Eden regions: 25->0(21)
[2025-05-07T21:45:08.493+0530][gc,heap     ] GC(0) Survivor regions: 0->4(4)
[2025-05-07T21:45:08.493+0530][gc,heap     ] GC(0) Old regions: 0->4
[2025-05-07T21:45:08.493+0530][gc,heap     ] GC(0) Archive regions: 2->2
[2025-05-07T21:45:08.493+0530][gc,heap     ] GC(0) Humongous regions: 0->0
[2025-05-07T21:45:08.493+0530][gc,metaspace] GC(0) Metaspace: 7869K(8000K)->7869K(8000K) NonClass: 6976K(7040K)->6976K(7040K) Class: 892K(960K)->892K(960K)
[2025-05-07T21:45:08.493+0530][gc          ] GC(0) Pause Young (Normal) (G1 Evacuation Pause) 25M->8M(512M) 3.918ms
[2025-05-07T21:45:08.493+0530][gc,cpu      ] GC(0) User=0.01s Sys=0.00s Real=0.01s
[2025-05-08T00:51:17.075+0530][gc,heap,exit] Heap
[2025-05-08T00:51:17.076+0530][gc,heap,exit]  garbage-first heap   total 524288K, used 26436K [0x00000007e0000000, 0x0000000800000000)
[2025-05-08T00:51:17.076+0530][gc,heap,exit]   region size 1024K, 21 young (21504K), 4 survivors (4096K)
[2025-05-08T00:51:17.076+0530][gc,heap,exit]  Metaspace       used 8713K, committed 8896K, reserved 1114112K
[2025-05-08T00:51:17.076+0530][gc,heap,exit]   class space    used 931K, committed 1024K, reserved 1048576K
