[2025-05-07T20:47:43.720+0530][gc] Using G1
[2025-05-07T20:47:43.721+0530][gc,init] Version: 17.0.10+7-LTS (release)
[2025-05-07T20:47:43.721+0530][gc,init] CPUs: 8 total, 8 available
[2025-05-07T20:47:43.721+0530][gc,init] Memory: 8192M
[2025-05-07T20:47:43.721+0530][gc,init] Large Page Support: Disabled
[2025-05-07T20:47:43.721+0530][gc,init] NUMA Support: Disabled
[2025-05-07T20:47:43.721+0530][gc,init] Compressed Oops: Enabled (Zero based)
[2025-05-07T20:47:43.721+0530][gc,init] Heap Region Size: 1M
[2025-05-07T20:47:43.721+0530][gc,init] Heap Min Capacity: 512M
[2025-05-07T20:47:43.721+0530][gc,init] Heap Initial Capacity: 512M
[2025-05-07T20:47:43.721+0530][gc,init] Heap Max Capacity: 512M
[2025-05-07T20:47:43.721+0530][gc,init] Pre-touch: Disabled
[2025-05-07T20:47:43.721+0530][gc,init] Parallel Workers: 8
[2025-05-07T20:47:43.721+0530][gc,init] Concurrent Workers: 2
[2025-05-07T20:47:43.721+0530][gc,init] Concurrent Refinement Workers: 8
[2025-05-07T20:47:43.721+0530][gc,init] Periodic GC: Disabled
[2025-05-07T20:47:43.725+0530][gc,metaspace] CDS archive(s) mapped at: [0x0000007000000000-0x0000007000bc0000-0x0000007000bc0000), size 12320768, SharedBaseAddress: 0x0000007000000000, ArchiveRelocationMode: 1.
[2025-05-07T20:47:43.725+0530][gc,metaspace] Compressed class space mapped at: 0x0000007001000000-0x0000007041000000, reserved size: 1073741824
[2025-05-07T20:47:43.725+0530][gc,metaspace] Narrow klass base: 0x0000007000000000, Narrow klass shift: 0, Narrow klass range: 0x100000000
[2025-05-07T20:48:08.931+0530][gc,start    ] GC(0) Pause Young (Normal) (G1 Evacuation Pause)
[2025-05-07T20:48:08.931+0530][gc,task     ] GC(0) Using 8 workers of 8 for evacuation
[2025-05-07T20:48:08.936+0530][gc,phases   ] GC(0)   Pre Evacuate Collection Set: 0.1ms
[2025-05-07T20:48:08.936+0530][gc,phases   ] GC(0)   Merge Heap Roots: 0.3ms
[2025-05-07T20:48:08.936+0530][gc,phases   ] GC(0)   Evacuate Collection Set: 3.3ms
[2025-05-07T20:48:08.936+0530][gc,phases   ] GC(0)   Post Evacuate Collection Set: 0.3ms
[2025-05-07T20:48:08.936+0530][gc,phases   ] GC(0)   Other: 0.8ms
[2025-05-07T20:48:08.936+0530][gc,heap     ] GC(0) Eden regions: 25->0(21)
[2025-05-07T20:48:08.936+0530][gc,heap     ] GC(0) Survivor regions: 0->4(4)
[2025-05-07T20:48:08.936+0530][gc,heap     ] GC(0) Old regions: 0->4
[2025-05-07T20:48:08.936+0530][gc,heap     ] GC(0) Archive regions: 2->2
[2025-05-07T20:48:08.936+0530][gc,heap     ] GC(0) Humongous regions: 0->0
[2025-05-07T20:48:08.936+0530][gc,metaspace] GC(0) Metaspace: 7769K(7936K)->7769K(7936K) NonClass: 6887K(6976K)->6887K(6976K) Class: 881K(960K)->881K(960K)
[2025-05-07T20:48:08.936+0530][gc          ] GC(0) Pause Young (Normal) (G1 Evacuation Pause) 25M->8M(512M) 5.141ms
[2025-05-07T20:48:08.936+0530][gc,cpu      ] GC(0) User=0.01s Sys=0.00s Real=0.00s
[2025-05-07T20:50:44.462+0530][gc,heap,exit] Heap
[2025-05-07T20:50:44.463+0530][gc,heap,exit]  garbage-first heap   total 524288K, used 14082K [0x00000007e0000000, 0x0000000800000000)
[2025-05-07T20:50:44.463+0530][gc,heap,exit]   region size 1024K, 10 young (10240K), 4 survivors (4096K)
[2025-05-07T20:50:44.463+0530][gc,heap,exit]  Metaspace       used 8281K, committed 8512K, reserved 1114112K
[2025-05-07T20:50:44.463+0530][gc,heap,exit]   class space    used 928K, committed 1024K, reserved 1048576K
