[2026-03-19T17:55:45.807+0530][gc] Using G1
[2026-03-19T17:55:45.808+0530][gc,init] Version: 17.0.10+7-LTS (release)
[2026-03-19T17:55:45.808+0530][gc,init] CPUs: 8 total, 8 available
[2026-03-19T17:55:45.808+0530][gc,init] Memory: 8192M
[2026-03-19T17:55:45.808+0530][gc,init] Large Page Support: Disabled
[2026-03-19T17:55:45.808+0530][gc,init] NUMA Support: Disabled
[2026-03-19T17:55:45.808+0530][gc,init] Compressed Oops: Enabled (Zero based)
[2026-03-19T17:55:45.808+0530][gc,init] Heap Region Size: 1M
[2026-03-19T17:55:45.808+0530][gc,init] Heap Min Capacity: 512M
[2026-03-19T17:55:45.808+0530][gc,init] Heap Initial Capacity: 512M
[2026-03-19T17:55:45.808+0530][gc,init] Heap Max Capacity: 512M
[2026-03-19T17:55:45.808+0530][gc,init] Pre-touch: Disabled
[2026-03-19T17:55:45.808+0530][gc,init] Parallel Workers: 8
[2026-03-19T17:55:45.808+0530][gc,init] Concurrent Workers: 2
[2026-03-19T17:55:45.808+0530][gc,init] Concurrent Refinement Workers: 8
[2026-03-19T17:55:45.808+0530][gc,init] Periodic GC: Disabled
[2026-03-19T17:55:45.808+0530][gc,metaspace] CDS archive(s) mapped at: [0x0000000800000000-0x0000000800bc0000-0x0000000800bc0000), size 12320768, SharedBaseAddress: 0x0000000800000000, ArchiveRelocationMode: 1.
[2026-03-19T17:55:45.808+0530][gc,metaspace] Compressed class space mapped at: 0x0000000801000000-0x0000000841000000, reserved size: 1073741824
[2026-03-19T17:55:45.808+0530][gc,metaspace] Narrow klass base: 0x0000000800000000, Narrow klass shift: 0, Narrow klass range: 0x100000000
[2026-03-19T17:55:51.250+0530][gc,heap,exit] Heap
[2026-03-19T17:55:51.250+0530][gc,heap,exit]  garbage-first heap   total 524288K, used 19362K [0x00000007e0000000, 0x0000000800000000)
[2026-03-19T17:55:51.250+0530][gc,heap,exit]   region size 1024K, 19 young (19456K), 0 survivors (0K)
[2026-03-19T17:55:51.250+0530][gc,heap,exit]  Metaspace       used 6778K, committed 6976K, reserved 1114112K
[2026-03-19T17:55:51.250+0530][gc,heap,exit]   class space    used 768K, committed 896K, reserved 1048576K
